Command: python 2.0/src/provision_v2.py --repo "https://github.com/nyu-systems/CLM-GS" --site tacc
Start:   2026-04-25T02:30:29Z

============================================================
Automated Hardware Provisioning Tool v2.0
============================================================
✓ Configuration loaded
✓ AI client initialized
✓ OpenStack connection established

============================================================
Step 1: Repository Analysis
============================================================
✓ Repository cloned to: /tmp/CLM-GS

✓ Repository requirements analysis complete:
  CPU: 8 cores
  RAM: 128 GB
  GPU: Required
  GPU Memory: 24 GB
  Disk: 500 GB
  OS: ubuntu 20.04
  CUDA: Required

============================================================
Step 2: Image Selection
============================================================
✓ Found 415 available CC-* images
✓ AI Stage 1: Selected 5 candidates
  Reasoning: The requirements specify an Ubuntu OS with version 20.04 and CUDA support. The images that match these criteria are those with 'CC-Ubuntu20.04-CUDA' in their names. The selected images are: 'CC-Ubuntu20.04-CUDA' (ID: 91d8e584-bc97-4e81-a1e5-cf858ac3afd7), 'CC-Ubuntu20.04-CUDA11' (ID: a5ed16a4-16fb-4b63-8e62-ad5989bec58a), 'CC-Ubuntu20.04-CUDA-20241101' (ID: a8fddebf-0e01-47f1-ae35-cc7b1dd99ccc), 'CC-Ubuntu20.04-CUDA-20241028' (ID: 714e046e-2d0a-4306-b1e3-2a0a99eb4d36), and 'CC-Ubuntu20.04-CUDA-20241022' (ID: 5b9fcdd3-739b-4f83-9c9f-fc03c4926120). These images are the best candidates as they meet all specified requirements.
⚠ No candidates found, using fallback selection
✓ Fallback image: CC-Ubuntu22.04-CUDA

============================================================
Step 3: SSH Key Management
============================================================
✓ Keypair exists: my-key

============================================================
Step 4: Network Configuration
============================================================
✓ Found network: sharednet1 (ID: 1a03cf65-8fd6-4fce-94fd-bbaabe68a8e1)

============================================================
Discovering Available Resources
============================================================

Discovering resources at tacc site...
✓ Found 312 hosts
✓ Discovered 19 node types (ranked by availability & fit):
    compute_cascadelake_r: 55 reservable / 56 total | fit_score: 1.0
    compute_icelake_r650: 49 reservable / 52 total | fit_score: 1.0
    compute_zen3: 32 reservable / 32 total | fit_score: 1.0
    compute_skylake: 26 reservable / 32 total | fit_score: 1.0
    compute_cascadelake: 24 reservable / 24 total | fit_score: 1.0
    compute_icelake_r750: 17 reservable / 20 total | fit_score: 1.0
    compute_haswell_ib: 17 reservable / 17 total | fit_score: 1.0
    gpu_p100: 15 reservable / 15 total | fit_score: 2.0
    storage: 13 reservable / 21 total | fit_score: 0.2
    gpu_mi100: 8 reservable / 8 total | fit_score: 2.0
    compute_arm64: 8 reservable / 8 total | fit_score: 1.0
    compute_liqid: 8 reservable / 8 total | fit_score: 1.0
    compute_gigaio: 6 reservable / 6 total | fit_score: 1.0
    gpu_p100_nvlink: 3 reservable / 4 total | fit_score: 2.0
    gpu_h100: 2 reservable / 2 total | fit_score: 2.0
    gpu_k80: 2 reservable / 2 total | fit_score: 2.0
    gpu_m40: 2 reservable / 2 total | fit_score: 2.0
    storage_hierarchy: 1 reservable / 2 total | fit_score: 0.2
    gpu_p100_v100: 1 reservable / 1 total | fit_score: 2.0
✓ Found 19 node types available

✓ AI resource selection complete
  Node type: gpu_p100
  Reasoning: The gpu_p100 node type meets the user's GPU requirement and has the highest reservable count (15) among GPU nodes, ensuring higher availability and a greater chance of successful lease creation.
✓ AI selected node type: gpu_p100
  Reasoning: The gpu_p100 node type meets the user's GPU requirement and has the highest reservable count (15) among GPU nodes, ensuring higher availability and a greater chance of successful lease creation.

============================================================
Step 5: Create Hardware Reservation (with fallbacks)
============================================================

→ GPU required: Tiered fallback strategy:
   Tier 1 (GPU): 7 types
   Tier 2 (Compute): 10 types
   Tier 3 (KVM/VM): 0 types
   Total: 17 attempts

[1/17] Attempting: gpu_p100 [GPU (Tier 1)] (15 reservable / 15 total)
✓ AI determined duration: 72 hours
  Reasoning: The requirements suggest a high-performance setup with GPU and CUDA support, which is typically used for intensive computational tasks like machine learning, data analysis, or 3D reconstruction. The inclusion of PyTorch and COLMAP-formatted datasets indicates potential use in deep learning or computer vision projects. These tasks often require extended processing time, especially with large datasets or complex models. Therefore, a lease duration of 72 hours is recommended to ensure sufficient time for setup, execution, and any necessary iterations or troubleshooting.

Creating lease:
  Name: auto-202604250231-gpu_p100
  Node Type: gpu_p100
  Start: 2026-04-25 02:33
  End: 2026-04-28 02:33
  ✗ No capacity available for gpu_p100
  → Trying next option...

[2/17] Attempting: gpu_mi100 [GPU (Tier 1)] (8 reservable / 8 total)
✓ AI determined duration: 72 hours
  Reasoning: The requirements suggest a high-performance computing task, likely involving machine learning or computer vision given the need for a powerful GPU, CUDA, and PyTorch. The inclusion of COLMAP-formatted datasets indicates potential 3D reconstruction tasks, which can be computationally intensive. A 72-hour lease provides ample time for setup, execution, and any necessary troubleshooting or iterations.

Creating lease:
  Name: auto-202604250231-gpu_mi100
  Node Type: gpu_mi100
  Start: 2026-04-25 02:33
  End: 2026-04-28 02:33
  ✗ No capacity available for gpu_mi100
  → Trying next option...

[3/17] Attempting: gpu_p100_nvlink [GPU (Tier 1)] (3 reservable / 4 total)
✓ AI determined duration: 72 hours
  Reasoning: The requirements indicate a need for a high-performance computing setup, likely for machine learning or deep learning tasks involving GPU processing. The inclusion of CUDA and a specific PyTorch version suggests intensive computational tasks which can take several days. Additionally, the need for a COLMAP-formatted dataset implies potential 3D reconstruction tasks, which are computationally expensive. Therefore, a lease duration of 72 hours is recommended to accommodate these tasks without interruption.

Creating lease:
  Name: auto-202604250231-gpu_p100_nvlink
  Node Type: gpu_p100_nvlink
  Start: 2026-04-25 02:33
  End: 2026-04-28 02:33
  ✗ No capacity available for gpu_p100_nvlink
  → Trying next option...

[4/17] Attempting: gpu_h100 [GPU (Tier 1)] (2 reservable / 2 total)
✓ AI determined duration: 72 hours
  Reasoning: The requirements suggest a high-performance computational task, likely involving machine learning or deep learning due to the need for a GPU with significant memory, CUDA support, and PyTorch. The use of COLMAP-formatted datasets indicates potential 3D reconstruction or computer vision tasks, which can be computationally intensive and time-consuming. Given these factors, a 72-hour lease provides sufficient time for setup, execution, and any necessary troubleshooting or iterations.

Creating lease:
  Name: auto-202604250231-gpu_h100
  Node Type: gpu_h100
  Start: 2026-04-25 02:33
  End: 2026-04-28 02:33
  ✗ No capacity available for gpu_h100
  → Trying next option...

[5/17] Attempting: gpu_k80 [GPU (Tier 1)] (2 reservable / 2 total)
✓ AI determined duration: 72 hours
  Reasoning: The requirements indicate a need for a high-performance setup with GPU capabilities, likely for machine learning or data processing tasks involving PyTorch and potentially large datasets. The inclusion of COLMAP-formatted datasets suggests 3D reconstruction or similar computationally intensive tasks. Given the complexity and potential duration of such tasks, a lease duration of 72 hours is recommended to ensure sufficient time for setup, execution, and any necessary adjustments or reruns.

Creating lease:
  Name: auto-202604250231-gpu_k80
  Node Type: gpu_k80
  Start: 2026-04-25 02:34
  End: 2026-04-28 02:34

✓ Lease created: ed7b0a4f-a1b5-4174-b43b-05b275c15f05

Waiting for lease to activate...
  Status: PENDING, waiting...
  Status: PENDING, waiting...
  Status: PENDING, waiting...
  Status: PENDING, waiting...
  Status: PENDING, waiting...
  Status: PENDING, waiting...
  Status: PENDING, waiting...
  Status: PENDING, waiting...
  Status: PENDING, waiting...
✓ Lease is ACTIVE
✓ Reservation ID: 0b8818f6-39ab-4d58-81b0-2f7081f7d910
✓ SUCCESS: Lease created with gpu_k80

✓ Final node type: gpu_k80

============================================================
Step 6: Launch Bare Metal Server
============================================================

Launching server:
  Name: auto-server-202604250231
  Image ID: 07263122-bade-4d24-a776-46f4f1c2e26a
  Key: my-key
  Network ID: 1a03cf65-8fd6-4fce-94fd-bbaabe68a8e1
  Reservation ID: 0b8818f6-39ab-4d58-81b0-2f7081f7d910

✓ Server creation initiated: 6d0de87c-433c-45d1-94f7-74020b842ec0

Waiting for server to become ACTIVE...
(This may take 10-30 minutes for bare metal)
  Status: BUILD
  Status: ACTIVE

✓ Server is ACTIVE

============================================================
Step 7: Assign Floating IP
============================================================
✓ Using floating IP: 129.114.109.174
✓ Floating IP attached

============================================================
✓ Provisioning Complete!
============================================================
Provisioning Type: Bare Metal (Blazar)
Server Name: auto-server-202604250231
Server ID: 6d0de87c-433c-45d1-94f7-74020b842ec0
Lease ID: ed7b0a4f-a1b5-4174-b43b-05b275c15f05
Reservation ID: 0b8818f6-39ab-4d58-81b0-2f7081f7d910
Image: CC-Ubuntu22.04-CUDA
Node Type: gpu_k80
Floating IP: 129.114.109.174

SSH Connection:
  ssh ubuntu@129.114.109.174

✓ Info saved to: auto-server-202604250231_info.json
End:     2026-04-25T02:44:46Z (exit=0, duration=857s)
