Command: python 2.0/src/provision_v2.py --repo "https://github.com/TIO-IKIM/CellViT-plus-plus" --site tacc
Start:   2026-04-28T20:09:03Z

============================================================
Automated Hardware Provisioning Tool v2.0
============================================================
✓ Configuration loaded
✓ AI client initialized
✓ OpenStack connection established

============================================================
Step 1: Repository Analysis
============================================================
✓ Repository cloned to: /tmp/CellViT-plus-plus

✓ Repository requirements analysis complete:
  CPU: 16 cores
  RAM: 32 GB
  GPU: Required
  GPU Memory: 24 GB
  Disk: 30 GB
  OS: ubuntu None
  CUDA: Required

============================================================
Step 2: Image Selection
============================================================
✓ Found 415 available CC-* images
✓ AI Stage 1: Selected 5 candidates
  Reasoning: The requirements specify an Ubuntu OS with CUDA support for GPU usage. The selected images are all Ubuntu-based and include CUDA support. The candidates cover different Ubuntu versions (20.04, 22.04, and 24.04) to provide flexibility in OS version choice, while ensuring CUDA support is present for GPU tasks.
⚠ No candidates found, using fallback selection
✓ Fallback image: CC-Ubuntu22.04-CUDA

============================================================
Step 3: SSH Key Management
============================================================
✓ Keypair exists: my-key

============================================================
Step 4: Network Configuration
============================================================
✓ Found network: sharednet1 (ID: 1a03cf65-8fd6-4fce-94fd-bbaabe68a8e1)

============================================================
Discovering Available Resources
============================================================

Discovering resources at tacc site...
✓ Found 312 hosts
✓ Discovered 19 node types (ranked by availability & fit):
    compute_cascadelake_r: 55 reservable / 56 total | fit_score: 1.0
    compute_icelake_r650: 49 reservable / 52 total | fit_score: 1.0
    compute_zen3: 32 reservable / 32 total | fit_score: 1.0
    compute_skylake: 26 reservable / 32 total | fit_score: 1.0
    compute_cascadelake: 24 reservable / 24 total | fit_score: 1.0
    compute_icelake_r750: 17 reservable / 20 total | fit_score: 1.0
    compute_haswell_ib: 17 reservable / 17 total | fit_score: 1.0
    gpu_p100: 15 reservable / 15 total | fit_score: 2.0
    storage: 13 reservable / 21 total | fit_score: 0.2
    gpu_mi100: 8 reservable / 8 total | fit_score: 2.0
    compute_arm64: 8 reservable / 8 total | fit_score: 1.0
    compute_liqid: 8 reservable / 8 total | fit_score: 1.0
    compute_gigaio: 6 reservable / 6 total | fit_score: 1.0
    gpu_p100_nvlink: 3 reservable / 4 total | fit_score: 2.0
    gpu_h100: 2 reservable / 2 total | fit_score: 2.0
    gpu_k80: 2 reservable / 2 total | fit_score: 2.0
    gpu_m40: 2 reservable / 2 total | fit_score: 2.0
    storage_hierarchy: 1 reservable / 2 total | fit_score: 0.2
    gpu_p100_v100: 1 reservable / 1 total | fit_score: 2.0
✓ Found 19 node types available

✓ AI resource selection complete
  Node type: gpu_p100
  Reasoning: The gpu_p100 node type meets the GPU requirement and has the highest reservable count among GPU nodes, with 15 reservable units available. This ensures a higher success rate for lease creation compared to other GPU options.
✓ AI selected node type: gpu_p100
  Reasoning: The gpu_p100 node type meets the GPU requirement and has the highest reservable count among GPU nodes, with 15 reservable units available. This ensures a higher success rate for lease creation compared to other GPU options.

============================================================
Step 5: Create Hardware Reservation (with fallbacks)
============================================================

→ GPU required: Tiered fallback strategy:
   Tier 1 (GPU): 7 types
   Tier 2 (Compute): 10 types
   Tier 3 (KVM/VM): 0 types
   Total: 17 attempts

[1/17] Attempting: gpu_p100 [GPU (Tier 1)] (15 reservable / 15 total)
✓ AI determined duration: 48 hours
  Reasoning: The requirements indicate a need for a high-performance computing environment with GPU support, CUDA, and specialized software like PyTorch, Docker, Ray, and CuPY. These setups are typically used for complex machine learning tasks or distributed computing projects, which can take significant time to configure, run, and validate results. A 48-hour lease provides sufficient time to handle potential setup complexities and ensure the completion of computational tasks without interruption.

Creating lease:
  Name: auto-202604282009-gpu_p100
  Node Type: gpu_p100
  Start: 2026-04-28 20:11
  End: 2026-04-30 20:11
  ✗ No capacity available for gpu_p100
  → Trying next option...

[2/17] Attempting: gpu_mi100 [GPU (Tier 1)] (8 reservable / 8 total)
✓ AI determined duration: 72 hours
  Reasoning: The requirements indicate a need for a high-performance computing environment with GPU support, CUDA, and specialized software such as PyTorch, Docker, Ray, and CuPY. These are typically used for intensive machine learning or data processing tasks, which can take several days to complete. A 72-hour lease provides sufficient time for setup, execution, and any necessary adjustments or reruns of tasks.

Creating lease:
  Name: auto-202604282009-gpu_mi100
  Node Type: gpu_mi100
  Start: 2026-04-28 20:11
  End: 2026-05-01 20:11
  ✗ No capacity available for gpu_mi100
  → Trying next option...

[3/17] Attempting: gpu_p100_nvlink [GPU (Tier 1)] (3 reservable / 4 total)
✓ AI determined duration: 72 hours
  Reasoning: The requirements indicate a need for a high-performance setup with GPU support, CUDA, and specialized libraries like PyTorch, Ray, and CuPY, which are typically used for intensive computational tasks such as machine learning training or large-scale data processing. These tasks often require extended periods to complete, especially when involving distributed computing with Ray. Therefore, a lease duration of 72 hours is recommended to ensure sufficient time for setup, execution, and any potential troubleshooting or iterations.

Creating lease:
  Name: auto-202604282009-gpu_p100_nvlink
  Node Type: gpu_p100_nvlink
  Start: 2026-04-28 20:11
  End: 2026-05-01 20:11
  ✗ No capacity available for gpu_p100_nvlink
  → Trying next option...

[4/17] Attempting: gpu_h100 [GPU (Tier 1)] (2 reservable / 2 total)
✓ AI determined duration: 72 hours
  Reasoning: The requirements suggest a high-performance computing task involving significant GPU usage and distributed computing. The inclusion of PyTorch, Docker, Ray, and CuPY indicates a complex setup likely for machine learning or data processing tasks. Given the need for CUDA and specific Python and library versions, setting up and running the necessary computations could take several days. A 72-hour lease provides sufficient time for setup, execution, and any necessary adjustments or reruns.

Creating lease:
  Name: auto-202604282009-gpu_h100
  Node Type: gpu_h100
  Start: 2026-04-28 20:12
  End: 2026-05-01 20:12
  ✗ No capacity available for gpu_h100
  → Trying next option...

[5/17] Attempting: gpu_k80 [GPU (Tier 1)] (2 reservable / 2 total)
✓ AI determined duration: 72 hours
  Reasoning: The requirements indicate a need for significant computational resources, including a high-performance GPU and specialized software like PyTorch, Ray, and CuPY, which are typically used for intensive machine learning or data processing tasks. These tasks often require extended periods to complete, especially if they involve training large models or processing large datasets. Therefore, a lease duration of 72 hours is recommended to ensure sufficient time for setup, execution, and any necessary iterations or troubleshooting.

Creating lease:
  Name: auto-202604282009-gpu_k80
  Node Type: gpu_k80
  Start: 2026-04-28 20:12
  End: 2026-05-01 20:12
  ✗ No capacity available for gpu_k80
  → Trying next option...

[6/17] Attempting: gpu_m40 [GPU (Tier 1)] (2 reservable / 2 total)
✓ AI determined duration: 72 hours
  Reasoning: The requirements indicate a need for a high-performance environment with specific GPU capabilities and software dependencies, such as PyTorch, Docker, Ray, and CuPY, which are typically used for intensive computational tasks like machine learning or data processing. These tasks often require extended periods to complete, especially when involving distributed computing and GPU acceleration. A 72-hour lease provides ample time for setup, execution, and any necessary troubleshooting or iterations.

Creating lease:
  Name: auto-202604282009-gpu_m40
  Node Type: gpu_m40
  Start: 2026-04-28 20:12
  End: 2026-05-01 20:12

✓ Lease created: d1c93405-a11e-4b2f-9224-37fcaedb8e3b

Waiting for lease to activate...
  Status: PENDING, waiting...
  Status: PENDING, waiting...
  Status: PENDING, waiting...
  Status: PENDING, waiting...
  Status: PENDING, waiting...
  Status: PENDING, waiting...
  Status: PENDING, waiting...
  Status: STARTING, waiting...
✓ Lease is ACTIVE
✓ Reservation ID: 6ad736cd-6405-43ae-8555-f2ef68c7d570
✓ SUCCESS: Lease created with gpu_m40

✓ Final node type: gpu_m40

============================================================
Step 6: Launch Bare Metal Server
============================================================

Launching server:
  Name: auto-server-202604282009
  Image ID: 07263122-bade-4d24-a776-46f4f1c2e26a
  Key: my-key
  Network ID: 1a03cf65-8fd6-4fce-94fd-bbaabe68a8e1
  Reservation ID: 6ad736cd-6405-43ae-8555-f2ef68c7d570

✓ Server creation initiated: 12e48460-6293-42ad-a65a-cd4318459994

Waiting for server to become ACTIVE...
(This may take 10-30 minutes for bare metal)
  Status: BUILD
  Status: ACTIVE

✓ Server is ACTIVE

============================================================
Step 7: Assign Floating IP
============================================================
✓ Using floating IP: 129.114.109.195
✓ Floating IP attached

============================================================
✓ Provisioning Complete!
============================================================
Provisioning Type: Bare Metal (Blazar)
Server Name: auto-server-202604282009
Server ID: 12e48460-6293-42ad-a65a-cd4318459994
Lease ID: d1c93405-a11e-4b2f-9224-37fcaedb8e3b
Reservation ID: 6ad736cd-6405-43ae-8555-f2ef68c7d570
Image: CC-Ubuntu22.04-CUDA
Node Type: gpu_m40
Floating IP: 129.114.109.195

SSH Connection:
  ssh ubuntu@129.114.109.195

✓ Info saved to: auto-server-202604282009_info.json
End:     2026-04-28T20:22:58Z (exit=0, duration=835s)
