Command: python 2.0/src/provision_v2.py --repo "https://github.com/sideprotocol/plonky2-gpu" --site tacc
Start:   2026-04-25T03:13:22Z

============================================================
Automated Hardware Provisioning Tool v2.0
============================================================
✓ Configuration loaded
✓ AI client initialized
✓ OpenStack connection established

============================================================
Step 1: Repository Analysis
============================================================
✓ Repository cloned to: /tmp/plonky2-gpu

✓ Repository requirements analysis complete:
  CPU: 8 cores
  RAM: 16 GB
  GPU: Required
  GPU Memory: 12 GB
  Disk: None GB
  OS: ubuntu 20.04
  CUDA: Required

============================================================
Step 2: Image Selection
============================================================
✓ Found 415 available CC-* images
✓ AI Stage 1: Selected 5 candidates
  Reasoning: The requirements specify Ubuntu 20.04 with CUDA support. The selected images are all based on Ubuntu 20.04 and include CUDA, which is necessary for GPU support. These images are the best match for the given requirements.
⚠ No candidates found, using fallback selection
✓ Fallback image: CC-Ubuntu22.04-CUDA

============================================================
Step 3: SSH Key Management
============================================================
✓ Keypair exists: my-key

============================================================
Step 4: Network Configuration
============================================================
✓ Found network: sharednet1 (ID: 1a03cf65-8fd6-4fce-94fd-bbaabe68a8e1)

============================================================
Discovering Available Resources
============================================================

Discovering resources at tacc site...
✓ Found 312 hosts
✓ Discovered 19 node types (ranked by availability & fit):
    compute_cascadelake_r: 55 reservable / 56 total | fit_score: 1.0
    compute_icelake_r650: 49 reservable / 52 total | fit_score: 1.0
    compute_zen3: 32 reservable / 32 total | fit_score: 1.0
    compute_skylake: 26 reservable / 32 total | fit_score: 1.0
    compute_cascadelake: 24 reservable / 24 total | fit_score: 1.0
    compute_icelake_r750: 17 reservable / 20 total | fit_score: 1.0
    compute_haswell_ib: 17 reservable / 17 total | fit_score: 1.0
    gpu_p100: 15 reservable / 15 total | fit_score: 2.0
    storage: 13 reservable / 21 total | fit_score: 0.2
    gpu_mi100: 8 reservable / 8 total | fit_score: 2.0
    compute_arm64: 8 reservable / 8 total | fit_score: 1.0
    compute_liqid: 8 reservable / 8 total | fit_score: 1.0
    compute_gigaio: 6 reservable / 6 total | fit_score: 1.0
    gpu_p100_nvlink: 3 reservable / 4 total | fit_score: 2.0
    gpu_h100: 2 reservable / 2 total | fit_score: 2.0
    gpu_k80: 2 reservable / 2 total | fit_score: 2.0
    gpu_m40: 2 reservable / 2 total | fit_score: 2.0
    storage_hierarchy: 1 reservable / 2 total | fit_score: 0.2
    gpu_p100_v100: 1 reservable / 1 total | fit_score: 2.0
✓ Found 19 node types available

✓ AI resource selection complete
  Node type: gpu_p100
  Reasoning: The user requires a GPU node with at least 12 GB of GPU memory. Among the available GPU nodes, gpu_p100 has the highest reservable count of 15, ensuring a higher success rate for lease creation.
✓ AI selected node type: gpu_p100
  Reasoning: The user requires a GPU node with at least 12 GB of GPU memory. Among the available GPU nodes, gpu_p100 has the highest reservable count of 15, ensuring a higher success rate for lease creation.

============================================================
Step 5: Create Hardware Reservation (with fallbacks)
============================================================

→ GPU required: Tiered fallback strategy:
   Tier 1 (GPU): 7 types
   Tier 2 (Compute): 10 types
   Tier 3 (KVM/VM): 0 types
   Total: 17 attempts

[1/17] Attempting: gpu_p100 [GPU (Tier 1)] (15 reservable / 15 total)
✓ AI determined duration: 48 hours
  Reasoning: The requirements specify a high-performance setup with a GPU and CUDA, likely for computationally intensive tasks such as machine learning or data analysis. These tasks often require more time to complete. Given the need for a specific GPU model (NVIDIA 2080 Ti) and CUDA version, it suggests a specialized workload that may not be quick to execute. Therefore, a 48-hour lease duration is reasonable to ensure sufficient time for setup, execution, and any necessary adjustments or reruns.

Creating lease:
  Name: auto-202604250313-gpu_p100
  Node Type: gpu_p100
  Start: 2026-04-25 03:15
  End: 2026-04-27 03:15
  ✗ No capacity available for gpu_p100
  → Trying next option...

[2/17] Attempting: gpu_mi100 [GPU (Tier 1)] (8 reservable / 8 total)
✓ AI determined duration: 48 hours
  Reasoning: The requirements specify the need for a high-performance GPU (NVIDIA 2080 Ti) with CUDA support, which suggests tasks related to machine learning, data processing, or scientific computing. These tasks often require extended periods to complete, especially if large datasets or complex models are involved. A 48-hour lease provides ample time for such tasks while allowing for potential troubleshooting or adjustments.

Creating lease:
  Name: auto-202604250313-gpu_mi100
  Node Type: gpu_mi100
  Start: 2026-04-25 03:16
  End: 2026-04-27 03:16

✓ Lease created: 28a73483-a779-4780-86bc-a74e3ba0ca26

Waiting for lease to activate...
  Status: PENDING, waiting...
  Status: PENDING, waiting...
  Status: PENDING, waiting...
  Status: PENDING, waiting...
  Status: PENDING, waiting...
  Status: PENDING, waiting...
  Status: PENDING, waiting...
  Status: PENDING, waiting...
  Status: STARTING, waiting...
✓ Lease is ACTIVE
✓ Reservation ID: 1248c226-860f-4702-86ec-1d3ca0fb3d22
✓ SUCCESS: Lease created with gpu_mi100

✓ Final node type: gpu_mi100

============================================================
Step 6: Launch Bare Metal Server
============================================================

Launching server:
  Name: auto-server-202604250313
  Image ID: 07263122-bade-4d24-a776-46f4f1c2e26a
  Key: my-key
  Network ID: 1a03cf65-8fd6-4fce-94fd-bbaabe68a8e1
  Reservation ID: 1248c226-860f-4702-86ec-1d3ca0fb3d22

✓ Server creation initiated: 788bcaae-a481-4afe-9f10-0c843739ce19

Waiting for server to become ACTIVE...
(This may take 10-30 minutes for bare metal)
  Status: BUILD
  Status: ACTIVE

✓ Server is ACTIVE

============================================================
Step 7: Assign Floating IP
============================================================
Creating new floating IP...
✓ Using floating IP: 129.114.109.59
✓ Floating IP attached

============================================================
✓ Provisioning Complete!
============================================================
Provisioning Type: Bare Metal (Blazar)
Server Name: auto-server-202604250313
Server ID: 788bcaae-a481-4afe-9f10-0c843739ce19
Lease ID: 28a73483-a779-4780-86bc-a74e3ba0ca26
Reservation ID: 1248c226-860f-4702-86ec-1d3ca0fb3d22
Image: CC-Ubuntu22.04-CUDA
Node Type: gpu_mi100
Floating IP: 129.114.109.59

SSH Connection:
  ssh ubuntu@129.114.109.59

✓ Info saved to: auto-server-202604250313_info.json
End:     2026-04-25T03:25:23Z (exit=0, duration=721s)
