Command: python 2.0/src/provision_v2.py --repo "https://github.com/snel-repo/Kilosort4" --site tacc
Start:   2026-04-28T19:40:58Z

============================================================
Automated Hardware Provisioning Tool v2.0
============================================================
✓ Configuration loaded
✓ AI client initialized
✓ OpenStack connection established

============================================================
Step 1: Repository Analysis
============================================================
✓ Repository cloned to: /tmp/Kilosort4

✓ Repository requirements analysis complete:
  CPU: 4 cores
  RAM: 8 GB
  GPU: Required
  GPU Memory: 8 GB
  Disk: 20 GB
  OS: ubuntu 20.04
  CUDA: Required

============================================================
Step 2: Image Selection
============================================================
✓ Found 415 available CC-* images
✓ AI Stage 1: Selected 5 candidates
  Reasoning: The requirements specify an Ubuntu 20.04 OS with CUDA support. The selected images are all based on Ubuntu 20.04 and include CUDA support, which is necessary for GPU requirements. These images are the best match for the specified criteria.
⚠ No candidates found, using fallback selection
✓ Fallback image: CC-Ubuntu22.04-CUDA

============================================================
Step 3: SSH Key Management
============================================================
✓ Keypair exists: my-key

============================================================
Step 4: Network Configuration
============================================================
✓ Found network: sharednet1 (ID: 1a03cf65-8fd6-4fce-94fd-bbaabe68a8e1)

============================================================
Discovering Available Resources
============================================================

Discovering resources at tacc site...
✓ Found 312 hosts
✓ Discovered 19 node types (ranked by availability & fit):
    compute_cascadelake_r: 55 reservable / 56 total | fit_score: 1.0
    compute_icelake_r650: 49 reservable / 52 total | fit_score: 1.0
    compute_zen3: 32 reservable / 32 total | fit_score: 1.0
    compute_skylake: 26 reservable / 32 total | fit_score: 1.0
    compute_cascadelake: 24 reservable / 24 total | fit_score: 1.0
    compute_icelake_r750: 17 reservable / 20 total | fit_score: 1.0
    compute_haswell_ib: 17 reservable / 17 total | fit_score: 1.0
    gpu_p100: 15 reservable / 15 total | fit_score: 2.0
    storage: 13 reservable / 21 total | fit_score: 0.2
    gpu_mi100: 8 reservable / 8 total | fit_score: 2.0
    compute_arm64: 8 reservable / 8 total | fit_score: 1.0
    compute_liqid: 8 reservable / 8 total | fit_score: 1.0
    compute_gigaio: 6 reservable / 6 total | fit_score: 1.0
    gpu_p100_nvlink: 3 reservable / 4 total | fit_score: 2.0
    gpu_h100: 2 reservable / 2 total | fit_score: 2.0
    gpu_k80: 2 reservable / 2 total | fit_score: 2.0
    gpu_m40: 2 reservable / 2 total | fit_score: 2.0
    storage_hierarchy: 1 reservable / 2 total | fit_score: 0.2
    gpu_p100_v100: 1 reservable / 1 total | fit_score: 2.0
✓ Found 19 node types available

✓ AI resource selection complete
  Node type: gpu_p100
  Reasoning: The gpu_p100 node type matches the user's requirement for a GPU with at least 8 GB memory. It has the highest reservable count among GPU nodes, with 15 reservable instances, ensuring higher availability and a greater chance of successful lease creation.
✓ AI selected node type: gpu_p100
  Reasoning: The gpu_p100 node type matches the user's requirement for a GPU with at least 8 GB memory. It has the highest reservable count among GPU nodes, with 15 reservable instances, ensuring higher availability and a greater chance of successful lease creation.

============================================================
Step 5: Create Hardware Reservation (with fallbacks)
============================================================

→ GPU required: Tiered fallback strategy:
   Tier 1 (GPU): 7 types
   Tier 2 (Compute): 10 types
   Tier 3 (KVM/VM): 0 types
   Total: 17 attempts

[1/17] Attempting: gpu_p100 [GPU (Tier 1)] (15 reservable / 15 total)
✓ AI determined duration: 48 hours
  Reasoning: The requirements indicate a need for a GPU with CUDA support, which suggests the workload might involve machine learning or deep learning tasks that can be computationally intensive. Additionally, the use of PyQt for GUI development implies that there might be a need for interactive testing or development, which can take additional time. Given these factors, a 48-hour lease duration provides a reasonable buffer for completing such tasks without interruption.

Creating lease:
  Name: auto-202604281941-gpu_p100
  Node Type: gpu_p100
  Start: 2026-04-28 19:43
  End: 2026-04-30 19:43
  ✗ No capacity available for gpu_p100
  → Trying next option...

[2/17] Attempting: gpu_mi100 [GPU (Tier 1)] (8 reservable / 8 total)
✓ AI determined duration: 72 hours
  Reasoning: The requirements include a GPU with CUDA support and specific software installations like PyTorch with CUDA 11.8, Anaconda, and PyQt for GUI, which suggests a machine learning or deep learning task. Such tasks often require extended computational time for model training or experimentation. A 72-hour lease provides ample time for setup, execution, and any necessary adjustments or reruns without frequent interruptions.

Creating lease:
  Name: auto-202604281941-gpu_mi100
  Node Type: gpu_mi100
  Start: 2026-04-28 19:43
  End: 2026-05-01 19:43
  ✗ No capacity available for gpu_mi100
  → Trying next option...

[3/17] Attempting: gpu_p100_nvlink [GPU (Tier 1)] (3 reservable / 4 total)
✓ AI determined duration: 72 hours
  Reasoning: The requirements suggest a setup for a development or testing environment involving machine learning or deep learning tasks, given the need for a GPU with CUDA support, PyTorch, and a GUI component with PyQt. Such environments often require more time for setup, testing, and iteration, especially when involving GPU computations and GUI testing. Therefore, a lease duration of 72 hours is recommended to ensure sufficient time for these activities.

Creating lease:
  Name: auto-202604281941-gpu_p100_nvlink
  Node Type: gpu_p100_nvlink
  Start: 2026-04-28 19:43
  End: 2026-05-01 19:43
  ✗ No capacity available for gpu_p100_nvlink
  → Trying next option...

[4/17] Attempting: gpu_h100 [GPU (Tier 1)] (2 reservable / 2 total)
✓ AI determined duration: 48 hours
  Reasoning: The requirements indicate a need for a GPU with CUDA support, which suggests the workload may involve machine learning or data processing tasks that could be computationally intensive. Additionally, the installation and configuration of PyTorch with CUDA, Anaconda, and PyQt can be time-consuming, especially if troubleshooting is needed. A 48-hour lease provides ample time for setup, testing, and execution of tasks without the pressure of a short deadline.

Creating lease:
  Name: auto-202604281941-gpu_h100
  Node Type: gpu_h100
  Start: 2026-04-28 19:44
  End: 2026-04-30 19:44
  ✗ No capacity available for gpu_h100
  → Trying next option...

[5/17] Attempting: gpu_k80 [GPU (Tier 1)] (2 reservable / 2 total)
✓ AI determined duration: 48 hours
  Reasoning: The requirements include a GPU with specific CUDA version compatibility, which suggests the need for potentially complex computational tasks, such as machine learning or deep learning model training. Additionally, the use of PyQt for GUI development indicates that the user might be developing or testing an application that requires both computational and graphical resources. These tasks often require more time for setup, execution, and testing. Therefore, a 48-hour lease duration is recommended to ensure sufficient time for these activities.

Creating lease:
  Name: auto-202604281941-gpu_k80
  Node Type: gpu_k80
  Start: 2026-04-28 19:44
  End: 2026-04-30 19:44

✓ Lease created: 11a0226e-6655-41cf-b502-40b60a18bf4a

Waiting for lease to activate...
  Status: PENDING, waiting...
  Status: PENDING, waiting...
  Status: PENDING, waiting...
  Status: PENDING, waiting...
  Status: PENDING, waiting...
  Status: PENDING, waiting...
  Status: PENDING, waiting...
  Status: PENDING, waiting...
  Status: PENDING, waiting...
  Status: PENDING, waiting...
✓ Lease is ACTIVE
✓ Reservation ID: b2e79a4c-8355-4eba-a2d0-58d6ffeba40c
✓ SUCCESS: Lease created with gpu_k80

✓ Final node type: gpu_k80

============================================================
Step 6: Launch Bare Metal Server
============================================================

Launching server:
  Name: auto-server-202604281941
  Image ID: 07263122-bade-4d24-a776-46f4f1c2e26a
  Key: my-key
  Network ID: 1a03cf65-8fd6-4fce-94fd-bbaabe68a8e1
  Reservation ID: b2e79a4c-8355-4eba-a2d0-58d6ffeba40c

✓ Server creation initiated: 2dbc03df-7c10-48b6-8459-4a0f28ed5e4f

Waiting for server to become ACTIVE...
(This may take 10-30 minutes for bare metal)
  Status: BUILD
  Status: ACTIVE

✓ Server is ACTIVE

============================================================
Step 7: Assign Floating IP
============================================================
✓ Using floating IP: 129.114.109.43
✓ Floating IP attached

============================================================
✓ Provisioning Complete!
============================================================
Provisioning Type: Bare Metal (Blazar)
Server Name: auto-server-202604281941
Server ID: 2dbc03df-7c10-48b6-8459-4a0f28ed5e4f
Lease ID: 11a0226e-6655-41cf-b502-40b60a18bf4a
Reservation ID: b2e79a4c-8355-4eba-a2d0-58d6ffeba40c
Image: CC-Ubuntu22.04-CUDA
Node Type: gpu_k80
Floating IP: 129.114.109.43

SSH Connection:
  ssh ubuntu@129.114.109.43

✓ Info saved to: auto-server-202604281941_info.json
End:     2026-04-28T19:55:00Z (exit=0, duration=842s)
