Command: python 2.0/src/provision_v2.py --repo "https://github.com/sideprotocol/plonky2-gpu" --site tacc
Start:   2026-04-28T20:35:33Z

============================================================
Automated Hardware Provisioning Tool v2.0
============================================================
✓ Configuration loaded
✓ AI client initialized
✓ OpenStack connection established

============================================================
Step 1: Repository Analysis
============================================================
✓ Repository cloned to: /tmp/plonky2-gpu

✓ Repository requirements analysis complete:
  CPU: 8 cores
  RAM: 16 GB
  GPU: Required
  GPU Memory: 12 GB
  Disk: None GB
  OS: None None
  CUDA: Required

============================================================
Step 2: Image Selection
============================================================
✓ Found 415 available CC-* images
✓ AI Stage 1: Selected 5 candidates
  Reasoning: The requirement specifies that CUDA support is needed, and a GPU is required. Therefore, images with CUDA support are the best candidates. The selected images are: 'CC-Ubuntu24.04-CUDA' (ID: 42c4af2e-2a61-4f1f-bc38-7a89a654370d), 'CC-Ubuntu22.04-CUDA' (ID: 07263122-bade-4d24-a776-46f4f1c2e26a), 'CC-Ubuntu20.04-CUDA' (ID: 91d8e584-bc97-4e81-a1e5-cf858ac3afd7), 'CC-Ubuntu20.04-CUDA11' (ID: a5ed16a4-16fb-4b63-8e62-ad5989bec58a), and 'CC-Ubuntu20.04-CUDA-20241101' (ID: a8fddebf-0e01-47f1-ae35-cc7b1dd99ccc). These images are chosen because they are the latest versions available with CUDA support, ensuring compatibility with GPU requirements.
⚠ No candidates found, using fallback selection
✓ Fallback image: CC-Ubuntu22.04-CUDA

============================================================
Step 3: SSH Key Management
============================================================
✓ Keypair exists: my-key

============================================================
Step 4: Network Configuration
============================================================
✓ Found network: sharednet1 (ID: 1a03cf65-8fd6-4fce-94fd-bbaabe68a8e1)

============================================================
Discovering Available Resources
============================================================

Discovering resources at tacc site...
✓ Found 312 hosts
✓ Discovered 19 node types (ranked by availability & fit):
    compute_cascadelake_r: 55 reservable / 56 total | fit_score: 1.0
    compute_icelake_r650: 49 reservable / 52 total | fit_score: 1.0
    compute_zen3: 32 reservable / 32 total | fit_score: 1.0
    compute_skylake: 26 reservable / 32 total | fit_score: 1.0
    compute_cascadelake: 24 reservable / 24 total | fit_score: 1.0
    compute_icelake_r750: 17 reservable / 20 total | fit_score: 1.0
    compute_haswell_ib: 17 reservable / 17 total | fit_score: 1.0
    gpu_p100: 15 reservable / 15 total | fit_score: 2.0
    storage: 13 reservable / 21 total | fit_score: 0.2
    gpu_mi100: 8 reservable / 8 total | fit_score: 2.0
    compute_arm64: 8 reservable / 8 total | fit_score: 1.0
    compute_liqid: 8 reservable / 8 total | fit_score: 1.0
    compute_gigaio: 6 reservable / 6 total | fit_score: 1.0
    gpu_p100_nvlink: 3 reservable / 4 total | fit_score: 2.0
    gpu_h100: 2 reservable / 2 total | fit_score: 2.0
    gpu_k80: 2 reservable / 2 total | fit_score: 2.0
    gpu_m40: 2 reservable / 2 total | fit_score: 2.0
    storage_hierarchy: 1 reservable / 2 total | fit_score: 0.2
    gpu_p100_v100: 1 reservable / 1 total | fit_score: 2.0
✓ Found 19 node types available

✓ AI resource selection complete
  Node type: gpu_p100
  Reasoning: The user requires a GPU with at least 12 GB of memory. The 'gpu_p100' node type meets this requirement and has the highest reservable count among GPU nodes, with 15 reservable units. This maximizes the success rate for lease creation.
✓ AI selected node type: gpu_p100
  Reasoning: The user requires a GPU with at least 12 GB of memory. The 'gpu_p100' node type meets this requirement and has the highest reservable count among GPU nodes, with 15 reservable units. This maximizes the success rate for lease creation.

============================================================
Step 5: Create Hardware Reservation (with fallbacks)
============================================================

→ GPU required: Tiered fallback strategy:
   Tier 1 (GPU): 7 types
   Tier 2 (Compute): 10 types
   Tier 3 (KVM/VM): 0 types
   Total: 17 attempts

[1/17] Attempting: gpu_p100 [GPU (Tier 1)] (15 reservable / 15 total)
✓ AI determined duration: 48 hours
  Reasoning: The requirements specify a need for a high-performance GPU (NVIDIA 2080 Ti) with CUDA support, which suggests that the tasks are likely computationally intensive, such as machine learning or data processing workloads. These types of tasks often require extended periods to complete, especially if large datasets are involved or if multiple iterations are necessary for model training. Therefore, a lease duration of 48 hours is recommended to ensure sufficient time for task completion and any potential troubleshooting or reruns.

Creating lease:
  Name: auto-202604282036-gpu_p100
  Node Type: gpu_p100
  Start: 2026-04-28 20:38
  End: 2026-04-30 20:38
  ✗ No capacity available for gpu_p100
  → Trying next option...

[2/17] Attempting: gpu_mi100 [GPU (Tier 1)] (8 reservable / 8 total)
✓ AI determined duration: 48 hours
  Reasoning: The requirements specify a high-performance GPU (NVIDIA 2080 Ti) with CUDA support, which suggests the need for intensive computational tasks such as machine learning model training or scientific simulations. These tasks often require extended periods to complete, especially if large datasets or complex models are involved. Therefore, a lease duration of 48 hours is recommended to ensure sufficient time for setup, execution, and any necessary adjustments or retries.

Creating lease:
  Name: auto-202604282036-gpu_mi100
  Node Type: gpu_mi100
  Start: 2026-04-28 20:38
  End: 2026-04-30 20:38

✓ Lease created: 9fa77593-9f4b-42b9-972f-1b248224c873

Waiting for lease to activate...
  Status: PENDING, waiting...
  Status: PENDING, waiting...
  Status: PENDING, waiting...
  Status: PENDING, waiting...
  Status: PENDING, waiting...
  Status: PENDING, waiting...
  Status: PENDING, waiting...
  Status: PENDING, waiting...
  Status: PENDING, waiting...
  Status: PENDING, waiting...
✓ Lease is ACTIVE
✓ Reservation ID: 969db080-b888-40e4-955c-f0f24c44eb1f
✓ SUCCESS: Lease created with gpu_mi100

✓ Final node type: gpu_mi100

============================================================
Step 6: Launch Bare Metal Server
============================================================

Launching server:
  Name: auto-server-202604282036
  Image ID: 07263122-bade-4d24-a776-46f4f1c2e26a
  Key: my-key
  Network ID: 1a03cf65-8fd6-4fce-94fd-bbaabe68a8e1
  Reservation ID: 969db080-b888-40e4-955c-f0f24c44eb1f

✓ Server creation initiated: 4fad8b26-7073-40cd-8b36-01bd91ec6db4

Waiting for server to become ACTIVE...
(This may take 10-30 minutes for bare metal)
  Status: BUILD
  Status: ACTIVE

✓ Server is ACTIVE

============================================================
Step 7: Assign Floating IP
============================================================
✓ Using floating IP: 129.114.108.116
✓ Floating IP attached

============================================================
✓ Provisioning Complete!
============================================================
Provisioning Type: Bare Metal (Blazar)
Server Name: auto-server-202604282036
Server ID: 4fad8b26-7073-40cd-8b36-01bd91ec6db4
Lease ID: 9fa77593-9f4b-42b9-972f-1b248224c873
Reservation ID: 969db080-b888-40e4-955c-f0f24c44eb1f
Image: CC-Ubuntu22.04-CUDA
Node Type: gpu_mi100
Floating IP: 129.114.108.116

SSH Connection:
  ssh ubuntu@129.114.108.116

✓ Info saved to: auto-server-202604282036_info.json
End:     2026-04-28T20:47:57Z (exit=0, duration=744s)
