Command: python 2.0/src/provision_v2.py --repo "https://github.com/perslev/U-Time" --site tacc
Start:   2026-04-28T21:22:20Z

============================================================
Automated Hardware Provisioning Tool v2.0
============================================================
✓ Configuration loaded
✓ AI client initialized
✓ OpenStack connection established

============================================================
Step 1: Repository Analysis
============================================================
✓ Repository cloned to: /tmp/U-Time

✓ Repository requirements analysis complete:
  CPU: 4 cores
  RAM: 8 GB
  GPU: Required
  GPU Memory: None GB
  Disk: 4096 GB
  OS: linux None
  CUDA: Required

============================================================
Step 2: Image Selection
============================================================
✓ Found 415 available CC-* images
✓ AI Stage 1: Selected 5 candidates
  Reasoning: The requirement is for Linux-based images with CUDA support, which implies the need for GPU capabilities. The selected images are Ubuntu-based with CUDA, which aligns with the requirement for CUDA support. The selected images are:
1. CC-Ubuntu24.04-CUDA (ID: 42c4af2e-2a61-4f1f-bc38-7a89a654370d) - Latest Ubuntu version with CUDA support.
2. CC-Ubuntu22.04-CUDA (ID: 07263122-bade-4d24-a776-46f4f1c2e26a) - A stable Ubuntu version with CUDA support.
3. CC-Ubuntu20.04-CUDA (ID: 91d8e584-bc97-4e81-a1e5-cf858ac3afd7) - An older, but widely used Ubuntu version with CUDA support.
4. CC-Ubuntu20.04-CUDA11 (ID: a5ed16a4-16fb-4b63-8e62-ad5989bec58a) - Ubuntu 20.04 with a specific CUDA version (11) for compatibility.
5. CC-Ubuntu20.04-CUDA11-20211021 (ID: f30c2ee2-2b47-40fc-9ca9-f1914dbd7d8a) - Another variant of Ubuntu 20.04 with CUDA 11, ensuring a range of options for CUDA version compatibility.
⚠ No candidates found, using fallback selection
✓ Fallback image: CC-Ubuntu22.04-CUDA

============================================================
Step 3: SSH Key Management
============================================================
✓ Keypair exists: my-key

============================================================
Step 4: Network Configuration
============================================================
✓ Found network: sharednet1 (ID: 1a03cf65-8fd6-4fce-94fd-bbaabe68a8e1)

============================================================
Discovering Available Resources
============================================================

Discovering resources at tacc site...
✓ Found 312 hosts
✓ Discovered 19 node types (ranked by availability & fit):
    compute_cascadelake_r: 55 reservable / 56 total | fit_score: 1.0
    compute_icelake_r650: 49 reservable / 52 total | fit_score: 1.0
    compute_zen3: 32 reservable / 32 total | fit_score: 1.0
    compute_skylake: 26 reservable / 32 total | fit_score: 1.0
    compute_cascadelake: 24 reservable / 24 total | fit_score: 1.0
    compute_icelake_r750: 17 reservable / 20 total | fit_score: 1.0
    compute_haswell_ib: 17 reservable / 17 total | fit_score: 1.0
    gpu_p100: 15 reservable / 15 total | fit_score: 2.0
    storage: 13 reservable / 21 total | fit_score: 0.2
    gpu_mi100: 8 reservable / 8 total | fit_score: 2.0
    compute_arm64: 8 reservable / 8 total | fit_score: 1.0
    compute_liqid: 8 reservable / 8 total | fit_score: 1.0
    compute_gigaio: 6 reservable / 6 total | fit_score: 1.0
    gpu_p100_nvlink: 3 reservable / 4 total | fit_score: 2.0
    gpu_h100: 2 reservable / 2 total | fit_score: 2.0
    gpu_k80: 2 reservable / 2 total | fit_score: 2.0
    gpu_m40: 2 reservable / 2 total | fit_score: 2.0
    storage_hierarchy: 1 reservable / 2 total | fit_score: 0.2
    gpu_p100_v100: 1 reservable / 1 total | fit_score: 2.0
✓ Found 19 node types available

✓ AI resource selection complete
  Node type: gpu_p100
  Reasoning: The user requires a GPU node. Among the available GPU nodes, 'gpu_p100' has the highest reservable count of 15, which maximizes the success rate for lease creation.
✓ AI selected node type: gpu_p100
  Reasoning: The user requires a GPU node. Among the available GPU nodes, 'gpu_p100' has the highest reservable count of 15, which maximizes the success rate for lease creation.

============================================================
Step 5: Create Hardware Reservation (with fallbacks)
============================================================

→ GPU required: Tiered fallback strategy:
   Tier 1 (GPU): 7 types
   Tier 2 (Compute): 10 types
   Tier 3 (KVM/VM): 0 types
   Total: 17 attempts

[1/17] Attempting: gpu_p100 [GPU (Tier 1)] (15 reservable / 15 total)
✓ AI determined duration: 72 hours
  Reasoning: The requirements indicate a need for a GPU with specific NVIDIA drivers and CUDA version, which suggests a workload involving machine learning or data processing tasks that typically require significant computational resources and time. Additionally, the large disk space of 4096 GB implies handling large datasets or models. Given these factors, a lease duration of 72 hours is appropriate to ensure sufficient time for setup, execution, and any potential troubleshooting.

Creating lease:
  Name: auto-202604282122-gpu_p100
  Node Type: gpu_p100
  Start: 2026-04-28 21:24
  End: 2026-05-01 21:24
  ✗ No capacity available for gpu_p100
  → Trying next option...

[2/17] Attempting: gpu_mi100 [GPU (Tier 1)] (8 reservable / 8 total)
✓ AI determined duration: 72 hours
  Reasoning: The requirements indicate a need for a high-performance setup with specific GPU and CUDA requirements, which suggests intensive computational tasks such as machine learning or data processing. These tasks often require extended periods to complete, especially if training models or processing large datasets. A 72-hour lease provides ample time for setup, execution, and any necessary troubleshooting or iterations.

Creating lease:
  Name: auto-202604282122-gpu_mi100
  Node Type: gpu_mi100
  Start: 2026-04-28 21:24
  End: 2026-05-01 21:24
  ✗ No capacity available for gpu_mi100
  → Trying next option...

[3/17] Attempting: gpu_p100_nvlink [GPU (Tier 1)] (3 reservable / 4 total)
✓ AI determined duration: 72 hours
  Reasoning: The requirements indicate the need for a high-performance computing environment with specific GPU and CUDA capabilities, which suggests a complex setup likely for machine learning or data processing tasks. The large disk space requirement of 4096 GB further implies handling substantial datasets. Given these factors, a 72-hour lease provides ample time to set up the environment, run computations, and handle any potential troubleshooting or data transfer tasks.

Creating lease:
  Name: auto-202604282122-gpu_p100_nvlink
  Node Type: gpu_p100_nvlink
  Start: 2026-04-28 21:25
  End: 2026-05-01 21:25
  ✗ No capacity available for gpu_p100_nvlink
  → Trying next option...

[4/17] Attempting: gpu_h100 [GPU (Tier 1)] (2 reservable / 2 total)
✓ AI determined duration: 72 hours
  Reasoning: The requirements indicate a need for a high-performance computing environment, likely for machine learning or data-intensive tasks. The inclusion of a GPU, specific NVIDIA driver, CUDA, and cuDNN SDK suggests deep learning or similar workloads, which often require extended processing time. Given the substantial disk space and the need for specific software setups, a 72-hour lease allows sufficient time for setup, execution, and any necessary iterations or troubleshooting.

Creating lease:
  Name: auto-202604282122-gpu_h100
  Node Type: gpu_h100
  Start: 2026-04-28 21:25
  End: 2026-05-01 21:25
  ✗ No capacity available for gpu_h100
  → Trying next option...

[5/17] Attempting: gpu_k80 [GPU (Tier 1)] (2 reservable / 2 total)
✓ AI determined duration: 72 hours
  Reasoning: The requirements specify the need for a GPU with specific NVIDIA drivers and CUDA Toolkit, which suggests the setup is for a machine learning or data processing task that might require significant computational resources and time. The large disk space requirement of 4096 GB further supports the possibility of handling large datasets or extensive computations. Given these factors, a lease duration of 72 hours is appropriate to ensure sufficient time for setup, execution, and any necessary troubleshooting or iterations.

Creating lease:
  Name: auto-202604282122-gpu_k80
  Node Type: gpu_k80
  Start: 2026-04-28 21:25
  End: 2026-05-01 21:25
  ✗ No capacity available for gpu_k80
  → Trying next option...

[6/17] Attempting: gpu_m40 [GPU (Tier 1)] (2 reservable / 2 total)
✓ AI determined duration: 72 hours
  Reasoning: The requirements indicate a need for a specialized setup involving GPU resources, specific NVIDIA drivers, CUDA Toolkit, cuDNN SDK, and a Conda environment. These setups can be complex and time-consuming to configure, especially if the user needs to install and test software compatibility. Additionally, the large disk space requirement suggests substantial data processing or storage needs, which may take longer to complete. Therefore, a 72-hour lease provides ample time for setup, testing, and execution of tasks without the risk of interruption.

Creating lease:
  Name: auto-202604282122-gpu_m40
  Node Type: gpu_m40
  Start: 2026-04-28 21:25
  End: 2026-05-01 21:25
  ✗ No capacity available for gpu_m40
  → Trying next option...

[7/17] Attempting: gpu_p100_v100 [GPU (Tier 1)] (1 reservable / 1 total)
✓ AI determined duration: 72 hours
  Reasoning: The requirements indicate a need for a GPU with specific NVIDIA drivers, CUDA Toolkit, and cuDNN SDK, which suggests a workload related to machine learning or deep learning. These tasks often require significant time for model training or data processing. Additionally, the large disk space of 4096 GB implies handling large datasets. Given these factors, a lease duration of 72 hours is recommended to ensure sufficient time for setup, execution, and any necessary adjustments or reruns.

Creating lease:
  Name: auto-202604282122-gpu_p100_v100
  Node Type: gpu_p100_v100
  Start: 2026-04-28 21:25
  End: 2026-05-01 21:25
  ✗ No capacity available for gpu_p100_v100
  → Trying next option...

→ Switching to: Compute (Tier 2 - degraded)

[8/17] Attempting: compute_cascadelake_r [Compute (Tier 2 - degraded)] (55 reservable / 56 total)
✓ AI determined duration: 72 hours
  Reasoning: The requirements indicate a need for a GPU with specific NVIDIA drivers and CUDA toolkit, which suggests the use of the system for machine learning or deep learning tasks. These tasks often involve training models, which can be time-consuming depending on the dataset size and model complexity. Additionally, the requirement for a large disk space of 4096 GB implies handling large datasets. A lease duration of 72 hours is recommended to accommodate the setup, execution, and potential troubleshooting of such tasks.

Creating lease:
  Name: auto-202604282122-compute_cascadelake_r
  Node Type: compute_cascadelake_r
  Start: 2026-04-28 21:26
  End: 2026-05-01 21:26

✓ Lease created: 5d52c46c-5177-4930-bfa6-c2617cd6f93f

Waiting for lease to activate...
  Status: PENDING, waiting...
  Status: PENDING, waiting...
  Status: PENDING, waiting...
  Status: PENDING, waiting...
  Status: PENDING, waiting...
  Status: PENDING, waiting...
  Status: PENDING, waiting...
  Status: PENDING, waiting...
  Status: PENDING, waiting...
  Status: STARTING, waiting...
✓ Lease is ACTIVE
✓ Reservation ID: 0659ef6f-5ac8-4640-909d-ff1b4440b5e7
✓ SUCCESS: Lease created with compute_cascadelake_r

✓ Final node type: compute_cascadelake_r

============================================================
Step 6: Launch Bare Metal Server
============================================================

Launching server:
  Name: auto-server-202604282122
  Image ID: 07263122-bade-4d24-a776-46f4f1c2e26a
  Key: my-key
  Network ID: 1a03cf65-8fd6-4fce-94fd-bbaabe68a8e1
  Reservation ID: 0659ef6f-5ac8-4640-909d-ff1b4440b5e7

✓ Server creation initiated: 17ba1f9b-60a4-4388-a9a7-7ae76f44a3f9

Waiting for server to become ACTIVE...
(This may take 10-30 minutes for bare metal)
  Status: BUILD
  Status: ACTIVE

✓ Server is ACTIVE

============================================================
Step 7: Assign Floating IP
============================================================
✓ Using floating IP: 129.114.108.197
✓ Floating IP attached

============================================================
✓ Provisioning Complete!
============================================================
Provisioning Type: Bare Metal (Blazar)
Server Name: auto-server-202604282122
Server ID: 17ba1f9b-60a4-4388-a9a7-7ae76f44a3f9
Lease ID: 5d52c46c-5177-4930-bfa6-c2617cd6f93f
Reservation ID: 0659ef6f-5ac8-4640-909d-ff1b4440b5e7
Image: CC-Ubuntu22.04-CUDA
Node Type: compute_cascadelake_r
Floating IP: 129.114.108.197

SSH Connection:
  ssh ubuntu@129.114.108.197

✓ Info saved to: auto-server-202604282122_info.json
End:     2026-04-28T21:34:56Z (exit=0, duration=756s)
