Command: python 2.0/src/provision_v2.py --repo "https://github.com/NVIDIA/tao_tutorials" --site tacc
Start:   2026-04-28T17:40:41Z

============================================================
Automated Hardware Provisioning Tool v2.0
============================================================
✓ Configuration loaded
✓ AI client initialized
✓ OpenStack connection established

============================================================
Step 1: Repository Analysis
============================================================
✓ Repository cloned to: /tmp/tao_tutorials

✓ Repository requirements analysis complete:
  CPU: 8 cores
  RAM: 16 GB
  GPU: Required
  GPU Memory: 16 GB
  Disk: 100 GB
  OS: ubuntu 22.04
  CUDA: Required

============================================================
Step 2: Image Selection
============================================================
✓ Found 415 available CC-* images
✓ AI Stage 1: Selected 5 candidates
  Reasoning: The selected images meet the requirements of being based on Ubuntu 22.04 and having CUDA support, which is necessary for GPU tasks. The IDs provided correspond to images that are labeled with 'CC-Ubuntu22.04-CUDA', indicating they have the required CUDA support for GPU operations. These images are the most suitable candidates given the specified criteria.
⚠ No candidates found, using fallback selection
✓ Fallback image: CC-Ubuntu22.04-CUDA

============================================================
Step 3: SSH Key Management
============================================================
✓ Keypair exists: my-key

============================================================
Step 4: Network Configuration
============================================================
✓ Found network: sharednet1 (ID: 1a03cf65-8fd6-4fce-94fd-bbaabe68a8e1)

============================================================
Discovering Available Resources
============================================================

Discovering resources at tacc site...
✓ Found 312 hosts
✓ Discovered 19 node types (ranked by availability & fit):
    compute_cascadelake_r: 55 reservable / 56 total | fit_score: 1.0
    compute_icelake_r650: 49 reservable / 52 total | fit_score: 1.0
    compute_zen3: 32 reservable / 32 total | fit_score: 1.0
    compute_skylake: 26 reservable / 32 total | fit_score: 1.0
    compute_cascadelake: 24 reservable / 24 total | fit_score: 1.0
    compute_icelake_r750: 17 reservable / 20 total | fit_score: 1.0
    compute_haswell_ib: 17 reservable / 17 total | fit_score: 1.0
    gpu_p100: 15 reservable / 15 total | fit_score: 2.0
    storage: 13 reservable / 21 total | fit_score: 0.2
    gpu_mi100: 8 reservable / 8 total | fit_score: 2.0
    compute_arm64: 8 reservable / 8 total | fit_score: 1.0
    compute_liqid: 8 reservable / 8 total | fit_score: 1.0
    compute_gigaio: 6 reservable / 6 total | fit_score: 1.0
    gpu_p100_nvlink: 3 reservable / 4 total | fit_score: 2.0
    gpu_h100: 2 reservable / 2 total | fit_score: 2.0
    gpu_k80: 2 reservable / 2 total | fit_score: 2.0
    gpu_m40: 2 reservable / 2 total | fit_score: 2.0
    storage_hierarchy: 1 reservable / 2 total | fit_score: 0.2
    gpu_p100_v100: 1 reservable / 1 total | fit_score: 2.0
✓ Found 19 node types available

✓ AI resource selection complete
  Node type: gpu_p100
  Reasoning: The gpu_p100 node type matches the GPU requirement and has the highest reservable count (15) among GPU nodes, which maximizes the success rate for lease creation.
✓ AI selected node type: gpu_p100
  Reasoning: The gpu_p100 node type matches the GPU requirement and has the highest reservable count (15) among GPU nodes, which maximizes the success rate for lease creation.

============================================================
Step 5: Create Hardware Reservation (with fallbacks)
============================================================

→ GPU required: Tiered fallback strategy:
   Tier 1 (GPU): 7 types
   Tier 2 (Compute): 10 types
   Tier 3 (KVM/VM): 0 types
   Total: 17 attempts

[1/17] Attempting: gpu_p100 [GPU (Tier 1)] (15 reservable / 15 total)
✓ AI determined duration: 72 hours
  Reasoning: The requirements indicate a need for a high-performance environment with GPU capabilities and specific software configurations, including CUDA and Docker-related tools. These setups often involve complex installations and testing phases, especially when dealing with GPU and CUDA dependencies. A 72-hour lease provides ample time for setup, testing, and any necessary troubleshooting without the pressure of an imminent expiration, ensuring the environment is stable and meets all requirements.

Creating lease:
  Name: auto-202604281741-gpu_p100
  Node Type: gpu_p100
  Start: 2026-04-28 17:43
  End: 2026-05-01 17:43
  ✗ No capacity available for gpu_p100
  → Trying next option...

[2/17] Attempting: gpu_mi100 [GPU (Tier 1)] (8 reservable / 8 total)
✓ AI determined duration: 72 hours
  Reasoning: The requirements indicate a need for a high-performance setup with a GPU and specific software configurations, including CUDA and Docker-related tools. Such setups are often used for machine learning, data processing, or other computationally intensive tasks that can take several days to complete. Given the complexity and potential duration of tasks that require these specifications, a lease duration of 72 hours is appropriate to ensure sufficient time for setup, execution, and any necessary troubleshooting or iterations.

Creating lease:
  Name: auto-202604281741-gpu_mi100
  Node Type: gpu_mi100
  Start: 2026-04-28 17:43
  End: 2026-05-01 17:43

✓ Lease created: b53cd099-e4e7-4c5a-8017-dadeea1d1bfb

Waiting for lease to activate...
  Status: PENDING, waiting...
  Status: PENDING, waiting...
  Status: PENDING, waiting...
  Status: PENDING, waiting...
  Status: PENDING, waiting...
  Status: PENDING, waiting...
  Status: PENDING, waiting...
  Status: PENDING, waiting...
  Status: PENDING, waiting...
✓ Lease is ACTIVE
✓ Reservation ID: 22bac804-5d39-4b30-aba0-de0fc0067154
✓ SUCCESS: Lease created with gpu_mi100

✓ Final node type: gpu_mi100

============================================================
Step 6: Launch Bare Metal Server
============================================================

Launching server:
  Name: auto-server-202604281741
  Image ID: 07263122-bade-4d24-a776-46f4f1c2e26a
  Key: my-key
  Network ID: 1a03cf65-8fd6-4fce-94fd-bbaabe68a8e1
  Reservation ID: 22bac804-5d39-4b30-aba0-de0fc0067154

✓ Server creation initiated: 9d18f8e7-2dd3-4870-abd3-d419a07fb800

Waiting for server to become ACTIVE...
(This may take 10-30 minutes for bare metal)
  Status: BUILD
  Status: ACTIVE

✓ Server is ACTIVE

============================================================
Step 7: Assign Floating IP
============================================================
✓ Using floating IP: 129.114.109.140
✓ Floating IP attached

============================================================
✓ Provisioning Complete!
============================================================
Provisioning Type: Bare Metal (Blazar)
Server Name: auto-server-202604281741
Server ID: 9d18f8e7-2dd3-4870-abd3-d419a07fb800
Lease ID: b53cd099-e4e7-4c5a-8017-dadeea1d1bfb
Reservation ID: 22bac804-5d39-4b30-aba0-de0fc0067154
Image: CC-Ubuntu22.04-CUDA
Node Type: gpu_mi100
Floating IP: 129.114.109.140

SSH Connection:
  ssh ubuntu@129.114.109.140

✓ Info saved to: auto-server-202604281741_info.json
End:     2026-04-28T17:51:55Z (exit=0, duration=674s)
