Command: python 2.0/src/provision_v2.py --repo "https://github.com/SVRTK/svrtk-docker-gpu" --site tacc
Start:   2026-04-28T20:48:02Z

============================================================
Automated Hardware Provisioning Tool v2.0
============================================================
✓ Configuration loaded
✓ AI client initialized
✓ OpenStack connection established

============================================================
Step 1: Repository Analysis
============================================================
✓ Repository cloned to: /tmp/svrtk-docker-gpu

✓ Repository requirements analysis complete:
  CPU: 6 cores
  RAM: 16 GB
  GPU: Required
  GPU Memory: 12 GB
  Disk: 30 GB
  OS: ubuntu 20.04
  CUDA: Required

============================================================
Step 2: Image Selection
============================================================
✓ Found 415 available CC-* images
✓ AI Stage 1: Selected 5 candidates
  Reasoning: The requirements specify an Ubuntu 20.04 operating system with CUDA support and GPU capability. The selected images are all based on Ubuntu 20.04 and include CUDA support, which is necessary for GPU-related tasks. These images are the best fit for the given requirements.
⚠ No candidates found, using fallback selection
✓ Fallback image: CC-Ubuntu22.04-CUDA

============================================================
Step 3: SSH Key Management
============================================================
✓ Keypair exists: my-key

============================================================
Step 4: Network Configuration
============================================================
✓ Found network: sharednet1 (ID: 1a03cf65-8fd6-4fce-94fd-bbaabe68a8e1)

============================================================
Discovering Available Resources
============================================================

Discovering resources at tacc site...
✓ Found 312 hosts
✓ Discovered 19 node types (ranked by availability & fit):
    compute_cascadelake_r: 55 reservable / 56 total | fit_score: 1.0
    compute_icelake_r650: 49 reservable / 52 total | fit_score: 1.0
    compute_zen3: 32 reservable / 32 total | fit_score: 1.0
    compute_skylake: 26 reservable / 32 total | fit_score: 1.0
    compute_cascadelake: 24 reservable / 24 total | fit_score: 1.0
    compute_icelake_r750: 17 reservable / 20 total | fit_score: 1.0
    compute_haswell_ib: 17 reservable / 17 total | fit_score: 1.0
    gpu_p100: 15 reservable / 15 total | fit_score: 2.0
    storage: 13 reservable / 21 total | fit_score: 0.2
    gpu_mi100: 8 reservable / 8 total | fit_score: 2.0
    compute_arm64: 8 reservable / 8 total | fit_score: 1.0
    compute_liqid: 8 reservable / 8 total | fit_score: 1.0
    compute_gigaio: 6 reservable / 6 total | fit_score: 1.0
    gpu_p100_nvlink: 3 reservable / 4 total | fit_score: 2.0
    gpu_h100: 2 reservable / 2 total | fit_score: 2.0
    gpu_k80: 2 reservable / 2 total | fit_score: 2.0
    gpu_m40: 2 reservable / 2 total | fit_score: 2.0
    storage_hierarchy: 1 reservable / 2 total | fit_score: 0.2
    gpu_p100_v100: 1 reservable / 1 total | fit_score: 2.0
✓ Found 19 node types available

✓ AI resource selection complete
  Node type: gpu_p100
  Reasoning: The user requires a GPU with at least 12 GB of memory. Among the available GPU node types, 'gpu_p100' has the highest reservable count of 15, which maximizes the success rate for lease creation.
✓ AI selected node type: gpu_p100
  Reasoning: The user requires a GPU with at least 12 GB of memory. Among the available GPU node types, 'gpu_p100' has the highest reservable count of 15, which maximizes the success rate for lease creation.

============================================================
Step 5: Create Hardware Reservation (with fallbacks)
============================================================

→ GPU required: Tiered fallback strategy:
   Tier 1 (GPU): 7 types
   Tier 2 (Compute): 10 types
   Tier 3 (KVM/VM): 0 types
   Total: 17 attempts

[1/17] Attempting: gpu_p100 [GPU (Tier 1)] (15 reservable / 15 total)
✓ AI determined duration: 72 hours
  Reasoning: The requirements indicate a need for a GPU with CUDA support, which suggests the workload might involve machine learning or data processing tasks that can be computationally intensive and time-consuming. Additionally, the inclusion of Docker and specific CUDA version requirements implies a setup that might take time to configure and test. A 72-hour lease allows sufficient time for setup, execution, and any necessary adjustments or troubleshooting.

Creating lease:
  Name: auto-202604282048-gpu_p100
  Node Type: gpu_p100
  Start: 2026-04-28 20:50
  End: 2026-05-01 20:50
  ✗ No capacity available for gpu_p100
  → Trying next option...

[2/17] Attempting: gpu_mi100 [GPU (Tier 1)] (8 reservable / 8 total)
✓ AI determined duration: 72 hours
  Reasoning: The requirements indicate a need for a GPU with specific CUDA version, which suggests computational tasks that could involve machine learning or data processing. These tasks often require extended periods of computation, especially if large datasets or complex models are involved. Additionally, the need for Docker and WSL2 support implies a development or testing environment, which typically requires a longer lease to accommodate setup, testing, and iteration. Therefore, a 72-hour lease is appropriate to ensure sufficient time for these activities.

Creating lease:
  Name: auto-202604282048-gpu_mi100
  Node Type: gpu_mi100
  Start: 2026-04-28 20:50
  End: 2026-05-01 20:50
  ✗ No capacity available for gpu_mi100
  → Trying next option...

[3/17] Attempting: gpu_p100_nvlink [GPU (Tier 1)] (3 reservable / 4 total)
✓ AI determined duration: 48 hours
  Reasoning: The requirements indicate a need for a specialized setup involving a GPU with CUDA support, Docker, and specific OS configurations. Such setups are typically used for development, testing, or running machine learning workloads, which can take a significant amount of time to configure and execute. A 48-hour lease allows sufficient time for setup, testing, and potential iterations without frequent interruptions for lease renewal.

Creating lease:
  Name: auto-202604282048-gpu_p100_nvlink
  Node Type: gpu_p100_nvlink
  Start: 2026-04-28 20:50
  End: 2026-04-30 20:50
  ✗ No capacity available for gpu_p100_nvlink
  → Trying next option...

[4/17] Attempting: gpu_h100 [GPU (Tier 1)] (2 reservable / 2 total)
✓ AI determined duration: 48 hours
  Reasoning: The requirements include a GPU with specific memory and CUDA support, which suggests the need for computational tasks such as machine learning or data processing that may take longer to complete. Additionally, the inclusion of Docker and WSL2 indicates a potentially complex setup that might require more time for configuration and execution. Therefore, a 48-hour lease provides a reasonable buffer for setup, execution, and any troubleshooting that may arise.

Creating lease:
  Name: auto-202604282048-gpu_h100
  Node Type: gpu_h100
  Start: 2026-04-28 20:51
  End: 2026-04-30 20:51
  ✗ No capacity available for gpu_h100
  → Trying next option...

[5/17] Attempting: gpu_k80 [GPU (Tier 1)] (2 reservable / 2 total)
✓ AI determined duration: 72 hours
  Reasoning: The requirements indicate a need for a high-performance environment, including a GPU with CUDA support, which suggests computationally intensive tasks such as machine learning or data processing. These tasks often require extended processing time. Additionally, the inclusion of Docker and WSL2 suggests a development or testing environment that may need to be maintained over several days to ensure thorough testing and development cycles. Therefore, a 72-hour lease duration is recommended to accommodate these needs.

Creating lease:
  Name: auto-202604282048-gpu_k80
  Node Type: gpu_k80
  Start: 2026-04-28 20:51
  End: 2026-05-01 20:51
  ✗ No capacity available for gpu_k80
  → Trying next option...

[6/17] Attempting: gpu_m40 [GPU (Tier 1)] (2 reservable / 2 total)
✓ AI determined duration: 48 hours
  Reasoning: The requirements include a high-performance setup with a GPU and CUDA, which suggests that the tasks might involve intensive computations such as machine learning or data processing. These tasks often require more time to complete. Additionally, the need for Docker and WSL2 indicates a complex development or testing environment that might take longer to set up and utilize effectively. Therefore, a lease duration of 48 hours is recommended to ensure sufficient time for both setup and execution of tasks.

Creating lease:
  Name: auto-202604282048-gpu_m40
  Node Type: gpu_m40
  Start: 2026-04-28 20:51
  End: 2026-04-30 20:51
  ✗ No capacity available for gpu_m40
  → Trying next option...

[7/17] Attempting: gpu_p100_v100 [GPU (Tier 1)] (1 reservable / 1 total)
✓ AI determined duration: 48 hours
  Reasoning: The requirements specify the need for a GPU with CUDA support, which indicates computational tasks such as machine learning or data processing that may take longer to complete. Additionally, the inclusion of Docker and WSL2 suggests a complex setup that might require more time for configuration and execution. A 48-hour lease provides ample time for setup, execution, and any necessary troubleshooting or iterations.

Creating lease:
  Name: auto-202604282048-gpu_p100_v100
  Node Type: gpu_p100_v100
  Start: 2026-04-28 20:51
  End: 2026-04-30 20:51
  ✗ No capacity available for gpu_p100_v100
  → Trying next option...

→ Switching to: Compute (Tier 2 - degraded)

[8/17] Attempting: compute_cascadelake_r [Compute (Tier 2 - degraded)] (55 reservable / 56 total)
✓ AI determined duration: 72 hours
  Reasoning: The requirements indicate a need for a specialized setup involving a GPU with CUDA support, Docker, and potentially WSL2 for Windows users. These requirements suggest a development or testing environment for machine learning or data science applications, which typically require more time for setup, testing, and iteration. A 72-hour lease provides sufficient time for these activities without frequent interruptions.

Creating lease:
  Name: auto-202604282048-compute_cascadelake_r
  Node Type: compute_cascadelake_r
  Start: 2026-04-28 20:51
  End: 2026-05-01 20:51

✓ Lease created: 6436b1c0-819b-4972-b282-949fefed0388

Waiting for lease to activate...
  Status: PENDING, waiting...
  Status: PENDING, waiting...
  Status: PENDING, waiting...
  Status: PENDING, waiting...
  Status: PENDING, waiting...
  Status: PENDING, waiting...
✓ Lease is ACTIVE
✓ Reservation ID: 5b81d63f-8ba1-4f2f-9282-ad2d4e4d310f
✓ SUCCESS: Lease created with compute_cascadelake_r

✓ Final node type: compute_cascadelake_r

============================================================
Step 6: Launch Bare Metal Server
============================================================

Launching server:
  Name: auto-server-202604282048
  Image ID: 07263122-bade-4d24-a776-46f4f1c2e26a
  Key: my-key
  Network ID: 1a03cf65-8fd6-4fce-94fd-bbaabe68a8e1
  Reservation ID: 5b81d63f-8ba1-4f2f-9282-ad2d4e4d310f

✓ Server creation initiated: 69465c92-99f0-46ab-8a37-5b97a0b35bbb

Waiting for server to become ACTIVE...
(This may take 10-30 minutes for bare metal)
  Status: BUILD
  Status: ACTIVE

✓ Server is ACTIVE

============================================================
Step 7: Assign Floating IP
============================================================
✓ Using floating IP: 129.114.109.174
✓ Floating IP attached

============================================================
✓ Provisioning Complete!
============================================================
Provisioning Type: Bare Metal (Blazar)
Server Name: auto-server-202604282048
Server ID: 69465c92-99f0-46ab-8a37-5b97a0b35bbb
Lease ID: 6436b1c0-819b-4972-b282-949fefed0388
Reservation ID: 5b81d63f-8ba1-4f2f-9282-ad2d4e4d310f
Image: CC-Ubuntu22.04-CUDA
Node Type: compute_cascadelake_r
Floating IP: 129.114.109.174

SSH Connection:
  ssh ubuntu@129.114.109.174

✓ Info saved to: auto-server-202604282048_info.json
End:     2026-04-28T20:59:57Z (exit=0, duration=715s)
