Command: python 2.0/src/provision_v2.py --repo "https://github.com/snel-repo/Kilosort4" --site tacc
Start:   2026-03-11T21:47:28Z

============================================================
Automated Hardware Provisioning Tool v2.0
============================================================
✓ Configuration loaded
✓ AI client initialized
✓ OpenStack connection established

============================================================
Step 1: Repository Analysis
============================================================
✓ Repository cloned to: /tmp/Kilosort4

✓ Repository requirements analysis complete:
  CPU: 4 cores
  RAM: 8 GB
  GPU: Required
  GPU Memory: 8 GB
  Disk: None GB
  OS: ubuntu 20.04
  CUDA: Required

============================================================
Step 2: Image Selection
============================================================
✓ Found 407 available CC-* images
✓ AI Stage 1: Selected 5 candidates
  Reasoning: The requirements specify an Ubuntu 20.04 operating system with CUDA support. The images selected are all based on Ubuntu 20.04 and have CUDA support, which meets the specified requirements. These images are: CC-Ubuntu20.04-CUDA (ID: 91d8e584-bc97-4e81-a1e5-cf858ac3afd7), CC-Ubuntu20.04-CUDA11 (ID: a5ed16a4-16fb-4b63-8e62-ad5989bec58a), CC-Ubuntu20.04-CUDA-20241101 (ID: a8fddebf-0e01-47f1-ae35-cc7b1dd99ccc), CC-Ubuntu20.04-CUDA-20241028 (ID: 714e046e-2d0a-4306-b1e3-2a0a99eb4d36), and CC-Ubuntu20.04-CUDA-20241022 (ID: 5b9fcdd3-739b-4f83-9c9f-fc03c4926120). These images are suitable for GPU-related tasks due to their CUDA support.
⚠ No candidates found, using fallback selection
✓ Fallback image: CC-Ubuntu22.04-CUDA

============================================================
Step 3: SSH Key Management
============================================================
✓ Keypair exists: my-key

============================================================
Step 4: Network Configuration
============================================================
✓ Found network: sharednet1 (ID: 1a03cf65-8fd6-4fce-94fd-bbaabe68a8e1)

============================================================
Discovering Available Resources
============================================================

Discovering resources at tacc site...
✓ Found 312 hosts
✓ Discovered 19 node types (ranked by availability & fit):
    compute_cascadelake_r: 56 reservable / 56 total | fit_score: 1.0
    compute_icelake_r650: 50 reservable / 52 total | fit_score: 1.0
    compute_zen3: 32 reservable / 32 total | fit_score: 1.0
    compute_skylake: 28 reservable / 32 total | fit_score: 1.0
    compute_cascadelake: 24 reservable / 24 total | fit_score: 1.0
    compute_icelake_r750: 18 reservable / 20 total | fit_score: 1.0
    compute_haswell_ib: 17 reservable / 17 total | fit_score: 1.0
    gpu_p100: 15 reservable / 15 total | fit_score: 2.0
    storage: 13 reservable / 21 total | fit_score: 0.2
    gpu_mi100: 8 reservable / 8 total | fit_score: 2.0
    compute_arm64: 8 reservable / 8 total | fit_score: 1.0
    compute_liqid: 8 reservable / 8 total | fit_score: 1.0
    compute_gigaio: 6 reservable / 6 total | fit_score: 1.0
    gpu_p100_nvlink: 4 reservable / 4 total | fit_score: 2.0
    gpu_h100: 2 reservable / 2 total | fit_score: 2.0
    gpu_k80: 2 reservable / 2 total | fit_score: 2.0
    gpu_m40: 2 reservable / 2 total | fit_score: 2.0
    storage_hierarchy: 2 reservable / 2 total | fit_score: 0.2
    gpu_p100_v100: 1 reservable / 1 total | fit_score: 2.0
✓ Found 19 node types available

✓ AI resource selection complete
  Node type: gpu_p100
  Reasoning: The gpu_p100 node type matches the user's requirement for a GPU with 8 GB memory. It has the highest reservable count (15) among the GPU options, ensuring higher availability and a greater chance of successful lease creation.
✓ AI selected node type: gpu_p100
  Reasoning: The gpu_p100 node type matches the user's requirement for a GPU with 8 GB memory. It has the highest reservable count (15) among the GPU options, ensuring higher availability and a greater chance of successful lease creation.

============================================================
Step 5: Create Hardware Reservation (with fallbacks)
============================================================

→ GPU required: Tiered fallback strategy:
   Tier 1 (GPU): 7 types
   Tier 2 (Compute): 10 types
   Tier 3 (KVM/VM): 0 types
   Total: 17 attempts

[1/17] Attempting: gpu_p100 [GPU (Tier 1)] (15 reservable / 15 total)
✓ AI determined duration: 48 hours
  Reasoning: The requirements indicate a need for a GPU with specific CUDA support and PyTorch, which suggests a machine learning or deep learning workload. Such tasks often require significant time for model training and experimentation. Additionally, setting up the environment with Anaconda and ensuring compatibility with CUDA 11.8 may take additional time. Therefore, a 48-hour lease is recommended to accommodate these needs.

Creating lease:
  Name: auto-202603112147-gpu_p100
  Node Type: gpu_p100
  Start: 2026-03-11 21:49
  End: 2026-03-13 21:49
  ✗ No capacity available for gpu_p100
  → Trying next option...

[2/17] Attempting: gpu_mi100 [GPU (Tier 1)] (8 reservable / 8 total)
✓ AI determined duration: 72 hours
  Reasoning: The requirements indicate a need for a specialized setup involving a GPU with CUDA support, PyTorch, and Anaconda. Such setups are typically used for machine learning or deep learning tasks, which can be computationally intensive and time-consuming. A 72-hour lease provides ample time for setting up the environment, running experiments, and making any necessary adjustments or troubleshooting, especially if the user is iterating on models or experiments.

Creating lease:
  Name: auto-202603112147-gpu_mi100
  Node Type: gpu_mi100
  Start: 2026-03-11 21:50
  End: 2026-03-14 21:50
  ✗ No capacity available for gpu_mi100
  → Trying next option...

[3/17] Attempting: gpu_p100_nvlink [GPU (Tier 1)] (4 reservable / 4 total)
✓ AI determined duration: 48 hours
  Reasoning: The requirements indicate the need for a GPU with CUDA support, specifically for tasks involving PyTorch and potentially machine learning or deep learning workloads. These tasks often require significant computational resources and time to complete, especially if training models or running extensive experiments. A 48-hour lease provides ample time to accommodate such workloads, including setup and potential troubleshooting, while ensuring that the resources are not tied up unnecessarily long.

Creating lease:
  Name: auto-202603112147-gpu_p100_nvlink
  Node Type: gpu_p100_nvlink
  Start: 2026-03-11 21:50
  End: 2026-03-13 21:50
  ✗ No capacity available for gpu_p100_nvlink
  → Trying next option...

[4/17] Attempting: gpu_h100 [GPU (Tier 1)] (2 reservable / 2 total)
✓ AI determined duration: 72 hours
  Reasoning: The requirements indicate a need for a GPU with specific CUDA support and a setup involving PyTorch and Anaconda, which suggests a machine learning or deep learning task. Such tasks often involve extensive training periods, especially if experimenting with different models or datasets. A 72-hour lease provides ample time for setup, experimentation, and potential retraining without frequent interruptions.

Creating lease:
  Name: auto-202603112147-gpu_h100
  Node Type: gpu_h100
  Start: 2026-03-11 21:50
  End: 2026-03-14 21:50
  ✗ No capacity available for gpu_h100
  → Trying next option...

[5/17] Attempting: gpu_k80 [GPU (Tier 1)] (2 reservable / 2 total)
✓ AI determined duration: 72 hours
  Reasoning: The requirements indicate a need for a specialized setup involving GPU resources, CUDA support, and specific software installations such as PyTorch and Anaconda. These tasks often involve significant setup time and testing, especially if the environment needs to be configured and verified for compatibility with CUDA 11.8 and the specific Python version. Additionally, the use of a GPU suggests computationally intensive tasks, which could require extended processing time. Therefore, a lease duration of 72 hours is recommended to ensure sufficient time for setup, execution, and any necessary troubleshooting.

Creating lease:
  Name: auto-202603112147-gpu_k80
  Node Type: gpu_k80
  Start: 2026-03-11 21:50
  End: 2026-03-14 21:50

✓ Lease created: 4fea34d5-b67c-4336-b5ff-83952d8a7ac2

Waiting for lease to activate...
  Status: PENDING, waiting...
  Status: PENDING, waiting...
  Status: PENDING, waiting...
  Status: PENDING, waiting...
  Status: PENDING, waiting...
  Status: PENDING, waiting...
  Status: PENDING, waiting...
  Status: PENDING, waiting...
  Status: PENDING, waiting...
  Status: PENDING, waiting...
✓ Lease is ACTIVE
✓ Reservation ID: 7cc8534a-4060-40e7-9acf-d80709b9c8a8
✓ SUCCESS: Lease created with gpu_k80

✓ Final node type: gpu_k80

============================================================
Step 6: Launch Bare Metal Server
============================================================

Launching server:
  Name: auto-server-202603112147
  Image ID: c82b931e-4cf8-4366-9878-1ae941f24348
  Key: my-key
  Network ID: 1a03cf65-8fd6-4fce-94fd-bbaabe68a8e1
  Reservation ID: 7cc8534a-4060-40e7-9acf-d80709b9c8a8

✓ Server creation initiated: f71c1914-1138-46f7-9399-2301886e0916

Waiting for server to become ACTIVE...
(This may take 10-30 minutes for bare metal)
  Status: BUILD
  Status: ACTIVE

✓ Server is ACTIVE

============================================================
Step 7: Assign Floating IP
============================================================
Creating new floating IP...
✓ Using floating IP: 129.114.108.212
✓ Floating IP attached

============================================================
✓ Provisioning Complete!
============================================================
Provisioning Type: Bare Metal (Blazar)
Server Name: auto-server-202603112147
Server ID: f71c1914-1138-46f7-9399-2301886e0916
Lease ID: 4fea34d5-b67c-4336-b5ff-83952d8a7ac2
Reservation ID: 7cc8534a-4060-40e7-9acf-d80709b9c8a8
Image: CC-Ubuntu22.04-CUDA
Node Type: gpu_k80
Floating IP: 129.114.108.212

SSH Connection:
  ssh ubuntu@129.114.108.212

✓ Info saved to: auto-server-202603112147_info.json
End:     2026-03-11T22:01:32Z (exit=0, duration=844s)
