Command: python 2.0/src/provision_v2.py --repo "https://github.com/nyu-systems/CLM-GS" --site tacc
Start:   2026-04-28T19:55:05Z

============================================================
Automated Hardware Provisioning Tool v2.0
============================================================
✓ Configuration loaded
✓ AI client initialized
✓ OpenStack connection established

============================================================
Step 1: Repository Analysis
============================================================
✓ Repository cloned to: /tmp/CLM-GS

✓ Repository requirements analysis complete:
  CPU: 8 cores
  RAM: 128 GB
  GPU: Required
  GPU Memory: 24 GB
  Disk: 500 GB
  OS: ubuntu 20.04
  CUDA: Required

============================================================
Step 2: Image Selection
============================================================
✓ Found 415 available CC-* images
✓ AI Stage 1: Selected 5 candidates
  Reasoning: The selected images are all Ubuntu 20.04 with CUDA support, which matches the requirement for the OS type and version, as well as the need for CUDA support for GPU operations. These images are the only ones listed that meet all the specified criteria.
⚠ No candidates found, using fallback selection
✓ Fallback image: CC-Ubuntu22.04-CUDA

============================================================
Step 3: SSH Key Management
============================================================
✓ Keypair exists: my-key

============================================================
Step 4: Network Configuration
============================================================
✓ Found network: sharednet1 (ID: 1a03cf65-8fd6-4fce-94fd-bbaabe68a8e1)

============================================================
Discovering Available Resources
============================================================

Discovering resources at tacc site...
✓ Found 312 hosts
✓ Discovered 19 node types (ranked by availability & fit):
    compute_cascadelake_r: 55 reservable / 56 total | fit_score: 1.0
    compute_icelake_r650: 49 reservable / 52 total | fit_score: 1.0
    compute_zen3: 32 reservable / 32 total | fit_score: 1.0
    compute_skylake: 26 reservable / 32 total | fit_score: 1.0
    compute_cascadelake: 24 reservable / 24 total | fit_score: 1.0
    compute_icelake_r750: 17 reservable / 20 total | fit_score: 1.0
    compute_haswell_ib: 17 reservable / 17 total | fit_score: 1.0
    gpu_p100: 15 reservable / 15 total | fit_score: 2.0
    storage: 13 reservable / 21 total | fit_score: 0.2
    gpu_mi100: 8 reservable / 8 total | fit_score: 2.0
    compute_arm64: 8 reservable / 8 total | fit_score: 1.0
    compute_liqid: 8 reservable / 8 total | fit_score: 1.0
    compute_gigaio: 6 reservable / 6 total | fit_score: 1.0
    gpu_p100_nvlink: 3 reservable / 4 total | fit_score: 2.0
    gpu_h100: 2 reservable / 2 total | fit_score: 2.0
    gpu_k80: 2 reservable / 2 total | fit_score: 2.0
    gpu_m40: 2 reservable / 2 total | fit_score: 2.0
    storage_hierarchy: 1 reservable / 2 total | fit_score: 0.2
    gpu_p100_v100: 1 reservable / 1 total | fit_score: 2.0
✓ Found 19 node types available

✓ AI resource selection complete
  Node type: gpu_p100
  Reasoning: The gpu_p100 node type has the highest reservable count among GPU nodes that meet the user's requirements for GPU memory (24 GB). It has 15 reservable nodes, which maximizes the success rate for lease creation.
✓ AI selected node type: gpu_p100
  Reasoning: The gpu_p100 node type has the highest reservable count among GPU nodes that meet the user's requirements for GPU memory (24 GB). It has 15 reservable nodes, which maximizes the success rate for lease creation.

============================================================
Step 5: Create Hardware Reservation (with fallbacks)
============================================================

→ GPU required: Tiered fallback strategy:
   Tier 1 (GPU): 7 types
   Tier 2 (Compute): 10 types
   Tier 3 (KVM/VM): 0 types
   Total: 17 attempts

[1/17] Attempting: gpu_p100 [GPU (Tier 1)] (15 reservable / 15 total)
✓ AI determined duration: 72 hours
  Reasoning: The requirements suggest a high-performance computing task, likely involving machine learning or data processing, given the need for a powerful GPU, large RAM, and specific software environments. Such tasks typically require extended periods for setup, data processing, and model training. A 72-hour lease allows sufficient time for these activities, including any troubleshooting or adjustments needed.

Creating lease:
  Name: auto-202604281955-gpu_p100
  Node Type: gpu_p100
  Start: 2026-04-28 19:57
  End: 2026-05-01 19:57
  ✗ No capacity available for gpu_p100
  → Trying next option...

[2/17] Attempting: gpu_mi100 [GPU (Tier 1)] (8 reservable / 8 total)
✓ AI determined duration: 72 hours
  Reasoning: The requirements suggest a high-performance computing task, likely involving machine learning or computer vision given the need for a GPU with 24GB memory, CUDA, and PyTorch. The inclusion of COLMAP-formatted datasets indicates potential 3D reconstruction or similar tasks, which can be computationally intensive and time-consuming. A 72-hour lease provides ample time for setup, execution, and any necessary troubleshooting or adjustments.

Creating lease:
  Name: auto-202604281955-gpu_mi100
  Node Type: gpu_mi100
  Start: 2026-04-28 19:57
  End: 2026-05-01 19:57
  ✗ No capacity available for gpu_mi100
  → Trying next option...

[3/17] Attempting: gpu_p100_nvlink [GPU (Tier 1)] (3 reservable / 4 total)
✓ AI determined duration: 72 hours
  Reasoning: The requirements suggest a high-performance computing task, likely involving machine learning or computer vision workloads due to the need for a GPU with substantial memory, CUDA, and PyTorch. The inclusion of COLMAP-formatted datasets indicates potential 3D reconstruction tasks, which can be computationally intensive and time-consuming. A 72-hour lease provides sufficient time for setup, execution, and any necessary iterations or troubleshooting, especially given the complexity of setting up a Conda environment with specific package versions.

Creating lease:
  Name: auto-202604281955-gpu_p100_nvlink
  Node Type: gpu_p100_nvlink
  Start: 2026-04-28 19:57
  End: 2026-05-01 19:57
  ✗ No capacity available for gpu_p100_nvlink
  → Trying next option...

[4/17] Attempting: gpu_h100 [GPU (Tier 1)] (2 reservable / 2 total)
✓ AI determined duration: 72 hours
  Reasoning: The requirements indicate a need for significant computational resources, including a high amount of RAM, a powerful GPU with substantial memory, and specific software configurations such as CUDA, Conda environment, and PyTorch. These suggest the execution of complex machine learning or data processing tasks, which often require extended periods to complete, especially if involving large datasets or extensive model training. A 72-hour lease provides ample time for setup, execution, and any necessary troubleshooting or iterations.

Creating lease:
  Name: auto-202604281955-gpu_h100
  Node Type: gpu_h100
  Start: 2026-04-28 19:58
  End: 2026-05-01 19:58
  ✗ No capacity available for gpu_h100
  → Trying next option...

[5/17] Attempting: gpu_k80 [GPU (Tier 1)] (2 reservable / 2 total)
✓ AI determined duration: 72 hours
  Reasoning: The requirements suggest a high-performance computing task likely related to machine learning or computer vision, given the need for a powerful GPU with 24 GB memory, CUDA support, and PyTorch. These tasks often involve training models or processing large datasets, which can take several days. A 72-hour lease provides sufficient time for setup, execution, and any necessary troubleshooting or iterations.

Creating lease:
  Name: auto-202604281955-gpu_k80
  Node Type: gpu_k80
  Start: 2026-04-28 19:58
  End: 2026-05-01 19:58
  ✗ No capacity available for gpu_k80
  → Trying next option...

[6/17] Attempting: gpu_m40 [GPU (Tier 1)] (2 reservable / 2 total)
✓ AI determined duration: 72 hours
  Reasoning: The requirements indicate a high-performance setup with a GPU and specific software needs, suggesting a resource-intensive task such as machine learning or 3D reconstruction. These tasks often require extended processing time, especially if large datasets are involved, which is likely given the mention of COLMAP-formatted datasets. A 72-hour lease provides ample time for setup, execution, and any necessary troubleshooting or iterations.

Creating lease:
  Name: auto-202604281955-gpu_m40
  Node Type: gpu_m40
  Start: 2026-04-28 19:58
  End: 2026-05-01 19:58

✓ Lease created: 16cf5d27-aa6f-4f9a-a701-cfb092e5f19b

Waiting for lease to activate...
  Status: PENDING, waiting...
  Status: PENDING, waiting...
  Status: PENDING, waiting...
  Status: PENDING, waiting...
  Status: PENDING, waiting...
  Status: PENDING, waiting...
  Status: PENDING, waiting...
  Status: PENDING, waiting...
  Status: PENDING, waiting...
✓ Lease is ACTIVE
✓ Reservation ID: 02deb78e-f121-4d16-87dd-bca142ee7a64
✓ SUCCESS: Lease created with gpu_m40

✓ Final node type: gpu_m40

============================================================
Step 6: Launch Bare Metal Server
============================================================

Launching server:
  Name: auto-server-202604281955
  Image ID: 07263122-bade-4d24-a776-46f4f1c2e26a
  Key: my-key
  Network ID: 1a03cf65-8fd6-4fce-94fd-bbaabe68a8e1
  Reservation ID: 02deb78e-f121-4d16-87dd-bca142ee7a64

✓ Server creation initiated: 17b38bcd-b1ee-44b5-a60b-9f4073b8ea2c

Waiting for server to become ACTIVE...
(This may take 10-30 minutes for bare metal)
  Status: BUILD
  Status: ACTIVE

✓ Server is ACTIVE

============================================================
Step 7: Assign Floating IP
============================================================
✓ Using floating IP: 129.114.108.117
✓ Floating IP attached

============================================================
✓ Provisioning Complete!
============================================================
Provisioning Type: Bare Metal (Blazar)
Server Name: auto-server-202604281955
Server ID: 17b38bcd-b1ee-44b5-a60b-9f4073b8ea2c
Lease ID: 16cf5d27-aa6f-4f9a-a701-cfb092e5f19b
Reservation ID: 02deb78e-f121-4d16-87dd-bca142ee7a64
Image: CC-Ubuntu22.04-CUDA
Node Type: gpu_m40
Floating IP: 129.114.108.117

SSH Connection:
  ssh ubuntu@129.114.108.117

✓ Info saved to: auto-server-202604281955_info.json
End:     2026-04-28T20:08:58Z (exit=0, duration=833s)
