Command: python 2.0/src/provision_v2.py --repo "https://github.com/TIO-IKIM/CellViT-plus-plus" --site tacc
Start:   2026-04-25T02:44:51Z

============================================================
Automated Hardware Provisioning Tool v2.0
============================================================
✓ Configuration loaded
✓ AI client initialized
✓ OpenStack connection established

============================================================
Step 1: Repository Analysis
============================================================
✓ Repository cloned to: /tmp/CellViT-plus-plus

✓ Repository requirements analysis complete:
  CPU: 16 cores
  RAM: 32 GB
  GPU: Required
  GPU Memory: 24 GB
  Disk: 30 GB
  OS: ubuntu None
  CUDA: Required

============================================================
Step 2: Image Selection
============================================================
✓ Found 415 available CC-* images
✓ AI Stage 1: Selected 5 candidates
  Reasoning: The requirements specify an Ubuntu OS with CUDA support, which is necessary for GPU-based computations. The selected images are Ubuntu-based and have CUDA support, meeting both the OS type and CUDA requirements. The images chosen include different versions of Ubuntu (20.04, 22.04, and 24.04) to provide flexibility in terms of OS version, as no specific version was required. Additionally, these images are recent, ensuring better support and compatibility with modern hardware and software.
⚠ No candidates found, using fallback selection
✓ Fallback image: CC-Ubuntu22.04-CUDA

============================================================
Step 3: SSH Key Management
============================================================
✓ Keypair exists: my-key

============================================================
Step 4: Network Configuration
============================================================
✓ Found network: sharednet1 (ID: 1a03cf65-8fd6-4fce-94fd-bbaabe68a8e1)

============================================================
Discovering Available Resources
============================================================

Discovering resources at tacc site...
✓ Found 312 hosts
✓ Discovered 19 node types (ranked by availability & fit):
    compute_cascadelake_r: 55 reservable / 56 total | fit_score: 1.0
    compute_icelake_r650: 49 reservable / 52 total | fit_score: 1.0
    compute_zen3: 32 reservable / 32 total | fit_score: 1.0
    compute_skylake: 26 reservable / 32 total | fit_score: 1.0
    compute_cascadelake: 24 reservable / 24 total | fit_score: 1.0
    compute_icelake_r750: 17 reservable / 20 total | fit_score: 1.0
    compute_haswell_ib: 17 reservable / 17 total | fit_score: 1.0
    gpu_p100: 15 reservable / 15 total | fit_score: 2.0
    storage: 13 reservable / 21 total | fit_score: 0.2
    gpu_mi100: 8 reservable / 8 total | fit_score: 2.0
    compute_arm64: 8 reservable / 8 total | fit_score: 1.0
    compute_liqid: 8 reservable / 8 total | fit_score: 1.0
    compute_gigaio: 6 reservable / 6 total | fit_score: 1.0
    gpu_p100_nvlink: 3 reservable / 4 total | fit_score: 2.0
    gpu_h100: 2 reservable / 2 total | fit_score: 2.0
    gpu_k80: 2 reservable / 2 total | fit_score: 2.0
    gpu_m40: 2 reservable / 2 total | fit_score: 2.0
    storage_hierarchy: 1 reservable / 2 total | fit_score: 0.2
    gpu_p100_v100: 1 reservable / 1 total | fit_score: 2.0
✓ Found 19 node types available

✓ AI resource selection complete
  Node type: gpu_p100
  Reasoning: The gpu_p100 node type matches the user's GPU requirement and has the highest reservable count among GPU nodes, with 15 reservable units. This ensures a higher success rate for lease creation compared to other GPU options.
✓ AI selected node type: gpu_p100
  Reasoning: The gpu_p100 node type matches the user's GPU requirement and has the highest reservable count among GPU nodes, with 15 reservable units. This ensures a higher success rate for lease creation compared to other GPU options.

============================================================
Step 5: Create Hardware Reservation (with fallbacks)
============================================================

→ GPU required: Tiered fallback strategy:
   Tier 1 (GPU): 7 types
   Tier 2 (Compute): 10 types
   Tier 3 (KVM/VM): 0 types
   Total: 17 attempts

[1/17] Attempting: gpu_p100 [GPU (Tier 1)] (15 reservable / 15 total)
✓ AI determined duration: 72 hours
  Reasoning: The requirements indicate a high-performance setup with GPU and CUDA support, which suggests computationally intensive tasks. The inclusion of Docker, Conda, and specific library installations like PyTorch and Ray indicates a complex environment setup that may require additional time for configuration and testing. Given these factors, a lease duration of 72 hours is recommended to ensure sufficient time for setup, execution, and any necessary troubleshooting or adjustments.

Creating lease:
  Name: auto-202604250245-gpu_p100
  Node Type: gpu_p100
  Start: 2026-04-25 02:47
  End: 2026-04-28 02:47
  ✗ No capacity available for gpu_p100
  → Trying next option...

[2/17] Attempting: gpu_mi100 [GPU (Tier 1)] (8 reservable / 8 total)
✓ AI determined duration: 72 hours
  Reasoning: The requirements indicate a need for a high-performance setup with a GPU, CUDA support, and specific software installations, including Docker, Conda, PyTorch, and Ray. These tasks suggest a complex setup and potentially long-running computations or experiments, which are common in machine learning and data processing tasks. A 72-hour lease provides sufficient time for setup, testing, and execution of tasks without frequent interruptions.

Creating lease:
  Name: auto-202604250245-gpu_mi100
  Node Type: gpu_mi100
  Start: 2026-04-25 02:47
  End: 2026-04-28 02:47
  ✗ No capacity available for gpu_mi100
  → Trying next option...

[3/17] Attempting: gpu_p100_nvlink [GPU (Tier 1)] (3 reservable / 4 total)
✓ AI determined duration: 72 hours
  Reasoning: The requirements indicate a need for a high-performance environment with GPU support, CUDA, and specific software installations such as Docker, Conda, PyTorch, and Ray. These tasks, especially setting up and testing a complex environment with parallel processing capabilities, can be time-consuming. Additionally, the need for GPU and CUDA suggests potential machine learning or data processing tasks, which may require extended runtime for training or computation. Therefore, a lease duration of 72 hours is recommended to ensure sufficient time for setup, testing, and execution of tasks.

Creating lease:
  Name: auto-202604250245-gpu_p100_nvlink
  Node Type: gpu_p100_nvlink
  Start: 2026-04-25 02:47
  End: 2026-04-28 02:47
  ✗ No capacity available for gpu_p100_nvlink
  → Trying next option...

[4/17] Attempting: gpu_h100 [GPU (Tier 1)] (2 reservable / 2 total)
✓ AI determined duration: 48 hours
  Reasoning: The requirements indicate a need for a high-performance setup with GPU capabilities, CUDA support, and specific software installations like Docker, Conda, PyTorch, and Ray. These installations and configurations can be time-consuming. Additionally, testing and running workloads with parallel processing using Ray may require additional time. Therefore, a lease duration of 48 hours is recommended to ensure sufficient time for setup, testing, and execution of tasks.

Creating lease:
  Name: auto-202604250245-gpu_h100
  Node Type: gpu_h100
  Start: 2026-04-25 02:48
  End: 2026-04-27 02:48
  ✗ No capacity available for gpu_h100
  → Trying next option...

[5/17] Attempting: gpu_k80 [GPU (Tier 1)] (2 reservable / 2 total)
✓ AI determined duration: 72 hours
  Reasoning: The requirements indicate a need for a high-performance computing environment with GPU support, CUDA, and specific software installations like PyTorch and Ray for parallel processing. Setting up and configuring such an environment, especially with Docker and Conda, can be time-consuming. Additionally, testing and running the intended workloads might require extended time. Therefore, a lease duration of 72 hours is appropriate to ensure sufficient time for setup, testing, and execution of tasks.

Creating lease:
  Name: auto-202604250245-gpu_k80
  Node Type: gpu_k80
  Start: 2026-04-25 02:48
  End: 2026-04-28 02:48
  ✗ No capacity available for gpu_k80
  → Trying next option...

[6/17] Attempting: gpu_m40 [GPU (Tier 1)] (2 reservable / 2 total)
✓ AI determined duration: 72 hours
  Reasoning: The requirements indicate a need for a high-performance computing environment with GPU support, CUDA, and specific software installations like PyTorch and Ray for parallel processing. Setting up and testing such an environment can be complex and time-consuming, especially with the need for Docker and Conda environments. A 72-hour lease provides sufficient time for setup, testing, and any necessary adjustments or troubleshooting.

Creating lease:
  Name: auto-202604250245-gpu_m40
  Node Type: gpu_m40
  Start: 2026-04-25 02:48
  End: 2026-04-28 02:48

✓ Lease created: 93541fbe-906b-4f1d-8220-bfe048fe0441

Waiting for lease to activate...
  Status: PENDING, waiting...
  Status: PENDING, waiting...
  Status: PENDING, waiting...
  Status: PENDING, waiting...
  Status: PENDING, waiting...
  Status: PENDING, waiting...
  Status: PENDING, waiting...
✓ Lease is ACTIVE
✓ Reservation ID: ecd4c406-86ce-4800-a9a0-9f7aa5b90762
✓ SUCCESS: Lease created with gpu_m40

✓ Final node type: gpu_m40

============================================================
Step 6: Launch Bare Metal Server
============================================================

Launching server:
  Name: auto-server-202604250245
  Image ID: 07263122-bade-4d24-a776-46f4f1c2e26a
  Key: my-key
  Network ID: 1a03cf65-8fd6-4fce-94fd-bbaabe68a8e1
  Reservation ID: ecd4c406-86ce-4800-a9a0-9f7aa5b90762

✓ Server creation initiated: 907d207a-9256-4b58-ad7d-28b59e6d559a

Waiting for server to become ACTIVE...
(This may take 10-30 minutes for bare metal)
  Status: BUILD
  Status: ACTIVE

✓ Server is ACTIVE

============================================================
Step 7: Assign Floating IP
============================================================
✓ Using floating IP: 129.114.109.42
✓ Floating IP attached

============================================================
✓ Provisioning Complete!
============================================================
Provisioning Type: Bare Metal (Blazar)
Server Name: auto-server-202604250245
Server ID: 907d207a-9256-4b58-ad7d-28b59e6d559a
Lease ID: 93541fbe-906b-4f1d-8220-bfe048fe0441
Reservation ID: ecd4c406-86ce-4800-a9a0-9f7aa5b90762
Image: CC-Ubuntu22.04-CUDA
Node Type: gpu_m40
Floating IP: 129.114.109.42

SSH Connection:
  ssh ubuntu@129.114.109.42

✓ Info saved to: auto-server-202604250245_info.json
End:     2026-04-25T02:58:51Z (exit=0, duration=840s)
