Command: python 2.0/src/provision_v2.py --repo "https://github.com/NVIDIA-AI-Blueprints/pdf-to-podcast" --site tacc
Start:   2026-04-25T04:25:37Z

============================================================
Automated Hardware Provisioning Tool v2.0
============================================================
✓ Configuration loaded
✓ AI client initialized
✓ OpenStack connection established

============================================================
Step 1: Repository Analysis
============================================================
✓ Repository cloned to: /tmp/pdf-to-podcast

✓ Repository requirements analysis complete:
  CPU: 8 cores
  RAM: 64 GB
  GPU: Required
  GPU Memory: None GB
  Disk: 100 GB
  OS: ubuntu 20.04 or 22.04
  CUDA: Required

============================================================
Step 2: Image Selection
============================================================
✓ Found 415 available CC-* images
✓ AI Stage 1: Selected 5 candidates
  Reasoning: The selected images match the requirements of having an Ubuntu OS with versions 20.04 or 22.04, and they include CUDA support which is necessary for GPU utilization. The images chosen are: 'CC-Ubuntu20.04-CUDA', 'CC-Ubuntu22.04-CUDA', 'CC-Ubuntu20.04-CUDA11', 'CC-Ubuntu22.04-CUDA_2025-07-28', and 'CC-Ubuntu22.04-CUDA_2025-05-05'. These images are the most recent and relevant based on the specified criteria.
⚠ No candidates found, using fallback selection
✓ Fallback image: CC-Ubuntu22.04-CUDA

============================================================
Step 3: SSH Key Management
============================================================
✓ Keypair exists: my-key

============================================================
Step 4: Network Configuration
============================================================
✓ Found network: sharednet1 (ID: 1a03cf65-8fd6-4fce-94fd-bbaabe68a8e1)

============================================================
Discovering Available Resources
============================================================

Discovering resources at tacc site...
✓ Found 312 hosts
✓ Discovered 19 node types (ranked by availability & fit):
    compute_cascadelake_r: 55 reservable / 56 total | fit_score: 1.0
    compute_icelake_r650: 49 reservable / 52 total | fit_score: 1.0
    compute_zen3: 32 reservable / 32 total | fit_score: 1.0
    compute_skylake: 26 reservable / 32 total | fit_score: 1.0
    compute_cascadelake: 24 reservable / 24 total | fit_score: 1.0
    compute_icelake_r750: 17 reservable / 20 total | fit_score: 1.0
    compute_haswell_ib: 17 reservable / 17 total | fit_score: 1.0
    gpu_p100: 15 reservable / 15 total | fit_score: 2.0
    storage: 13 reservable / 21 total | fit_score: 0.2
    gpu_mi100: 8 reservable / 8 total | fit_score: 2.0
    compute_arm64: 8 reservable / 8 total | fit_score: 1.0
    compute_liqid: 8 reservable / 8 total | fit_score: 1.0
    compute_gigaio: 6 reservable / 6 total | fit_score: 1.0
    gpu_p100_nvlink: 3 reservable / 4 total | fit_score: 2.0
    gpu_h100: 2 reservable / 2 total | fit_score: 2.0
    gpu_k80: 2 reservable / 2 total | fit_score: 2.0
    gpu_m40: 2 reservable / 2 total | fit_score: 2.0
    storage_hierarchy: 1 reservable / 2 total | fit_score: 0.2
    gpu_p100_v100: 1 reservable / 1 total | fit_score: 2.0
✓ Found 19 node types available

✓ AI resource selection complete
  Node type: gpu_p100
  Reasoning: The user requires a GPU node. Among the available GPU nodes, 'gpu_p100' has the highest reservable count of 15, which maximizes the success rate for lease creation.
✓ AI selected node type: gpu_p100
  Reasoning: The user requires a GPU node. Among the available GPU nodes, 'gpu_p100' has the highest reservable count of 15, which maximizes the success rate for lease creation.

============================================================
Step 5: Create Hardware Reservation (with fallbacks)
============================================================

→ GPU required: Tiered fallback strategy:
   Tier 1 (GPU): 7 types
   Tier 2 (Compute): 10 types
   Tier 3 (KVM/VM): 0 types
   Total: 17 attempts

[1/17] Attempting: gpu_p100 [GPU (Tier 1)] (15 reservable / 15 total)
✓ AI determined duration: 72 hours
  Reasoning: The requirements indicate a need for a high-performance setup, including GPU support and specific software installations such as NVIDIA AI Enterprise, Docker, and NVIDIA Container Toolkit. These requirements suggest that the user is likely working on a complex, resource-intensive project, possibly involving machine learning or AI development. Additionally, the need for API keys implies integration with external services, which can extend the setup and testing time. Given these factors, a lease duration of 72 hours is appropriate to ensure sufficient time for setup, development, and initial testing phases.

Creating lease:
  Name: auto-202604250426-gpu_p100
  Node Type: gpu_p100
  Start: 2026-04-25 04:28
  End: 2026-04-28 04:28
  ✗ No capacity available for gpu_p100
  → Trying next option...

[2/17] Attempting: gpu_mi100 [GPU (Tier 1)] (8 reservable / 8 total)
✓ AI determined duration: 72 hours
  Reasoning: The requirements indicate a high-performance setup with GPU support, CUDA, and specific software installations such as NVIDIA AI Enterprise developer license, Docker, and NVIDIA Container Toolkit. These setups typically require additional time for configuration and testing, especially if API integrations are involved. A 72-hour lease provides ample time for setup, testing, and any necessary adjustments or troubleshooting.

Creating lease:
  Name: auto-202604250426-gpu_mi100
  Node Type: gpu_mi100
  Start: 2026-04-25 04:28
  End: 2026-04-28 04:28
  ✗ No capacity available for gpu_mi100
  → Trying next option...

[3/17] Attempting: gpu_p100_nvlink [GPU (Tier 1)] (3 reservable / 4 total)
✓ AI determined duration: 72 hours
  Reasoning: The requirements suggest a complex setup involving GPU resources, CUDA, and specific software installations such as NVIDIA AI Enterprise, Docker, and NVIDIA Container Toolkit. Additionally, API keys need to be configured. These tasks can be time-consuming, especially if troubleshooting is required. A 72-hour lease provides ample time for setup, testing, and any necessary adjustments or troubleshooting.

Creating lease:
  Name: auto-202604250426-gpu_p100_nvlink
  Node Type: gpu_p100_nvlink
  Start: 2026-04-25 04:28
  End: 2026-04-28 04:28
  ✗ No capacity available for gpu_p100_nvlink
  → Trying next option...

[4/17] Attempting: gpu_h100 [GPU (Tier 1)] (2 reservable / 2 total)
✓ AI determined duration: 72 hours
  Reasoning: The requirements indicate a need for a high-performance environment with GPU capabilities, CUDA support, and specific software installations such as NVIDIA AI Enterprise developer license and NVIDIA Container Toolkit. These setups often involve complex configurations and testing phases, especially when integrating with Docker and managing API keys. Given the potential complexity and the need for thorough testing and validation, a lease duration of 72 hours is recommended to ensure sufficient time for setup, development, and troubleshooting.

Creating lease:
  Name: auto-202604250426-gpu_h100
  Node Type: gpu_h100
  Start: 2026-04-25 04:29
  End: 2026-04-28 04:29
  ✗ No capacity available for gpu_h100
  → Trying next option...

[5/17] Attempting: gpu_k80 [GPU (Tier 1)] (2 reservable / 2 total)
✓ AI determined duration: 72 hours
  Reasoning: The requirements indicate a need for a high-performance computing environment with GPU capabilities, CUDA support, and specific software installations such as Docker and NVIDIA Container Toolkit. Additionally, the use of specialized licenses and API keys suggests a complex setup that may involve significant configuration and testing time. A 72-hour lease provides ample time for setup, testing, and any necessary iterations or troubleshooting, especially if the user is developing or testing AI models or applications that require extended processing time.

Creating lease:
  Name: auto-202604250426-gpu_k80
  Node Type: gpu_k80
  Start: 2026-04-25 04:29
  End: 2026-04-28 04:29
  ✗ No capacity available for gpu_k80
  → Trying next option...

[6/17] Attempting: gpu_m40 [GPU (Tier 1)] (2 reservable / 2 total)
✓ AI determined duration: 72 hours
  Reasoning: The requirements indicate a high-performance setup with GPU acceleration and specific software needs, including NVIDIA AI Enterprise and Docker. Such setups are typically used for intensive tasks like AI model training or complex simulations, which can take several days to complete. A 72-hour lease provides sufficient time to accommodate these tasks, including setup and potential troubleshooting.

Creating lease:
  Name: auto-202604250426-gpu_m40
  Node Type: gpu_m40
  Start: 2026-04-25 04:29
  End: 2026-04-28 04:29
  ✗ No capacity available for gpu_m40
  → Trying next option...

[7/17] Attempting: gpu_p100_v100 [GPU (Tier 1)] (1 reservable / 1 total)
✓ AI determined duration: 72 hours
  Reasoning: The requirements indicate a need for a high-performance computing environment with GPU capabilities and specific software installations, including NVIDIA AI Enterprise, Docker, and NVIDIA Container Toolkit. These setups typically involve complex configurations and testing, which can take significant time. Additionally, API keys and licenses need to be configured and validated. A 72-hour lease provides ample time for setup, testing, and any necessary troubleshooting or adjustments.

Creating lease:
  Name: auto-202604250426-gpu_p100_v100
  Node Type: gpu_p100_v100
  Start: 2026-04-25 04:29
  End: 2026-04-28 04:29
  ✗ No capacity available for gpu_p100_v100
  → Trying next option...

→ Switching to: Compute (Tier 2 - degraded)

[8/17] Attempting: compute_cascadelake_r [Compute (Tier 2 - degraded)] (55 reservable / 56 total)
✓ AI determined duration: 72 hours
  Reasoning: The requirements indicate a need for a high-performance environment with GPU acceleration and specific software setups, including NVIDIA AI Enterprise, Docker, and NVIDIA Container Toolkit. Such setups typically involve complex configurations and testing phases, especially when dealing with GPU-accelerated containers and API integrations. A 72-hour lease provides ample time for setup, testing, and any necessary troubleshooting or adjustments without the pressure of an imminent deadline.

Creating lease:
  Name: auto-202604250426-compute_cascadelake_r
  Node Type: compute_cascadelake_r
  Start: 2026-04-25 04:29
  End: 2026-04-28 04:29

✓ Lease created: a69e47a7-3948-40da-998f-7e5c7df14a1f

Waiting for lease to activate...
  Status: PENDING, waiting...
  Status: PENDING, waiting...
  Status: PENDING, waiting...
✓ Lease is ACTIVE
✓ Reservation ID: d0f9ee8b-5a2c-4ca8-89c4-862ccee682c0
✓ SUCCESS: Lease created with compute_cascadelake_r

✓ Final node type: compute_cascadelake_r

============================================================
Step 6: Launch Bare Metal Server
============================================================

Launching server:
  Name: auto-server-202604250426
  Image ID: 07263122-bade-4d24-a776-46f4f1c2e26a
  Key: my-key
  Network ID: 1a03cf65-8fd6-4fce-94fd-bbaabe68a8e1
  Reservation ID: d0f9ee8b-5a2c-4ca8-89c4-862ccee682c0

✓ Server creation initiated: c4ad80e6-b7db-4796-997e-91a269bfb6ae

Waiting for server to become ACTIVE...
(This may take 10-30 minutes for bare metal)
  Status: BUILD
  Status: ACTIVE

✓ Server is ACTIVE

============================================================
Step 7: Assign Floating IP
============================================================
Creating new floating IP...
✓ Using floating IP: 129.114.108.117
✓ Floating IP attached

============================================================
✓ Provisioning Complete!
============================================================
Provisioning Type: Bare Metal (Blazar)
Server Name: auto-server-202604250426
Server ID: c4ad80e6-b7db-4796-997e-91a269bfb6ae
Lease ID: a69e47a7-3948-40da-998f-7e5c7df14a1f
Reservation ID: d0f9ee8b-5a2c-4ca8-89c4-862ccee682c0
Image: CC-Ubuntu22.04-CUDA
Node Type: compute_cascadelake_r
Floating IP: 129.114.108.117

SSH Connection:
  ssh ubuntu@129.114.108.117

✓ Info saved to: auto-server-202604250426_info.json
End:     2026-04-25T04:36:47Z (exit=0, duration=670s)
