Command: python 2.0/src/provision_v2.py --repo "https://github.com/SVRTK/svrtk-docker-gpu" --site tacc
Start:   2026-04-25T03:25:28Z

============================================================
Automated Hardware Provisioning Tool v2.0
============================================================
✓ Configuration loaded
✓ AI client initialized
✓ OpenStack connection established

============================================================
Step 1: Repository Analysis
============================================================
✓ Repository cloned to: /tmp/svrtk-docker-gpu

✓ Repository requirements analysis complete:
  CPU: 6 cores
  RAM: 16 GB
  GPU: Required
  GPU Memory: 12 GB
  Disk: 30 GB
  OS: ubuntu 20.04
  CUDA: Required

============================================================
Step 2: Image Selection
============================================================
✓ Found 415 available CC-* images
✓ AI Stage 1: Selected 5 candidates
  Reasoning: The requirements specify an Ubuntu 20.04 operating system with CUDA support and GPU capabilities. The selected images are all based on Ubuntu 20.04 and include CUDA support, which is necessary for GPU computations. These images are the best fit for the specified requirements.
⚠ No candidates found, using fallback selection
✓ Fallback image: CC-Ubuntu22.04-CUDA

============================================================
Step 3: SSH Key Management
============================================================
✓ Keypair exists: my-key

============================================================
Step 4: Network Configuration
============================================================
✓ Found network: sharednet1 (ID: 1a03cf65-8fd6-4fce-94fd-bbaabe68a8e1)

============================================================
Discovering Available Resources
============================================================

Discovering resources at tacc site...
✓ Found 312 hosts
✓ Discovered 19 node types (ranked by availability & fit):
    compute_cascadelake_r: 55 reservable / 56 total | fit_score: 1.0
    compute_icelake_r650: 49 reservable / 52 total | fit_score: 1.0
    compute_zen3: 32 reservable / 32 total | fit_score: 1.0
    compute_skylake: 26 reservable / 32 total | fit_score: 1.0
    compute_cascadelake: 24 reservable / 24 total | fit_score: 1.0
    compute_icelake_r750: 17 reservable / 20 total | fit_score: 1.0
    compute_haswell_ib: 17 reservable / 17 total | fit_score: 1.0
    gpu_p100: 15 reservable / 15 total | fit_score: 2.0
    storage: 13 reservable / 21 total | fit_score: 0.2
    gpu_mi100: 8 reservable / 8 total | fit_score: 2.0
    compute_arm64: 8 reservable / 8 total | fit_score: 1.0
    compute_liqid: 8 reservable / 8 total | fit_score: 1.0
    compute_gigaio: 6 reservable / 6 total | fit_score: 1.0
    gpu_p100_nvlink: 3 reservable / 4 total | fit_score: 2.0
    gpu_h100: 2 reservable / 2 total | fit_score: 2.0
    gpu_k80: 2 reservable / 2 total | fit_score: 2.0
    gpu_m40: 2 reservable / 2 total | fit_score: 2.0
    storage_hierarchy: 1 reservable / 2 total | fit_score: 0.2
    gpu_p100_v100: 1 reservable / 1 total | fit_score: 2.0
✓ Found 19 node types available

✓ AI resource selection complete
  Node type: gpu_p100
  Reasoning: The gpu_p100 node type matches the GPU requirement with sufficient GPU memory and has the highest reservable count among GPU nodes, ensuring higher availability and a greater success rate for lease creation.
✓ AI selected node type: gpu_p100
  Reasoning: The gpu_p100 node type matches the GPU requirement with sufficient GPU memory and has the highest reservable count among GPU nodes, ensuring higher availability and a greater success rate for lease creation.

============================================================
Step 5: Create Hardware Reservation (with fallbacks)
============================================================

→ GPU required: Tiered fallback strategy:
   Tier 1 (GPU): 7 types
   Tier 2 (Compute): 10 types
   Tier 3 (KVM/VM): 0 types
   Total: 17 attempts

[1/17] Attempting: gpu_p100 [GPU (Tier 1)] (15 reservable / 15 total)
✓ AI determined duration: 48 hours
  Reasoning: The requirements specify the need for a GPU with CUDA support, which suggests computational tasks that may involve machine learning or data processing workloads. These types of tasks can often take longer to complete, especially if they involve training models or processing large datasets. Additionally, the inclusion of Docker CE indicates a potential need for containerized environments, which are commonly used in development and testing scenarios that can span multiple days. Therefore, a lease duration of 48 hours is recommended to ensure sufficient time for setup, execution, and any necessary iterations or troubleshooting.

Creating lease:
  Name: auto-202604250325-gpu_p100
  Node Type: gpu_p100
  Start: 2026-04-25 03:27
  End: 2026-04-27 03:27
  ✗ No capacity available for gpu_p100
  → Trying next option...

[2/17] Attempting: gpu_mi100 [GPU (Tier 1)] (8 reservable / 8 total)
✓ AI determined duration: 48 hours
  Reasoning: The requirements indicate a need for a GPU with CUDA support, which suggests that the tasks may involve computationally intensive operations such as machine learning or data processing. These tasks often require more time to complete, especially if they involve training models or processing large datasets. Additionally, the inclusion of Docker and specific CUDA version requirements implies a setup that might take some time to configure and test. Therefore, a lease duration of 48 hours is recommended to ensure sufficient time for setup, execution, and any necessary troubleshooting.

Creating lease:
  Name: auto-202604250325-gpu_mi100
  Node Type: gpu_mi100
  Start: 2026-04-25 03:28
  End: 2026-04-27 03:28
  ✗ No capacity available for gpu_mi100
  → Trying next option...

[3/17] Attempting: gpu_p100_nvlink [GPU (Tier 1)] (3 reservable / 4 total)
✓ AI determined duration: 48 hours
  Reasoning: The requirements indicate a need for a GPU with CUDA support, which suggests tasks related to machine learning or data processing that might take longer than usual. Additionally, the need for Docker CE and specific CUDA version implies a setup that might involve complex workflows or experiments. A 48-hour lease provides ample time for setup, execution, and any necessary troubleshooting or iterations.

Creating lease:
  Name: auto-202604250325-gpu_p100_nvlink
  Node Type: gpu_p100_nvlink
  Start: 2026-04-25 03:28
  End: 2026-04-27 03:28
  ✗ No capacity available for gpu_p100_nvlink
  → Trying next option...

[4/17] Attempting: gpu_h100 [GPU (Tier 1)] (2 reservable / 2 total)
✓ AI determined duration: 48 hours
  Reasoning: The requirements specify the need for GPU resources with CUDA support, which often indicates tasks related to machine learning, data processing, or scientific computations. These tasks can be computationally intensive and may require more time to complete. Additionally, the inclusion of Docker CE suggests containerized applications, which can also be used for complex workflows. Therefore, a 48-hour lease duration provides a reasonable buffer to accommodate these potential workloads, ensuring sufficient time for setup, execution, and any necessary troubleshooting.

Creating lease:
  Name: auto-202604250325-gpu_h100
  Node Type: gpu_h100
  Start: 2026-04-25 03:28
  End: 2026-04-27 03:28
  ✗ No capacity available for gpu_h100
  → Trying next option...

[5/17] Attempting: gpu_k80 [GPU (Tier 1)] (2 reservable / 2 total)
✓ AI determined duration: 48 hours
  Reasoning: The requirements indicate a need for a GPU with CUDA support, which suggests computational tasks that may involve machine learning or data processing. These tasks often require more time to complete, especially if they involve large datasets or complex models. Additionally, the need for Docker CE and specific CUDA version indicates a setup that might take some time to configure and test. Therefore, a 48-hour lease provides ample time for setup, execution, and any necessary troubleshooting.

Creating lease:
  Name: auto-202604250325-gpu_k80
  Node Type: gpu_k80
  Start: 2026-04-25 03:28
  End: 2026-04-27 03:28
  ✗ No capacity available for gpu_k80
  → Trying next option...

[6/17] Attempting: gpu_m40 [GPU (Tier 1)] (2 reservable / 2 total)
✓ AI determined duration: 48 hours
  Reasoning: The requirements indicate a need for a GPU with CUDA support, which suggests computational tasks that might involve machine learning, data processing, or similar workloads. These tasks often require more than a day to complete, especially if they involve training models or processing large datasets. Additionally, the inclusion of Docker and specific CUDA version requirements suggests a setup that might take some time to configure and test. Therefore, a 48-hour lease provides adequate time for setup, execution, and any necessary adjustments.

Creating lease:
  Name: auto-202604250325-gpu_m40
  Node Type: gpu_m40
  Start: 2026-04-25 03:29
  End: 2026-04-27 03:29
  ✗ No capacity available for gpu_m40
  → Trying next option...

[7/17] Attempting: gpu_p100_v100 [GPU (Tier 1)] (1 reservable / 1 total)
✓ AI determined duration: 48 hours
  Reasoning: The requirements include a GPU with CUDA support, which suggests potential use for machine learning or data processing tasks that can be time-consuming. Additionally, the need for Docker CE indicates containerized workloads, which might involve setting up and running multiple containers. Given these factors, a 48-hour lease provides sufficient time for setup, execution, and any necessary adjustments or troubleshooting.

Creating lease:
  Name: auto-202604250325-gpu_p100_v100
  Node Type: gpu_p100_v100
  Start: 2026-04-25 03:29
  End: 2026-04-27 03:29
  ✗ No capacity available for gpu_p100_v100
  → Trying next option...

→ Switching to: Compute (Tier 2 - degraded)

[8/17] Attempting: compute_cascadelake_r [Compute (Tier 2 - degraded)] (55 reservable / 56 total)
✓ AI determined duration: 48 hours
  Reasoning: The requirements suggest a need for a high-performance environment with GPU support and specific software installations like Docker and CUDA. This setup is typically used for development, testing, or running machine learning models, which can be time-consuming. A 48-hour lease provides ample time for setup, testing, and potential iterations, ensuring the user has enough time to complete their tasks without interruption.

Creating lease:
  Name: auto-202604250325-compute_cascadelake_r
  Node Type: compute_cascadelake_r
  Start: 2026-04-25 03:29
  End: 2026-04-27 03:29

✓ Lease created: b5aba884-12de-4e2c-97a8-804d37f3b613

Waiting for lease to activate...
  Status: PENDING, waiting...
  Status: PENDING, waiting...
  Status: PENDING, waiting...
  Status: PENDING, waiting...
  Status: PENDING, waiting...
✓ Lease is ACTIVE
✓ Reservation ID: 6250623e-4be0-431f-bd72-946e137ea4fc
✓ SUCCESS: Lease created with compute_cascadelake_r

✓ Final node type: compute_cascadelake_r

============================================================
Step 6: Launch Bare Metal Server
============================================================

Launching server:
  Name: auto-server-202604250325
  Image ID: 07263122-bade-4d24-a776-46f4f1c2e26a
  Key: my-key
  Network ID: 1a03cf65-8fd6-4fce-94fd-bbaabe68a8e1
  Reservation ID: 6250623e-4be0-431f-bd72-946e137ea4fc

✓ Server creation initiated: de5352ab-3681-477d-b450-f9d688bc4883

Waiting for server to become ACTIVE...
(This may take 10-30 minutes for bare metal)
  Status: BUILD
  Status: ACTIVE

✓ Server is ACTIVE

============================================================
Step 7: Assign Floating IP
============================================================
Creating new floating IP...
✓ Using floating IP: 129.114.108.116
✓ Floating IP attached

============================================================
✓ Provisioning Complete!
============================================================
Provisioning Type: Bare Metal (Blazar)
Server Name: auto-server-202604250325
Server ID: de5352ab-3681-477d-b450-f9d688bc4883
Lease ID: b5aba884-12de-4e2c-97a8-804d37f3b613
Reservation ID: 6250623e-4be0-431f-bd72-946e137ea4fc
Image: CC-Ubuntu22.04-CUDA
Node Type: compute_cascadelake_r
Floating IP: 129.114.108.116

SSH Connection:
  ssh ubuntu@129.114.108.116

✓ Info saved to: auto-server-202604250325_info.json
End:     2026-04-25T03:37:49Z (exit=0, duration=741s)
