Command: python 2.0/src/provision_v2.py --repo "https://github.com/NVIDIA/tao_tutorials" --site tacc
Start:   2026-03-11T21:12:37Z

============================================================
Automated Hardware Provisioning Tool v2.0
============================================================
✓ Configuration loaded
✓ AI client initialized
✓ OpenStack connection established

============================================================
Step 1: Repository Analysis
============================================================
✓ Repository cloned to: /tmp/tao_tutorials

✓ Repository requirements analysis complete:
  CPU: 8 cores
  RAM: 16 GB
  GPU: Required
  GPU Memory: 16 GB
  Disk: 100 GB
  OS: ubuntu 22.04
  CUDA: Required

============================================================
Step 2: Image Selection
============================================================
✓ Found 407 available CC-* images
✓ AI Stage 1: Selected 5 candidates
  Reasoning: The requirements specify an Ubuntu 22.04 operating system with CUDA support and GPU capability. The selected images are all based on Ubuntu 22.04 and include CUDA, which is necessary for GPU support. These images are the most recent and relevant to the specified requirements, ensuring compatibility and performance.
⚠ No candidates found, using fallback selection
✓ Fallback image: CC-Ubuntu22.04-CUDA

============================================================
Step 3: SSH Key Management
============================================================
✓ Keypair exists: my-key

============================================================
Step 4: Network Configuration
============================================================
✓ Found network: sharednet1 (ID: 1a03cf65-8fd6-4fce-94fd-bbaabe68a8e1)

============================================================
Discovering Available Resources
============================================================

Discovering resources at tacc site...
✓ Found 312 hosts
✓ Discovered 19 node types (ranked by availability & fit):
    compute_cascadelake_r: 56 reservable / 56 total | fit_score: 1.0
    compute_icelake_r650: 50 reservable / 52 total | fit_score: 1.0
    compute_zen3: 32 reservable / 32 total | fit_score: 1.0
    compute_skylake: 28 reservable / 32 total | fit_score: 1.0
    compute_cascadelake: 24 reservable / 24 total | fit_score: 1.0
    compute_icelake_r750: 18 reservable / 20 total | fit_score: 1.0
    compute_haswell_ib: 17 reservable / 17 total | fit_score: 1.0
    gpu_p100: 15 reservable / 15 total | fit_score: 2.0
    storage: 13 reservable / 21 total | fit_score: 0.2
    gpu_mi100: 8 reservable / 8 total | fit_score: 2.0
    compute_arm64: 8 reservable / 8 total | fit_score: 1.0
    compute_liqid: 8 reservable / 8 total | fit_score: 1.0
    compute_gigaio: 6 reservable / 6 total | fit_score: 1.0
    gpu_p100_nvlink: 4 reservable / 4 total | fit_score: 2.0
    gpu_h100: 2 reservable / 2 total | fit_score: 2.0
    gpu_k80: 2 reservable / 2 total | fit_score: 2.0
    gpu_m40: 2 reservable / 2 total | fit_score: 2.0
    storage_hierarchy: 2 reservable / 2 total | fit_score: 0.2
    gpu_p100_v100: 1 reservable / 1 total | fit_score: 2.0
✓ Found 19 node types available

✓ AI resource selection complete
  Node type: gpu_p100
  Reasoning: The 'gpu_p100' node type matches the user's requirement for a GPU with sufficient memory and has the highest reservable count (15) among GPU nodes, ensuring higher availability and a better chance of successful lease creation.
✓ AI selected node type: gpu_p100
  Reasoning: The 'gpu_p100' node type matches the user's requirement for a GPU with sufficient memory and has the highest reservable count (15) among GPU nodes, ensuring higher availability and a better chance of successful lease creation.

============================================================
Step 5: Create Hardware Reservation (with fallbacks)
============================================================

→ GPU required: Tiered fallback strategy:
   Tier 1 (GPU): 7 types
   Tier 2 (Compute): 10 types
   Tier 3 (KVM/VM): 0 types
   Total: 17 attempts

[1/17] Attempting: gpu_p100 [GPU (Tier 1)] (15 reservable / 15 total)
✓ AI determined duration: 72 hours
  Reasoning: The requirements indicate a need for a high-performance environment with GPU support and specific software configurations, including CUDA and Docker tools. This setup suggests tasks related to machine learning, data processing, or simulations, which often require extended periods to run experiments or computations. A 72-hour lease provides ample time for setup, execution, and any necessary adjustments or reruns without frequent interruptions.

Creating lease:
  Name: auto-202603112113-gpu_p100
  Node Type: gpu_p100
  Start: 2026-03-11 21:15
  End: 2026-03-14 21:15
  ✗ No capacity available for gpu_p100
  → Trying next option...

[2/17] Attempting: gpu_mi100 [GPU (Tier 1)] (8 reservable / 8 total)
✓ AI determined duration: 72 hours
  Reasoning: The requirements indicate a need for a high-performance setup with a GPU, specific CUDA support, and several specialized software components. This suggests the resource will be used for intensive computational tasks, such as machine learning or data analysis, which often require extended processing time. A 72-hour lease allows for sufficient time to set up the environment, run experiments or computations, and handle any potential troubleshooting or adjustments.

Creating lease:
  Name: auto-202603112113-gpu_mi100
  Node Type: gpu_mi100
  Start: 2026-03-11 21:15
  End: 2026-03-14 21:15
  ✗ No capacity available for gpu_mi100
  → Trying next option...

[3/17] Attempting: gpu_p100_nvlink [GPU (Tier 1)] (4 reservable / 4 total)
✓ AI determined duration: 72 hours
  Reasoning: The requirements indicate a need for a high-performance environment with GPU capabilities and specific software versions, which suggests a complex setup. The presence of CUDA, specific NVIDIA toolkit and driver versions, and Docker requirements imply that the environment is likely intended for intensive computational tasks such as machine learning or data analysis. These tasks often require extended periods to complete, especially if they involve training models. Therefore, a lease duration of 72 hours is recommended to ensure sufficient time for setup, execution, and any necessary iterations or troubleshooting.

Creating lease:
  Name: auto-202603112113-gpu_p100_nvlink
  Node Type: gpu_p100_nvlink
  Start: 2026-03-11 21:15
  End: 2026-03-14 21:15
  ✗ No capacity available for gpu_p100_nvlink
  → Trying next option...

[4/17] Attempting: gpu_h100 [GPU (Tier 1)] (2 reservable / 2 total)
✓ AI determined duration: 72 hours
  Reasoning: The requirements indicate a need for a high-performance setup, including a GPU with CUDA support, specific versions of Docker and NVIDIA tools, and a modern Python environment. These specifications suggest a complex setup likely intended for intensive computational tasks such as machine learning or data analysis. Given the complexity and the potential for extended computational tasks, a lease duration of 72 hours is reasonable to ensure sufficient time for setup, execution, and any necessary troubleshooting.

Creating lease:
  Name: auto-202603112113-gpu_h100
  Node Type: gpu_h100
  Start: 2026-03-11 21:15
  End: 2026-03-14 21:15
  ✗ No capacity available for gpu_h100
  → Trying next option...

[5/17] Attempting: gpu_k80 [GPU (Tier 1)] (2 reservable / 2 total)
✓ AI determined duration: 72 hours
  Reasoning: The requirements indicate a need for a high-performance environment with GPU capabilities and specific software configurations, which suggests a complex setup and potentially intensive computational tasks. This setup, combined with the need for CUDA and specific NVIDIA tools, implies that the tasks may involve machine learning or data processing that could take several days. Therefore, a lease duration of 72 hours is recommended to ensure sufficient time for setup, execution, and any potential troubleshooting.

Creating lease:
  Name: auto-202603112113-gpu_k80
  Node Type: gpu_k80
  Start: 2026-03-11 21:15
  End: 2026-03-14 21:15

✓ Lease created: a08dc69b-9dc4-4b5b-bbac-bb3a13060cf6

Waiting for lease to activate...
  Status: PENDING, waiting...
  Status: PENDING, waiting...
  Status: PENDING, waiting...
  Status: PENDING, waiting...
  Status: PENDING, waiting...
  Status: PENDING, waiting...
  Status: PENDING, waiting...
  Status: PENDING, waiting...
✓ Lease is ACTIVE
✓ Reservation ID: 5b3cbeb5-eab6-46d0-9b0d-cecf3c20c852
✓ SUCCESS: Lease created with gpu_k80

✓ Final node type: gpu_k80

============================================================
Step 6: Launch Bare Metal Server
============================================================

Launching server:
  Name: auto-server-202603112113
  Image ID: c82b931e-4cf8-4366-9878-1ae941f24348
  Key: my-key
  Network ID: 1a03cf65-8fd6-4fce-94fd-bbaabe68a8e1
  Reservation ID: 5b3cbeb5-eab6-46d0-9b0d-cecf3c20c852

✓ Server creation initiated: 419a5c3e-7356-449a-b85b-6056fcb1b02a

Waiting for server to become ACTIVE...
(This may take 10-30 minutes for bare metal)
  Status: BUILD
  Status: ACTIVE

✓ Server is ACTIVE

============================================================
Step 7: Assign Floating IP
============================================================
Creating new floating IP...
✓ Using floating IP: 129.114.108.188
✓ Floating IP attached

============================================================
✓ Provisioning Complete!
============================================================
Provisioning Type: Bare Metal (Blazar)
Server Name: auto-server-202603112113
Server ID: 419a5c3e-7356-449a-b85b-6056fcb1b02a
Lease ID: a08dc69b-9dc4-4b5b-bbac-bb3a13060cf6
Reservation ID: 5b3cbeb5-eab6-46d0-9b0d-cecf3c20c852
Image: CC-Ubuntu22.04-CUDA
Node Type: gpu_k80
Floating IP: 129.114.108.188

SSH Connection:
  ssh ubuntu@129.114.108.188

✓ Info saved to: auto-server-202603112113_info.json
End:     2026-03-11T21:26:51Z (exit=0, duration=854s)
