Command: python 2.0/src/provision_v2.py --repo "https://github.com/perslev/U-Time" --site tacc
Start:   2026-04-25T04:01:19Z

============================================================
Automated Hardware Provisioning Tool v2.0
============================================================
✓ Configuration loaded
✓ AI client initialized
✓ OpenStack connection established

============================================================
Step 1: Repository Analysis
============================================================
✓ Repository cloned to: /tmp/U-Time

✓ Repository requirements analysis complete:
  CPU: 4 cores
  RAM: 8 GB
  GPU: Required
  GPU Memory: None GB
  Disk: 4096 GB
  OS: linux None
  CUDA: Required

============================================================
Step 2: Image Selection
============================================================
✓ Found 415 available CC-* images
✓ AI Stage 1: Selected 5 candidates
  Reasoning: The requirement is for Linux images with CUDA support, which implies the need for GPU support. The selected images are all Ubuntu-based with CUDA, ensuring compatibility with the required GPU support. The images selected are: CC-Ubuntu24.04-CUDA (ID: 42c4af2e-2a61-4f1f-bc38-7a89a654370d), CC-Ubuntu22.04-CUDA (ID: 07263122-bade-4d24-a776-46f4f1c2e26a), CC-Ubuntu20.04-CUDA (ID: 91d8e584-bc97-4e81-a1e5-cf858ac3afd7), CC-Ubuntu20.04-CUDA11 (ID: a5ed16a4-16fb-4b63-8e62-ad5989bec58a), and CC-Ubuntu24.04-CUDA_2025-05-05 (ID: fab0dfeb-52d7-46fd-9398-613daf8e63c0). These images cover different versions of Ubuntu, providing flexibility in terms of OS version while fulfilling the CUDA and GPU requirements.
⚠ No candidates found, using fallback selection
✓ Fallback image: CC-Ubuntu22.04-CUDA

============================================================
Step 3: SSH Key Management
============================================================
✓ Keypair exists: my-key

============================================================
Step 4: Network Configuration
============================================================
✓ Found network: sharednet1 (ID: 1a03cf65-8fd6-4fce-94fd-bbaabe68a8e1)

============================================================
Discovering Available Resources
============================================================

Discovering resources at tacc site...
✓ Found 312 hosts
✓ Discovered 19 node types (ranked by availability & fit):
    compute_cascadelake_r: 55 reservable / 56 total | fit_score: 1.0
    compute_icelake_r650: 49 reservable / 52 total | fit_score: 1.0
    compute_zen3: 32 reservable / 32 total | fit_score: 1.0
    compute_skylake: 26 reservable / 32 total | fit_score: 1.0
    compute_cascadelake: 24 reservable / 24 total | fit_score: 1.0
    compute_icelake_r750: 17 reservable / 20 total | fit_score: 1.0
    compute_haswell_ib: 17 reservable / 17 total | fit_score: 1.0
    gpu_p100: 15 reservable / 15 total | fit_score: 2.0
    storage: 13 reservable / 21 total | fit_score: 0.2
    gpu_mi100: 8 reservable / 8 total | fit_score: 2.0
    compute_arm64: 8 reservable / 8 total | fit_score: 1.0
    compute_liqid: 8 reservable / 8 total | fit_score: 1.0
    compute_gigaio: 6 reservable / 6 total | fit_score: 1.0
    gpu_p100_nvlink: 3 reservable / 4 total | fit_score: 2.0
    gpu_h100: 2 reservable / 2 total | fit_score: 2.0
    gpu_k80: 2 reservable / 2 total | fit_score: 2.0
    gpu_m40: 2 reservable / 2 total | fit_score: 2.0
    storage_hierarchy: 1 reservable / 2 total | fit_score: 0.2
    gpu_p100_v100: 1 reservable / 1 total | fit_score: 2.0
✓ Found 19 node types available

✓ AI resource selection complete
  Node type: gpu_p100
  Reasoning: The user requires a GPU node. Among the available GPU nodes, 'gpu_p100' has the highest reservable count of 15, which maximizes the success rate for lease creation.
✓ AI selected node type: gpu_p100
  Reasoning: The user requires a GPU node. Among the available GPU nodes, 'gpu_p100' has the highest reservable count of 15, which maximizes the success rate for lease creation.

============================================================
Step 5: Create Hardware Reservation (with fallbacks)
============================================================

→ GPU required: Tiered fallback strategy:
   Tier 1 (GPU): 7 types
   Tier 2 (Compute): 10 types
   Tier 3 (KVM/VM): 0 types
   Total: 17 attempts

[1/17] Attempting: gpu_p100 [GPU (Tier 1)] (15 reservable / 15 total)
✓ AI determined duration: 48 hours
  Reasoning: The requirements include a specific setup for machine learning or computational tasks, such as a GPU with CUDA and cuDNN, which suggests intensive processing needs. The large disk size of 4096 GB also indicates significant data storage and processing. Given these factors, a 48-hour lease provides ample time for setup, execution, and any necessary adjustments or troubleshooting, especially if the user is running complex or long-running tasks.

Creating lease:
  Name: auto-202604250402-gpu_p100
  Node Type: gpu_p100
  Start: 2026-04-25 04:04
  End: 2026-04-27 04:04
  ✗ No capacity available for gpu_p100
  → Trying next option...

[2/17] Attempting: gpu_mi100 [GPU (Tier 1)] (8 reservable / 8 total)
✓ AI determined duration: 72 hours
  Reasoning: The requirements indicate a need for a high-performance setup with specific GPU and CUDA dependencies, which suggests computationally intensive tasks such as machine learning or data processing. These tasks often require extended periods to complete, especially when large datasets or complex models are involved. Additionally, setting up the environment with specific versions of Anaconda, NVIDIA drivers, CUDA Toolkit, and cuDNN can be time-consuming. Therefore, a 72-hour lease provides ample time for setup, execution, and any necessary troubleshooting or iterations.

Creating lease:
  Name: auto-202604250402-gpu_mi100
  Node Type: gpu_mi100
  Start: 2026-04-25 04:04
  End: 2026-04-28 04:04
  ✗ No capacity available for gpu_mi100
  → Trying next option...

[3/17] Attempting: gpu_p100_nvlink [GPU (Tier 1)] (3 reservable / 4 total)
✓ AI determined duration: 72 hours
  Reasoning: The requirements suggest a complex setup involving specific versions of CUDA, cuDNN, and NVIDIA GPU drivers, which may take additional time to configure and test. Additionally, the large disk size of 4096 GB implies the handling of substantial data, which could require extended processing time. Given these factors, a lease duration of 72 hours is recommended to ensure sufficient time for setup, execution, and any necessary troubleshooting.

Creating lease:
  Name: auto-202604250402-gpu_p100_nvlink
  Node Type: gpu_p100_nvlink
  Start: 2026-04-25 04:04
  End: 2026-04-28 04:04
  ✗ No capacity available for gpu_p100_nvlink
  → Trying next option...

[4/17] Attempting: gpu_h100 [GPU (Tier 1)] (2 reservable / 2 total)
✓ AI determined duration: 72 hours
  Reasoning: The requirements indicate a need for significant computational resources, including a GPU with specific driver and CUDA toolkit versions, which suggests a workload involving machine learning or data processing tasks. Such tasks often require extended periods to complete, especially if they involve training models or processing large datasets. Additionally, the need for specific versions of software like Anaconda and CUDA suggests a setup phase that could take additional time. Therefore, a lease duration of 72 hours is recommended to ensure ample time for setup, execution, and any necessary troubleshooting.

Creating lease:
  Name: auto-202604250402-gpu_h100
  Node Type: gpu_h100
  Start: 2026-04-25 04:04
  End: 2026-04-28 04:04
  ✗ No capacity available for gpu_h100
  → Trying next option...

[5/17] Attempting: gpu_k80 [GPU (Tier 1)] (2 reservable / 2 total)
✓ AI determined duration: 48 hours
  Reasoning: The requirements indicate a need for a GPU with specific CUDA and cuDNN versions, which suggests the task may involve machine learning or data processing workloads that can be computationally intensive and time-consuming. Additionally, the large disk space requirement of 4096 GB implies handling large datasets or models. Given these factors, a 48-hour lease duration is recommended to ensure sufficient time for setup, execution, and any potential troubleshooting.

Creating lease:
  Name: auto-202604250402-gpu_k80
  Node Type: gpu_k80
  Start: 2026-04-25 04:05
  End: 2026-04-27 04:05
  ✗ No capacity available for gpu_k80
  → Trying next option...

[6/17] Attempting: gpu_m40 [GPU (Tier 1)] (2 reservable / 2 total)
✓ AI determined duration: 72 hours
  Reasoning: The requirements indicate a need for a GPU with specific CUDA and cuDNN versions, which suggests the execution of machine learning or deep learning tasks. These tasks typically require longer processing times, especially when large datasets are involved. Additionally, the large disk space requirement (4096 GB) implies handling substantial data, further supporting the need for an extended lease duration to ensure sufficient time for data processing, model training, and any necessary troubleshooting. Therefore, a 72-hour lease duration is recommended to accommodate these needs.

Creating lease:
  Name: auto-202604250402-gpu_m40
  Node Type: gpu_m40
  Start: 2026-04-25 04:05
  End: 2026-04-28 04:05
  ✗ No capacity available for gpu_m40
  → Trying next option...

[7/17] Attempting: gpu_p100_v100 [GPU (Tier 1)] (1 reservable / 1 total)
✓ AI determined duration: 72 hours
  Reasoning: The requirements suggest a setup for a machine learning or deep learning task, which typically involves significant data processing and model training. The need for a GPU, specific CUDA and cuDNN versions, and a large disk space indicates that the task may be computationally intensive and time-consuming. Given these factors, a lease duration of 72 hours is recommended to ensure sufficient time for setup, execution, and any potential troubleshooting or iterations.

Creating lease:
  Name: auto-202604250402-gpu_p100_v100
  Node Type: gpu_p100_v100
  Start: 2026-04-25 04:05
  End: 2026-04-28 04:05
  ✗ No capacity available for gpu_p100_v100
  → Trying next option...

→ Switching to: Compute (Tier 2 - degraded)

[8/17] Attempting: compute_cascadelake_r [Compute (Tier 2 - degraded)] (55 reservable / 56 total)
✓ AI determined duration: 72 hours
  Reasoning: The requirements suggest a setup for machine learning or deep learning tasks, which often involve significant data processing and model training time. The inclusion of a GPU and specific CUDA and cuDNN versions indicates that the tasks may be computationally intensive. Additionally, the large disk space requirement suggests handling large datasets. Given these factors, a 72-hour lease duration is recommended to ensure sufficient time for setup, execution, and any necessary iterations or adjustments.

Creating lease:
  Name: auto-202604250402-compute_cascadelake_r
  Node Type: compute_cascadelake_r
  Start: 2026-04-25 04:05
  End: 2026-04-28 04:05

✓ Lease created: 4ab899f1-5be8-4778-9675-bcbdacde613f

Waiting for lease to activate...
  Status: PENDING, waiting...
  Status: PENDING, waiting...
  Status: PENDING, waiting...
  Status: PENDING, waiting...
  Status: PENDING, waiting...
✓ Lease is ACTIVE
✓ Reservation ID: 2891e177-d325-4854-8de6-2a1190fb7f89
✓ SUCCESS: Lease created with compute_cascadelake_r

✓ Final node type: compute_cascadelake_r

============================================================
Step 6: Launch Bare Metal Server
============================================================

Launching server:
  Name: auto-server-202604250402
  Image ID: 07263122-bade-4d24-a776-46f4f1c2e26a
  Key: my-key
  Network ID: 1a03cf65-8fd6-4fce-94fd-bbaabe68a8e1
  Reservation ID: 2891e177-d325-4854-8de6-2a1190fb7f89

✓ Server creation initiated: edd8ff91-7206-4829-af2e-c5b385db3964

Waiting for server to become ACTIVE...
(This may take 10-30 minutes for bare metal)
  Status: BUILD
  Status: ACTIVE

✓ Server is ACTIVE

============================================================
Step 7: Assign Floating IP
============================================================
Creating new floating IP...
✓ Using floating IP: 129.114.109.15
✓ Floating IP attached

============================================================
✓ Provisioning Complete!
============================================================
Provisioning Type: Bare Metal (Blazar)
Server Name: auto-server-202604250402
Server ID: edd8ff91-7206-4829-af2e-c5b385db3964
Lease ID: 4ab899f1-5be8-4778-9675-bcbdacde613f
Reservation ID: 2891e177-d325-4854-8de6-2a1190fb7f89
Image: CC-Ubuntu22.04-CUDA
Node Type: compute_cascadelake_r
Floating IP: 129.114.109.15

SSH Connection:
  ssh ubuntu@129.114.109.15

✓ Info saved to: auto-server-202604250402_info.json
End:     2026-04-25T04:13:50Z (exit=0, duration=751s)
