Command: python 2.0/src/provision_v2.py --repo "https://github.com/TIO-IKIM/CellViT-Inference" --site tacc
Start:   2026-04-28T20:23:03Z

============================================================
Automated Hardware Provisioning Tool v2.0
============================================================
✓ Configuration loaded
✓ AI client initialized
✓ OpenStack connection established

============================================================
Step 1: Repository Analysis
============================================================
✓ Repository cloned to: /tmp/CellViT-Inference

✓ Repository requirements analysis complete:
  CPU: 16 cores
  RAM: 32 GB
  GPU: Required
  GPU Memory: 24 GB
  Disk: 30 GB
  OS: ubuntu None
  CUDA: Required

============================================================
Step 2: Image Selection
============================================================
✓ Found 415 available CC-* images
✓ AI Stage 1: Selected 5 candidates
  Reasoning: The requirements specify an Ubuntu OS with CUDA support. The selected images are Ubuntu-based and have CUDA support, which is necessary for GPU tasks. The selected images include different versions of Ubuntu (20.04, 22.04, and 24.04) to provide flexibility in terms of OS version, as no specific version is required. These images ensure compatibility with CUDA for GPU processing.
⚠ No candidates found, using fallback selection
✓ Fallback image: CC-Ubuntu22.04-CUDA

============================================================
Step 3: SSH Key Management
============================================================
✓ Keypair exists: my-key

============================================================
Step 4: Network Configuration
============================================================
✓ Found network: sharednet1 (ID: 1a03cf65-8fd6-4fce-94fd-bbaabe68a8e1)

============================================================
Discovering Available Resources
============================================================

Discovering resources at tacc site...
✓ Found 312 hosts
✓ Discovered 19 node types (ranked by availability & fit):
    compute_cascadelake_r: 55 reservable / 56 total | fit_score: 1.0
    compute_icelake_r650: 49 reservable / 52 total | fit_score: 1.0
    compute_zen3: 32 reservable / 32 total | fit_score: 1.0
    compute_skylake: 26 reservable / 32 total | fit_score: 1.0
    compute_cascadelake: 24 reservable / 24 total | fit_score: 1.0
    compute_icelake_r750: 17 reservable / 20 total | fit_score: 1.0
    compute_haswell_ib: 17 reservable / 17 total | fit_score: 1.0
    gpu_p100: 15 reservable / 15 total | fit_score: 2.0
    storage: 13 reservable / 21 total | fit_score: 0.2
    gpu_mi100: 8 reservable / 8 total | fit_score: 2.0
    compute_arm64: 8 reservable / 8 total | fit_score: 1.0
    compute_liqid: 8 reservable / 8 total | fit_score: 1.0
    compute_gigaio: 6 reservable / 6 total | fit_score: 1.0
    gpu_p100_nvlink: 3 reservable / 4 total | fit_score: 2.0
    gpu_h100: 2 reservable / 2 total | fit_score: 2.0
    gpu_k80: 2 reservable / 2 total | fit_score: 2.0
    gpu_m40: 2 reservable / 2 total | fit_score: 2.0
    storage_hierarchy: 1 reservable / 2 total | fit_score: 0.2
    gpu_p100_v100: 1 reservable / 1 total | fit_score: 2.0
✓ Found 19 node types available

✓ AI resource selection complete
  Node type: gpu_p100
  Reasoning: The gpu_p100 node type matches the GPU requirement and has the highest reservable count among GPU nodes, with 15 reservable units, ensuring a higher success rate for lease creation.
✓ AI selected node type: gpu_p100
  Reasoning: The gpu_p100 node type matches the GPU requirement and has the highest reservable count among GPU nodes, with 15 reservable units, ensuring a higher success rate for lease creation.

============================================================
Step 5: Create Hardware Reservation (with fallbacks)
============================================================

→ GPU required: Tiered fallback strategy:
   Tier 1 (GPU): 7 types
   Tier 2 (Compute): 10 types
   Tier 3 (KVM/VM): 0 types
   Total: 17 attempts

[1/17] Attempting: gpu_p100 [GPU (Tier 1)] (15 reservable / 15 total)
✓ AI determined duration: 72 hours
  Reasoning: The requirements indicate a need for a high-performance computing environment with a powerful GPU and specific software libraries, which suggests a complex setup. This setup likely involves significant installation and configuration time, especially with CUDA, PyTorch, and other specialized libraries. Additionally, the use of these resources often implies intensive computational tasks, such as machine learning model training or large-scale data processing, which can take several days to complete. Therefore, a lease duration of 72 hours is recommended to ensure sufficient time for setup, execution, and any necessary adjustments or troubleshooting.

Creating lease:
  Name: auto-202604282023-gpu_p100
  Node Type: gpu_p100
  Start: 2026-04-28 20:25
  End: 2026-05-01 20:25

✓ Lease created: 34edaf2d-0ee0-4f53-aff0-46ffe9706f62

Waiting for lease to activate...
  Status: PENDING, waiting...
  Status: PENDING, waiting...
  Status: PENDING, waiting...
  Status: PENDING, waiting...
  Status: PENDING, waiting...
  Status: PENDING, waiting...
  Status: PENDING, waiting...
  Status: PENDING, waiting...
  Status: STARTING, waiting...
✓ Lease is ACTIVE
✓ Reservation ID: 5e3e6821-d8f6-4fb7-bc07-6485594fc418
✓ SUCCESS: Lease created with gpu_p100

✓ Final node type: gpu_p100

============================================================
Step 6: Launch Bare Metal Server
============================================================

Launching server:
  Name: auto-server-202604282023
  Image ID: 07263122-bade-4d24-a776-46f4f1c2e26a
  Key: my-key
  Network ID: 1a03cf65-8fd6-4fce-94fd-bbaabe68a8e1
  Reservation ID: 5e3e6821-d8f6-4fb7-bc07-6485594fc418

✓ Server creation initiated: 8bc94c69-1b5c-455d-8320-87d78f5c3d68

Waiting for server to become ACTIVE...
(This may take 10-30 minutes for bare metal)
  Status: BUILD
  Status: ACTIVE

✓ Server is ACTIVE

============================================================
Step 7: Assign Floating IP
============================================================
✓ Using floating IP: 129.114.109.15
✓ Floating IP attached

============================================================
✓ Provisioning Complete!
============================================================
Provisioning Type: Bare Metal (Blazar)
Server Name: auto-server-202604282023
Server ID: 8bc94c69-1b5c-455d-8320-87d78f5c3d68
Lease ID: 34edaf2d-0ee0-4f53-aff0-46ffe9706f62
Reservation ID: 5e3e6821-d8f6-4fb7-bc07-6485594fc418
Image: CC-Ubuntu22.04-CUDA
Node Type: gpu_p100
Floating IP: 129.114.109.15

SSH Connection:
  ssh ubuntu@129.114.109.15

✓ Info saved to: auto-server-202604282023_info.json
End:     2026-04-28T20:35:28Z (exit=0, duration=745s)
