Command: python 2.0/src/provision_v2.py --repo "https://github.com/NVIDIA-AI-Blueprints/pdf-to-podcast" --site tacc
Start:   2026-04-28T21:44:51Z

============================================================
Automated Hardware Provisioning Tool v2.0
============================================================
✓ Configuration loaded
✓ AI client initialized
✓ OpenStack connection established

============================================================
Step 1: Repository Analysis
============================================================
✓ Repository cloned to: /tmp/pdf-to-podcast

✓ Repository requirements analysis complete:
  CPU: 8 cores
  RAM: 64 GB
  GPU: Required
  GPU Memory: None GB
  Disk: 100 GB
  OS: ubuntu 20.04 or 22.04
  CUDA: Required

============================================================
Step 2: Image Selection
============================================================
✓ Found 415 available CC-* images
✓ AI Stage 1: Selected 5 candidates
  Reasoning: The selected images meet the requirements of being Ubuntu-based with versions 20.04 or 22.04 and have CUDA support, which is necessary for GPU usage. The chosen images are: 
1. '07263122-bade-4d24-a776-46f4f1c2e26a' (CC-Ubuntu22.04-CUDA) 
2. 'c82b931e-4cf8-4366-9878-1ae941f24348' (CC-Ubuntu22.04-CUDA) 
3. '91d8e584-bc97-4e81-a1e5-cf858ac3afd7' (CC-Ubuntu20.04-CUDA) 
4. 'a5ed16a4-16fb-4b63-8e62-ad5989bec58a' (CC-Ubuntu20.04-CUDA11) 
5. 'a8fddebf-0e01-47f1-ae35-cc7b1dd99ccc' (CC-Ubuntu20.04-CUDA-20241101). These images ensure compatibility with CUDA and the specified Ubuntu versions.
⚠ No candidates found, using fallback selection
✓ Fallback image: CC-Ubuntu22.04-CUDA

============================================================
Step 3: SSH Key Management
============================================================
✓ Keypair exists: my-key

============================================================
Step 4: Network Configuration
============================================================
✓ Found network: sharednet1 (ID: 1a03cf65-8fd6-4fce-94fd-bbaabe68a8e1)

============================================================
Discovering Available Resources
============================================================

Discovering resources at tacc site...
✓ Found 312 hosts
✓ Discovered 19 node types (ranked by availability & fit):
    compute_cascadelake_r: 55 reservable / 56 total | fit_score: 1.0
    compute_icelake_r650: 49 reservable / 52 total | fit_score: 1.0
    compute_zen3: 32 reservable / 32 total | fit_score: 1.0
    compute_skylake: 26 reservable / 32 total | fit_score: 1.0
    compute_cascadelake: 24 reservable / 24 total | fit_score: 1.0
    compute_icelake_r750: 17 reservable / 20 total | fit_score: 1.0
    compute_haswell_ib: 17 reservable / 17 total | fit_score: 1.0
    gpu_p100: 15 reservable / 15 total | fit_score: 2.0
    storage: 13 reservable / 21 total | fit_score: 0.2
    gpu_mi100: 8 reservable / 8 total | fit_score: 2.0
    compute_arm64: 8 reservable / 8 total | fit_score: 1.0
    compute_liqid: 8 reservable / 8 total | fit_score: 1.0
    compute_gigaio: 6 reservable / 6 total | fit_score: 1.0
    gpu_p100_nvlink: 3 reservable / 4 total | fit_score: 2.0
    gpu_h100: 2 reservable / 2 total | fit_score: 2.0
    gpu_k80: 2 reservable / 2 total | fit_score: 2.0
    gpu_m40: 2 reservable / 2 total | fit_score: 2.0
    storage_hierarchy: 1 reservable / 2 total | fit_score: 0.2
    gpu_p100_v100: 1 reservable / 1 total | fit_score: 2.0
✓ Found 19 node types available

✓ AI resource selection complete
  Node type: gpu_p100
  Reasoning: The user requires a GPU node. Among the available GPU node types, gpu_p100 has the highest reservable count of 15, ensuring a higher success rate for lease creation compared to other GPU options.
✓ AI selected node type: gpu_p100
  Reasoning: The user requires a GPU node. Among the available GPU node types, gpu_p100 has the highest reservable count of 15, ensuring a higher success rate for lease creation compared to other GPU options.

============================================================
Step 5: Create Hardware Reservation (with fallbacks)
============================================================

→ GPU required: Tiered fallback strategy:
   Tier 1 (GPU): 7 types
   Tier 2 (Compute): 10 types
   Tier 3 (KVM/VM): 0 types
   Total: 17 attempts

[1/17] Attempting: gpu_p100 [GPU (Tier 1)] (15 reservable / 15 total)
✓ AI determined duration: 72 hours
  Reasoning: The requirements indicate a complex setup involving GPU resources, CUDA, Docker, and specific licenses and API keys. This suggests a development or testing environment for machine learning or AI applications, which typically require more time for setup, testing, and iteration. Additionally, the need for tracing with Jaeger implies a need for thorough monitoring and debugging, further extending the time required. Therefore, a lease duration of 72 hours is recommended to accommodate these activities.

Creating lease:
  Name: auto-202604282145-gpu_p100
  Node Type: gpu_p100
  Start: 2026-04-28 21:47
  End: 2026-05-01 21:47
  ✗ No capacity available for gpu_p100
  → Trying next option...

[2/17] Attempting: gpu_mi100 [GPU (Tier 1)] (8 reservable / 8 total)
✓ AI determined duration: 72 hours
  Reasoning: The requirements suggest a complex setup involving GPU resources, specific software installations, and API integrations. The need for an NVIDIA AI Enterprise developer license, Docker, NVIDIA Container Toolkit, and Jaeger for tracing indicates a sophisticated environment likely used for AI development or data science tasks. Such setups often require careful configuration and testing, which can be time-consuming. Additionally, the need to integrate API keys for NVIDIA and ElevenLabs suggests that the user might be conducting experiments or development work that could take several days. Therefore, a lease duration of 72 hours is recommended to ensure sufficient time for setup, testing, and any necessary troubleshooting.

Creating lease:
  Name: auto-202604282145-gpu_mi100
  Node Type: gpu_mi100
  Start: 2026-04-28 21:47
  End: 2026-05-01 21:47
  ✗ No capacity available for gpu_mi100
  → Trying next option...

[3/17] Attempting: gpu_p100_nvlink [GPU (Tier 1)] (3 reservable / 4 total)
✓ AI determined duration: 72 hours
  Reasoning: The requirements indicate a need for a high-performance computing environment with GPU capabilities and specific software installations, including NVIDIA AI Enterprise, Docker, and tracing tools like Jaeger. These setups often require significant time for configuration, testing, and execution of tasks, especially if they involve machine learning or AI workloads. Additionally, the need for API keys and specific licenses suggests that the tasks may involve complex integrations or data processing that could extend over multiple days. Therefore, a lease duration of 72 hours is recommended to ensure ample time for setup, execution, and potential troubleshooting.

Creating lease:
  Name: auto-202604282145-gpu_p100_nvlink
  Node Type: gpu_p100_nvlink
  Start: 2026-04-28 21:47
  End: 2026-05-01 21:47
  ✗ No capacity available for gpu_p100_nvlink
  → Trying next option...

[4/17] Attempting: gpu_h100 [GPU (Tier 1)] (2 reservable / 2 total)
✓ AI determined duration: 72 hours
  Reasoning: The requirements suggest a complex setup involving GPU resources, specific software installations, and API integrations. The need for an NVIDIA AI Enterprise developer license, Docker setup, and NVIDIA Container Toolkit indicates a development or testing environment that may require additional time for configuration and testing. Furthermore, the integration of external APIs and tracing tools like Jaeger suggests a comprehensive development or testing phase. A 72-hour lease provides sufficient time to handle these tasks, including potential troubleshooting and adjustments.

Creating lease:
  Name: auto-202604282145-gpu_h100
  Node Type: gpu_h100
  Start: 2026-04-28 21:48
  End: 2026-05-01 21:48
  ✗ No capacity available for gpu_h100
  → Trying next option...

[5/17] Attempting: gpu_k80 [GPU (Tier 1)] (2 reservable / 2 total)
✓ AI determined duration: 72 hours
  Reasoning: The requirements indicate a complex setup involving GPU resources, NVIDIA AI Enterprise developer license, Docker, and other specialized tools like Jaeger for tracing. This suggests a development or testing environment for AI or machine learning workloads, which typically require more time to set up, configure, and test thoroughly. Given the need for potentially lengthy installation and configuration processes, as well as the time needed for running experiments or tests, a lease duration of 72 hours is appropriate to ensure sufficient time for all tasks without interruption.

Creating lease:
  Name: auto-202604282145-gpu_k80
  Node Type: gpu_k80
  Start: 2026-04-28 21:48
  End: 2026-05-01 21:48
  ✗ No capacity available for gpu_k80
  → Trying next option...

[6/17] Attempting: gpu_m40 [GPU (Tier 1)] (2 reservable / 2 total)
✓ AI determined duration: 72 hours
  Reasoning: The requirements indicate a complex setup involving GPU resources, CUDA, and several specialized software components like NVIDIA AI Enterprise, Docker, and Jaeger. This suggests a use case that may involve intensive AI/ML workloads or development tasks, which typically require more time for setup, testing, and execution. Additionally, the need for API keys and tracing tools could imply integration and monitoring tasks that extend the duration. A 72-hour lease provides sufficient time to accommodate these activities, including any potential troubleshooting or adjustments needed during the process.

Creating lease:
  Name: auto-202604282145-gpu_m40
  Node Type: gpu_m40
  Start: 2026-04-28 21:48
  End: 2026-05-01 21:48
  ✗ No capacity available for gpu_m40
  → Trying next option...

[7/17] Attempting: gpu_p100_v100 [GPU (Tier 1)] (1 reservable / 1 total)
✓ AI determined duration: 72 hours
  Reasoning: The requirements indicate a need for a high-performance computing environment with GPU support and specialized software installations, including NVIDIA AI Enterprise, Docker, and NVIDIA Container Toolkit. Additionally, setting up API keys and Jaeger for tracing suggests a complex setup that may require significant time for configuration and testing. A 72-hour lease provides ample time for setup, testing, and any necessary adjustments or troubleshooting.

Creating lease:
  Name: auto-202604282145-gpu_p100_v100
  Node Type: gpu_p100_v100
  Start: 2026-04-28 21:48
  End: 2026-05-01 21:48
  ✗ No capacity available for gpu_p100_v100
  → Trying next option...

→ Switching to: Compute (Tier 2 - degraded)

[8/17] Attempting: compute_cascadelake_r [Compute (Tier 2 - degraded)] (55 reservable / 56 total)
✓ AI determined duration: 72 hours
  Reasoning: The requirements indicate a need for a specialized setup involving GPU resources, CUDA, and specific software installations such as Docker, NVIDIA Container Toolkit, and Jaeger for tracing. Additionally, the need for API keys and the NVIDIA AI Enterprise developer license suggests a complex environment that may require time for configuration, testing, and potential troubleshooting. Given these factors, a 72-hour lease provides sufficient time to ensure all components are properly set up and operational, while allowing for any necessary adjustments or debugging.

Creating lease:
  Name: auto-202604282145-compute_cascadelake_r
  Node Type: compute_cascadelake_r
  Start: 2026-04-28 21:48
  End: 2026-05-01 21:48

✓ Lease created: 714058da-2c82-4343-a7f6-13ac72561731

Waiting for lease to activate...
  Status: PENDING, waiting...
  Status: PENDING, waiting...
  Status: PENDING, waiting...
  Status: PENDING, waiting...
  Status: PENDING, waiting...
  Status: STARTING, waiting...
✓ Lease is ACTIVE
✓ Reservation ID: 08519347-d7c7-4ce9-ad43-326fc8a8234a
✓ SUCCESS: Lease created with compute_cascadelake_r

✓ Final node type: compute_cascadelake_r

============================================================
Step 6: Launch Bare Metal Server
============================================================

Launching server:
  Name: auto-server-202604282145
  Image ID: 07263122-bade-4d24-a776-46f4f1c2e26a
  Key: my-key
  Network ID: 1a03cf65-8fd6-4fce-94fd-bbaabe68a8e1
  Reservation ID: 08519347-d7c7-4ce9-ad43-326fc8a8234a

✓ Server creation initiated: d7375db4-6c23-4546-a679-3f6004d592f9

Waiting for server to become ACTIVE...
(This may take 10-30 minutes for bare metal)
  Status: BUILD
  Status: ACTIVE

✓ Server is ACTIVE

============================================================
Step 7: Assign Floating IP
============================================================
✓ Using floating IP: 129.114.108.70
✓ Floating IP attached

============================================================
✓ Provisioning Complete!
============================================================
Provisioning Type: Bare Metal (Blazar)
Server Name: auto-server-202604282145
Server ID: d7375db4-6c23-4546-a679-3f6004d592f9
Lease ID: 714058da-2c82-4343-a7f6-13ac72561731
Reservation ID: 08519347-d7c7-4ce9-ad43-326fc8a8234a
Image: CC-Ubuntu22.04-CUDA
Node Type: compute_cascadelake_r
Floating IP: 129.114.108.70

SSH Connection:
  ssh ubuntu@129.114.108.70

✓ Info saved to: auto-server-202604282145_info.json
End:     2026-04-28T21:56:59Z (exit=0, duration=728s)
