Command: python 2.0/src/provision_v2.py --repo "https://github.com/TIO-IKIM/CellViT-Inference" --site tacc
Start:   2026-04-25T02:58:56Z

============================================================
Automated Hardware Provisioning Tool v2.0
============================================================
✓ Configuration loaded
✓ AI client initialized
✓ OpenStack connection established

============================================================
Step 1: Repository Analysis
============================================================
✓ Repository cloned to: /tmp/CellViT-Inference

✓ Repository requirements analysis complete:
  CPU: 16 cores
  RAM: 32 GB
  GPU: Required
  GPU Memory: 24 GB
  Disk: 30 GB
  OS: ubuntu None
  CUDA: Required

============================================================
Step 2: Image Selection
============================================================
✓ Found 415 available CC-* images
✓ AI Stage 1: Selected 3 candidates
  Reasoning: The requirements specify an Ubuntu OS with CUDA support, without a specific version constraint, and GPU support is implied by the CUDA requirement. The selected images are Ubuntu versions 24.04, 22.04, and 20.04 with CUDA support, which meet all the specified criteria.

✓ Final Selection: CC-Ubuntu24.04-CUDA
  Image ID: 42c4af2e-2a61-4f1f-bc38-7a89a654370d

============================================================
Step 3: SSH Key Management
============================================================
✓ Keypair exists: my-key

============================================================
Step 4: Network Configuration
============================================================
✓ Found network: sharednet1 (ID: 1a03cf65-8fd6-4fce-94fd-bbaabe68a8e1)

============================================================
Discovering Available Resources
============================================================

Discovering resources at tacc site...
✓ Found 312 hosts
✓ Discovered 19 node types (ranked by availability & fit):
    compute_cascadelake_r: 55 reservable / 56 total | fit_score: 1.0
    compute_icelake_r650: 49 reservable / 52 total | fit_score: 1.0
    compute_zen3: 32 reservable / 32 total | fit_score: 1.0
    compute_skylake: 26 reservable / 32 total | fit_score: 1.0
    compute_cascadelake: 24 reservable / 24 total | fit_score: 1.0
    compute_icelake_r750: 17 reservable / 20 total | fit_score: 1.0
    compute_haswell_ib: 17 reservable / 17 total | fit_score: 1.0
    gpu_p100: 15 reservable / 15 total | fit_score: 2.0
    storage: 13 reservable / 21 total | fit_score: 0.2
    gpu_mi100: 8 reservable / 8 total | fit_score: 2.0
    compute_arm64: 8 reservable / 8 total | fit_score: 1.0
    compute_liqid: 8 reservable / 8 total | fit_score: 1.0
    compute_gigaio: 6 reservable / 6 total | fit_score: 1.0
    gpu_p100_nvlink: 3 reservable / 4 total | fit_score: 2.0
    gpu_h100: 2 reservable / 2 total | fit_score: 2.0
    gpu_k80: 2 reservable / 2 total | fit_score: 2.0
    gpu_m40: 2 reservable / 2 total | fit_score: 2.0
    storage_hierarchy: 1 reservable / 2 total | fit_score: 0.2
    gpu_p100_v100: 1 reservable / 1 total | fit_score: 2.0
✓ Found 19 node types available

✓ AI resource selection complete
  Node type: gpu_p100
  Reasoning: The gpu_p100 node type matches the user's requirement for a GPU with sufficient memory and has the highest reservable count among GPU nodes, with 15 reservable units. This maximizes the success rate for lease creation.
✓ AI selected node type: gpu_p100
  Reasoning: The gpu_p100 node type matches the user's requirement for a GPU with sufficient memory and has the highest reservable count among GPU nodes, with 15 reservable units. This maximizes the success rate for lease creation.

============================================================
Step 5: Create Hardware Reservation (with fallbacks)
============================================================

→ GPU required: Tiered fallback strategy:
   Tier 1 (GPU): 7 types
   Tier 2 (Compute): 10 types
   Tier 3 (KVM/VM): 0 types
   Total: 17 attempts

[1/17] Attempting: gpu_p100 [GPU (Tier 1)] (15 reservable / 15 total)
✓ AI determined duration: 72 hours
  Reasoning: The requirements indicate a high-performance computing task, likely involving machine learning or image processing due to the GPU and CUDA requirements, as well as libraries like PyTorch and OpenCV. Such tasks often require significant setup and computation time. Additionally, the need for specific versions of software and libraries suggests a complex environment setup. A 72-hour lease allows ample time for setup, execution, and any necessary adjustments or troubleshooting.

Creating lease:
  Name: auto-202604250259-gpu_p100
  Node Type: gpu_p100
  Start: 2026-04-25 03:01
  End: 2026-04-28 03:01
  ✗ No capacity available for gpu_p100
  → Trying next option...

[2/17] Attempting: gpu_mi100 [GPU (Tier 1)] (8 reservable / 8 total)
✓ AI determined duration: 72 hours
  Reasoning: The requirements indicate a need for significant computational resources, including a high-end GPU with substantial memory, CUDA support, and a variety of specialized libraries and tools. This suggests the task is likely to be complex, possibly involving intensive data processing or machine learning workloads. Given the need for setup, testing, and execution of potentially long-running processes, a lease duration of 72 hours is recommended to ensure sufficient time for completion without interruption.

Creating lease:
  Name: auto-202604250259-gpu_mi100
  Node Type: gpu_mi100
  Start: 2026-04-25 03:01
  End: 2026-04-28 03:01
  ✗ No capacity available for gpu_mi100
  → Trying next option...

[3/17] Attempting: gpu_p100_nvlink [GPU (Tier 1)] (3 reservable / 4 total)
✓ AI determined duration: 72 hours
  Reasoning: The requirements indicate a need for a high-performance environment with a powerful GPU and specific libraries, suggesting a complex computational task, likely involving deep learning or image processing. Such tasks often require multiple days to complete, especially if they involve training models or processing large datasets. Therefore, a lease duration of 72 hours is recommended to ensure sufficient time for setup, execution, and any potential troubleshooting.

Creating lease:
  Name: auto-202604250259-gpu_p100_nvlink
  Node Type: gpu_p100_nvlink
  Start: 2026-04-25 03:02
  End: 2026-04-28 03:02
  ✗ No capacity available for gpu_p100_nvlink
  → Trying next option...

[4/17] Attempting: gpu_h100 [GPU (Tier 1)] (2 reservable / 2 total)
✓ AI determined duration: 72 hours
  Reasoning: The requirements suggest a high-performance computing task, likely involving machine learning or image processing given the need for a GPU with significant memory, CUDA, and PyTorch. The inclusion of numerous specialized libraries and tools indicates complex setup and potentially long-running computations. A 72-hour lease provides ample time for setup, execution, and any necessary adjustments or reruns.

Creating lease:
  Name: auto-202604250259-gpu_h100
  Node Type: gpu_h100
  Start: 2026-04-25 03:02
  End: 2026-04-28 03:02
  ✗ No capacity available for gpu_h100
  → Trying next option...

[5/17] Attempting: gpu_k80 [GPU (Tier 1)] (2 reservable / 2 total)
✓ AI determined duration: 72 hours
  Reasoning: The requirements indicate a high-performance computational task likely involving machine learning or data processing, given the need for a GPU with 24GB memory, CUDA, and PyTorch. The inclusion of numerous specialized libraries suggests complex processing or analysis tasks. A 72-hour lease provides ample time for setup, execution, and any necessary iterations or troubleshooting, especially considering potential complexities with dependencies and environment configuration.

Creating lease:
  Name: auto-202604250259-gpu_k80
  Node Type: gpu_k80
  Start: 2026-04-25 03:02
  End: 2026-04-28 03:02
  ✗ No capacity available for gpu_k80
  → Trying next option...

[6/17] Attempting: gpu_m40 [GPU (Tier 1)] (2 reservable / 2 total)
✓ AI determined duration: 72 hours
  Reasoning: The requirements suggest a high-performance computing task likely involving machine learning or data processing, given the need for a powerful GPU with 24GB memory, CUDA, and PyTorch. The inclusion of numerous specialized libraries and tools further indicates a complex setup and potentially lengthy computational tasks. A 72-hour lease provides ample time for setup, execution, and any necessary troubleshooting or iterations.

Creating lease:
  Name: auto-202604250259-gpu_m40
  Node Type: gpu_m40
  Start: 2026-04-25 03:02
  End: 2026-04-28 03:02
  ✗ No capacity available for gpu_m40
  → Trying next option...

[7/17] Attempting: gpu_p100_v100 [GPU (Tier 1)] (1 reservable / 1 total)
✓ AI determined duration: 72 hours
  Reasoning: The requirements suggest a high-performance computing task, likely involving machine learning or data processing given the need for a GPU with 24GB memory, CUDA, and PyTorch. The inclusion of numerous specialized libraries and tools indicates a complex setup that might require significant time for configuration, testing, and execution. Therefore, a lease duration of 72 hours is recommended to ensure ample time for setup, execution, and any necessary troubleshooting.

Creating lease:
  Name: auto-202604250259-gpu_p100_v100
  Node Type: gpu_p100_v100
  Start: 2026-04-25 03:03
  End: 2026-04-28 03:03

✓ Lease created: 5513b425-e075-4325-afbd-3b61b7757ed7

Waiting for lease to activate...
  Status: PENDING, waiting...
  Status: PENDING, waiting...
  Status: PENDING, waiting...
  Status: PENDING, waiting...
  Status: PENDING, waiting...
  Status: PENDING, waiting...
  Status: PENDING, waiting...
  Status: PENDING, waiting...
  Status: PENDING, waiting...
✓ Lease is ACTIVE
✓ Reservation ID: e7ff9c2b-c04e-41a1-b213-5cc64a3311f4
✓ SUCCESS: Lease created with gpu_p100_v100

✓ Final node type: gpu_p100_v100

============================================================
Step 6: Launch Bare Metal Server
============================================================

Launching server:
  Name: auto-server-202604250259
  Image ID: 42c4af2e-2a61-4f1f-bc38-7a89a654370d
  Key: my-key
  Network ID: 1a03cf65-8fd6-4fce-94fd-bbaabe68a8e1
  Reservation ID: e7ff9c2b-c04e-41a1-b213-5cc64a3311f4

✓ Server creation initiated: 0b4a5c1b-e9ed-4819-a63d-18d7888e6f6f

Waiting for server to become ACTIVE...
(This may take 10-30 minutes for bare metal)
  Status: BUILD
  Status: ACTIVE

✓ Server is ACTIVE

============================================================
Step 7: Assign Floating IP
============================================================
Creating new floating IP...
✓ Using floating IP: 129.114.108.164
✓ Floating IP attached

============================================================
✓ Provisioning Complete!
============================================================
Provisioning Type: Bare Metal (Blazar)
Server Name: auto-server-202604250259
Server ID: 0b4a5c1b-e9ed-4819-a63d-18d7888e6f6f
Lease ID: 5513b425-e075-4325-afbd-3b61b7757ed7
Reservation ID: e7ff9c2b-c04e-41a1-b213-5cc64a3311f4
Image: CC-Ubuntu24.04-CUDA
Node Type: gpu_p100_v100
Floating IP: 129.114.108.164

SSH Connection:
  ssh ubuntu@129.114.108.164

✓ Info saved to: auto-server-202604250259_info.json
End:     2026-04-25T03:13:17Z (exit=0, duration=861s)
