Command: python 2.0/src/provision_v2.py --repo "https://github.com/NVIDIA/tao_tutorials" --site tacc
Start:   2026-04-28T19:05:48Z

============================================================
Automated Hardware Provisioning Tool v2.0
============================================================
✓ Configuration loaded
✓ AI client initialized
✓ OpenStack connection established

============================================================
Step 1: Repository Analysis
============================================================
✓ Repository cloned to: /tmp/tao_tutorials

✓ Repository requirements analysis complete:
  CPU: 8 cores
  RAM: 16 GB
  GPU: Required
  GPU Memory: 16 GB
  Disk: 100 GB
  OS: ubuntu 22.04
  CUDA: Required

============================================================
Step 2: Image Selection
============================================================
✓ Found 415 available CC-* images
✓ AI Stage 1: Selected 5 candidates
  Reasoning: The requirements specify an Ubuntu 22.04 OS with CUDA support and GPU capability. The selected images are all based on Ubuntu 22.04 and include CUDA support, which is necessary for GPU tasks. These images are the best matches for the given requirements.
⚠ No candidates found, using fallback selection
✓ Fallback image: CC-Ubuntu22.04-CUDA

============================================================
Step 3: SSH Key Management
============================================================
✓ Keypair exists: my-key

============================================================
Step 4: Network Configuration
============================================================
✓ Found network: sharednet1 (ID: 1a03cf65-8fd6-4fce-94fd-bbaabe68a8e1)

============================================================
Discovering Available Resources
============================================================

Discovering resources at tacc site...
✓ Found 312 hosts
✓ Discovered 19 node types (ranked by availability & fit):
    compute_cascadelake_r: 55 reservable / 56 total | fit_score: 1.0
    compute_icelake_r650: 49 reservable / 52 total | fit_score: 1.0
    compute_zen3: 32 reservable / 32 total | fit_score: 1.0
    compute_skylake: 26 reservable / 32 total | fit_score: 1.0
    compute_cascadelake: 24 reservable / 24 total | fit_score: 1.0
    compute_icelake_r750: 17 reservable / 20 total | fit_score: 1.0
    compute_haswell_ib: 17 reservable / 17 total | fit_score: 1.0
    gpu_p100: 15 reservable / 15 total | fit_score: 2.0
    storage: 13 reservable / 21 total | fit_score: 0.2
    gpu_mi100: 8 reservable / 8 total | fit_score: 2.0
    compute_arm64: 8 reservable / 8 total | fit_score: 1.0
    compute_liqid: 8 reservable / 8 total | fit_score: 1.0
    compute_gigaio: 6 reservable / 6 total | fit_score: 1.0
    gpu_p100_nvlink: 3 reservable / 4 total | fit_score: 2.0
    gpu_h100: 2 reservable / 2 total | fit_score: 2.0
    gpu_k80: 2 reservable / 2 total | fit_score: 2.0
    gpu_m40: 2 reservable / 2 total | fit_score: 2.0
    storage_hierarchy: 1 reservable / 2 total | fit_score: 0.2
    gpu_p100_v100: 1 reservable / 1 total | fit_score: 2.0
✓ Found 19 node types available

✓ AI resource selection complete
  Node type: gpu_p100
  Reasoning: The 'gpu_p100' node type meets the user's requirements for a GPU with sufficient memory and has the highest reservable count among GPU options, ensuring a higher success rate for lease creation.
✓ AI selected node type: gpu_p100
  Reasoning: The 'gpu_p100' node type meets the user's requirements for a GPU with sufficient memory and has the highest reservable count among GPU options, ensuring a higher success rate for lease creation.

============================================================
Step 5: Create Hardware Reservation (with fallbacks)
============================================================

→ GPU required: Tiered fallback strategy:
   Tier 1 (GPU): 7 types
   Tier 2 (Compute): 10 types
   Tier 3 (KVM/VM): 0 types
   Total: 17 attempts

[1/17] Attempting: gpu_p100 [GPU (Tier 1)] (15 reservable / 15 total)
✓ AI determined duration: 72 hours
  Reasoning: The requirements indicate a high-performance computing task, likely involving machine learning or deep learning due to the need for a GPU with 16GB memory and CUDA support. The inclusion of specific versions for Docker and NVIDIA tools suggests a complex setup that might involve containerized applications or environments. Given the complexity and the potential time needed to set up, test, and run experiments or computations, a lease duration of 72 hours is recommended to ensure sufficient time for these activities.

Creating lease:
  Name: auto-202604281906-gpu_p100
  Node Type: gpu_p100
  Start: 2026-04-28 19:08
  End: 2026-05-01 19:08
  ✗ No capacity available for gpu_p100
  → Trying next option...

[2/17] Attempting: gpu_mi100 [GPU (Tier 1)] (8 reservable / 8 total)
✓ AI determined duration: 72 hours
  Reasoning: The requirements suggest a setup for a machine learning or deep learning workload, which typically involves significant computational tasks that can take several days to complete. The need for a GPU with CUDA support, specific NVIDIA tools, and a recent Python version indicates that the user is likely running complex models or experiments. A 72-hour lease provides ample time for setup, execution, and potential troubleshooting or iterations, while also considering the possibility of needing to extend the lease if necessary.

Creating lease:
  Name: auto-202604281906-gpu_mi100
  Node Type: gpu_mi100
  Start: 2026-04-28 19:08
  End: 2026-05-01 19:08
  ✗ No capacity available for gpu_mi100
  → Trying next option...

[3/17] Attempting: gpu_p100_nvlink [GPU (Tier 1)] (3 reservable / 4 total)
✓ AI determined duration: 72 hours
  Reasoning: The requirements suggest a high-performance setup with GPU capabilities, CUDA support, and specific versions of Docker and NVIDIA tools, which are typically used for intensive computational tasks such as machine learning or data processing. These tasks often require more than a day, especially if they involve training models or processing large datasets. Therefore, a lease duration of 72 hours is recommended to ensure sufficient time for setup, execution, and any necessary iterations.

Creating lease:
  Name: auto-202604281906-gpu_p100_nvlink
  Node Type: gpu_p100_nvlink
  Start: 2026-04-28 19:08
  End: 2026-05-01 19:08
  ✗ No capacity available for gpu_p100_nvlink
  → Trying next option...

[4/17] Attempting: gpu_h100 [GPU (Tier 1)] (2 reservable / 2 total)
✓ AI determined duration: 72 hours
  Reasoning: The requirements indicate a need for a high-performance setup with a GPU and specific versions of CUDA, Docker, and NVIDIA tools, which suggests a complex computational task, possibly involving machine learning or data processing. These tasks often require extended periods to complete, especially if they involve training models or processing large datasets. Therefore, a lease duration of 72 hours is recommended to ensure sufficient time for setup, execution, and any necessary troubleshooting or iterations.

Creating lease:
  Name: auto-202604281906-gpu_h100
  Node Type: gpu_h100
  Start: 2026-04-28 19:08
  End: 2026-05-01 19:08
  ✗ No capacity available for gpu_h100
  → Trying next option...

[5/17] Attempting: gpu_k80 [GPU (Tier 1)] (2 reservable / 2 total)
✓ AI determined duration: 72 hours
  Reasoning: The requirements indicate a need for a high-performance environment with specific GPU and CUDA capabilities, as well as a modern software stack including Docker and NVIDIA tools. These setups are typically used for complex computational tasks such as machine learning, data analysis, or simulations, which can take several days to complete. Given the detailed and specific nature of the requirements, a lease duration of 72 hours is appropriate to ensure sufficient time for setup, execution, and any necessary troubleshooting or iterations.

Creating lease:
  Name: auto-202604281906-gpu_k80
  Node Type: gpu_k80
  Start: 2026-04-28 19:09
  End: 2026-05-01 19:09

✓ Lease created: df7124b0-7633-4b65-bbb0-49a5eefc170c

Waiting for lease to activate...
  Status: PENDING, waiting...
  Status: PENDING, waiting...
  Status: PENDING, waiting...
  Status: PENDING, waiting...
  Status: PENDING, waiting...
  Status: PENDING, waiting...
  Status: PENDING, waiting...
  Status: PENDING, waiting...
  Status: PENDING, waiting...
  Status: PENDING, waiting...
  Status: PENDING, waiting...
✓ Lease is ACTIVE
✓ Reservation ID: e4acdb17-f7c8-4220-bce6-e0a24824cf5f
✓ SUCCESS: Lease created with gpu_k80

✓ Final node type: gpu_k80

============================================================
Step 6: Launch Bare Metal Server
============================================================

Launching server:
  Name: auto-server-202604281906
  Image ID: 07263122-bade-4d24-a776-46f4f1c2e26a
  Key: my-key
  Network ID: 1a03cf65-8fd6-4fce-94fd-bbaabe68a8e1
  Reservation ID: e4acdb17-f7c8-4220-bce6-e0a24824cf5f

✓ Server creation initiated: e1197c75-c5f7-490e-a94c-4fcc61388d61

Waiting for server to become ACTIVE...
(This may take 10-30 minutes for bare metal)
  Status: BUILD
  Status: ACTIVE

✓ Server is ACTIVE

============================================================
Step 7: Assign Floating IP
============================================================
✓ Using floating IP: 129.114.108.251
✓ Floating IP attached

============================================================
✓ Provisioning Complete!
============================================================
Provisioning Type: Bare Metal (Blazar)
Server Name: auto-server-202604281906
Server ID: e1197c75-c5f7-490e-a94c-4fcc61388d61
Lease ID: df7124b0-7633-4b65-bbb0-49a5eefc170c
Reservation ID: e4acdb17-f7c8-4220-bce6-e0a24824cf5f
Image: CC-Ubuntu22.04-CUDA
Node Type: gpu_k80
Floating IP: 129.114.108.251

SSH Connection:
  ssh ubuntu@129.114.108.251

✓ Info saved to: auto-server-202604281906_info.json
End:     2026-04-28T19:19:59Z (exit=0, duration=851s)
