Command: python 2.0/src/provision_v2.py --repo "https://github.com/PluralisResearch/node0" --site tacc
Start:   2026-04-28T21:00:02Z

============================================================
Automated Hardware Provisioning Tool v2.0
============================================================
✓ Configuration loaded
✓ AI client initialized
✓ OpenStack connection established

============================================================
Step 1: Repository Analysis
============================================================
✓ Repository cloned to: /tmp/node0

✓ Repository requirements analysis complete:
  CPU: None cores
  RAM: 32 GB
  GPU: Required
  GPU Memory: 16 GB
  Disk: 80 GB
  OS: ubuntu 22.04
  CUDA: Required

============================================================
Step 2: Image Selection
============================================================
✓ Found 415 available CC-* images
✓ AI Stage 1: Selected 5 candidates
  Reasoning: The requirement specifies an Ubuntu 22.04 OS with CUDA support, indicating a need for GPU capabilities. The selected images are all based on Ubuntu 22.04 and include CUDA support, satisfying both the OS version and CUDA requirements. These images are the most suitable candidates from the list provided.
⚠ No candidates found, using fallback selection
✓ Fallback image: CC-Ubuntu22.04-CUDA

============================================================
Step 3: SSH Key Management
============================================================
✓ Keypair exists: my-key

============================================================
Step 4: Network Configuration
============================================================
✓ Found network: sharednet1 (ID: 1a03cf65-8fd6-4fce-94fd-bbaabe68a8e1)

============================================================
Discovering Available Resources
============================================================

Discovering resources at tacc site...
✓ Found 312 hosts
✓ Discovered 19 node types (ranked by availability & fit):
    compute_cascadelake_r: 55 reservable / 56 total | fit_score: 1.0
    compute_icelake_r650: 49 reservable / 52 total | fit_score: 1.0
    compute_zen3: 32 reservable / 32 total | fit_score: 1.0
    compute_skylake: 26 reservable / 32 total | fit_score: 1.0
    compute_cascadelake: 24 reservable / 24 total | fit_score: 1.0
    compute_icelake_r750: 17 reservable / 20 total | fit_score: 1.0
    compute_haswell_ib: 17 reservable / 17 total | fit_score: 1.0
    gpu_p100: 15 reservable / 15 total | fit_score: 2.0
    storage: 13 reservable / 21 total | fit_score: 0.2
    gpu_mi100: 8 reservable / 8 total | fit_score: 2.0
    compute_arm64: 8 reservable / 8 total | fit_score: 1.0
    compute_liqid: 8 reservable / 8 total | fit_score: 1.0
    compute_gigaio: 6 reservable / 6 total | fit_score: 1.0
    gpu_p100_nvlink: 3 reservable / 4 total | fit_score: 2.0
    gpu_h100: 2 reservable / 2 total | fit_score: 2.0
    gpu_k80: 2 reservable / 2 total | fit_score: 2.0
    gpu_m40: 2 reservable / 2 total | fit_score: 2.0
    storage_hierarchy: 1 reservable / 2 total | fit_score: 0.2
    gpu_p100_v100: 1 reservable / 1 total | fit_score: 2.0
✓ Found 19 node types available

✓ AI resource selection complete
  Node type: gpu_p100
  Reasoning: The user requires a GPU node with at least 16 GB of GPU memory. Among the available GPU nodes, 'gpu_p100' has the highest reservable count of 15, which maximizes the success rate for lease creation.
✓ AI selected node type: gpu_p100
  Reasoning: The user requires a GPU node with at least 16 GB of GPU memory. Among the available GPU nodes, 'gpu_p100' has the highest reservable count of 15, which maximizes the success rate for lease creation.

============================================================
Step 5: Create Hardware Reservation (with fallbacks)
============================================================

→ GPU required: Tiered fallback strategy:
   Tier 1 (GPU): 7 types
   Tier 2 (Compute): 10 types
   Tier 3 (KVM/VM): 0 types
   Total: 17 attempts

[1/17] Attempting: gpu_p100 [GPU (Tier 1)] (15 reservable / 15 total)
✓ AI determined duration: 72 hours
  Reasoning: The requirements indicate a need for a high-performance environment with a GPU and specific software configurations, including CUDA and Docker, which are often used for machine learning or data-intensive tasks. The inclusion of WSL2 support and HuggingFace access token suggests potential development or testing of AI models, which can be time-consuming. A 72-hour lease provides ample time for setup, execution, and any necessary iterations or troubleshooting.

Creating lease:
  Name: auto-202604282100-gpu_p100
  Node Type: gpu_p100
  Start: 2026-04-28 21:02
  End: 2026-05-01 21:02
  ✗ No capacity available for gpu_p100
  → Trying next option...

[2/17] Attempting: gpu_mi100 [GPU (Tier 1)] (8 reservable / 8 total)
✓ AI determined duration: 72 hours
  Reasoning: The requirements indicate a need for a high-performance environment with a GPU and CUDA support, which suggests tasks related to machine learning or data processing that typically require longer processing times. The inclusion of Docker and HuggingFace access token suggests the use of pre-trained models or training tasks that can be time-consuming. Additionally, the need for WSL2 support implies potential cross-platform development or testing, which can extend the duration. Therefore, a lease duration of 72 hours is recommended to accommodate these tasks comfortably.

Creating lease:
  Name: auto-202604282100-gpu_mi100
  Node Type: gpu_mi100
  Start: 2026-04-28 21:02
  End: 2026-05-01 21:02
  ✗ No capacity available for gpu_mi100
  → Trying next option...

[3/17] Attempting: gpu_p100_nvlink [GPU (Tier 1)] (3 reservable / 4 total)
✓ AI determined duration: 72 hours
  Reasoning: The requirements indicate a need for a high-performance environment with GPU capabilities, CUDA support, and specific software configurations like Docker and WSL2 support. These setups are typically used for intensive tasks such as machine learning model training or complex simulations, which can take several days to complete. Additionally, the need for HuggingFace access token suggests potential use of large language models or datasets, further implying extended usage. Therefore, a lease duration of 72 hours is recommended to ensure sufficient time for setup, execution, and any necessary troubleshooting.

Creating lease:
  Name: auto-202604282100-gpu_p100_nvlink
  Node Type: gpu_p100_nvlink
  Start: 2026-04-28 21:02
  End: 2026-05-01 21:02
  ✗ No capacity available for gpu_p100_nvlink
  → Trying next option...

[4/17] Attempting: gpu_h100 [GPU (Tier 1)] (2 reservable / 2 total)
✓ AI determined duration: 72 hours
  Reasoning: The requirements suggest a high-performance computing task, likely involving machine learning or deep learning due to the need for a GPU with 16GB memory, CUDA, and HuggingFace access. Such tasks often require extended periods for model training or data processing. Additionally, the inclusion of Docker and specific OS and Python versions indicates a complex setup that may take time to configure and utilize effectively. Therefore, a 72-hour lease duration is recommended to ensure sufficient time for setup, execution, and any necessary iterations.

Creating lease:
  Name: auto-202604282100-gpu_h100
  Node Type: gpu_h100
  Start: 2026-04-28 21:03
  End: 2026-05-01 21:03
  ✗ No capacity available for gpu_h100
  → Trying next option...

[5/17] Attempting: gpu_k80 [GPU (Tier 1)] (2 reservable / 2 total)
✓ AI determined duration: 72 hours
  Reasoning: The requirements suggest a setup for a machine learning or deep learning task, likely involving model training or inference using a GPU. The need for a high amount of RAM, a specific GPU memory size, CUDA, and Docker indicates a complex environment setup. Additionally, the mention of WSL2 support suggests potential cross-platform development or testing. These factors combined with the HuggingFace access token imply the use of large models or datasets, which typically require extended processing time. Therefore, a lease duration of 72 hours is recommended to accommodate setup, execution, and any necessary iterations or troubleshooting.

Creating lease:
  Name: auto-202604282100-gpu_k80
  Node Type: gpu_k80
  Start: 2026-04-28 21:03
  End: 2026-05-01 21:03
  ✗ No capacity available for gpu_k80
  → Trying next option...

[6/17] Attempting: gpu_m40 [GPU (Tier 1)] (2 reservable / 2 total)
✓ AI determined duration: 72 hours
  Reasoning: The requirements suggest a high-performance computing task, likely involving machine learning or deep learning given the need for a GPU with 16GB memory, CUDA support, and HuggingFace access. Such tasks often require significant time for data processing and model training. Additionally, the inclusion of Docker and WSL2 support indicates a complex setup, potentially for cross-platform development or testing. A 72-hour lease allows sufficient time for setup, execution, and any necessary iterations.

Creating lease:
  Name: auto-202604282100-gpu_m40
  Node Type: gpu_m40
  Start: 2026-04-28 21:03
  End: 2026-05-01 21:03
  ✗ No capacity available for gpu_m40
  → Trying next option...

[7/17] Attempting: gpu_p100_v100 [GPU (Tier 1)] (1 reservable / 1 total)
✓ AI determined duration: 72 hours
  Reasoning: The requirements indicate a need for a high-performance environment with a focus on GPU capabilities, likely for machine learning or data processing tasks. The inclusion of Docker, Nvidia GPU, and CUDA suggests complex workloads, possibly involving model training or inference. The need for WSL2 support and a HuggingFace access token implies integration with specific tools and libraries, which can require additional setup and testing time. Given these factors, a 72-hour lease provides ample time to complete such tasks, including setup, execution, and any necessary iterations or troubleshooting.

Creating lease:
  Name: auto-202604282100-gpu_p100_v100
  Node Type: gpu_p100_v100
  Start: 2026-04-28 21:03
  End: 2026-05-01 21:03
  ✗ No capacity available for gpu_p100_v100
  → Trying next option...

→ Switching to: Compute (Tier 2 - degraded)

[8/17] Attempting: compute_cascadelake_r [Compute (Tier 2 - degraded)] (55 reservable / 56 total)
✓ AI determined duration: 72 hours
  Reasoning: The requirements indicate a need for a high-performance setup, including a GPU with CUDA support, which suggests a workload involving machine learning or deep learning tasks. Such tasks typically require significant computational resources and time, especially if they involve training models or running experiments. Additionally, the need for Docker, Nvidia GPU, and HuggingFace access token further supports the likelihood of a complex and resource-intensive task. Given these factors, a lease duration of 72 hours is recommended to ensure sufficient time for setup, execution, and any necessary iterations or troubleshooting.

Creating lease:
  Name: auto-202604282100-compute_cascadelake_r
  Node Type: compute_cascadelake_r
  Start: 2026-04-28 21:03
  End: 2026-05-01 21:03

✓ Lease created: 857345a8-4fa2-4b0d-abdc-8cce427b770b

Waiting for lease to activate...
  Status: PENDING, waiting...
  Status: PENDING, waiting...
  Status: PENDING, waiting...
  Status: PENDING, waiting...
✓ Lease is ACTIVE
✓ Reservation ID: bbbcb4e1-b8fc-46de-ae36-c86a70d61bcd
✓ SUCCESS: Lease created with compute_cascadelake_r

✓ Final node type: compute_cascadelake_r

============================================================
Step 6: Launch Bare Metal Server
============================================================

Launching server:
  Name: auto-server-202604282100
  Image ID: 07263122-bade-4d24-a776-46f4f1c2e26a
  Key: my-key
  Network ID: 1a03cf65-8fd6-4fce-94fd-bbaabe68a8e1
  Reservation ID: bbbcb4e1-b8fc-46de-ae36-c86a70d61bcd

✓ Server creation initiated: 6feffa67-1e09-49a2-a023-ec8cdfe51285

Waiting for server to become ACTIVE...
(This may take 10-30 minutes for bare metal)
  Status: BUILD
  Status: ACTIVE

✓ Server is ACTIVE

============================================================
Step 7: Assign Floating IP
============================================================
✓ Using floating IP: 129.114.108.143
✓ Floating IP attached

============================================================
✓ Provisioning Complete!
============================================================
Provisioning Type: Bare Metal (Blazar)
Server Name: auto-server-202604282100
Server ID: 6feffa67-1e09-49a2-a023-ec8cdfe51285
Lease ID: 857345a8-4fa2-4b0d-abdc-8cce427b770b
Reservation ID: bbbcb4e1-b8fc-46de-ae36-c86a70d61bcd
Image: CC-Ubuntu22.04-CUDA
Node Type: compute_cascadelake_r
Floating IP: 129.114.108.143

SSH Connection:
  ssh ubuntu@129.114.108.143

✓ Info saved to: auto-server-202604282100_info.json
End:     2026-04-28T21:10:41Z (exit=0, duration=639s)
