Command: python 2.0/src/provision_v2.py --repo "https://github.com/NVIDIA/tao_tutorials" --site tacc
Start:   2026-04-25T01:46:01Z

============================================================
Automated Hardware Provisioning Tool v2.0
============================================================
✓ Configuration loaded
✓ AI client initialized
✓ OpenStack connection established

============================================================
Step 1: Repository Analysis
============================================================
✓ Repository cloned to: /tmp/tao_tutorials

✓ Repository requirements analysis complete:
  CPU: 8 cores
  RAM: 16 GB
  GPU: Required
  GPU Memory: 16 GB
  Disk: 100 GB
  OS: ubuntu 22.04
  CUDA: Required

============================================================
Step 2: Image Selection
============================================================
✓ Found 415 available CC-* images
✓ AI Stage 1: Selected 5 candidates
  Reasoning: The selected images are all based on Ubuntu 22.04 and include CUDA support, which meets the requirements for the OS type, version, and CUDA support. These images are suitable for GPU-related tasks as they include CUDA, which is necessary for leveraging GPU capabilities.
⚠ No candidates found, using fallback selection
✓ Fallback image: CC-Ubuntu22.04-CUDA

============================================================
Step 3: SSH Key Management
============================================================
✓ Keypair exists: my-key

============================================================
Step 4: Network Configuration
============================================================
✓ Found network: sharednet1 (ID: 1a03cf65-8fd6-4fce-94fd-bbaabe68a8e1)

============================================================
Discovering Available Resources
============================================================

Discovering resources at tacc site...
✓ Found 312 hosts
✓ Discovered 19 node types (ranked by availability & fit):
    compute_cascadelake_r: 55 reservable / 56 total | fit_score: 1.0
    compute_icelake_r650: 49 reservable / 52 total | fit_score: 1.0
    compute_zen3: 32 reservable / 32 total | fit_score: 1.0
    compute_skylake: 26 reservable / 32 total | fit_score: 1.0
    compute_cascadelake: 24 reservable / 24 total | fit_score: 1.0
    compute_icelake_r750: 17 reservable / 20 total | fit_score: 1.0
    compute_haswell_ib: 17 reservable / 17 total | fit_score: 1.0
    gpu_p100: 15 reservable / 15 total | fit_score: 2.0
    storage: 13 reservable / 21 total | fit_score: 0.2
    gpu_mi100: 8 reservable / 8 total | fit_score: 2.0
    compute_arm64: 8 reservable / 8 total | fit_score: 1.0
    compute_liqid: 8 reservable / 8 total | fit_score: 1.0
    compute_gigaio: 6 reservable / 6 total | fit_score: 1.0
    gpu_p100_nvlink: 3 reservable / 4 total | fit_score: 2.0
    gpu_h100: 2 reservable / 2 total | fit_score: 2.0
    gpu_k80: 2 reservable / 2 total | fit_score: 2.0
    gpu_m40: 2 reservable / 2 total | fit_score: 2.0
    storage_hierarchy: 1 reservable / 2 total | fit_score: 0.2
    gpu_p100_v100: 1 reservable / 1 total | fit_score: 2.0
✓ Found 19 node types available

✓ AI resource selection complete
  Node type: gpu_p100
  Reasoning: The gpu_p100 node type meets the user's GPU requirement and has the highest reservable count (15) among the GPU nodes, ensuring higher availability and a greater chance of successful lease creation.
✓ AI selected node type: gpu_p100
  Reasoning: The gpu_p100 node type meets the user's GPU requirement and has the highest reservable count (15) among the GPU nodes, ensuring higher availability and a greater chance of successful lease creation.

============================================================
Step 5: Create Hardware Reservation (with fallbacks)
============================================================

→ GPU required: Tiered fallback strategy:
   Tier 1 (GPU): 7 types
   Tier 2 (Compute): 10 types
   Tier 3 (KVM/VM): 0 types
   Total: 17 attempts

[1/17] Attempting: gpu_p100 [GPU (Tier 1)] (15 reservable / 15 total)
✓ AI determined duration: 72 hours
  Reasoning: The requirements indicate a need for a high-performance setup with a GPU, specific CUDA support, and multiple specialized software components. This suggests a complex setup likely intended for intensive computational tasks such as machine learning or data processing, which typically require more time to complete. Therefore, a lease duration of 72 hours is recommended to accommodate setup, execution, and any necessary adjustments or troubleshooting.

Creating lease:
  Name: auto-202604250146-gpu_p100
  Node Type: gpu_p100
  Start: 2026-04-25 01:48
  End: 2026-04-28 01:48
  ✗ No capacity available for gpu_p100
  → Trying next option...

[2/17] Attempting: gpu_mi100 [GPU (Tier 1)] (8 reservable / 8 total)
✓ AI determined duration: 72 hours
  Reasoning: The requirements indicate a need for a high-performance setup with a GPU, specific CUDA and NVIDIA driver versions, and a modern Python environment. This suggests the user might be running complex machine learning or data processing tasks, which can take significant time to execute. Additionally, the need for Docker and specific NVIDIA container tools implies containerized workflows, which are often used for iterative development and testing. A 72-hour lease provides ample time for setup, execution, and any necessary adjustments or reruns.

Creating lease:
  Name: auto-202604250146-gpu_mi100
  Node Type: gpu_mi100
  Start: 2026-04-25 01:48
  End: 2026-04-28 01:48
  ✗ No capacity available for gpu_mi100
  → Trying next option...

[3/17] Attempting: gpu_p100_nvlink [GPU (Tier 1)] (3 reservable / 4 total)
✓ AI determined duration: 72 hours
  Reasoning: The requirements indicate a need for a high-performance setup with a GPU and specific versions of CUDA and NVIDIA tools, which suggests a resource-intensive task such as machine learning or data processing. These tasks often require more time for setup, execution, and validation. A 72-hour lease provides ample time for completing such tasks, including any necessary troubleshooting or adjustments.

Creating lease:
  Name: auto-202604250146-gpu_p100_nvlink
  Node Type: gpu_p100_nvlink
  Start: 2026-04-25 01:48
  End: 2026-04-28 01:48

✓ Lease created: af0e5dd8-d5a2-4331-b4a7-3bf8711fc48b

Waiting for lease to activate...
  Status: PENDING, waiting...
  Status: PENDING, waiting...
  Status: PENDING, waiting...
  Status: PENDING, waiting...
  Status: PENDING, waiting...
  Status: PENDING, waiting...
✓ Lease is ACTIVE
✓ Reservation ID: 950854ce-faa7-4049-bbc8-b36e88424e69
✓ SUCCESS: Lease created with gpu_p100_nvlink

✓ Final node type: gpu_p100_nvlink

============================================================
Step 6: Launch Bare Metal Server
============================================================

Launching server:
  Name: auto-server-202604250146
  Image ID: 07263122-bade-4d24-a776-46f4f1c2e26a
  Key: my-key
  Network ID: 1a03cf65-8fd6-4fce-94fd-bbaabe68a8e1
  Reservation ID: 950854ce-faa7-4049-bbc8-b36e88424e69

✓ Server creation initiated: ded7c538-12b4-4291-85ed-5269bacd3f31

Waiting for server to become ACTIVE...
(This may take 10-30 minutes for bare metal)
  Status: BUILD
  Status: ACTIVE

✓ Server is ACTIVE

============================================================
Step 7: Assign Floating IP
============================================================
✓ Using floating IP: 129.114.109.140
✓ Floating IP attached

============================================================
✓ Provisioning Complete!
============================================================
Provisioning Type: Bare Metal (Blazar)
Server Name: auto-server-202604250146
Server ID: ded7c538-12b4-4291-85ed-5269bacd3f31
Lease ID: af0e5dd8-d5a2-4331-b4a7-3bf8711fc48b
Reservation ID: 950854ce-faa7-4049-bbc8-b36e88424e69
Image: CC-Ubuntu22.04-CUDA
Node Type: gpu_p100_nvlink
Floating IP: 129.114.109.140

SSH Connection:
  ssh ubuntu@129.114.109.140

✓ Info saved to: auto-server-202604250146_info.json
End:     2026-04-25T01:56:47Z (exit=0, duration=646s)
