Command: python 2.0/src/provision_v2.py --repo "https://github.com/nesaorg/bootstrap" --site tacc
Start:   2026-04-28T21:35:01Z

============================================================
Automated Hardware Provisioning Tool v2.0
============================================================
✓ Configuration loaded
✓ AI client initialized
✓ OpenStack connection established

============================================================
Step 1: Repository Analysis
============================================================
✓ Repository cloned to: /tmp/bootstrap

✓ Repository requirements analysis complete:
  CPU: None cores
  RAM: None GB
  GPU: Not required
  Disk: None GB
  OS: None None
  CUDA: Not required

============================================================
Step 2: Image Selection
============================================================
✓ Found 415 available CC-* images
✓ AI Stage 1: Selected 5 candidates
  Reasoning: The requirements specify no particular OS type, version, or CUDA/GPU support. Therefore, the selection focuses on the most recent and stable images without CUDA or specific hardware dependencies. The chosen images include the latest versions of Ubuntu 20.04, Ubuntu 22.04, Ubuntu 24.04, and CentOS 9 Stream, which are popular and widely supported distributions, ensuring compatibility and stability for a variety of applications.
⚠ No candidates found, using fallback selection
✓ Fallback image: CC-Ubuntu22.04-CUDA

============================================================
Step 3: SSH Key Management
============================================================
✓ Keypair exists: my-key

============================================================
Step 4: Network Configuration
============================================================
✓ Found network: sharednet1 (ID: 1a03cf65-8fd6-4fce-94fd-bbaabe68a8e1)

============================================================
Discovering Available Resources
============================================================

Discovering resources at tacc site...
✓ Found 312 hosts
✓ Discovered 19 node types (ranked by availability & fit):
    compute_cascadelake_r: 55 reservable / 56 total | fit_score: 1.0
    compute_icelake_r650: 49 reservable / 52 total | fit_score: 1.0
    compute_zen3: 32 reservable / 32 total | fit_score: 1.0
    compute_skylake: 26 reservable / 32 total | fit_score: 1.0
    compute_cascadelake: 24 reservable / 24 total | fit_score: 1.0
    compute_icelake_r750: 17 reservable / 20 total | fit_score: 1.0
    compute_haswell_ib: 17 reservable / 17 total | fit_score: 1.0
    gpu_p100: 15 reservable / 15 total | fit_score: 0.3
    storage: 13 reservable / 21 total | fit_score: 0.2
    compute_arm64: 8 reservable / 8 total | fit_score: 1.0
    compute_liqid: 8 reservable / 8 total | fit_score: 1.0
    gpu_mi100: 8 reservable / 8 total | fit_score: 0.3
    compute_gigaio: 6 reservable / 6 total | fit_score: 1.0
    gpu_p100_nvlink: 3 reservable / 4 total | fit_score: 0.3
    gpu_h100: 2 reservable / 2 total | fit_score: 0.3
    gpu_k80: 2 reservable / 2 total | fit_score: 0.3
    gpu_m40: 2 reservable / 2 total | fit_score: 0.3
    storage_hierarchy: 1 reservable / 2 total | fit_score: 0.2
    gpu_p100_v100: 1 reservable / 1 total | fit_score: 0.3
✓ Found 19 node types available

✓ AI resource selection complete
  Node type: compute_cascadelake_r
  Reasoning: The user does not require a GPU, and the compute_cascadelake_r has the highest reservable count among general compute nodes, with 55 reservable out of 56 total. This maximizes the success rate for lease creation.
✓ AI selected node type: compute_cascadelake_r
  Reasoning: The user does not require a GPU, and the compute_cascadelake_r has the highest reservable count among general compute nodes, with 55 reservable out of 56 total. This maximizes the success rate for lease creation.

============================================================
Step 5: Create Hardware Reservation (with fallbacks)
============================================================

→ Trying 17 node types (compute → KVM → others)

[1/17] Attempting: compute_cascadelake_r (55 reservable / 56 total)
✓ AI determined duration: 24 hours
  Reasoning: The requirements provided are very general with no specific resource needs or constraints. In the absence of detailed information, a default lease duration of 24 hours is appropriate to cover typical use cases and provide flexibility for the user to adjust as needed.

Creating lease:
  Name: auto-202604282135-compute_cascadelake_r
  Node Type: compute_cascadelake_r
  Start: 2026-04-28 21:37
  End: 2026-04-29 21:37

✓ Lease created: 97d14c59-03ca-49c3-a71c-2f9f120ad6e1

Waiting for lease to activate...
  Status: PENDING, waiting...
  Status: PENDING, waiting...
  Status: PENDING, waiting...
  Status: PENDING, waiting...
  Status: PENDING, waiting...
  Status: PENDING, waiting...
  Status: PENDING, waiting...
✓ Lease is ACTIVE
✓ Reservation ID: f404c275-9166-4263-80b6-9ce8125c52b2
✓ SUCCESS: Lease created with compute_cascadelake_r

✓ Final node type: compute_cascadelake_r

============================================================
Step 6: Launch Bare Metal Server
============================================================

Launching server:
  Name: auto-server-202604282135
  Image ID: 07263122-bade-4d24-a776-46f4f1c2e26a
  Key: my-key
  Network ID: 1a03cf65-8fd6-4fce-94fd-bbaabe68a8e1
  Reservation ID: f404c275-9166-4263-80b6-9ce8125c52b2

✓ Server creation initiated: b068c989-c8c7-401f-ac0a-b95afbe29217

Waiting for server to become ACTIVE...
(This may take 10-30 minutes for bare metal)
  Status: BUILD
  Status: ACTIVE

✓ Server is ACTIVE

============================================================
Step 7: Assign Floating IP
============================================================
✓ Using floating IP: 129.114.109.59
✓ Floating IP attached

============================================================
✓ Provisioning Complete!
============================================================
Provisioning Type: Bare Metal (Blazar)
Server Name: auto-server-202604282135
Server ID: b068c989-c8c7-401f-ac0a-b95afbe29217
Lease ID: 97d14c59-03ca-49c3-a71c-2f9f120ad6e1
Reservation ID: f404c275-9166-4263-80b6-9ce8125c52b2
Image: CC-Ubuntu22.04-CUDA
Node Type: compute_cascadelake_r
Floating IP: 129.114.109.59

SSH Connection:
  ssh ubuntu@129.114.109.59

✓ Info saved to: auto-server-202604282135_info.json
End:     2026-04-28T21:44:46Z (exit=0, duration=585s)
