Command: python 2.0/src/provision_v2.py --repo "https://github.com/nesaorg/bootstrap" --site tacc
Start:   2026-03-13T03:47:34Z

============================================================
Automated Hardware Provisioning Tool v2.0
============================================================
✓ Configuration loaded
✓ AI client initialized
✓ OpenStack connection established

============================================================
Step 1: Repository Analysis
============================================================
✓ Repository cloned to: /tmp/bootstrap

✓ Repository requirements analysis complete:
  CPU: None cores
  RAM: None GB
  GPU: Not required
  Disk: None GB
  OS: None None
  CUDA: Not required

============================================================
Step 2: Image Selection
============================================================
✓ Found 407 available CC-* images
✓ AI Stage 1: Selected 5 candidates
  Reasoning: The selected images are base Ubuntu and CentOS images without CUDA or GPU dependencies, which match the requirement of not needing CUDA or GPU support. The images chosen are the latest versions of Ubuntu 24.04, 22.04, 20.04, and CentOS 9 Stream, providing a variety of up-to-date options without additional dependencies.
⚠ No candidates found, using fallback selection
✓ Fallback image: CC-Ubuntu22.04-CUDA

============================================================
Step 3: SSH Key Management
============================================================
✓ Keypair exists: my-key

============================================================
Step 4: Network Configuration
============================================================
✓ Found network: sharednet1 (ID: 1a03cf65-8fd6-4fce-94fd-bbaabe68a8e1)

============================================================
Discovering Available Resources
============================================================

Discovering resources at tacc site...
✓ Found 312 hosts
✓ Discovered 19 node types (ranked by availability & fit):
    compute_cascadelake_r: 56 reservable / 56 total | fit_score: 1.0
    compute_icelake_r650: 50 reservable / 52 total | fit_score: 1.0
    compute_zen3: 32 reservable / 32 total | fit_score: 1.0
    compute_skylake: 28 reservable / 32 total | fit_score: 1.0
    compute_cascadelake: 24 reservable / 24 total | fit_score: 1.0
    compute_icelake_r750: 18 reservable / 20 total | fit_score: 1.0
    compute_haswell_ib: 17 reservable / 17 total | fit_score: 1.0
    gpu_p100: 15 reservable / 15 total | fit_score: 0.3
    storage: 13 reservable / 21 total | fit_score: 0.2
    compute_arm64: 8 reservable / 8 total | fit_score: 1.0
    compute_liqid: 8 reservable / 8 total | fit_score: 1.0
    gpu_mi100: 8 reservable / 8 total | fit_score: 0.3
    compute_gigaio: 6 reservable / 6 total | fit_score: 1.0
    gpu_p100_nvlink: 4 reservable / 4 total | fit_score: 0.3
    gpu_h100: 2 reservable / 2 total | fit_score: 0.3
    gpu_k80: 2 reservable / 2 total | fit_score: 0.3
    gpu_m40: 2 reservable / 2 total | fit_score: 0.3
    storage_hierarchy: 2 reservable / 2 total | fit_score: 0.2
    gpu_p100_v100: 1 reservable / 1 total | fit_score: 0.3
✓ Found 19 node types available

✓ AI resource selection complete
  Node type: compute_cascadelake_r
  Reasoning: The user does not require any specific hardware features such as GPU or additional storage. Therefore, a general compute node is suitable. Among the available compute nodes, 'compute_cascadelake_r' has the highest reservable count of 56, ensuring the highest availability and success rate for lease creation.
✓ AI selected node type: compute_cascadelake_r
  Reasoning: The user does not require any specific hardware features such as GPU or additional storage. Therefore, a general compute node is suitable. Among the available compute nodes, 'compute_cascadelake_r' has the highest reservable count of 56, ensuring the highest availability and success rate for lease creation.

============================================================
Step 5: Create Hardware Reservation (with fallbacks)
============================================================

→ Trying 17 node types (compute → KVM → others)

[1/17] Attempting: compute_cascadelake_r (56 reservable / 56 total)
✓ AI determined duration: 24 hours
  Reasoning: The requirements provided are minimal and do not specify any particular usage constraints or special needs. In such cases, a default lease duration of 24 hours is appropriate to accommodate general usage.

Creating lease:
  Name: auto-202603130348-compute_cascadelake_r
  Node Type: compute_cascadelake_r
  Start: 2026-03-13 03:50
  End: 2026-03-14 03:50
  ✗ Failed: Lease creation failed: ERROR: External service enforcement filter denied the request.
  → Trying next option...

[2/17] Attempting: compute_icelake_r650 (50 reservable / 52 total)
✓ AI determined duration: 24 hours
  Reasoning: The requirements provided are very minimal with no specific resource constraints or special requirements. In such cases, a default lease duration of 24 hours is appropriate to cover any general-purpose usage that might arise.

Creating lease:
  Name: auto-202603130348-compute_icelake_r650
  Node Type: compute_icelake_r650
  Start: 2026-03-13 03:51
  End: 2026-03-14 03:51
  ✗ Failed: Lease creation failed: ERROR: External service enforcement filter denied the request.
  → Trying next option...

[3/17] Attempting: compute_zen3 (32 reservable / 32 total)
✓ AI determined duration: 24 hours
  Reasoning: The requirements provided are minimal and non-specific, with no particular constraints or special needs indicated. Defaulting to a standard lease duration of 24 hours to accommodate potential general usage.

Creating lease:
  Name: auto-202603130348-compute_zen3
  Node Type: compute_zen3
  Start: 2026-03-13 03:52
  End: 2026-03-14 03:52

✓ Lease created: 53ad7166-88d7-4171-bcdf-8a2371cf4fc9

Waiting for lease to activate...
  Status: PENDING, waiting...
  Status: PENDING, waiting...
  Status: STARTING, waiting...
✓ Lease is ACTIVE
✓ Reservation ID: e63a919b-1d76-4dfe-bb25-d911023b310d
✓ SUCCESS: Lease created with compute_zen3

✓ Final node type: compute_zen3

============================================================
Step 6: Launch Bare Metal Server
============================================================

Launching server:
  Name: auto-server-202603130348
  Image ID: c82b931e-4cf8-4366-9878-1ae941f24348
  Key: my-key
  Network ID: 1a03cf65-8fd6-4fce-94fd-bbaabe68a8e1
  Reservation ID: e63a919b-1d76-4dfe-bb25-d911023b310d

✓ Server creation initiated: 05411126-38e1-47eb-aafc-f42c82935651

Waiting for server to become ACTIVE...
(This may take 10-30 minutes for bare metal)
  Status: BUILD
  Status: ACTIVE

✓ Server is ACTIVE

============================================================
Step 7: Assign Floating IP
============================================================
Creating new floating IP...
✓ Using floating IP: 129.114.109.31
✓ Floating IP attached

============================================================
✓ Provisioning Complete!
============================================================
Provisioning Type: Bare Metal (Blazar)
Server Name: auto-server-202603130348
Server ID: 05411126-38e1-47eb-aafc-f42c82935651
Lease ID: 53ad7166-88d7-4171-bcdf-8a2371cf4fc9
Reservation ID: e63a919b-1d76-4dfe-bb25-d911023b310d
Image: CC-Ubuntu22.04-CUDA
Node Type: compute_zen3
Floating IP: 129.114.109.31

SSH Connection:
  ssh ubuntu@129.114.109.31

✓ Info saved to: auto-server-202603130348_info.json
End:     2026-03-13T04:01:23Z (exit=0, duration=829s)
