Command: python 2.0/src/provision_v2.py --repo "https://github.com/snel-repo/Kilosort4" --site tacc
Start:   2026-04-25T02:17:28Z

============================================================
Automated Hardware Provisioning Tool v2.0
============================================================
✓ Configuration loaded
✓ AI client initialized
✓ OpenStack connection established

============================================================
Step 1: Repository Analysis
============================================================
✓ Repository cloned to: /tmp/Kilosort4

✓ Repository requirements analysis complete:
  CPU: 4 cores
  RAM: 8 GB
  GPU: Required
  GPU Memory: 8 GB
  Disk: None GB
  OS: ubuntu 20.04
  CUDA: Required

============================================================
Step 2: Image Selection
============================================================
✓ Found 415 available CC-* images
✓ AI Stage 1: Selected 5 candidates
  Reasoning: The requirements specify an Ubuntu 20.04 operating system with CUDA support. The selected images are all based on Ubuntu 20.04 and include CUDA support, which matches the need for GPU and CUDA capabilities. These images are the best candidates as they fulfill all the specified criteria.
⚠ No candidates found, using fallback selection
✓ Fallback image: CC-Ubuntu22.04-CUDA

============================================================
Step 3: SSH Key Management
============================================================
✓ Keypair exists: my-key

============================================================
Step 4: Network Configuration
============================================================
✓ Found network: sharednet1 (ID: 1a03cf65-8fd6-4fce-94fd-bbaabe68a8e1)

============================================================
Discovering Available Resources
============================================================

Discovering resources at tacc site...
✓ Found 312 hosts
✓ Discovered 19 node types (ranked by availability & fit):
    compute_cascadelake_r: 55 reservable / 56 total | fit_score: 1.0
    compute_icelake_r650: 49 reservable / 52 total | fit_score: 1.0
    compute_zen3: 32 reservable / 32 total | fit_score: 1.0
    compute_skylake: 26 reservable / 32 total | fit_score: 1.0
    compute_cascadelake: 24 reservable / 24 total | fit_score: 1.0
    compute_icelake_r750: 17 reservable / 20 total | fit_score: 1.0
    compute_haswell_ib: 17 reservable / 17 total | fit_score: 1.0
    gpu_p100: 15 reservable / 15 total | fit_score: 2.0
    storage: 13 reservable / 21 total | fit_score: 0.2
    gpu_mi100: 8 reservable / 8 total | fit_score: 2.0
    compute_arm64: 8 reservable / 8 total | fit_score: 1.0
    compute_liqid: 8 reservable / 8 total | fit_score: 1.0
    compute_gigaio: 6 reservable / 6 total | fit_score: 1.0
    gpu_p100_nvlink: 3 reservable / 4 total | fit_score: 2.0
    gpu_h100: 2 reservable / 2 total | fit_score: 2.0
    gpu_k80: 2 reservable / 2 total | fit_score: 2.0
    gpu_m40: 2 reservable / 2 total | fit_score: 2.0
    storage_hierarchy: 1 reservable / 2 total | fit_score: 0.2
    gpu_p100_v100: 1 reservable / 1 total | fit_score: 2.0
✓ Found 19 node types available

✓ AI resource selection complete
  Node type: gpu_p100
  Reasoning: The 'gpu_p100' node type matches the requirement for a GPU with at least 8 GB of memory and has the highest reservable count among GPU options, with 15 reservable nodes. This ensures a higher success rate for lease creation.
✓ AI selected node type: gpu_p100
  Reasoning: The 'gpu_p100' node type matches the requirement for a GPU with at least 8 GB of memory and has the highest reservable count among GPU options, with 15 reservable nodes. This ensures a higher success rate for lease creation.

============================================================
Step 5: Create Hardware Reservation (with fallbacks)
============================================================

→ GPU required: Tiered fallback strategy:
   Tier 1 (GPU): 7 types
   Tier 2 (Compute): 10 types
   Tier 3 (KVM/VM): 0 types
   Total: 17 attempts

[1/17] Attempting: gpu_p100 [GPU (Tier 1)] (15 reservable / 15 total)
✓ AI determined duration: 48 hours
  Reasoning: The requirements indicate a need for a GPU with CUDA support, which suggests tasks related to machine learning or deep learning, typically requiring more time for model training or experimentation. Additionally, the inclusion of PyQt for GUI development implies potential development and testing of applications, which can also be time-consuming. Given these factors, a 48-hour lease duration allows ample time for both development and computational tasks.

Creating lease:
  Name: auto-202604250218-gpu_p100
  Node Type: gpu_p100
  Start: 2026-04-25 02:20
  End: 2026-04-27 02:20

✓ Lease created: 7c337c1a-90a5-42a5-9ed1-da7a6e7dcce1

Waiting for lease to activate...
  Status: PENDING, waiting...
  Status: PENDING, waiting...
  Status: PENDING, waiting...
  Status: PENDING, waiting...
  Status: PENDING, waiting...
  Status: PENDING, waiting...
  Status: PENDING, waiting...
  Status: PENDING, waiting...
  Status: PENDING, waiting...
  Status: STARTING, waiting...
✓ Lease is ACTIVE
✓ Reservation ID: fe697076-0c3b-44f1-bb60-df7182bd9584
✓ SUCCESS: Lease created with gpu_p100

✓ Final node type: gpu_p100

============================================================
Step 6: Launch Bare Metal Server
============================================================

Launching server:
  Name: auto-server-202604250218
  Image ID: 07263122-bade-4d24-a776-46f4f1c2e26a
  Key: my-key
  Network ID: 1a03cf65-8fd6-4fce-94fd-bbaabe68a8e1
  Reservation ID: fe697076-0c3b-44f1-bb60-df7182bd9584

✓ Server creation initiated: 328cdddc-0763-4748-b7b7-438276906ca4

Waiting for server to become ACTIVE...
(This may take 10-30 minutes for bare metal)
  Status: BUILD
  Status: ACTIVE

✓ Server is ACTIVE

============================================================
Step 7: Assign Floating IP
============================================================
✓ Using floating IP: 129.114.109.195
✓ Floating IP attached

============================================================
✓ Provisioning Complete!
============================================================
Provisioning Type: Bare Metal (Blazar)
Server Name: auto-server-202604250218
Server ID: 328cdddc-0763-4748-b7b7-438276906ca4
Lease ID: 7c337c1a-90a5-42a5-9ed1-da7a6e7dcce1
Reservation ID: fe697076-0c3b-44f1-bb60-df7182bd9584
Image: CC-Ubuntu22.04-CUDA
Node Type: gpu_p100
Floating IP: 129.114.109.195

SSH Connection:
  ssh ubuntu@129.114.109.195

✓ Info saved to: auto-server-202604250218_info.json
End:     2026-04-25T02:30:24Z (exit=0, duration=776s)
