Command: python 2.0/src/provision_v2.py --repo "https://github.com/PluralisResearch/node0" --site tacc
Start:   2026-03-13T02:49:20Z

============================================================
Automated Hardware Provisioning Tool v2.0
============================================================
✓ Configuration loaded
✓ AI client initialized
✓ OpenStack connection established

============================================================
Step 1: Repository Analysis
============================================================
✓ Repository cloned to: /tmp/node0

✓ Repository requirements analysis complete:
  CPU: None cores
  RAM: 32 GB
  GPU: Required
  GPU Memory: 16 GB
  Disk: 80 GB
  OS: ubuntu 22.04
  CUDA: Required

============================================================
Step 2: Image Selection
============================================================
✓ Found 407 available CC-* images
✓ AI Stage 1: Selected 5 candidates
  Reasoning: The requirements specify Ubuntu 22.04 with CUDA support, which is necessary for GPU usage. The images selected are all based on Ubuntu 22.04 and have CUDA support, fulfilling both the OS version and CUDA requirement. These images are the best candidates for the specified requirements.
⚠ No candidates found, using fallback selection
✓ Fallback image: CC-Ubuntu22.04-CUDA

============================================================
Step 3: SSH Key Management
============================================================
✓ Keypair exists: my-key

============================================================
Step 4: Network Configuration
============================================================
✓ Found network: sharednet1 (ID: 1a03cf65-8fd6-4fce-94fd-bbaabe68a8e1)

============================================================
Discovering Available Resources
============================================================

Discovering resources at tacc site...
✓ Found 312 hosts
✓ Discovered 19 node types (ranked by availability & fit):
    compute_cascadelake_r: 56 reservable / 56 total | fit_score: 1.0
    compute_icelake_r650: 50 reservable / 52 total | fit_score: 1.0
    compute_zen3: 32 reservable / 32 total | fit_score: 1.0
    compute_skylake: 28 reservable / 32 total | fit_score: 1.0
    compute_cascadelake: 24 reservable / 24 total | fit_score: 1.0
    compute_icelake_r750: 18 reservable / 20 total | fit_score: 1.0
    compute_haswell_ib: 17 reservable / 17 total | fit_score: 1.0
    gpu_p100: 15 reservable / 15 total | fit_score: 2.0
    storage: 13 reservable / 21 total | fit_score: 0.2
    gpu_mi100: 8 reservable / 8 total | fit_score: 2.0
    compute_arm64: 8 reservable / 8 total | fit_score: 1.0
    compute_liqid: 8 reservable / 8 total | fit_score: 1.0
    compute_gigaio: 6 reservable / 6 total | fit_score: 1.0
    gpu_p100_nvlink: 4 reservable / 4 total | fit_score: 2.0
    gpu_h100: 2 reservable / 2 total | fit_score: 2.0
    gpu_k80: 2 reservable / 2 total | fit_score: 2.0
    gpu_m40: 2 reservable / 2 total | fit_score: 2.0
    storage_hierarchy: 2 reservable / 2 total | fit_score: 0.2
    gpu_p100_v100: 1 reservable / 1 total | fit_score: 2.0
✓ Found 19 node types available

✓ AI resource selection complete
  Node type: gpu_p100
  Reasoning: The gpu_p100 node type is selected because it has the highest reservable count (15) among GPU nodes that meet the user's requirements for GPU memory and RAM. This ensures a higher success rate for lease creation.
✓ AI selected node type: gpu_p100
  Reasoning: The gpu_p100 node type is selected because it has the highest reservable count (15) among GPU nodes that meet the user's requirements for GPU memory and RAM. This ensures a higher success rate for lease creation.

============================================================
Step 5: Create Hardware Reservation (with fallbacks)
============================================================

→ GPU required: Tiered fallback strategy:
   Tier 1 (GPU): 7 types
   Tier 2 (Compute): 10 types
   Tier 3 (KVM/VM): 0 types
   Total: 17 attempts

[1/17] Attempting: gpu_p100 [GPU (Tier 1)] (15 reservable / 15 total)
✓ AI determined duration: 72 hours
  Reasoning: The requirements suggest a setup for machine learning or deep learning tasks, likely involving model training or inference using a GPU. The inclusion of CUDA, a specific Python version, and HuggingFace access token indicates potential use of machine learning frameworks such as TensorFlow or PyTorch, which can require significant time for setup, data processing, and computation. Additionally, the need for Docker and WSL2 suggests a complex environment setup that may take additional time to configure and test. Therefore, a lease duration of 72 hours is recommended to ensure sufficient time for these tasks.

Creating lease:
  Name: auto-202603130249-gpu_p100
  Node Type: gpu_p100
  Start: 2026-03-13 02:51
  End: 2026-03-16 02:51

✓ Lease created: f8a8b8af-2a47-4cd8-a667-ade6f874c19c

Waiting for lease to activate...
  Status: PENDING, waiting...
  Status: PENDING, waiting...
  Status: PENDING, waiting...
  Status: PENDING, waiting...
  Status: PENDING, waiting...
  Status: PENDING, waiting...
  Status: PENDING, waiting...
  Status: STARTING, waiting...
✓ Lease is ACTIVE
✓ Reservation ID: 9fa8ece3-dac1-4a98-858c-1f588b31634e
✓ SUCCESS: Lease created with gpu_p100

✓ Final node type: gpu_p100

============================================================
Step 6: Launch Bare Metal Server
============================================================

Launching server:
  Name: auto-server-202603130249
  Image ID: c82b931e-4cf8-4366-9878-1ae941f24348
  Key: my-key
  Network ID: 1a03cf65-8fd6-4fce-94fd-bbaabe68a8e1
  Reservation ID: 9fa8ece3-dac1-4a98-858c-1f588b31634e

✓ Server creation initiated: ddf75f39-04ea-4da4-8960-f91e53e89071

Waiting for server to become ACTIVE...
(This may take 10-30 minutes for bare metal)
  Status: BUILD
  Status: ACTIVE

✓ Server is ACTIVE

============================================================
Step 7: Assign Floating IP
============================================================
Creating new floating IP...
✓ Using floating IP: 129.114.108.166
✓ Floating IP attached

============================================================
✓ Provisioning Complete!
============================================================
Provisioning Type: Bare Metal (Blazar)
Server Name: auto-server-202603130249
Server ID: ddf75f39-04ea-4da4-8960-f91e53e89071
Lease ID: f8a8b8af-2a47-4cd8-a667-ade6f874c19c
Reservation ID: 9fa8ece3-dac1-4a98-858c-1f588b31634e
Image: CC-Ubuntu22.04-CUDA
Node Type: gpu_p100
Floating IP: 129.114.108.166

SSH Connection:
  ssh ubuntu@129.114.108.166

✓ Info saved to: auto-server-202603130249_info.json
End:     2026-03-13T03:01:54Z (exit=0, duration=754s)
