Command: python 2.0/src/provision_v2.py --repo "https://github.com/grpc/grpc-go" --site tacc
Start:   2026-02-19T19:37:46Z

============================================================
Automated Hardware Provisioning Tool v2.0
============================================================
✓ Configuration loaded
✓ AI client initialized
✓ OpenStack connection established

============================================================
Step 1: Repository Analysis
============================================================
✓ Repository cloned to: /tmp/grpc-go

✓ Repository requirements analysis complete:
  CPU: 1 cores
  RAM: 1 GB
  GPU: Not required
  Disk: None GB
  OS: None None
  CUDA: Not required

============================================================
Step 2: Image Selection
============================================================
✓ Found 407 available CC-* images
✓ AI Stage 1: Selected 3 candidates
  Reasoning: The requirements specify no particular OS type or version and do not require CUDA or GPU support. Therefore, the selection can be based on general-purpose images without CUDA. The chosen images are the latest versions of popular distributions (Ubuntu 24.04, Ubuntu 22.04, and CentOS 9 Stream) that do not have CUDA or other specialized configurations, making them suitable for a wide range of applications.

✓ Final Selection: CC-Ubuntu24.04
  Image ID: 1b993456-987a-421b-afbf-29aa618565da

============================================================
Step 3: SSH Key Management
============================================================
✓ Keypair exists: my-key

============================================================
Step 4: Network Configuration
============================================================
✓ Found network: sharednet1 (ID: 1a03cf65-8fd6-4fce-94fd-bbaabe68a8e1)

============================================================
Discovering Available Resources
============================================================

Discovering resources at tacc site...
✓ Found 310 hosts
✓ Discovered 18 node types (ranked by availability & fit):
    compute_cascadelake_r: 56 reservable / 56 total | fit_score: 1.0
    compute_icelake_r650: 50 reservable / 52 total | fit_score: 1.0
    compute_zen3: 32 reservable / 32 total | fit_score: 1.0
    compute_skylake: 29 reservable / 32 total | fit_score: 1.0
    compute_cascadelake: 24 reservable / 24 total | fit_score: 1.0
    compute_icelake_r750: 18 reservable / 20 total | fit_score: 1.0
    compute_haswell_ib: 17 reservable / 17 total | fit_score: 1.0
    gpu_p100: 15 reservable / 15 total | fit_score: 0.3
    storage: 13 reservable / 21 total | fit_score: 0.2
    compute_arm64: 8 reservable / 8 total | fit_score: 1.0
    compute_liqid: 8 reservable / 8 total | fit_score: 1.0
    gpu_mi100: 8 reservable / 8 total | fit_score: 0.3
    compute_gigaio: 6 reservable / 6 total | fit_score: 1.0
    gpu_p100_nvlink: 4 reservable / 4 total | fit_score: 0.3
    gpu_k80: 2 reservable / 2 total | fit_score: 0.3
    gpu_m40: 2 reservable / 2 total | fit_score: 0.3
    storage_hierarchy: 2 reservable / 2 total | fit_score: 0.2
    gpu_p100_v100: 1 reservable / 1 total | fit_score: 0.3
✓ Found 18 node types available

✓ AI resource selection complete
  Node type: compute_cascadelake_r
  Reasoning: The compute_cascadelake_r node type is the most suitable as it is a general compute node that meets the user's requirements for CPU and RAM without needing a GPU. It also has the highest reservable count (56), ensuring the highest availability and success rate for lease creation.
✓ AI selected node type: compute_cascadelake_r
  Reasoning: The compute_cascadelake_r node type is the most suitable as it is a general compute node that meets the user's requirements for CPU and RAM without needing a GPU. It also has the highest reservable count (56), ensuring the highest availability and success rate for lease creation.

============================================================
Step 5: Create Hardware Reservation (with fallbacks)
============================================================

→ Trying 16 node types (compute → KVM → others)

[1/16] Attempting: compute_cascadelake_r (56 reservable / 56 total)
✓ AI determined duration: 12 hours
  Reasoning: The requirements specify a lightweight setup with minimal resources (1 CPU core and 1 GB RAM) and no GPU or specific OS requirements. The special requirement for the Go programming language, specifically the two latest major releases, suggests a development or testing environment. Such environments typically do not require extended lease durations. Therefore, a 12-hour lease should be sufficient for most development or testing tasks related to this setup.

Creating lease:
  Name: auto-202602191938-compute_cascadelake_r
  Node Type: compute_cascadelake_r
  Start: 2026-02-19 19:40
  End: 2026-02-20 07:40

✓ Lease created: a977f0b7-0f4f-494c-a458-ccc81a5c42ec

Waiting for lease to activate...
  Status: PENDING, waiting...
  Status: PENDING, waiting...
  Status: PENDING, waiting...
  Status: PENDING, waiting...
  Status: PENDING, waiting...
  Status: PENDING, waiting...
  Status: PENDING, waiting...
  Status: PENDING, waiting...
  Status: PENDING, waiting...
  Status: PENDING, waiting...
  Status: STARTING, waiting...
✓ Lease is ACTIVE
✓ Reservation ID: 8feb7ba2-6156-418f-bdc8-cf7c55e30125
✓ SUCCESS: Lease created with compute_cascadelake_r

✓ Final node type: compute_cascadelake_r

============================================================
Step 6: Launch Bare Metal Server
============================================================

Launching server:
  Name: auto-server-202602191938
  Image ID: 1b993456-987a-421b-afbf-29aa618565da
  Key: my-key
  Network ID: 1a03cf65-8fd6-4fce-94fd-bbaabe68a8e1
  Reservation ID: 8feb7ba2-6156-418f-bdc8-cf7c55e30125

✓ Server creation initiated: 5c7d458c-08dc-4d82-915d-abf326db36b1

Waiting for server to become ACTIVE...
(This may take 10-30 minutes for bare metal)
  Status: BUILD
  Status: ACTIVE

✓ Server is ACTIVE

============================================================
Step 7: Assign Floating IP
============================================================
Creating new floating IP...
✓ Using floating IP: 129.114.109.103
✓ Floating IP attached

============================================================
✓ Provisioning Complete!
============================================================
Provisioning Type: Bare Metal (Blazar)
Server Name: auto-server-202602191938
Server ID: 5c7d458c-08dc-4d82-915d-abf326db36b1
Lease ID: a977f0b7-0f4f-494c-a458-ccc81a5c42ec
Reservation ID: 8feb7ba2-6156-418f-bdc8-cf7c55e30125
Image: CC-Ubuntu24.04
Node Type: compute_cascadelake_r
Floating IP: 129.114.109.103

SSH Connection:
  ssh ubuntu@129.114.109.103

✓ Info saved to: auto-server-202602191938_info.json
End:     2026-02-19T19:48:26Z (exit=0, duration=640s)
