Command: python 2.0/src/provision_v2.py --repo "https://github.com/zeromicro/go-zero" --site tacc
Start:   2026-02-19T19:48:31Z

============================================================
Automated Hardware Provisioning Tool v2.0
============================================================
✓ Configuration loaded
✓ AI client initialized
✓ OpenStack connection established

============================================================
Step 1: Repository Analysis
============================================================
✓ Repository cloned to: /tmp/go-zero

✓ Repository requirements analysis complete:
  CPU: None cores
  RAM: None GB
  GPU: Not required
  Disk: None GB
  OS: None None
  CUDA: Not required

============================================================
Step 2: Image Selection
============================================================
✓ Found 407 available CC-* images
✓ AI Stage 1: Selected 5 candidates
  Reasoning: The requirements specify that there is no specific OS type or version needed, and CUDA or GPU support is not required. Therefore, the selection focuses on images that are likely to be stable and widely compatible. The chosen images are the most recent versions of Ubuntu and CentOS without CUDA or other specialized configurations. These include the latest Ubuntu 24.04 and 22.04 images, as well as the latest CentOS 9 Stream and CentOS 8 Stream images, which are general-purpose and suitable for a wide range of applications.
⚠ No candidates found, using fallback selection
✓ Fallback image: CC-Ubuntu22.04-CUDA

============================================================
Step 3: SSH Key Management
============================================================
✓ Keypair exists: my-key

============================================================
Step 4: Network Configuration
============================================================
✓ Found network: sharednet1 (ID: 1a03cf65-8fd6-4fce-94fd-bbaabe68a8e1)

============================================================
Discovering Available Resources
============================================================

Discovering resources at tacc site...
✓ Found 310 hosts
✓ Discovered 18 node types (ranked by availability & fit):
    compute_cascadelake_r: 56 reservable / 56 total | fit_score: 1.0
    compute_icelake_r650: 50 reservable / 52 total | fit_score: 1.0
    compute_zen3: 32 reservable / 32 total | fit_score: 1.0
    compute_skylake: 29 reservable / 32 total | fit_score: 1.0
    compute_cascadelake: 24 reservable / 24 total | fit_score: 1.0
    compute_icelake_r750: 18 reservable / 20 total | fit_score: 1.0
    compute_haswell_ib: 17 reservable / 17 total | fit_score: 1.0
    gpu_p100: 15 reservable / 15 total | fit_score: 0.3
    storage: 13 reservable / 21 total | fit_score: 0.2
    compute_arm64: 8 reservable / 8 total | fit_score: 1.0
    compute_liqid: 8 reservable / 8 total | fit_score: 1.0
    gpu_mi100: 8 reservable / 8 total | fit_score: 0.3
    compute_gigaio: 6 reservable / 6 total | fit_score: 1.0
    gpu_p100_nvlink: 4 reservable / 4 total | fit_score: 0.3
    gpu_k80: 2 reservable / 2 total | fit_score: 0.3
    gpu_m40: 2 reservable / 2 total | fit_score: 0.3
    storage_hierarchy: 2 reservable / 2 total | fit_score: 0.2
    gpu_p100_v100: 1 reservable / 1 total | fit_score: 0.3
✓ Found 18 node types available

✓ AI resource selection complete
  Node type: compute_cascadelake_r
  Reasoning: The user does not require any specific hardware features such as GPU, high RAM, or storage optimization. Therefore, a general compute node is suitable. Among the available compute node types, 'compute_cascadelake_r' has the highest reservable count of 56, ensuring the highest availability and success rate for lease creation.
✓ AI selected node type: compute_cascadelake_r
  Reasoning: The user does not require any specific hardware features such as GPU, high RAM, or storage optimization. Therefore, a general compute node is suitable. Among the available compute node types, 'compute_cascadelake_r' has the highest reservable count of 56, ensuring the highest availability and success rate for lease creation.

============================================================
Step 5: Create Hardware Reservation (with fallbacks)
============================================================

→ Trying 16 node types (compute → KVM → others)

[1/16] Attempting: compute_cascadelake_r (56 reservable / 56 total)
✓ AI determined duration: 24 hours
  Reasoning: The requirements provided are very general and do not specify any particular resource needs or constraints. In such cases, a default lease duration of 24 hours is appropriate to cover a typical usage period while allowing flexibility for the user to adjust as needed.

Creating lease:
  Name: auto-202602191948-compute_cascadelake_r
  Node Type: compute_cascadelake_r
  Start: 2026-02-19 19:50
  End: 2026-02-20 19:50
  ✗ No capacity available for compute_cascadelake_r
  → Trying next option...

[2/16] Attempting: compute_icelake_r650 (50 reservable / 52 total)
✓ AI determined duration: 24 hours
  Reasoning: The requirements provided are non-specific and do not indicate any particular workload or urgency. Therefore, a default lease duration of 24 hours is appropriate to cover a general use case.

Creating lease:
  Name: auto-202602191948-compute_icelake_r650
  Node Type: compute_icelake_r650
  Start: 2026-02-19 19:51
  End: 2026-02-20 19:51

✓ Lease created: 163febdf-dabd-421b-8fe7-f3c195f43e6c

Waiting for lease to activate...
  Status: PENDING, waiting...
  Status: PENDING, waiting...
  Status: PENDING, waiting...
  Status: PENDING, waiting...
  Status: PENDING, waiting...
  Status: PENDING, waiting...
  Status: PENDING, waiting...
  Status: PENDING, waiting...
  Status: PENDING, waiting...
  Status: PENDING, waiting...
  Status: PENDING, waiting...
  Status: PENDING, waiting...
✓ Lease is ACTIVE
✓ Reservation ID: d178990b-dd47-4639-beec-b102fcf77b03
✓ SUCCESS: Lease created with compute_icelake_r650

✓ Final node type: compute_icelake_r650

============================================================
Step 6: Launch Bare Metal Server
============================================================

Launching server:
  Name: auto-server-202602191948
  Image ID: c82b931e-4cf8-4366-9878-1ae941f24348
  Key: my-key
  Network ID: 1a03cf65-8fd6-4fce-94fd-bbaabe68a8e1
  Reservation ID: d178990b-dd47-4639-beec-b102fcf77b03

✓ Server creation initiated: 505ff9d9-08d4-4452-b978-b48d13f707f4

Waiting for server to become ACTIVE...
(This may take 10-30 minutes for bare metal)
  Status: BUILD
  Status: ACTIVE

✓ Server is ACTIVE

============================================================
Step 7: Assign Floating IP
============================================================
Creating new floating IP...
✓ Using floating IP: 129.114.109.89
✓ Floating IP attached

============================================================
✓ Provisioning Complete!
============================================================
Provisioning Type: Bare Metal (Blazar)
Server Name: auto-server-202602191948
Server ID: 505ff9d9-08d4-4452-b978-b48d13f707f4
Lease ID: 163febdf-dabd-421b-8fe7-f3c195f43e6c
Reservation ID: d178990b-dd47-4639-beec-b102fcf77b03
Image: CC-Ubuntu22.04-CUDA
Node Type: compute_icelake_r650
Floating IP: 129.114.109.89

SSH Connection:
  ssh ubuntu@129.114.109.89

✓ Info saved to: auto-server-202602191948_info.json
