Command: python 2.0/src/provision_v2.py --repo "https://github.com/sveltejs/svelte" --site tacc
Start:   2026-04-16T00:13:01Z

============================================================
Automated Hardware Provisioning Tool v2.0
============================================================
✓ Configuration loaded
✓ AI client initialized
✓ OpenStack connection established

============================================================
Step 1: Repository Analysis
============================================================
✓ Repository cloned to: /tmp/svelte

✓ Repository requirements analysis complete:
  CPU: 2 cores
  RAM: 4 GB
  GPU: Not required
  Disk: 10 GB
  OS: ubuntu 20.04
  CUDA: Not required

============================================================
Step 2: Image Selection
============================================================
✓ Found 415 available CC-* images
✓ AI Stage 1: Selected 5 candidates
  Reasoning: The selected images are all based on Ubuntu 20.04, which matches the required OS type and version. None of these images have CUDA in their naming, indicating they do not include CUDA support, which aligns with the requirement of not needing CUDA. Additionally, none of the images specify GPU support, which is also not required. These images are the best fit for the given requirements.
⚠ No candidates found, using fallback selection
✓ Fallback image: CC-Ubuntu22.04-CUDA

============================================================
Step 3: SSH Key Management
============================================================
✓ Keypair exists: my-key

============================================================
Step 4: Network Configuration
============================================================
✓ Found network: sharednet1 (ID: 1a03cf65-8fd6-4fce-94fd-bbaabe68a8e1)

============================================================
Discovering Available Resources
============================================================

Discovering resources at tacc site...
✓ Found 312 hosts
✓ Discovered 19 node types (ranked by availability & fit):
    compute_cascadelake_r: 55 reservable / 56 total | fit_score: 1.0
    compute_icelake_r650: 50 reservable / 52 total | fit_score: 1.0
    compute_zen3: 32 reservable / 32 total | fit_score: 1.0
    compute_skylake: 26 reservable / 32 total | fit_score: 1.0
    compute_cascadelake: 24 reservable / 24 total | fit_score: 1.0
    compute_icelake_r750: 17 reservable / 20 total | fit_score: 1.0
    compute_haswell_ib: 17 reservable / 17 total | fit_score: 1.0
    gpu_p100: 15 reservable / 15 total | fit_score: 0.3
    storage: 13 reservable / 21 total | fit_score: 0.2
    compute_arm64: 8 reservable / 8 total | fit_score: 1.0
    compute_liqid: 8 reservable / 8 total | fit_score: 1.0
    gpu_mi100: 8 reservable / 8 total | fit_score: 0.3
    compute_gigaio: 6 reservable / 6 total | fit_score: 1.0
    gpu_p100_nvlink: 4 reservable / 4 total | fit_score: 0.3
    gpu_h100: 2 reservable / 2 total | fit_score: 0.3
    gpu_k80: 2 reservable / 2 total | fit_score: 0.3
    gpu_m40: 2 reservable / 2 total | fit_score: 0.3
    storage_hierarchy: 1 reservable / 2 total | fit_score: 0.2
    gpu_p100_v100: 1 reservable / 1 total | fit_score: 0.3
✓ Found 19 node types available

✓ AI resource selection complete
  Node type: compute_cascadelake_r
  Reasoning: The compute_cascadelake_r node type is selected because it has the highest reservable count (55) among the compute nodes that match the user's requirements for CPU, RAM, and disk. This high availability increases the likelihood of successful lease creation.
✓ AI selected node type: compute_cascadelake_r
  Reasoning: The compute_cascadelake_r node type is selected because it has the highest reservable count (55) among the compute nodes that match the user's requirements for CPU, RAM, and disk. This high availability increases the likelihood of successful lease creation.

============================================================
Step 5: Create Hardware Reservation (with fallbacks)
============================================================

→ Trying 17 node types (compute → KVM → others)

[1/17] Attempting: compute_cascadelake_r (55 reservable / 56 total)
✓ AI determined duration: 48 hours
  Reasoning: The requirements suggest a development environment setup for a JavaScript/TypeScript project, which typically involves setting up and testing various tools like pnpm, Node.js, eslint, prettier, and TypeScript. Given the need for setting up and potentially debugging the environment, a 48-hour lease provides ample time for these tasks, especially if the user is iterating on development and testing.

Creating lease:
  Name: auto-202604160013-compute_cascadelake_r
  Node Type: compute_cascadelake_r
  Start: 2026-04-16 00:15
  End: 2026-04-18 00:15

✓ Lease created: 25fa4e6c-5846-44b1-897f-a3e1e388cf88

Waiting for lease to activate...
  Status: PENDING, waiting...
  Status: PENDING, waiting...
  Status: PENDING, waiting...
  Status: STARTING, waiting...
✓ Lease is ACTIVE
✓ Reservation ID: 3344459e-d63b-40b5-9a4d-0e8a2d1f2841
✓ SUCCESS: Lease created with compute_cascadelake_r

✓ Final node type: compute_cascadelake_r

============================================================
Step 6: Launch Bare Metal Server
============================================================

Launching server:
  Name: auto-server-202604160013
  Image ID: 07263122-bade-4d24-a776-46f4f1c2e26a
  Key: my-key
  Network ID: 1a03cf65-8fd6-4fce-94fd-bbaabe68a8e1
  Reservation ID: 3344459e-d63b-40b5-9a4d-0e8a2d1f2841

✓ Server creation initiated: aa643c85-155c-4b50-80c5-bb9c9bfd6478

Waiting for server to become ACTIVE...
(This may take 10-30 minutes for bare metal)
  Status: BUILD
  Status: ACTIVE

✓ Server is ACTIVE

============================================================
Step 7: Assign Floating IP
============================================================
Creating new floating IP...
✓ Using floating IP: 129.114.108.46
✓ Floating IP attached

============================================================
✓ Provisioning Complete!
============================================================
Provisioning Type: Bare Metal (Blazar)
Server Name: auto-server-202604160013
Server ID: aa643c85-155c-4b50-80c5-bb9c9bfd6478
Lease ID: 25fa4e6c-5846-44b1-897f-a3e1e388cf88
Reservation ID: 3344459e-d63b-40b5-9a4d-0e8a2d1f2841
Image: CC-Ubuntu22.04-CUDA
Node Type: compute_cascadelake_r
Floating IP: 129.114.108.46

SSH Connection:
  ssh ubuntu@129.114.108.46

✓ Info saved to: auto-server-202604160013_info.json
End:     2026-04-16T00:24:22Z (exit=0, duration=681s)
