Command: python 2.0/src/provision_v2.py --repo "https://github.com/yrcong/RelTR" --site tacc
Start:   2026-02-19T00:26:48Z

============================================================
Automated Hardware Provisioning Tool v2.0
============================================================
✓ Configuration loaded
✓ AI client initialized
✓ OpenStack connection established

============================================================
Step 1: Repository Analysis
============================================================
✓ Repository cloned to: /tmp/RelTR

✓ Repository requirements analysis complete:
  CPU: 8 cores
  RAM: 16 GB
  GPU: Required
  GPU Memory: 8 GB
  Disk: 50 GB
  OS: ubuntu 20.04
  CUDA: Required

============================================================
Step 2: Image Selection
============================================================
✓ Found 407 available CC-* images
✓ AI Stage 1: Selected 5 candidates
  Reasoning: The selected images all meet the requirements of having Ubuntu 20.04 as the base operating system and include CUDA support, which is necessary for GPU utilization. These images are the most recent versions available, ensuring up-to-date features and security patches.

✓ Final Selection: CC-Ubuntu20.04-CUDA
  Image ID: 91d8e584-bc97-4e81-a1e5-cf858ac3afd7

============================================================
Step 3: SSH Key Management
============================================================
✓ Keypair exists: my-key

============================================================
Step 4: Network Configuration
============================================================
✓ Found network: sharednet1 (ID: 1a03cf65-8fd6-4fce-94fd-bbaabe68a8e1)

============================================================
Discovering Available Resources
============================================================

Discovering resources at tacc site...
✓ Found 310 hosts
✓ Discovered 18 node types (ranked by availability & fit):
    compute_cascadelake_r: 56 reservable / 56 total | fit_score: 1.0
    compute_icelake_r650: 50 reservable / 52 total | fit_score: 1.0
    compute_zen3: 32 reservable / 32 total | fit_score: 1.0
    compute_skylake: 29 reservable / 32 total | fit_score: 1.0
    compute_cascadelake: 24 reservable / 24 total | fit_score: 1.0
    compute_icelake_r750: 18 reservable / 20 total | fit_score: 1.0
    compute_haswell_ib: 17 reservable / 17 total | fit_score: 1.0
    gpu_p100: 15 reservable / 15 total | fit_score: 2.0
    storage: 13 reservable / 21 total | fit_score: 0.2
    gpu_mi100: 8 reservable / 8 total | fit_score: 2.0
    compute_arm64: 8 reservable / 8 total | fit_score: 1.0
    compute_liqid: 8 reservable / 8 total | fit_score: 1.0
    compute_gigaio: 6 reservable / 6 total | fit_score: 1.0
    gpu_p100_nvlink: 4 reservable / 4 total | fit_score: 2.0
    gpu_k80: 2 reservable / 2 total | fit_score: 2.0
    gpu_m40: 2 reservable / 2 total | fit_score: 2.0
    storage_hierarchy: 2 reservable / 2 total | fit_score: 0.2
    gpu_p100_v100: 1 reservable / 1 total | fit_score: 2.0
✓ Found 18 node types available

✓ AI resource selection complete
  Node type: gpu_p100
  Reasoning: The user requires a GPU node with at least 8 GB of GPU memory. Among the available GPU nodes, 'gpu_p100' has the highest reservable count of 15, ensuring a higher success rate for lease creation.
✓ AI selected node type: gpu_p100
  Reasoning: The user requires a GPU node with at least 8 GB of GPU memory. Among the available GPU nodes, 'gpu_p100' has the highest reservable count of 15, ensuring a higher success rate for lease creation.

============================================================
Step 5: Create Hardware Reservation (with fallbacks)
============================================================

→ GPU required: Trying 6 GPU types in order of availability

[1/6] Attempting: gpu_p100 (15 reservable / 15 total)
✓ AI determined duration: 72 hours
  Reasoning: The requirements indicate a need for a GPU with specific CUDA and PyTorch versions, suggesting a machine learning or deep learning task. These tasks often require extended computation time for training models, which can range from several hours to multiple days depending on the dataset and model complexity. Given the specific versions of software and libraries, it is likely that the task is not trivial and may involve significant computation. Therefore, a lease duration of 72 hours is recommended to ensure sufficient time for setup, execution, and any necessary adjustments or re-runs.

Creating lease:
  Name: auto-202602190027-gpu_p100
  Node Type: gpu_p100
  Start: 2026-02-19 00:29
  End: 2026-02-22 00:29
  ✗ No capacity available for gpu_p100
  → Trying next option...

[2/6] Attempting: gpu_mi100 (8 reservable / 8 total)
✓ AI determined duration: 48 hours
  Reasoning: The requirements suggest a setup for a machine learning or deep learning task, likely involving training or inference with PyTorch. Given the need for a GPU and specific CUDA version, along with other specialized libraries, it is reasonable to assume that the task might involve significant computation time. A 48-hour lease provides ample time for setup, execution, and any necessary adjustments or troubleshooting, especially if the task involves iterative development or experimentation.

Creating lease:
  Name: auto-202602190027-gpu_mi100
  Node Type: gpu_mi100
  Start: 2026-02-19 00:29
  End: 2026-02-21 00:29

✓ Lease created: d6c622a2-f220-477b-bce5-b05f616ad864

Waiting for lease to activate...
  Status: PENDING, waiting...
  Status: PENDING, waiting...
  Status: PENDING, waiting...
  Status: PENDING, waiting...
  Status: PENDING, waiting...
  Status: PENDING, waiting...
  Status: PENDING, waiting...
  Status: STARTING, waiting...
✓ Lease is ACTIVE
✓ Reservation ID: 3c3c79d8-8099-4c22-9c4a-cf1c8291db59
✓ SUCCESS: Lease created with gpu_mi100

✓ Final node type: gpu_mi100

============================================================
Step 6: Launch Bare Metal Server
============================================================

Launching server:
  Name: auto-server-202602190029
  Image ID: 91d8e584-bc97-4e81-a1e5-cf858ac3afd7
  Key: my-key
  Network ID: 1a03cf65-8fd6-4fce-94fd-bbaabe68a8e1
  Reservation ID: 3c3c79d8-8099-4c22-9c4a-cf1c8291db59

✓ Server creation initiated: a4e95a32-7f76-4f93-8423-40af076b2d8a

Waiting for server to become ACTIVE...
(This may take 10-30 minutes for bare metal)
  Status: BUILD
  Status: ACTIVE

✓ Server is ACTIVE

============================================================
Step 7: Assign Floating IP
============================================================
Creating new floating IP...
✓ Using floating IP: 129.114.108.134
✓ Floating IP attached

============================================================
✓ Provisioning Complete!
============================================================
Server Name: auto-server-202602190029
Server ID: a4e95a32-7f76-4f93-8423-40af076b2d8a
Lease ID: d6c622a2-f220-477b-bce5-b05f616ad864
Reservation ID: 3c3c79d8-8099-4c22-9c4a-cf1c8291db59
Image: CC-Ubuntu20.04-CUDA
Node Type: gpu_mi100
Floating IP: 129.114.108.134

SSH Connection:
  ssh ubuntu@129.114.108.134

✓ Info saved to: auto-server-202602190029_info.json
End:     2026-02-19T00:38:28Z (exit=0, duration=700s)
