Command: python 2.0/src/provision_v2.py --repo "https://github.com/elastic/logstash" --site tacc
Start:   2026-04-15T22:34:31Z
Traceback (most recent call last):
  File "2.0/src/provision_v2.py", line 512, in launch_server_with_sdk
    raise Exception("Timeout waiting for server activation")
Exception: Timeout waiting for server activation

During handling of the above exception, another exception occurred:

Traceback (most recent call last):
  File "2.0/src/provision_v2.py", line 740, in main
    server_id, server_info = launch_server_with_sdk(
  File "2.0/src/provision_v2.py", line 515, in launch_server_with_sdk
    raise Exception(f"Server launch failed: {str(e)}")
Exception: Server launch failed: Timeout waiting for server activation

During handling of the above exception, another exception occurred:

Traceback (most recent call last):
  File "/home/cc/EnvAgent-plus/2.0/src/kvm_launcher.py", line 49, in select_kvm_flavor
    raise Exception("No KVM-capable flavors available (only baremetal found)")
Exception: No KVM-capable flavors available (only baremetal found)

During handling of the above exception, another exception occurred:

Traceback (most recent call last):
  File "/home/cc/EnvAgent-plus/2.0/src/kvm_launcher.py", line 112, in launch_kvm_instance
    flavor_id = select_kvm_flavor(os_conn, cpu_cores, ram_gb, min_disk_gb=min_disk_gb)
  File "/home/cc/EnvAgent-plus/2.0/src/kvm_launcher.py", line 75, in select_kvm_flavor
    raise Exception(f"KVM flavor selection failed: {e}")
Exception: KVM flavor selection failed: No KVM-capable flavors available (only baremetal found)

During handling of the above exception, another exception occurred:

Traceback (most recent call last):
  File "2.0/src/provision_v2.py", line 758, in main
    server_id, server_info = launch_kvm_instance(
  File "/home/cc/EnvAgent-plus/2.0/src/kvm_launcher.py", line 168, in launch_kvm_instance
    raise Exception(f"KVM instance launch failed: {str(e)}")
Exception: KVM instance launch failed: KVM flavor selection failed: No KVM-capable flavors available (only baremetal found)

During handling of the above exception, another exception occurred:

Traceback (most recent call last):
  File "2.0/src/provision_v2.py", line 772, in main
    raise Exception(f"Complete provisioning failure across all tiers")
Exception: Complete provisioning failure across all tiers

============================================================
Automated Hardware Provisioning Tool v2.0
============================================================
✓ Configuration loaded
✓ AI client initialized
✓ OpenStack connection established

============================================================
Step 1: Repository Analysis
============================================================
✓ Repository cloned to: /tmp/logstash

✓ Repository requirements analysis complete:
  CPU: 2 cores
  RAM: 4 GB
  GPU: Not required
  Disk: 10 GB
  OS: ubuntu 20.04
  CUDA: Not required

============================================================
Step 2: Image Selection
============================================================
✓ Found 415 available CC-* images
✓ AI Stage 1: Selected 5 candidates
  Reasoning: The requirement specifies Ubuntu 20.04 without CUDA or GPU support. The selected images are all Ubuntu 20.04 versions without any mention of CUDA. These images are the most suitable as they meet the OS type and version requirements while not including unnecessary CUDA support.
⚠ No candidates found, using fallback selection
✓ Fallback image: CC-Ubuntu22.04-CUDA

============================================================
Step 3: SSH Key Management
============================================================
✓ Keypair exists: my-key

============================================================
Step 4: Network Configuration
============================================================
✓ Found network: sharednet1 (ID: 1a03cf65-8fd6-4fce-94fd-bbaabe68a8e1)

============================================================
Discovering Available Resources
============================================================

Discovering resources at tacc site...
✓ Found 312 hosts
✓ Discovered 19 node types (ranked by availability & fit):
    compute_cascadelake_r: 55 reservable / 56 total | fit_score: 1.0
    compute_icelake_r650: 50 reservable / 52 total | fit_score: 1.0
    compute_zen3: 32 reservable / 32 total | fit_score: 1.0
    compute_skylake: 26 reservable / 32 total | fit_score: 1.0
    compute_cascadelake: 24 reservable / 24 total | fit_score: 1.0
    compute_icelake_r750: 17 reservable / 20 total | fit_score: 1.0
    compute_haswell_ib: 17 reservable / 17 total | fit_score: 1.0
    gpu_p100: 15 reservable / 15 total | fit_score: 0.3
    storage: 13 reservable / 21 total | fit_score: 0.2
    compute_arm64: 8 reservable / 8 total | fit_score: 1.0
    compute_liqid: 8 reservable / 8 total | fit_score: 1.0
    gpu_mi100: 8 reservable / 8 total | fit_score: 0.3
    compute_gigaio: 6 reservable / 6 total | fit_score: 1.0
    gpu_p100_nvlink: 4 reservable / 4 total | fit_score: 0.3
    gpu_h100: 2 reservable / 2 total | fit_score: 0.3
    gpu_k80: 2 reservable / 2 total | fit_score: 0.3
    gpu_m40: 2 reservable / 2 total | fit_score: 0.3
    storage_hierarchy: 1 reservable / 2 total | fit_score: 0.2
    gpu_p100_v100: 1 reservable / 1 total | fit_score: 0.3
✓ Found 19 node types available

✓ AI resource selection complete
  Node type: compute_cascadelake_r
  Reasoning: The 'compute_cascadelake_r' node type has the highest reservable count of 55 among the compute nodes that meet the user's requirements for CPU, RAM, and disk. This ensures the highest availability and success rate for lease creation.
✓ AI selected node type: compute_cascadelake_r
  Reasoning: The 'compute_cascadelake_r' node type has the highest reservable count of 55 among the compute nodes that meet the user's requirements for CPU, RAM, and disk. This ensures the highest availability and success rate for lease creation.

============================================================
Step 5: Create Hardware Reservation (with fallbacks)
============================================================

→ Trying 17 node types (compute → KVM → others)

[1/17] Attempting: compute_cascadelake_r (55 reservable / 56 total)
✓ AI determined duration: 72 hours
  Reasoning: The requirements suggest a development or build environment setup, likely for software development or package building. This typically involves setting up the environment, running builds, and possibly debugging or testing, which can take several days. A 72-hour lease provides sufficient time to complete these tasks without interruption, considering potential delays or the need for iterative testing and adjustments.

Creating lease:
  Name: auto-202604152235-compute_cascadelake_r
  Node Type: compute_cascadelake_r
  Start: 2026-04-15 22:37
  End: 2026-04-18 22:37

✓ Lease created: 078f03e5-b468-446a-aa3b-1cc03d478cb6

Waiting for lease to activate...
  Status: PENDING, waiting...
  Status: PENDING, waiting...
  Status: PENDING, waiting...
  Status: PENDING, waiting...
  Status: PENDING, waiting...
  Status: PENDING, waiting...
  Status: STARTING, waiting...
✓ Lease is ACTIVE
✓ Reservation ID: f8bcd84c-8811-4984-8bae-0c8fa820e99a
✓ SUCCESS: Lease created with compute_cascadelake_r

✓ Final node type: compute_cascadelake_r

============================================================
Step 6: Launch Bare Metal Server
============================================================

Launching server:
  Name: auto-server-202604152235
  Image ID: 07263122-bade-4d24-a776-46f4f1c2e26a
  Key: my-key
  Network ID: 1a03cf65-8fd6-4fce-94fd-bbaabe68a8e1
  Reservation ID: f8bcd84c-8811-4984-8bae-0c8fa820e99a

✓ Server creation initiated: 14acc49f-2832-44f3-8711-ed1640e74ccb

Waiting for server to become ACTIVE...
(This may take 10-30 minutes for bare metal)
  Status: BUILD

============================================================
TIER 4 FALLBACK: KVM Virtual Machines
============================================================
Blazar bare-metal exhausted: Server launch failed: Timeout waiting for server activation

→ Switching to direct Nova VM launch (no reservation needed)

  Launching KVM VM:
    Name: auto-server-202604152235
    Image ID: 07263122-bade-4d24-a776-46f4f1c2e26a
    Key: my-key
    Network ID: 1a03cf65-8fd6-4fce-94fd-bbaabe68a8e1

  Selecting KVM flavor (CPU: 2, RAM: 4GB)...

✗ KVM VM fallback also failed: KVM instance launch failed: KVM flavor selection failed: No KVM-capable flavors available (only baremetal found)

✗ All provisioning tiers exhausted:
   Tier 1-3 (Blazar bare-metal): Server launch failed: Timeout waiting for server activation
   Tier 4 (KVM VMs): KVM instance launch failed: KVM flavor selection failed: No KVM-capable flavors available (only baremetal found)


✗ ERROR: Complete provisioning failure across all tiers
End:     2026-04-15T23:07:39Z (exit=1, duration=1988s)
