Command: python 2.0/src/provision_v2.py --repo "https://github.com/uiuc-arc/flex" --site tacc
Start:   2026-01-15T21:15:06Z

============================================================
Automated Hardware Provisioning Tool v2.0
============================================================
✓ Configuration loaded
✓ AI client initialized
✓ OpenStack connection established

============================================================
Step 1: Repository Analysis
============================================================
✓ Repository cloned to: /tmp/flex

✓ Repository requirements analysis complete:
  CPU: 2 cores
  RAM: 4 GB
  GPU: Not required
  Disk: 5 GB
  OS: ubuntu 20.04
  CUDA: Not required

============================================================
Step 2: Image Selection
============================================================
✓ Found 407 available CC-* images
✓ AI Stage 1: Selected 5 candidates
  Reasoning: The requirements specify an Ubuntu 20.04 image without CUDA or GPU support. The selected images are all Ubuntu 20.04 without any mention of CUDA, ensuring they meet the criteria of not requiring CUDA or GPU support. These images are also among the most recent ones available, ensuring up-to-date security and software updates.
⚠ No candidates found, using fallback selection
✓ Fallback image: CC-Ubuntu22.04-CUDA

============================================================
Step 3: SSH Key Management
============================================================
✓ Keypair exists: my-key

============================================================
Step 4: Network Configuration
============================================================
✓ Found network: sharednet1 (ID: 1a03cf65-8fd6-4fce-94fd-bbaabe68a8e1)

============================================================
Discovering Available Resources
============================================================

Discovering resources at tacc site...
✓ Found 310 hosts
✓ Discovered 18 node types: compute_arm64, compute_cascadelake, compute_cascadelake_r, compute_gigaio, compute_haswell_ib, compute_icelake_r650, compute_icelake_r750, compute_liqid, compute_skylake, compute_zen3, gpu_k80, gpu_m40, gpu_mi100, gpu_p100, gpu_p100_nvlink, gpu_p100_v100, storage, storage_hierarchy
✓ Found 18 node types available

✓ AI resource selection complete
  Node type: compute_cascadelake
  Reasoning: The user requires a node with 2 CPU cores, 4 GB RAM, and 5 GB disk space without a GPU. Among the available compute nodes, 'compute_cascadelake' is a suitable choice as it is a general-purpose compute node that can meet these requirements. GPU nodes are not needed since the user does not require a GPU.
✓ AI selected node type: compute_cascadelake
  Reasoning: The user requires a node with 2 CPU cores, 4 GB RAM, and 5 GB disk space without a GPU. Among the available compute nodes, 'compute_cascadelake' is a suitable choice as it is a general-purpose compute node that can meet these requirements. GPU nodes are not needed since the user does not require a GPU.

✓ Target node type: compute_cascadelake

============================================================
Step 5: Create Hardware Reservation
============================================================
✓ AI determined duration: 48 hours
  Reasoning: The requirements include setting up a Conda environment and installing specific R packages, which may take additional time for configuration and testing. Additionally, the user might need extra time to ensure compatibility and functionality of the environment. Therefore, a 48-hour lease duration is recommended to accommodate these setup and testing processes.

Creating lease:
  Name: auto-compute_cascadelake-202601152115
  Node Type: compute_cascadelake
  Start: 2026-01-15 21:17
  End: 2026-01-17 21:17

✓ Lease created: 2774c68f-ca46-4aaa-b213-fef07a2a679c

Waiting for lease to activate...
  Status: PENDING, waiting...
  Status: PENDING, waiting...
  Status: PENDING, waiting...
  Status: PENDING, waiting...
  Status: PENDING, waiting...
  Status: PENDING, waiting...
  Status: PENDING, waiting...
  Status: STARTING, waiting...
✓ Lease is ACTIVE
✓ Reservation ID: 42dcc5b7-15b0-473a-8038-6c05309d5e5f

============================================================
Step 6: Launch Bare Metal Server
============================================================

Launching server:
  Name: auto-server-202601152117
  Image ID: c82b931e-4cf8-4366-9878-1ae941f24348
  Key: my-key
  Network ID: 1a03cf65-8fd6-4fce-94fd-bbaabe68a8e1
  Reservation ID: 42dcc5b7-15b0-473a-8038-6c05309d5e5f

✓ Server creation initiated: 6cedda26-7c59-420f-ab51-a6f837572319

Waiting for server to become ACTIVE...
(This may take 10-30 minutes for bare metal)
  Status: BUILD
  Status: ACTIVE

✓ Server is ACTIVE

============================================================
Step 7: Assign Floating IP
============================================================
Creating new floating IP...
✓ Using floating IP: 129.114.108.156
✓ Floating IP attached

============================================================
✓ Provisioning Complete!
============================================================
Server Name: auto-server-202601152117
Server ID: 6cedda26-7c59-420f-ab51-a6f837572319
Lease ID: 2774c68f-ca46-4aaa-b213-fef07a2a679c
Reservation ID: 42dcc5b7-15b0-473a-8038-6c05309d5e5f
Image: CC-Ubuntu22.04-CUDA
Node Type: compute_cascadelake
Floating IP: 129.114.108.156

SSH Connection:
  ssh ubuntu@129.114.108.156

✓ Info saved to: auto-server-202601152117_info.json
End:     2026-01-15T21:25:01Z (exit=0, duration=595s)
