Command: python 2.0/src/provision_v2.py --repo "https://github.com/yrcong/RelTR" --site tacc
Start:   2026-02-04T23:55:58Z

============================================================
Automated Hardware Provisioning Tool v2.0
============================================================
✓ Configuration loaded
✓ AI client initialized
✓ OpenStack connection established

============================================================
Step 1: Repository Analysis
============================================================
✓ Repository cloned to: /tmp/RelTR

✓ Repository requirements analysis complete:
  CPU: 8 cores
  RAM: 16 GB
  GPU: Required
  GPU Memory: 8 GB
  Disk: 50 GB
  OS: ubuntu 20.04
  CUDA: Required

============================================================
Step 2: Image Selection
============================================================
✓ Found 407 available CC-* images
✓ AI Stage 1: Selected 5 candidates
  Reasoning: The requirements specify an Ubuntu 20.04 OS with CUDA support and GPU capability. The selected images are all based on Ubuntu 20.04 and include CUDA support, making them suitable for environments requiring GPU acceleration. These images are the most recent and relevant options available that meet all specified criteria.
⚠ No candidates found, using fallback selection
✓ Fallback image: CC-Ubuntu22.04-CUDA

============================================================
Step 3: SSH Key Management
============================================================
✓ Keypair exists: my-key

============================================================
Step 4: Network Configuration
============================================================
✓ Found network: sharednet1 (ID: 1a03cf65-8fd6-4fce-94fd-bbaabe68a8e1)

============================================================
Discovering Available Resources
============================================================

Discovering resources at tacc site...
✓ Found 310 hosts
✓ Discovered 18 node types: compute_arm64, compute_cascadelake, compute_cascadelake_r, compute_gigaio, compute_haswell_ib, compute_icelake_r650, compute_icelake_r750, compute_liqid, compute_skylake, compute_zen3, gpu_k80, gpu_m40, gpu_mi100, gpu_p100, gpu_p100_nvlink, gpu_p100_v100, storage, storage_hierarchy
✓ Found 18 node types available

✓ AI resource selection complete
  Node type: gpu_k80
  Reasoning: The user requires a GPU with at least 8 GB of memory. Among the available GPU nodes, the gpu_k80 node type is the only one that matches the GPU requirement. Although the K80 GPU has 12 GB of memory, which exceeds the user's requirement, it is the best available option given the constraints. The compute nodes do not meet the GPU requirement.
✓ AI selected node type: gpu_k80
  Reasoning: The user requires a GPU with at least 8 GB of memory. Among the available GPU nodes, the gpu_k80 node type is the only one that matches the GPU requirement. Although the K80 GPU has 12 GB of memory, which exceeds the user's requirement, it is the best available option given the constraints. The compute nodes do not meet the GPU requirement.

✓ Target node type: gpu_k80

============================================================
Step 5: Create Hardware Reservation (with Fallbacks)
============================================================
✓ AI determined duration: 48 hours
  Reasoning: The workload involves a GPU setup with specific CUDA and PyTorch requirements, which suggests a moderately complex setup. However, the overall resource requirements are not excessively high, and the software stack is relatively standard for machine learning tasks. Therefore, a 48-hour lease duration is appropriate to allow sufficient time for setup, execution, and any necessary adjustments.

============================================================
Attempting Hardware Reservation (with fallbacks)
============================================================
Fallback chain (11 options):
  1. Primary: gpu_k80 for 48h
  2. Fallback: gpu_k80 for 24h (reduced duration)
  3. GPU Alt 1: gpu_p100 (48h)
  4. GPU Alt 2: gpu_p100 (24h)
  5. GPU Alt 3: gpu_m40 (48h)
  6. GPU Alt 4: gpu_m40 (24h)
  7. GPU Alt 5: gpu_p100_nvlink (48h)
  8. GPU Alt 6: gpu_p100_nvlink (24h)
  9. GPU Alt 7: gpu_p100_v100 (48h)
  10. GPU Alt 8: gpu_p100_v100 (24h)
  11. Fallback: KVM-based VM (when bare metal unavailable)

[Attempt 1/11] Primary: gpu_k80 for 48h
    ✗ Failed: ERROR: Not enough resources available with query {'resource_type': 'physical:host', 'min': 1, 'max': 1, 'hypervisor_properties': '', 'resource_properties': '["=", "$node_type", "gpu_k80"]', 'start_date': datetime.datetime(2026, 2, 4, 23, 58), 'end_date': datetime.datetime(2026, 2, 6, 23, 58), 'project_id': '5b86b66c9be14a228da46d3ab15ef166', 'count_range': '1-1', 'before_end': 'default', 'on_start': 'default'}
    Waiting 5s before next attempt...

[Attempt 2/11] Fallback: gpu_k80 for 24h (reduced duration)
    ✗ Failed: ERROR: Not enough resources available with query {'resource_type': 'physical:host', 'min': 1, 'max': 1, 'hypervisor_properties': '', 'resource_properties': '["=", "$node_type", "gpu_k80"]', 'start_date': datetime.datetime(2026, 2, 4, 23, 58), 'end_date': datetime.datetime(2026, 2, 5, 23, 58), 'project_id': '5b86b66c9be14a228da46d3ab15ef166', 'count_range': '1-1', 'before_end': 'default', 'on_start': 'default'}
    Waiting 5s before next attempt...

[Attempt 3/11] GPU Alt 1: gpu_p100 (48h)
    ✗ Failed: ERROR: Not enough resources available with query {'resource_type': 'physical:host', 'min': 1, 'max': 1, 'hypervisor_properties': '', 'resource_properties': '["=", "$node_type", "gpu_p100"]', 'start_date': datetime.datetime(2026, 2, 4, 23, 58), 'end_date': datetime.datetime(2026, 2, 6, 23, 58), 'project_id': '5b86b66c9be14a228da46d3ab15ef166', 'count_range': '1-1', 'before_end': 'default', 'on_start': 'default'}
    Waiting 5s before next attempt...

[Attempt 4/11] GPU Alt 2: gpu_p100 (24h)
    ✗ Failed: ERROR: Not enough resources available with query {'resource_type': 'physical:host', 'min': 1, 'max': 1, 'hypervisor_properties': '', 'resource_properties': '["=", "$node_type", "gpu_p100"]', 'start_date': datetime.datetime(2026, 2, 4, 23, 58), 'end_date': datetime.datetime(2026, 2, 5, 23, 58), 'project_id': '5b86b66c9be14a228da46d3ab15ef166', 'count_range': '1-1', 'before_end': 'default', 'on_start': 'default'}
    Waiting 5s before next attempt...

[Attempt 5/11] GPU Alt 3: gpu_m40 (48h)
    ✗ Failed: ERROR: Not enough resources available with query {'resource_type': 'physical:host', 'min': 1, 'max': 1, 'hypervisor_properties': '', 'resource_properties': '["=", "$node_type", "gpu_m40"]', 'start_date': datetime.datetime(2026, 2, 4, 23, 59), 'end_date': datetime.datetime(2026, 2, 6, 23, 59), 'project_id': '5b86b66c9be14a228da46d3ab15ef166', 'count_range': '1-1', 'before_end': 'default', 'on_start': 'default'}
    Waiting 5s before next attempt...

[Attempt 6/11] GPU Alt 4: gpu_m40 (24h)
    ✗ Failed: ERROR: Not enough resources available with query {'resource_type': 'physical:host', 'min': 1, 'max': 1, 'hypervisor_properties': '', 'resource_properties': '["=", "$node_type", "gpu_m40"]', 'start_date': datetime.datetime(2026, 2, 4, 23, 59), 'end_date': datetime.datetime(2026, 2, 5, 23, 59), 'project_id': '5b86b66c9be14a228da46d3ab15ef166', 'count_range': '1-1', 'before_end': 'default', 'on_start': 'default'}
    Waiting 5s before next attempt...

[Attempt 7/11] GPU Alt 5: gpu_p100_nvlink (48h)
    ✗ Failed: ERROR: Not enough resources available with query {'resource_type': 'physical:host', 'min': 1, 'max': 1, 'hypervisor_properties': '', 'resource_properties': '["=", "$node_type", "gpu_p100_nvlink"]', 'start_date': datetime.datetime(2026, 2, 4, 23, 59), 'end_date': datetime.datetime(2026, 2, 6, 23, 59), 'project_id': '5b86b66c9be14a228da46d3ab15ef166', 'count_range': '1-1', 'before_end': 'default', 'on_start': 'default'}
    Waiting 5s before next attempt...

[Attempt 8/11] GPU Alt 6: gpu_p100_nvlink (24h)
Traceback (most recent call last):
  File "/home/cc/EnvAgent-plus/2.0/src/kvm_launcher.py", line 115, in launch_kvm_instance
    raise Exception("KVM instance entered ERROR state")
Exception: KVM instance entered ERROR state

During handling of the above exception, another exception occurred:

Traceback (most recent call last):
  File "2.0/src/provision_v2.py", line 600, in main
    server_id, server_info = launch_kvm_instance(
  File "/home/cc/EnvAgent-plus/2.0/src/kvm_launcher.py", line 122, in launch_kvm_instance
    raise Exception(f"KVM instance launch failed: {str(e)}")
Exception: KVM instance launch failed: KVM instance entered ERROR state
    ✗ Failed: ERROR: Not enough resources available with query {'resource_type': 'physical:host', 'min': 1, 'max': 1, 'hypervisor_properties': '', 'resource_properties': '["=", "$node_type", "gpu_p100_nvlink"]', 'start_date': datetime.datetime(2026, 2, 4, 23, 59), 'end_date': datetime.datetime(2026, 2, 5, 23, 59), 'project_id': '5b86b66c9be14a228da46d3ab15ef166', 'count_range': '1-1', 'before_end': 'default', 'on_start': 'default'}
    Waiting 5s before next attempt...

[Attempt 9/11] GPU Alt 7: gpu_p100_v100 (48h)
    ✗ Failed: ERROR: Not enough resources available with query {'resource_type': 'physical:host', 'min': 1, 'max': 1, 'hypervisor_properties': '', 'resource_properties': '["=", "$node_type", "gpu_p100_v100"]', 'start_date': datetime.datetime(2026, 2, 4, 23, 59), 'end_date': datetime.datetime(2026, 2, 6, 23, 59), 'project_id': '5b86b66c9be14a228da46d3ab15ef166', 'count_range': '1-1', 'before_end': 'default', 'on_start': 'default'}
    Waiting 5s before next attempt...

[Attempt 10/11] GPU Alt 8: gpu_p100_v100 (24h)
    ✗ Failed: ERROR: Not enough resources available with query {'resource_type': 'physical:host', 'min': 1, 'max': 1, 'hypervisor_properties': '', 'resource_properties': '["=", "$node_type", "gpu_p100_v100"]', 'start_date': datetime.datetime(2026, 2, 4, 23, 59), 'end_date': datetime.datetime(2026, 2, 5, 23, 59), 'project_id': '5b86b66c9be14a228da46d3ab15ef166', 'count_range': '1-1', 'before_end': 'default', 'on_start': 'default'}
    Waiting 5s before next attempt...

[Attempt 11/11] Fallback: KVM-based VM (when bare metal unavailable)
    ⚠ KVM fallback (VM-based) - skipping Blazar, will use OpenStack directly

============================================================
Reservation Fallback Report
============================================================
Status: ✓ SUCCESS
Message: Using KVM fallback (no Blazar lease)

Successful option:
  Fallback: KVM-based VM (when bare metal unavailable)
  Node type: KVM (VM-based)
  Duration: 48h

Fallback chain had 11 options

⚠ Using KVM (VM-based) instead of bare metal
   This is a temporary fallback - consider retrying later for bare metal

============================================================
Step 6: Launch KVM-based VM
============================================================
⚠ KVM fallback mode: launching VM instead of bare metal
   (Reservation ID not applicable for KVM)

  Launching KVM VM:
    Name: auto-server-202602042357
    Image ID: c82b931e-4cf8-4366-9878-1ae941f24348
    Key: my-key
    Network ID: 1a03cf65-8fd6-4fce-94fd-bbaabe68a8e1

  Selecting KVM flavor (CPU: 8, RAM: 16GB)...
  ⚠ No flavor found matching requirements, using smallest available
  ✓ Selected flavor: baremetal
    CPU: 1, RAM: 1MB

  ✓ KVM instance creation initiated: 0a423faa-7fa1-4fc9-bceb-195c4bc92588

  Waiting for KVM instance to become ACTIVE...
  (This typically takes 1-5 minutes for VMs)
    Status: BUILD
    Status: ERROR


✗ ERROR: KVM instance launch failed: KVM instance entered ERROR state
End:     2026-02-04T23:58:06Z (exit=1, duration=128s)
