Command: python 2.0/src/provision_v2.py --repo "https://github.com/sumonbis/Fairify" --site tacc
Start:   2026-02-19T04:09:24Z

============================================================
Automated Hardware Provisioning Tool v2.0
============================================================
✓ Configuration loaded
✓ AI client initialized
✓ OpenStack connection established

============================================================
Step 1: Repository Analysis
============================================================
✓ Repository cloned to: /tmp/Fairify

✓ Repository requirements analysis complete:
  CPU: 2 cores
  RAM: 4 GB
  GPU: Not required
  Disk: 10 GB
  OS: ubuntu 20.04
  CUDA: Not required

============================================================
Step 2: Image Selection
============================================================
✓ Found 407 available CC-* images
✓ AI Stage 1: Selected 5 candidates
  Reasoning: The requirements specify Ubuntu 20.04 without CUDA or GPU support. The selected images are all based on Ubuntu 20.04 and do not include CUDA, meeting the specified criteria. These images are: 'CC-Ubuntu20.04' (ID: 819473ad-b46c-48db-a2f6-53dead8204b0), 'CC-Ubuntu20.04-20240129' (ID: 2c6c435a-b259-4abe-822a-996aef1c5643), 'CC-Ubuntu20.04-20231115' (ID: b9bcbc38-40bd-4083-8aee-58a41a5693c5), 'CC-Ubuntu20.04-20230224' (ID: ecb2ffc4-90a8-4c8b-b9ed-a141392d8359), and 'CC-Ubuntu20.04-20221007' (ID: f7bda56f-4514-4286-8fd9-796e9f4048a0).
⚠ No candidates found, using fallback selection
✓ Fallback image: CC-Ubuntu22.04-CUDA

============================================================
Step 3: SSH Key Management
============================================================
✓ Keypair exists: my-key

============================================================
Step 4: Network Configuration
============================================================
✓ Found network: sharednet1 (ID: 1a03cf65-8fd6-4fce-94fd-bbaabe68a8e1)

============================================================
Discovering Available Resources
============================================================

Discovering resources at tacc site...
✓ Found 310 hosts
✓ Discovered 18 node types (ranked by availability & fit):
    compute_cascadelake_r: 56 reservable / 56 total | fit_score: 1.0
    compute_icelake_r650: 50 reservable / 52 total | fit_score: 1.0
    compute_zen3: 32 reservable / 32 total | fit_score: 1.0
    compute_skylake: 29 reservable / 32 total | fit_score: 1.0
    compute_cascadelake: 24 reservable / 24 total | fit_score: 1.0
    compute_icelake_r750: 18 reservable / 20 total | fit_score: 1.0
    compute_haswell_ib: 17 reservable / 17 total | fit_score: 1.0
    gpu_p100: 15 reservable / 15 total | fit_score: 0.3
    storage: 13 reservable / 21 total | fit_score: 0.2
    compute_arm64: 8 reservable / 8 total | fit_score: 1.0
    compute_liqid: 8 reservable / 8 total | fit_score: 1.0
    gpu_mi100: 8 reservable / 8 total | fit_score: 0.3
    compute_gigaio: 6 reservable / 6 total | fit_score: 1.0
    gpu_p100_nvlink: 4 reservable / 4 total | fit_score: 0.3
    gpu_k80: 2 reservable / 2 total | fit_score: 0.3
    gpu_m40: 2 reservable / 2 total | fit_score: 0.3
    storage_hierarchy: 2 reservable / 2 total | fit_score: 0.2
    gpu_p100_v100: 1 reservable / 1 total | fit_score: 0.3
✓ Found 18 node types available

✓ AI resource selection complete
  Node type: compute_cascadelake_r
  Reasoning: The compute_cascadelake_r node type has the highest reservable count of 56, which maximizes the success rate for lease creation. It meets the user's requirements for CPU cores, RAM, and disk space without needing a GPU.
✓ AI selected node type: compute_cascadelake_r
  Reasoning: The compute_cascadelake_r node type has the highest reservable count of 56, which maximizes the success rate for lease creation. It meets the user's requirements for CPU cores, RAM, and disk space without needing a GPU.

============================================================
Step 5: Create Hardware Reservation (with fallbacks)
============================================================

→ Trying 16 node types (compute → KVM → others)

[1/16] Attempting: compute_cascadelake_r (56 reservable / 56 total)
✓ AI determined duration: 48 hours
  Reasoning: The requirements suggest a development or testing environment for machine learning or AI applications, given the inclusion of TensorFlow and AIF360. Such tasks often require more than a day to set up, test, and iterate, especially if the user is experimenting or debugging. Allocating 48 hours provides sufficient time for these activities without needing frequent renewals.

Creating lease:
  Name: auto-202602190409-compute_cascadelake_r
  Node Type: compute_cascadelake_r
  Start: 2026-02-19 04:11
  End: 2026-02-21 04:11

✓ Lease created: 90d16db1-7635-4a9c-8054-a2a18cae6024

Waiting for lease to activate...
  Status: PENDING, waiting...
  Status: PENDING, waiting...
  Status: PENDING, waiting...
  Status: PENDING, waiting...
  Status: PENDING, waiting...
  Status: PENDING, waiting...
✓ Lease is ACTIVE
✓ Reservation ID: 4cb6df3d-4b65-4151-8e39-d966ec9f66e4
✓ SUCCESS: Lease created with compute_cascadelake_r

✓ Final node type: compute_cascadelake_r

============================================================
Step 6: Launch Bare Metal Server
============================================================

Launching server:
  Name: auto-server-202602190409
  Image ID: c82b931e-4cf8-4366-9878-1ae941f24348
  Key: my-key
  Network ID: 1a03cf65-8fd6-4fce-94fd-bbaabe68a8e1
  Reservation ID: 4cb6df3d-4b65-4151-8e39-d966ec9f66e4

✓ Server creation initiated: 62712dfd-d0c9-48cd-a0a2-d19757cbbd4c

Waiting for server to become ACTIVE...
(This may take 10-30 minutes for bare metal)
  Status: BUILD
  Status: ACTIVE

✓ Server is ACTIVE

============================================================
Step 7: Assign Floating IP
============================================================
Creating new floating IP...
✓ Using floating IP: 129.114.109.21
✓ Floating IP attached

============================================================
✓ Provisioning Complete!
============================================================
Provisioning Type: Bare Metal (Blazar)
Server Name: auto-server-202602190409
Server ID: 62712dfd-d0c9-48cd-a0a2-d19757cbbd4c
Lease ID: 90d16db1-7635-4a9c-8054-a2a18cae6024
Reservation ID: 4cb6df3d-4b65-4151-8e39-d966ec9f66e4
Image: CC-Ubuntu22.04-CUDA
Node Type: compute_cascadelake_r
Floating IP: 129.114.109.21

SSH Connection:
  ssh ubuntu@129.114.109.21

✓ Info saved to: auto-server-202602190409_info.json
End:     2026-02-19T04:20:22Z (exit=0, duration=658s)
