Command: python 2.0/src/provision_v2.py --repo "https://github.com/tinoryj/ELECT" --site tacc
Start:   2026-02-19T07:16:33Z

============================================================
Automated Hardware Provisioning Tool v2.0
============================================================
✓ Configuration loaded
✓ AI client initialized
✓ OpenStack connection established

============================================================
Step 1: Repository Analysis
============================================================
✓ Repository cloned to: /tmp/ELECT

✓ Repository requirements analysis complete:
  CPU: 4 cores
  RAM: 16 GB
  GPU: Not required
  Disk: 100 GB
  OS: ubuntu 20.04
  CUDA: Not required

============================================================
Step 2: Image Selection
============================================================
✓ Found 407 available CC-* images
✓ AI Stage 1: Selected 5 candidates
  Reasoning: The requirements specify an Ubuntu 20.04 image without CUDA or GPU support. The selected images are all Ubuntu 20.04 base images without any CUDA or GPU-specific tags, making them suitable candidates. These images are selected based on their naming convention indicating they are base images for Ubuntu 20.04, ensuring they meet the OS version and type requirements without unnecessary CUDA support.
⚠ No candidates found, using fallback selection
✓ Fallback image: CC-Ubuntu22.04-CUDA

============================================================
Step 3: SSH Key Management
============================================================
✓ Keypair exists: my-key

============================================================
Step 4: Network Configuration
============================================================
✓ Found network: sharednet1 (ID: 1a03cf65-8fd6-4fce-94fd-bbaabe68a8e1)

============================================================
Discovering Available Resources
============================================================

Discovering resources at tacc site...
✓ Found 310 hosts
✓ Discovered 18 node types (ranked by availability & fit):
    compute_cascadelake_r: 56 reservable / 56 total | fit_score: 1.0
    compute_icelake_r650: 50 reservable / 52 total | fit_score: 1.0
    compute_zen3: 32 reservable / 32 total | fit_score: 1.0
    compute_skylake: 29 reservable / 32 total | fit_score: 1.0
    compute_cascadelake: 24 reservable / 24 total | fit_score: 1.0
    compute_icelake_r750: 18 reservable / 20 total | fit_score: 1.0
    compute_haswell_ib: 17 reservable / 17 total | fit_score: 1.0
    gpu_p100: 15 reservable / 15 total | fit_score: 0.3
    storage: 13 reservable / 21 total | fit_score: 0.2
    compute_arm64: 8 reservable / 8 total | fit_score: 1.0
    compute_liqid: 8 reservable / 8 total | fit_score: 1.0
    gpu_mi100: 8 reservable / 8 total | fit_score: 0.3
    compute_gigaio: 6 reservable / 6 total | fit_score: 1.0
    gpu_p100_nvlink: 4 reservable / 4 total | fit_score: 0.3
    gpu_k80: 2 reservable / 2 total | fit_score: 0.3
    gpu_m40: 2 reservable / 2 total | fit_score: 0.3
    storage_hierarchy: 2 reservable / 2 total | fit_score: 0.2
    gpu_p100_v100: 1 reservable / 1 total | fit_score: 0.3
✓ Found 18 node types available

✓ AI resource selection complete
  Node type: compute_cascadelake_r
  Reasoning: The 'compute_cascadelake_r' node type is selected because it has the highest reservable count of 56, which maximizes the success rate for lease creation. It meets the user's requirements for CPU cores, RAM, and disk space without needing a GPU.
✓ AI selected node type: compute_cascadelake_r
  Reasoning: The 'compute_cascadelake_r' node type is selected because it has the highest reservable count of 56, which maximizes the success rate for lease creation. It meets the user's requirements for CPU cores, RAM, and disk space without needing a GPU.

============================================================
Step 5: Create Hardware Reservation (with fallbacks)
============================================================

→ Trying 16 node types (compute → KVM → others)

[1/16] Attempting: compute_cascadelake_r (56 reservable / 56 total)
✓ AI determined duration: 72 hours
  Reasoning: The requirements specify a cluster of at least 8 machines with several software dependencies and development tools, indicating a complex setup likely for a development or testing environment. The inclusion of tools like Maven, Ant, and Ansible suggests ongoing integration, deployment, or testing tasks that may require multiple iterations or stages. A 72-hour lease provides sufficient time for setup, execution, and any necessary troubleshooting or adjustments.

Creating lease:
  Name: auto-202602190717-compute_cascadelake_r
  Node Type: compute_cascadelake_r
  Start: 2026-02-19 07:19
  End: 2026-02-22 07:19
  ✗ No capacity available for compute_cascadelake_r
  → Trying next option...

[2/16] Attempting: compute_icelake_r650 (50 reservable / 52 total)
✓ AI determined duration: 72 hours
  Reasoning: The requirements suggest the need for a cluster of at least 8 machines with specific software installations, which indicates a potentially complex setup and testing environment. The presence of multiple development tools and libraries such as OpenJDK, Ant, Maven, and LLVM, along with scientific libraries like NumPy and SciPy, suggests that the environment might be used for software development, testing, or data processing tasks that could take several days. Therefore, a lease duration of 72 hours is recommended to ensure ample time for setup, execution, and any necessary iterations or troubleshooting.

Creating lease:
  Name: auto-202602190717-compute_icelake_r650
  Node Type: compute_icelake_r650
  Start: 2026-02-19 07:19
  End: 2026-02-22 07:19

✓ Lease created: 47962a28-d72c-43fe-8e16-79ccb3d87fdd

Waiting for lease to activate...
  Status: PENDING, waiting...
  Status: PENDING, waiting...
  Status: PENDING, waiting...
  Status: PENDING, waiting...
  Status: PENDING, waiting...
  Status: PENDING, waiting...
  Status: PENDING, waiting...
  Status: PENDING, waiting...
  Status: PENDING, waiting...
  Status: PENDING, waiting...
✓ Lease is ACTIVE
✓ Reservation ID: c78f7a1f-80c9-44a0-a488-4d742091962d
✓ SUCCESS: Lease created with compute_icelake_r650

✓ Final node type: compute_icelake_r650

============================================================
Step 6: Launch Bare Metal Server
============================================================

Launching server:
  Name: auto-server-202602190717
  Image ID: c82b931e-4cf8-4366-9878-1ae941f24348
  Key: my-key
  Network ID: 1a03cf65-8fd6-4fce-94fd-bbaabe68a8e1
  Reservation ID: c78f7a1f-80c9-44a0-a488-4d742091962d

✓ Server creation initiated: a4771af8-4d19-44c2-9963-8060f47fed92

Waiting for server to become ACTIVE...
(This may take 10-30 minutes for bare metal)
  Status: BUILD
  Status: ACTIVE

✓ Server is ACTIVE

============================================================
Step 7: Assign Floating IP
============================================================
Creating new floating IP...
✓ Using floating IP: 129.114.108.180
✓ Floating IP attached

============================================================
✓ Provisioning Complete!
============================================================
Provisioning Type: Bare Metal (Blazar)
Server Name: auto-server-202602190717
Server ID: a4771af8-4d19-44c2-9963-8060f47fed92
Lease ID: 47962a28-d72c-43fe-8e16-79ccb3d87fdd
Reservation ID: c78f7a1f-80c9-44a0-a488-4d742091962d
Image: CC-Ubuntu22.04-CUDA
Node Type: compute_icelake_r650
Floating IP: 129.114.108.180

SSH Connection:
  ssh ubuntu@129.114.108.180

✓ Info saved to: auto-server-202602190717_info.json
End:     2026-02-19T07:28:22Z (exit=0, duration=709s)
