Command: python 2.0/src/provision_v2.py --repo "https://github.com/tokio-rs/tracing" --site tacc
Start:   2026-04-16T02:22:33Z

============================================================
Automated Hardware Provisioning Tool v2.0
============================================================
✓ Configuration loaded
✓ AI client initialized
✓ OpenStack connection established

============================================================
Step 1: Repository Analysis
============================================================
✓ Repository cloned to: /tmp/tracing

✓ Repository requirements analysis complete:
  CPU: 1 cores
  RAM: 1 GB
  GPU: Not required
  Disk: None GB
  OS: None None
  CUDA: Not required

============================================================
Step 2: Image Selection
============================================================
✓ Found 415 available CC-* images
✓ AI Stage 1: Selected 3 candidates
  Reasoning: The requirements specify no particular OS type or version, and CUDA or GPU support is not needed. Therefore, we can select images that are general-purpose and do not include CUDA. The chosen images are the latest versions of popular Linux distributions without CUDA: CC-Ubuntu24.04 (ID: 7cb5d6e0-e64c-4241-814a-1bfc21c04f10), CC-Ubuntu22.04 (ID: 5c637c73-cc66-406c-a3bd-b41096ab0cb4), and CC-CentOS9-Stream (ID: bc9fc392-5712-46ff-a02c-840df3f41a7e). These images provide a good mix of the latest Ubuntu and CentOS versions.
⚠ No candidates found, using fallback selection
✓ Fallback image: CC-Ubuntu22.04-CUDA

============================================================
Step 3: SSH Key Management
============================================================
✓ Keypair exists: my-key

============================================================
Step 4: Network Configuration
============================================================
✓ Found network: sharednet1 (ID: 1a03cf65-8fd6-4fce-94fd-bbaabe68a8e1)

============================================================
Discovering Available Resources
============================================================

Discovering resources at tacc site...
✓ Found 312 hosts
✓ Discovered 19 node types (ranked by availability & fit):
    compute_cascadelake_r: 55 reservable / 56 total | fit_score: 1.0
    compute_icelake_r650: 50 reservable / 52 total | fit_score: 1.0
    compute_zen3: 32 reservable / 32 total | fit_score: 1.0
    compute_skylake: 26 reservable / 32 total | fit_score: 1.0
    compute_cascadelake: 24 reservable / 24 total | fit_score: 1.0
    compute_icelake_r750: 17 reservable / 20 total | fit_score: 1.0
    compute_haswell_ib: 17 reservable / 17 total | fit_score: 1.0
    gpu_p100: 15 reservable / 15 total | fit_score: 0.3
    storage: 13 reservable / 21 total | fit_score: 0.2
    compute_arm64: 8 reservable / 8 total | fit_score: 1.0
    compute_liqid: 8 reservable / 8 total | fit_score: 1.0
    gpu_mi100: 8 reservable / 8 total | fit_score: 0.3
    compute_gigaio: 6 reservable / 6 total | fit_score: 1.0
    gpu_p100_nvlink: 4 reservable / 4 total | fit_score: 0.3
    gpu_h100: 2 reservable / 2 total | fit_score: 0.3
    gpu_k80: 2 reservable / 2 total | fit_score: 0.3
    gpu_m40: 2 reservable / 2 total | fit_score: 0.3
    storage_hierarchy: 1 reservable / 2 total | fit_score: 0.2
    gpu_p100_v100: 1 reservable / 1 total | fit_score: 0.3
✓ Found 19 node types available

✓ AI resource selection complete
  Node type: compute_cascadelake_r
  Reasoning: The compute_cascadelake_r node type has the highest reservable count of 55 among the available compute nodes that meet the user's requirements for CPU cores and RAM without needing a GPU. This ensures the highest availability and success rate for lease creation.
✓ AI selected node type: compute_cascadelake_r
  Reasoning: The compute_cascadelake_r node type has the highest reservable count of 55 among the available compute nodes that meet the user's requirements for CPU cores and RAM without needing a GPU. This ensures the highest availability and success rate for lease creation.

============================================================
Step 5: Create Hardware Reservation (with fallbacks)
============================================================

→ Trying 17 node types (compute → KVM → others)

[1/17] Attempting: compute_cascadelake_r (55 reservable / 56 total)
✓ AI determined duration: 24 hours
  Reasoning: The requirements specify a minimal setup with 1 CPU core and 1 GB of RAM, and no GPU or specific OS requirements. The only special requirement is Rust 1.65 or newer, which suggests a development or testing environment. Without further context on the project's scope or deadline, a default duration of 24 hours is reasonable for initial development or testing tasks.

Creating lease:
  Name: auto-202604160223-compute_cascadelake_r
  Node Type: compute_cascadelake_r
  Start: 2026-04-16 02:25
  End: 2026-04-17 02:25

✓ Lease created: 5c1d9bc6-49fb-4421-8208-ca47e139918e

Waiting for lease to activate...
  Status: PENDING, waiting...
  Status: PENDING, waiting...
  Status: PENDING, waiting...
  Status: PENDING, waiting...
  Status: PENDING, waiting...
  Status: PENDING, waiting...
  Status: PENDING, waiting...
  Status: PENDING, waiting...
  Status: PENDING, waiting...
✓ Lease is ACTIVE
✓ Reservation ID: c898a439-ce3e-459a-bd98-e32ecadbe1e8
✓ SUCCESS: Lease created with compute_cascadelake_r

✓ Final node type: compute_cascadelake_r

============================================================
Step 6: Launch Bare Metal Server
============================================================

Launching server:
  Name: auto-server-202604160223
  Image ID: 07263122-bade-4d24-a776-46f4f1c2e26a
  Key: my-key
  Network ID: 1a03cf65-8fd6-4fce-94fd-bbaabe68a8e1
  Reservation ID: c898a439-ce3e-459a-bd98-e32ecadbe1e8

✓ Server creation initiated: 6d2ff98e-4084-4677-a777-5b7e579d6362

Waiting for server to become ACTIVE...
(This may take 10-30 minutes for bare metal)
  Status: BUILD
  Status: ACTIVE

✓ Server is ACTIVE

============================================================
Step 7: Assign Floating IP
============================================================
Creating new floating IP...
✓ Using floating IP: 129.114.109.114
✓ Floating IP attached

============================================================
✓ Provisioning Complete!
============================================================
Provisioning Type: Bare Metal (Blazar)
Server Name: auto-server-202604160223
Server ID: 6d2ff98e-4084-4677-a777-5b7e579d6362
Lease ID: 5c1d9bc6-49fb-4421-8208-ca47e139918e
Reservation ID: c898a439-ce3e-459a-bd98-e32ecadbe1e8
Image: CC-Ubuntu22.04-CUDA
Node Type: compute_cascadelake_r
Floating IP: 129.114.109.114

SSH Connection:
  ssh ubuntu@129.114.109.114

✓ Info saved to: auto-server-202604160223_info.json
End:     2026-04-16T02:33:50Z (exit=0, duration=677s)
