Command: python 2.0/src/provision_v2.py --repo "https://github.com/wenxiwang/SymMC-Tool" --site tacc
Start:   2026-01-15T20:13:24Z

============================================================
Automated Hardware Provisioning Tool v2.0
============================================================
✓ Configuration loaded
✓ AI client initialized
✓ OpenStack connection established

============================================================
Step 1: Repository Analysis
============================================================
✓ Repository cloned to: /tmp/SymMC-Tool

✓ Repository requirements analysis complete:
  CPU: 2 cores
  RAM: 4 GB
  GPU: Not required
  Disk: 10 GB
  OS: ubuntu 20.04
  CUDA: Not required

============================================================
Step 2: Image Selection
============================================================
✓ Found 407 available CC-* images
✓ AI Stage 1: Selected 5 candidates
  Reasoning: The requirements specify Ubuntu 20.04 without CUDA or GPU support. The selected images are all Ubuntu 20.04 without any mention of CUDA, which aligns with the requirements. These images are also the most recent versions available, ensuring up-to-date security and features.
⚠ No candidates found, using fallback selection
✓ Fallback image: CC-Ubuntu22.04-CUDA

============================================================
Step 3: SSH Key Management
============================================================
✓ Keypair exists: my-key

============================================================
Step 4: Network Configuration
============================================================
✓ Found network: sharednet1 (ID: 1a03cf65-8fd6-4fce-94fd-bbaabe68a8e1)

============================================================
Discovering Available Resources
============================================================

Discovering resources at tacc site...
✓ Found 310 hosts
✓ Discovered 18 node types: compute_arm64, compute_cascadelake, compute_cascadelake_r, compute_gigaio, compute_haswell_ib, compute_icelake_r650, compute_icelake_r750, compute_liqid, compute_skylake, compute_zen3, gpu_k80, gpu_m40, gpu_mi100, gpu_p100, gpu_p100_nvlink, gpu_p100_v100, storage, storage_hierarchy
✓ Found 18 node types available

✓ AI resource selection complete
  Node type: compute_cascadelake
  Reasoning: The user requires a node with 2 CPU cores, 4 GB RAM, and 10 GB disk space without a GPU. Among the available compute node types, 'compute_cascadelake' is a general-purpose compute node that can meet these requirements. Since the user does not need a GPU, there is no need to select a GPU node.
✓ AI selected node type: compute_cascadelake
  Reasoning: The user requires a node with 2 CPU cores, 4 GB RAM, and 10 GB disk space without a GPU. Among the available compute node types, 'compute_cascadelake' is a general-purpose compute node that can meet these requirements. Since the user does not need a GPU, there is no need to select a GPU node.

✓ Target node type: compute_cascadelake

============================================================
Step 5: Create Hardware Reservation
============================================================
✓ AI determined duration: 48 hours
  Reasoning: The requirements suggest a development or testing environment for a Java-based application, possibly involving SAT solving with MiniSat. Given the need for specific software installations and the absence of GPU or CUDA requirements, a 48-hour lease provides ample time for setup, testing, and any necessary iterations without frequent renewals.

Creating lease:
  Name: auto-compute_cascadelake-202601152013
  Node Type: compute_cascadelake
  Start: 2026-01-15 20:15
  End: 2026-01-17 20:15

✓ Lease created: 01f4f255-bfbf-42ae-8e27-6c3a4ecc5892

Waiting for lease to activate...
  Status: PENDING, waiting...
  Status: PENDING, waiting...
  Status: PENDING, waiting...
  Status: PENDING, waiting...
  Status: PENDING, waiting...
  Status: PENDING, waiting...
  Status: PENDING, waiting...
  Status: PENDING, waiting...
✓ Lease is ACTIVE
✓ Reservation ID: 5fcf2237-ff9f-4e98-9a41-cbb3435399d9

============================================================
Step 6: Launch Bare Metal Server
============================================================

Launching server:
  Name: auto-server-202601152015
  Image ID: c82b931e-4cf8-4366-9878-1ae941f24348
  Key: my-key
  Network ID: 1a03cf65-8fd6-4fce-94fd-bbaabe68a8e1
  Reservation ID: 5fcf2237-ff9f-4e98-9a41-cbb3435399d9

✓ Server creation initiated: d3cbec12-0095-44ec-bb9c-564511268280

Waiting for server to become ACTIVE...
(This may take 10-30 minutes for bare metal)
  Status: BUILD
  Status: ACTIVE

✓ Server is ACTIVE

============================================================
Step 7: Assign Floating IP
============================================================
Creating new floating IP...
✓ Using floating IP: 129.114.108.134
✓ Floating IP attached

============================================================
✓ Provisioning Complete!
============================================================
Server Name: auto-server-202601152015
Server ID: d3cbec12-0095-44ec-bb9c-564511268280
Lease ID: 01f4f255-bfbf-42ae-8e27-6c3a4ecc5892
Reservation ID: 5fcf2237-ff9f-4e98-9a41-cbb3435399d9
Image: CC-Ubuntu22.04-CUDA
Node Type: compute_cascadelake
Floating IP: 129.114.108.134

SSH Connection:
  ssh ubuntu@129.114.108.134

✓ Info saved to: auto-server-202601152015_info.json
End:     2026-01-15T20:22:59Z (exit=0, duration=575s)
