Command: python 2.0/src/provision_v2.py --repo "https://github.com/rahulvigneswaran/Lottery-Ticket-Hypothesis-in-Pytorch" --site tacc
Start:   2026-02-19T02:46:04Z

============================================================
Automated Hardware Provisioning Tool v2.0
============================================================
✓ Configuration loaded
✓ AI client initialized
✓ OpenStack connection established

============================================================
Step 1: Repository Analysis
============================================================
✓ Repository cloned to: /tmp/Lottery-Ticket-Hypothesis-in-Pytorch

✓ Repository requirements analysis complete:
  CPU: 4 cores
  RAM: 8 GB
  GPU: Required
  GPU Memory: 4 GB
  Disk: 10 GB
  OS: ubuntu 20.04
  CUDA: Required

============================================================
Step 2: Image Selection
============================================================
✓ Found 407 available CC-* images
✓ AI Stage 1: Selected 5 candidates
  Reasoning: The requirements specify Ubuntu 20.04 with CUDA support. The selected images are all based on Ubuntu 20.04 and include CUDA support, which is necessary for GPU utilization. These images are the best matches for the given requirements.
⚠ No candidates found, using fallback selection
✓ Fallback image: CC-Ubuntu22.04-CUDA

============================================================
Step 3: SSH Key Management
============================================================
✓ Keypair exists: my-key

============================================================
Step 4: Network Configuration
============================================================
✓ Found network: sharednet1 (ID: 1a03cf65-8fd6-4fce-94fd-bbaabe68a8e1)

============================================================
Discovering Available Resources
============================================================

Discovering resources at tacc site...
✓ Found 310 hosts
✓ Discovered 18 node types (ranked by availability & fit):
    compute_cascadelake_r: 56 reservable / 56 total | fit_score: 1.0
    compute_icelake_r650: 50 reservable / 52 total | fit_score: 1.0
    compute_zen3: 32 reservable / 32 total | fit_score: 1.0
    compute_skylake: 29 reservable / 32 total | fit_score: 1.0
    compute_cascadelake: 24 reservable / 24 total | fit_score: 1.0
    compute_icelake_r750: 18 reservable / 20 total | fit_score: 1.0
    compute_haswell_ib: 17 reservable / 17 total | fit_score: 1.0
    gpu_p100: 15 reservable / 15 total | fit_score: 2.0
    storage: 13 reservable / 21 total | fit_score: 0.2
    gpu_mi100: 8 reservable / 8 total | fit_score: 2.0
    compute_arm64: 8 reservable / 8 total | fit_score: 1.0
    compute_liqid: 8 reservable / 8 total | fit_score: 1.0
    compute_gigaio: 6 reservable / 6 total | fit_score: 1.0
    gpu_p100_nvlink: 4 reservable / 4 total | fit_score: 2.0
    gpu_k80: 2 reservable / 2 total | fit_score: 2.0
    gpu_m40: 2 reservable / 2 total | fit_score: 2.0
    storage_hierarchy: 2 reservable / 2 total | fit_score: 0.2
    gpu_p100_v100: 1 reservable / 1 total | fit_score: 2.0
✓ Found 18 node types available

✓ AI resource selection complete
  Node type: gpu_p100
  Reasoning: The 'gpu_p100' node type matches the user's requirement for a GPU with at least 4 GB of memory. It has the highest reservable count (15) among the GPU node types available, ensuring a higher success rate for lease creation.
✓ AI selected node type: gpu_p100
  Reasoning: The 'gpu_p100' node type matches the user's requirement for a GPU with at least 4 GB of memory. It has the highest reservable count (15) among the GPU node types available, ensuring a higher success rate for lease creation.

============================================================
Step 5: Create Hardware Reservation (with fallbacks)
============================================================

→ GPU required: Tiered fallback strategy:
   Tier 1 (GPU): 6 types
   Tier 2 (Compute): 10 types
   Tier 3 (KVM/VM): 0 types
   Total: 16 attempts

[1/16] Attempting: gpu_p100 [GPU (Tier 1)] (15 reservable / 15 total)
✓ AI determined duration: 48 hours
  Reasoning: The requirements include a GPU with CUDA support, which suggests that the task may involve machine learning or data processing workloads that can be computationally intensive and time-consuming. A 48-hour lease provides ample time for such tasks, allowing for potential setup, execution, and any troubleshooting that might be needed.

Creating lease:
  Name: auto-202602190246-gpu_p100
  Node Type: gpu_p100
  Start: 2026-02-19 02:48
  End: 2026-02-21 02:48
  ✗ No capacity available for gpu_p100
  → Trying next option...

[2/16] Attempting: gpu_mi100 [GPU (Tier 1)] (8 reservable / 8 total)
✓ AI determined duration: 48 hours
  Reasoning: The requirements include a GPU with CUDA support, which suggests the potential for computationally intensive tasks such as machine learning or data processing. These tasks often require more time to complete due to the complexity and volume of data involved. Therefore, a lease duration of 48 hours is recommended to ensure sufficient time for task completion and any necessary troubleshooting or adjustments.

Creating lease:
  Name: auto-202602190246-gpu_mi100
  Node Type: gpu_mi100
  Start: 2026-02-19 02:48
  End: 2026-02-21 02:48

✓ Lease created: a60e812e-5045-4b22-8e8d-dc925ee8b5ee

Waiting for lease to activate...
  Status: PENDING, waiting...
  Status: PENDING, waiting...
  Status: PENDING, waiting...
  Status: PENDING, waiting...
  Status: PENDING, waiting...
  Status: PENDING, waiting...
  Status: STARTING, waiting...
✓ Lease is ACTIVE
✓ Reservation ID: 8738eef1-e7b9-46ad-a155-0514aa326772
✓ SUCCESS: Lease created with gpu_mi100

✓ Final node type: gpu_mi100

============================================================
Step 6: Launch Bare Metal Server
============================================================

Launching server:
  Name: auto-server-202602190246
  Image ID: c82b931e-4cf8-4366-9878-1ae941f24348
  Key: my-key
  Network ID: 1a03cf65-8fd6-4fce-94fd-bbaabe68a8e1
  Reservation ID: 8738eef1-e7b9-46ad-a155-0514aa326772

✓ Server creation initiated: 580abcda-2eb7-4b7d-9b95-4068bab242f3

Waiting for server to become ACTIVE...
(This may take 10-30 minutes for bare metal)
  Status: BUILD
  Status: ACTIVE

✓ Server is ACTIVE

============================================================
Step 7: Assign Floating IP
============================================================
Creating new floating IP...
✓ Using floating IP: 129.114.108.36
✓ Floating IP attached

============================================================
✓ Provisioning Complete!
============================================================
Provisioning Type: Bare Metal (Blazar)
Server Name: auto-server-202602190246
Server ID: 580abcda-2eb7-4b7d-9b95-4068bab242f3
Lease ID: a60e812e-5045-4b22-8e8d-dc925ee8b5ee
Reservation ID: 8738eef1-e7b9-46ad-a155-0514aa326772
Image: CC-Ubuntu22.04-CUDA
Node Type: gpu_mi100
Floating IP: 129.114.108.36

SSH Connection:
  ssh ubuntu@129.114.108.36

✓ Info saved to: auto-server-202602190246_info.json
End:     2026-02-19T02:57:53Z (exit=0, duration=709s)
