Command: python 2.0/src/provision_v2.py --repo "https://github.com/xlab-uiuc/acto" --site tacc
Start:   2026-01-15T21:25:06Z

============================================================
Automated Hardware Provisioning Tool v2.0
============================================================
✓ Configuration loaded
✓ AI client initialized
✓ OpenStack connection established

============================================================
Step 1: Repository Analysis
============================================================
✓ Repository cloned to: /tmp/acto

✓ Repository requirements analysis complete:
  CPU: 4 cores
  RAM: 8 GB
  GPU: Not required
  Disk: 20 GB
  OS: ubuntu 20.04
  CUDA: Not required

============================================================
Step 2: Image Selection
============================================================
✓ Found 407 available CC-* images
✓ AI Stage 1: Selected 5 candidates
  Reasoning: The requirement specifies an Ubuntu 20.04 image without CUDA or GPU support. The selected images are all Ubuntu 20.04 images without any CUDA or GPU-specific tags, ensuring compatibility with the requirements. These images are also the most recent versions available, ensuring up-to-date security and software support.
⚠ No candidates found, using fallback selection
✓ Fallback image: CC-Ubuntu22.04-CUDA

============================================================
Step 3: SSH Key Management
============================================================
✓ Keypair exists: my-key

============================================================
Step 4: Network Configuration
============================================================
✓ Found network: sharednet1 (ID: 1a03cf65-8fd6-4fce-94fd-bbaabe68a8e1)

============================================================
Discovering Available Resources
============================================================

Discovering resources at tacc site...
✓ Found 310 hosts
✓ Discovered 18 node types: compute_arm64, compute_cascadelake, compute_cascadelake_r, compute_gigaio, compute_haswell_ib, compute_icelake_r650, compute_icelake_r750, compute_liqid, compute_skylake, compute_zen3, gpu_k80, gpu_m40, gpu_mi100, gpu_p100, gpu_p100_nvlink, gpu_p100_v100, storage, storage_hierarchy
✓ Found 18 node types available

✓ AI resource selection complete
  Node type: compute_cascadelake
  Reasoning: The user does not require a GPU, so we focus on compute nodes. The 'compute_cascadelake' node type is a general-purpose compute node that can meet the CPU core, RAM, and disk requirements specified by the user.
✓ AI selected node type: compute_cascadelake
  Reasoning: The user does not require a GPU, so we focus on compute nodes. The 'compute_cascadelake' node type is a general-purpose compute node that can meet the CPU core, RAM, and disk requirements specified by the user.

✓ Target node type: compute_cascadelake

============================================================
Step 5: Create Hardware Reservation
============================================================
✓ AI determined duration: 48 hours
  Reasoning: The requirements suggest a development or testing environment for containerized applications, likely involving Kubernetes. Setting up and testing a k8s Kind cluster, along with Docker and Golang, can be time-consuming, especially if the user is developing or testing complex applications. A 48-hour lease allows ample time for setup, troubleshooting, and iterative testing, while also accommodating potential delays or extended work sessions.

Creating lease:
  Name: auto-compute_cascadelake-202601152125
  Node Type: compute_cascadelake
  Start: 2026-01-15 21:27
  End: 2026-01-17 21:27

✓ Lease created: b0fcd859-d018-4bd2-b92b-50553afea9a3

Waiting for lease to activate...
  Status: PENDING, waiting...
  Status: PENDING, waiting...
  Status: PENDING, waiting...
  Status: PENDING, waiting...
  Status: PENDING, waiting...
  Status: PENDING, waiting...
  Status: PENDING, waiting...
  Status: PENDING, waiting...
✓ Lease is ACTIVE
✓ Reservation ID: 67decec9-965f-437d-9de1-be36a9c5fa4f

============================================================
Step 6: Launch Bare Metal Server
============================================================

Launching server:
  Name: auto-server-202601152127
  Image ID: c82b931e-4cf8-4366-9878-1ae941f24348
  Key: my-key
  Network ID: 1a03cf65-8fd6-4fce-94fd-bbaabe68a8e1
  Reservation ID: 67decec9-965f-437d-9de1-be36a9c5fa4f

✓ Server creation initiated: f5ee49fe-3e84-4715-ac01-39d3e23a3246

Waiting for server to become ACTIVE...
(This may take 10-30 minutes for bare metal)
  Status: BUILD
  Status: ACTIVE

✓ Server is ACTIVE

============================================================
Step 7: Assign Floating IP
============================================================
Creating new floating IP...
✓ Using floating IP: 129.114.108.85
✓ Floating IP attached

============================================================
✓ Provisioning Complete!
============================================================
Server Name: auto-server-202601152127
Server ID: f5ee49fe-3e84-4715-ac01-39d3e23a3246
Lease ID: b0fcd859-d018-4bd2-b92b-50553afea9a3
Reservation ID: 67decec9-965f-437d-9de1-be36a9c5fa4f
Image: CC-Ubuntu22.04-CUDA
Node Type: compute_cascadelake
Floating IP: 129.114.108.85

SSH Connection:
  ssh ubuntu@129.114.108.85

✓ Info saved to: auto-server-202601152127_info.json
End:     2026-01-15T21:34:40Z (exit=0, duration=575s)
