Command: python 2.0/src/provision_v2.py --repo "https://github.com/catchorg/Catch2" --site tacc
Start:   2026-01-15T23:27:06Z

============================================================
Automated Hardware Provisioning Tool v2.0
============================================================
✓ Configuration loaded
✓ AI client initialized
✓ OpenStack connection established

============================================================
Step 1: Repository Analysis
============================================================
✓ Repository cloned to: /tmp/Catch2

✓ Repository requirements analysis complete:
  CPU: 1 cores
  RAM: 1 GB
  GPU: Not required
  Disk: None GB
  OS: None None
  CUDA: Not required

============================================================
Step 2: Image Selection
============================================================
✓ Found 407 available CC-* images
✓ AI Stage 1: Selected 5 candidates
  Reasoning: The requirements do not specify any particular OS type, version, or the need for CUDA or GPU support. Therefore, the selected candidates are the latest stable versions of popular Linux distributions without CUDA or GPU-specific configurations. The chosen images include the latest Ubuntu LTS versions (24.04, 22.04, 20.04) and CentOS Stream versions (9, 8) to provide a range of options for different use cases.

✓ Final Selection: CC-Ubuntu24.04
  Image ID: 1b993456-987a-421b-afbf-29aa618565da

============================================================
Step 3: SSH Key Management
============================================================
✓ Keypair exists: my-key

============================================================
Step 4: Network Configuration
============================================================
✓ Found network: sharednet1 (ID: 1a03cf65-8fd6-4fce-94fd-bbaabe68a8e1)

============================================================
Discovering Available Resources
============================================================

Discovering resources at tacc site...
✓ Found 310 hosts
✓ Discovered 18 node types: compute_arm64, compute_cascadelake, compute_cascadelake_r, compute_gigaio, compute_haswell_ib, compute_icelake_r650, compute_icelake_r750, compute_liqid, compute_skylake, compute_zen3, gpu_k80, gpu_m40, gpu_mi100, gpu_p100, gpu_p100_nvlink, gpu_p100_v100, storage, storage_hierarchy
✓ Found 18 node types available

✓ AI resource selection complete
  Node type: compute_cascadelake
  Reasoning: The user requires a minimal amount of CPU and RAM, and does not require a GPU. Therefore, a general compute node is suitable. Among the available compute nodes, 'compute_cascadelake' is a versatile option that meets the basic requirements without the need for specialized hardware like GPUs or storage optimization.
✓ AI selected node type: compute_cascadelake
  Reasoning: The user requires a minimal amount of CPU and RAM, and does not require a GPU. Therefore, a general compute node is suitable. Among the available compute nodes, 'compute_cascadelake' is a versatile option that meets the basic requirements without the need for specialized hardware like GPUs or storage optimization.

✓ Target node type: compute_cascadelake

============================================================
Step 5: Create Hardware Reservation
============================================================
✓ AI determined duration: 24 hours
  Reasoning: The requirements specify minimal resources with no special requirements or GPU needs, which typically indicate a general-purpose task. Without specific information on the task's duration or urgency, a default lease duration of 24 hours is appropriate to cover a wide range of potential use cases.

Creating lease:
  Name: auto-compute_cascadelake-202601152327
  Node Type: compute_cascadelake
  Start: 2026-01-15 23:29
  End: 2026-01-16 23:29

✓ Lease created: fb44eb07-ca54-4ec2-9895-1e6b7b575469

Waiting for lease to activate...
  Status: PENDING, waiting...
  Status: PENDING, waiting...
  Status: PENDING, waiting...
  Status: PENDING, waiting...
  Status: PENDING, waiting...
  Status: PENDING, waiting...
  Status: PENDING, waiting...
✓ Lease is ACTIVE
✓ Reservation ID: 573d2e66-efcc-4225-9036-efb96155a918

============================================================
Step 6: Launch Bare Metal Server
============================================================

Launching server:
  Name: auto-server-202601152329
  Image ID: 1b993456-987a-421b-afbf-29aa618565da
  Key: my-key
  Network ID: 1a03cf65-8fd6-4fce-94fd-bbaabe68a8e1
  Reservation ID: 573d2e66-efcc-4225-9036-efb96155a918

✓ Server creation initiated: 9ffd8edb-b2ae-4c42-b43b-614a915d5292

Waiting for server to become ACTIVE...
(This may take 10-30 minutes for bare metal)
  Status: BUILD
  Status: ACTIVE

✓ Server is ACTIVE

============================================================
Step 7: Assign Floating IP
============================================================
Creating new floating IP...
✓ Using floating IP: 129.114.108.64
✓ Floating IP attached

============================================================
✓ Provisioning Complete!
============================================================
Server Name: auto-server-202601152329
Server ID: 9ffd8edb-b2ae-4c42-b43b-614a915d5292
Lease ID: fb44eb07-ca54-4ec2-9895-1e6b7b575469
Reservation ID: 573d2e66-efcc-4225-9036-efb96155a918
Image: CC-Ubuntu24.04
Node Type: compute_cascadelake
Floating IP: 129.114.108.64

SSH Connection:
  ssh ubuntu@129.114.108.64

✓ Info saved to: auto-server-202601152329_info.json
End:     2026-01-15T23:35:42Z (exit=0, duration=516s)
