Command: python 2.0/src/provision_v2.py --repo "https://github.com/fmtlib/fmt" --site tacc
Start:   2026-01-15T23:35:47Z

============================================================
Automated Hardware Provisioning Tool v2.0
============================================================
✓ Configuration loaded
✓ AI client initialized
✓ OpenStack connection established

============================================================
Step 1: Repository Analysis
============================================================
✓ Repository cloned to: /tmp/fmt

✓ Repository requirements analysis complete:
  CPU: 1 cores
  RAM: 1 GB
  GPU: Not required
  Disk: 1 GB
  OS: None None
  CUDA: Not required

============================================================
Step 2: Image Selection
============================================================
✓ Found 407 available CC-* images
✓ AI Stage 1: Selected 5 candidates
  Reasoning: The requirements specify no particular OS type, version, or CUDA/GPU support. Therefore, the selection focuses on recent and stable versions of popular operating systems without CUDA support. The chosen images include the latest Ubuntu LTS releases (24.04 and 22.04) and CentOS Stream versions (9 and 8), which are widely used and supported. These images provide a good balance of stability and up-to-date features.

✓ Final Selection: CC-Ubuntu24.04
  Image ID: 1b993456-987a-421b-afbf-29aa618565da

============================================================
Step 3: SSH Key Management
============================================================
✓ Keypair exists: my-key

============================================================
Step 4: Network Configuration
============================================================
✓ Found network: sharednet1 (ID: 1a03cf65-8fd6-4fce-94fd-bbaabe68a8e1)

============================================================
Discovering Available Resources
============================================================

Discovering resources at tacc site...
✓ Found 310 hosts
✓ Discovered 18 node types: compute_arm64, compute_cascadelake, compute_cascadelake_r, compute_gigaio, compute_haswell_ib, compute_icelake_r650, compute_icelake_r750, compute_liqid, compute_skylake, compute_zen3, gpu_k80, gpu_m40, gpu_mi100, gpu_p100, gpu_p100_nvlink, gpu_p100_v100, storage, storage_hierarchy
✓ Found 18 node types available

✓ AI resource selection complete
  Node type: compute_cascadelake
  Reasoning: The user requires a basic compute node with minimal CPU and RAM requirements and does not require a GPU. Among the available compute nodes, 'compute_cascadelake' is a suitable choice as it provides general compute capabilities without unnecessary GPU resources.
✓ AI selected node type: compute_cascadelake
  Reasoning: The user requires a basic compute node with minimal CPU and RAM requirements and does not require a GPU. Among the available compute nodes, 'compute_cascadelake' is a suitable choice as it provides general compute capabilities without unnecessary GPU resources.

✓ Target node type: compute_cascadelake

============================================================
Step 5: Create Hardware Reservation
============================================================
✓ AI determined duration: 24 hours
  Reasoning: The resource requirements are minimal and do not specify any particular constraints or special needs that would necessitate a shorter or longer lease duration. Defaulting to 24 hours provides a balanced time frame for general usage, allowing ample time for tasks that might require a full day.

Creating lease:
  Name: auto-compute_cascadelake-202601152336
  Node Type: compute_cascadelake
  Start: 2026-01-15 23:38
  End: 2026-01-16 23:38

✓ Lease created: eaa35db9-b0f1-4e00-b6eb-91829575a7ef

Waiting for lease to activate...
  Status: PENDING, waiting...
  Status: PENDING, waiting...
  Status: PENDING, waiting...
  Status: PENDING, waiting...
  Status: PENDING, waiting...
  Status: PENDING, waiting...
  Status: PENDING, waiting...
  Status: PENDING, waiting...
  Status: PENDING, waiting...
  Status: PENDING, waiting...
✓ Lease is ACTIVE
✓ Reservation ID: 4922cfdc-3fc5-4191-9e96-78d977e7a74f

============================================================
Step 6: Launch Bare Metal Server
============================================================

Launching server:
  Name: auto-server-202601152338
  Image ID: 1b993456-987a-421b-afbf-29aa618565da
  Key: my-key
  Network ID: 1a03cf65-8fd6-4fce-94fd-bbaabe68a8e1
  Reservation ID: 4922cfdc-3fc5-4191-9e96-78d977e7a74f

✓ Server creation initiated: a960f428-798b-4164-8fae-3f4c0c5d65d3

Waiting for server to become ACTIVE...
(This may take 10-30 minutes for bare metal)
  Status: BUILD
  Status: ACTIVE

✓ Server is ACTIVE

============================================================
Step 7: Assign Floating IP
============================================================
Creating new floating IP...
✓ Using floating IP: 129.114.108.47
✓ Floating IP attached

============================================================
✓ Provisioning Complete!
============================================================
Server Name: auto-server-202601152338
Server ID: a960f428-798b-4164-8fae-3f4c0c5d65d3
Lease ID: eaa35db9-b0f1-4e00-b6eb-91829575a7ef
Reservation ID: 4922cfdc-3fc5-4191-9e96-78d977e7a74f
Image: CC-Ubuntu24.04
Node Type: compute_cascadelake
Floating IP: 129.114.108.47

SSH Connection:
  ssh ubuntu@129.114.108.47

✓ Info saved to: auto-server-202601152338_info.json
End:     2026-01-15T23:45:44Z (exit=0, duration=597s)
