Command: python 2.0/src/provision_v2.py --repo "https://github.com/nushell/nushell" --site tacc
Start:   2026-04-16T00:46:02Z
Traceback (most recent call last):
  File "2.0/src/provision_v2.py", line 512, in launch_server_with_sdk
    raise Exception("Timeout waiting for server activation")
Exception: Timeout waiting for server activation

During handling of the above exception, another exception occurred:

Traceback (most recent call last):
  File "2.0/src/provision_v2.py", line 740, in main
    server_id, server_info = launch_server_with_sdk(
  File "2.0/src/provision_v2.py", line 515, in launch_server_with_sdk
    raise Exception(f"Server launch failed: {str(e)}")
Exception: Server launch failed: Timeout waiting for server activation

During handling of the above exception, another exception occurred:

Traceback (most recent call last):
  File "/home/cc/EnvAgent-plus/2.0/src/kvm_launcher.py", line 49, in select_kvm_flavor
    raise Exception("No KVM-capable flavors available (only baremetal found)")
Exception: No KVM-capable flavors available (only baremetal found)

During handling of the above exception, another exception occurred:

Traceback (most recent call last):
  File "/home/cc/EnvAgent-plus/2.0/src/kvm_launcher.py", line 112, in launch_kvm_instance
    flavor_id = select_kvm_flavor(os_conn, cpu_cores, ram_gb, min_disk_gb=min_disk_gb)
  File "/home/cc/EnvAgent-plus/2.0/src/kvm_launcher.py", line 75, in select_kvm_flavor
    raise Exception(f"KVM flavor selection failed: {e}")
Exception: KVM flavor selection failed: No KVM-capable flavors available (only baremetal found)

During handling of the above exception, another exception occurred:

Traceback (most recent call last):
  File "2.0/src/provision_v2.py", line 758, in main
    server_id, server_info = launch_kvm_instance(
  File "/home/cc/EnvAgent-plus/2.0/src/kvm_launcher.py", line 168, in launch_kvm_instance
    raise Exception(f"KVM instance launch failed: {str(e)}")
Exception: KVM instance launch failed: KVM flavor selection failed: No KVM-capable flavors available (only baremetal found)

During handling of the above exception, another exception occurred:

Traceback (most recent call last):
  File "2.0/src/provision_v2.py", line 772, in main
    raise Exception(f"Complete provisioning failure across all tiers")
Exception: Complete provisioning failure across all tiers

============================================================
Automated Hardware Provisioning Tool v2.0
============================================================
✓ Configuration loaded
✓ AI client initialized
✓ OpenStack connection established

============================================================
Step 1: Repository Analysis
============================================================
✓ Repository cloned to: /tmp/nushell

✓ Repository requirements analysis complete:
  CPU: 2 cores
  RAM: 2 GB
  GPU: Not required
  Disk: 1 GB
  OS: ubuntu None
  CUDA: Not required

============================================================
Step 2: Image Selection
============================================================
✓ Found 415 available CC-* images
✓ AI Stage 1: Selected 3 candidates
  Reasoning: The requirements specify an Ubuntu OS without a specific version, and no CUDA or GPU support is needed. Therefore, the best candidates are Ubuntu images without CUDA or GPU support. The selected images are: CC-Ubuntu24.04 (ID: 7cb5d6e0-e64c-4241-814a-1bfc21c04f10), CC-Ubuntu22.04 (ID: 5c637c73-cc66-406c-a3bd-b41096ab0cb4), and CC-Ubuntu20.04 (ID: 819473ad-b46c-48db-a2f6-53dead8204b0). These images meet the requirement of being Ubuntu-based and do not include CUDA support.
⚠ No candidates found, using fallback selection
✓ Fallback image: CC-Ubuntu22.04-CUDA

============================================================
Step 3: SSH Key Management
============================================================
✓ Keypair exists: my-key

============================================================
Step 4: Network Configuration
============================================================
✓ Found network: sharednet1 (ID: 1a03cf65-8fd6-4fce-94fd-bbaabe68a8e1)

============================================================
Discovering Available Resources
============================================================

Discovering resources at tacc site...
✓ Found 312 hosts
✓ Discovered 19 node types (ranked by availability & fit):
    compute_cascadelake_r: 55 reservable / 56 total | fit_score: 1.0
    compute_icelake_r650: 50 reservable / 52 total | fit_score: 1.0
    compute_zen3: 32 reservable / 32 total | fit_score: 1.0
    compute_skylake: 26 reservable / 32 total | fit_score: 1.0
    compute_cascadelake: 24 reservable / 24 total | fit_score: 1.0
    compute_icelake_r750: 17 reservable / 20 total | fit_score: 1.0
    compute_haswell_ib: 17 reservable / 17 total | fit_score: 1.0
    gpu_p100: 15 reservable / 15 total | fit_score: 0.3
    storage: 13 reservable / 21 total | fit_score: 0.2
    compute_arm64: 8 reservable / 8 total | fit_score: 1.0
    compute_liqid: 8 reservable / 8 total | fit_score: 1.0
    gpu_mi100: 8 reservable / 8 total | fit_score: 0.3
    compute_gigaio: 6 reservable / 6 total | fit_score: 1.0
    gpu_p100_nvlink: 4 reservable / 4 total | fit_score: 0.3
    gpu_h100: 2 reservable / 2 total | fit_score: 0.3
    gpu_k80: 2 reservable / 2 total | fit_score: 0.3
    gpu_m40: 2 reservable / 2 total | fit_score: 0.3
    storage_hierarchy: 1 reservable / 2 total | fit_score: 0.2
    gpu_p100_v100: 1 reservable / 1 total | fit_score: 0.3
✓ Found 19 node types available

✓ AI resource selection complete
  Node type: compute_cascadelake_r
  Reasoning: The compute_cascadelake_r node type has the highest reservable count of 55 among the available general compute nodes that match the user's requirements for CPU cores, RAM, and disk space. This ensures a higher success rate for lease creation due to its high availability.
✓ AI selected node type: compute_cascadelake_r
  Reasoning: The compute_cascadelake_r node type has the highest reservable count of 55 among the available general compute nodes that match the user's requirements for CPU cores, RAM, and disk space. This ensures a higher success rate for lease creation due to its high availability.

============================================================
Step 5: Create Hardware Reservation (with fallbacks)
============================================================

→ Trying 17 node types (compute → KVM → others)

[1/17] Attempting: compute_cascadelake_r (55 reservable / 56 total)
✓ AI determined duration: 24 hours
  Reasoning: The requirements specify a basic setup with 2 CPU cores, 2 GB of RAM, and 1 GB of disk space, which are minimal resources. There are no GPU or CUDA requirements, and the special requirements of 'brew' and 'winget' are package managers that can be installed relatively quickly. Given the simplicity of the setup and the lack of time-intensive tasks or heavy computational needs, a default lease duration of 24 hours should be sufficient to accomplish the necessary tasks.

Creating lease:
  Name: auto-202604160046-compute_cascadelake_r
  Node Type: compute_cascadelake_r
  Start: 2026-04-16 00:48
  End: 2026-04-17 00:48
  ✗ No capacity available for compute_cascadelake_r
  → Trying next option...

[2/17] Attempting: compute_icelake_r650 (50 reservable / 52 total)
✓ AI determined duration: 24 hours
  Reasoning: The requirements specify a small amount of resources (2 CPU cores, 2 GB RAM, and 1 GB disk space) and do not include any GPU or CUDA needs. The special requirements of 'brew' and 'winget' suggest that the setup might involve installing and configuring software packages, which can typically be completed within a day. Given the lack of specific time constraints or complex computational tasks, a default lease duration of 24 hours is appropriate to allow sufficient time for setup and any unforeseen issues.

Creating lease:
  Name: auto-202604160046-compute_icelake_r650
  Node Type: compute_icelake_r650
  Start: 2026-04-16 00:49
  End: 2026-04-17 00:49

✓ Lease created: ac55825a-ac7a-4692-bf42-ba9ffcc137a7

Waiting for lease to activate...
  Status: PENDING, waiting...
  Status: PENDING, waiting...
  Status: PENDING, waiting...
  Status: PENDING, waiting...
  Status: PENDING, waiting...
✓ Lease is ACTIVE
✓ Reservation ID: 33d72f53-6d1e-44f2-8684-951c9be9f92d
✓ SUCCESS: Lease created with compute_icelake_r650

✓ Final node type: compute_icelake_r650

============================================================
Step 6: Launch Bare Metal Server
============================================================

Launching server:
  Name: auto-server-202604160046
  Image ID: 07263122-bade-4d24-a776-46f4f1c2e26a
  Key: my-key
  Network ID: 1a03cf65-8fd6-4fce-94fd-bbaabe68a8e1
  Reservation ID: 33d72f53-6d1e-44f2-8684-951c9be9f92d

✓ Server creation initiated: 1cebd1a7-a552-4bb1-b9bf-ef907002d7b6

Waiting for server to become ACTIVE...
(This may take 10-30 minutes for bare metal)
  Status: BUILD

============================================================
TIER 4 FALLBACK: KVM Virtual Machines
============================================================
Blazar bare-metal exhausted: Server launch failed: Timeout waiting for server activation

→ Switching to direct Nova VM launch (no reservation needed)

  Launching KVM VM:
    Name: auto-server-202604160046
    Image ID: 07263122-bade-4d24-a776-46f4f1c2e26a
    Key: my-key
    Network ID: 1a03cf65-8fd6-4fce-94fd-bbaabe68a8e1

  Selecting KVM flavor (CPU: 2, RAM: 2GB)...

✗ KVM VM fallback also failed: KVM instance launch failed: KVM flavor selection failed: No KVM-capable flavors available (only baremetal found)

✗ All provisioning tiers exhausted:
   Tier 1-3 (Blazar bare-metal): Server launch failed: Timeout waiting for server activation
   Tier 4 (KVM VMs): KVM instance launch failed: KVM flavor selection failed: No KVM-capable flavors available (only baremetal found)


✗ ERROR: Complete provisioning failure across all tiers
End:     2026-04-16T01:19:30Z (exit=1, duration=2008s)
