Command: python 2.0/src/provision_v2.py --repo "https://github.com/nyu-systems/CLM-GS" --site tacc
Start:   2026-03-11T22:01:37Z

============================================================
Automated Hardware Provisioning Tool v2.0
============================================================
✓ Configuration loaded
✓ AI client initialized
✓ OpenStack connection established

============================================================
Step 1: Repository Analysis
============================================================
✓ Repository cloned to: /tmp/CLM-GS

✓ Repository requirements analysis complete:
  CPU: 8 cores
  RAM: 128 GB
  GPU: Required
  GPU Memory: 24 GB
  Disk: 500 GB
  OS: ubuntu 20.04
  CUDA: Required

============================================================
Step 2: Image Selection
============================================================
✓ Found 407 available CC-* images
✓ AI Stage 1: Selected 5 candidates
  Reasoning: The requirement is for Ubuntu 20.04 with CUDA support. The images that match these criteria are those with 'CC-Ubuntu20.04-CUDA' in their names. These images ensure compatibility with the specified OS version and provide the necessary CUDA support for GPU tasks. The selected images are the most recent versions available, ensuring up-to-date features and security patches.
⚠ No candidates found, using fallback selection
✓ Fallback image: CC-Ubuntu22.04-CUDA

============================================================
Step 3: SSH Key Management
============================================================
✓ Keypair exists: my-key

============================================================
Step 4: Network Configuration
============================================================
✓ Found network: sharednet1 (ID: 1a03cf65-8fd6-4fce-94fd-bbaabe68a8e1)

============================================================
Discovering Available Resources
============================================================

Discovering resources at tacc site...
✓ Found 312 hosts
✓ Discovered 19 node types (ranked by availability & fit):
    compute_cascadelake_r: 56 reservable / 56 total | fit_score: 1.0
    compute_icelake_r650: 50 reservable / 52 total | fit_score: 1.0
    compute_zen3: 32 reservable / 32 total | fit_score: 1.0
    compute_skylake: 28 reservable / 32 total | fit_score: 1.0
    compute_cascadelake: 24 reservable / 24 total | fit_score: 1.0
    compute_icelake_r750: 18 reservable / 20 total | fit_score: 1.0
    compute_haswell_ib: 17 reservable / 17 total | fit_score: 1.0
    gpu_p100: 15 reservable / 15 total | fit_score: 2.0
    storage: 13 reservable / 21 total | fit_score: 0.2
    gpu_mi100: 8 reservable / 8 total | fit_score: 2.0
    compute_arm64: 8 reservable / 8 total | fit_score: 1.0
    compute_liqid: 8 reservable / 8 total | fit_score: 1.0
    compute_gigaio: 6 reservable / 6 total | fit_score: 1.0
    gpu_p100_nvlink: 4 reservable / 4 total | fit_score: 2.0
    gpu_h100: 2 reservable / 2 total | fit_score: 2.0
    gpu_k80: 2 reservable / 2 total | fit_score: 2.0
    gpu_m40: 2 reservable / 2 total | fit_score: 2.0
    storage_hierarchy: 2 reservable / 2 total | fit_score: 0.2
    gpu_p100_v100: 1 reservable / 1 total | fit_score: 2.0
✓ Found 19 node types available

✓ AI resource selection complete
  Node type: gpu_p100
  Reasoning: The gpu_p100 node type matches the user's requirement for a GPU with sufficient memory and has the highest reservable count among GPU options, ensuring higher availability and a greater success rate for lease creation.
✓ AI selected node type: gpu_p100
  Reasoning: The gpu_p100 node type matches the user's requirement for a GPU with sufficient memory and has the highest reservable count among GPU options, ensuring higher availability and a greater success rate for lease creation.

============================================================
Step 5: Create Hardware Reservation (with fallbacks)
============================================================

→ GPU required: Tiered fallback strategy:
   Tier 1 (GPU): 7 types
   Tier 2 (Compute): 10 types
   Tier 3 (KVM/VM): 0 types
   Total: 17 attempts

[1/17] Attempting: gpu_p100 [GPU (Tier 1)] (15 reservable / 15 total)
✓ AI determined duration: 72 hours
  Reasoning: The requirements indicate a need for a high-performance environment with specific configurations, including a GPU with substantial memory, CUDA support, and a specialized software stack. These factors suggest a complex computational task, likely involving machine learning or computer vision, which can be time-consuming. A 72-hour lease provides ample time for setup, execution, and potential troubleshooting of such tasks.

Creating lease:
  Name: auto-202603112201-gpu_p100
  Node Type: gpu_p100
  Start: 2026-03-11 22:03
  End: 2026-03-14 22:03
  ✗ No capacity available for gpu_p100
  → Trying next option...

[2/17] Attempting: gpu_mi100 [GPU (Tier 1)] (8 reservable / 8 total)
✓ AI determined duration: 72 hours
  Reasoning: The requirements suggest a resource-intensive task likely related to machine learning or computer vision, given the need for a high-performance GPU with 24GB memory, CUDA, and PyTorch. The mention of COLMAP-formatted datasets indicates potential 3D reconstruction or photogrammetry tasks, which can be computationally demanding and time-consuming. A 72-hour lease provides ample time for setup, execution, and any necessary troubleshooting or iterations.

Creating lease:
  Name: auto-202603112201-gpu_mi100
  Node Type: gpu_mi100
  Start: 2026-03-11 22:04
  End: 2026-03-14 22:04
  ✗ No capacity available for gpu_mi100
  → Trying next option...

[3/17] Attempting: gpu_p100_nvlink [GPU (Tier 1)] (4 reservable / 4 total)
✓ AI determined duration: 48 hours
  Reasoning: The requirements suggest a high-performance computing task, likely involving machine learning or data processing with GPU acceleration. The need for a specific CUDA version, a large amount of RAM, and a powerful GPU indicates that the task may involve training or running complex models, which can be time-consuming. Additionally, the use of PyTorch and COLMAP-formatted datasets suggests potential 3D reconstruction or similar tasks that are computationally intensive. Therefore, a 48-hour lease duration is recommended to ensure sufficient time for setup, execution, and any necessary troubleshooting.

Creating lease:
  Name: auto-202603112201-gpu_p100_nvlink
  Node Type: gpu_p100_nvlink
  Start: 2026-03-11 22:04
  End: 2026-03-13 22:04
  ✗ No capacity available for gpu_p100_nvlink
  → Trying next option...

[4/17] Attempting: gpu_h100 [GPU (Tier 1)] (2 reservable / 2 total)
✓ AI determined duration: 72 hours
  Reasoning: The requirements suggest a high-performance computing task likely related to machine learning or computer vision, given the need for a powerful GPU with 24GB memory, a significant amount of RAM, and specific software requirements like PyTorch and CUDA. Such tasks often involve training deep learning models, which can be time-consuming. Additionally, the need for a COLMAP-formatted dataset suggests potential 3D reconstruction or similar tasks, which also require substantial computational time. Therefore, a lease duration of 72 hours is recommended to ensure sufficient time for setup, execution, and any necessary iterations or troubleshooting.

Creating lease:
  Name: auto-202603112201-gpu_h100
  Node Type: gpu_h100
  Start: 2026-03-11 22:04
  End: 2026-03-14 22:04
  ✗ No capacity available for gpu_h100
  → Trying next option...

[5/17] Attempting: gpu_k80 [GPU (Tier 1)] (2 reservable / 2 total)
✓ AI determined duration: 72 hours
  Reasoning: The requirements suggest a high-performance computing task, likely involving machine learning or data processing, given the need for a GPU with substantial memory, CUDA support, and PyTorch. Such tasks often involve training models, which can take several days depending on the complexity and size of the datasets. Additionally, the need for a specific Conda environment and COLMAP-formatted datasets indicates a specialized setup that might require additional time for configuration and testing. Therefore, a 72-hour lease provides a reasonable buffer to complete these tasks without interruption.

Creating lease:
  Name: auto-202603112201-gpu_k80
  Node Type: gpu_k80
  Start: 2026-03-11 22:04
  End: 2026-03-14 22:04
  ✗ No capacity available for gpu_k80
  → Trying next option...

[6/17] Attempting: gpu_m40 [GPU (Tier 1)] (2 reservable / 2 total)
✓ AI determined duration: 72 hours
  Reasoning: The requirements suggest a high-performance computing task likely related to machine learning or computer vision, given the need for a GPU with substantial memory, CUDA, and PyTorch. Such tasks often involve training models or processing large datasets, which can take multiple days. A 72-hour lease provides ample time for experimentation, debugging, and execution of potentially long-running processes, especially with the need to set up a Conda environment and handle COLMAP-formatted datasets.

Creating lease:
  Name: auto-202603112201-gpu_m40
  Node Type: gpu_m40
  Start: 2026-03-11 22:04
  End: 2026-03-14 22:04

✓ Lease created: 02f85640-64bc-4446-9e2a-67c10d262a5d

Waiting for lease to activate...
  Status: PENDING, waiting...
  Status: PENDING, waiting...
  Status: PENDING, waiting...
  Status: PENDING, waiting...
  Status: PENDING, waiting...
  Status: PENDING, waiting...
✓ Lease is ACTIVE
✓ Reservation ID: 77c93dac-e1f5-4213-acba-fd1bd0c5c6c3
✓ SUCCESS: Lease created with gpu_m40

✓ Final node type: gpu_m40

============================================================
Step 6: Launch Bare Metal Server
============================================================

Launching server:
  Name: auto-server-202603112201
  Image ID: c82b931e-4cf8-4366-9878-1ae941f24348
  Key: my-key
  Network ID: 1a03cf65-8fd6-4fce-94fd-bbaabe68a8e1
  Reservation ID: 77c93dac-e1f5-4213-acba-fd1bd0c5c6c3

✓ Server creation initiated: 2feb75ea-a550-4a51-b435-39538592a21b

Waiting for server to become ACTIVE...
(This may take 10-30 minutes for bare metal)
  Status: BUILD
  Status: ACTIVE

✓ Server is ACTIVE

============================================================
Step 7: Assign Floating IP
============================================================
Creating new floating IP...
✓ Using floating IP: 129.114.108.56
✓ Floating IP attached

============================================================
✓ Provisioning Complete!
============================================================
Provisioning Type: Bare Metal (Blazar)
Server Name: auto-server-202603112201
Server ID: 2feb75ea-a550-4a51-b435-39538592a21b
Lease ID: 02f85640-64bc-4446-9e2a-67c10d262a5d
Reservation ID: 77c93dac-e1f5-4213-acba-fd1bd0c5c6c3
Image: CC-Ubuntu22.04-CUDA
Node Type: gpu_m40
Floating IP: 129.114.108.56

SSH Connection:
  ssh ubuntu@129.114.108.56

✓ Info saved to: auto-server-202603112201_info.json
End:     2026-03-11T22:14:43Z (exit=0, duration=786s)
