Command: python 2.0/src/provision_v2.py --repo "https://github.com/wonglkd/Baleen-FAST24" --site tacc
Start:   2026-01-15T21:34:46Z

============================================================
Automated Hardware Provisioning Tool v2.0
============================================================
✓ Configuration loaded
✓ AI client initialized
✓ OpenStack connection established

============================================================
Step 1: Repository Analysis
============================================================
✓ Repository cloned to: /tmp/Baleen-FAST24

✓ Repository requirements analysis complete:
  CPU: 4 cores
  RAM: 16 GB
  GPU: Not required
  Disk: 50 GB
  OS: ubuntu 20.04
  CUDA: Not required

============================================================
Step 2: Image Selection
============================================================
✓ Found 407 available CC-* images
✓ AI Stage 1: Selected 5 candidates
  Reasoning: The requirement is for an Ubuntu 20.04 image without CUDA or GPU support. The selected images are all based on Ubuntu 20.04 and do not include CUDA in their naming, indicating they do not have CUDA support. These images are the most recent and varied versions available, ensuring up-to-date security and feature updates.
⚠ No candidates found, using fallback selection
✓ Fallback image: CC-Ubuntu22.04-CUDA

============================================================
Step 3: SSH Key Management
============================================================
✓ Keypair exists: my-key

============================================================
Step 4: Network Configuration
============================================================
✓ Found network: sharednet1 (ID: 1a03cf65-8fd6-4fce-94fd-bbaabe68a8e1)

============================================================
Discovering Available Resources
============================================================

Discovering resources at tacc site...
✓ Found 310 hosts
✓ Discovered 18 node types: compute_arm64, compute_cascadelake, compute_cascadelake_r, compute_gigaio, compute_haswell_ib, compute_icelake_r650, compute_icelake_r750, compute_liqid, compute_skylake, compute_zen3, gpu_k80, gpu_m40, gpu_mi100, gpu_p100, gpu_p100_nvlink, gpu_p100_v100, storage, storage_hierarchy
✓ Found 18 node types available

✓ AI resource selection complete
  Node type: compute_cascadelake
  Reasoning: The user requires a node with 4 CPU cores, 16 GB RAM, and 50 GB disk space without a GPU. Among the available compute nodes, 'compute_cascadelake' is a general-purpose compute node that can fulfill these requirements. It is suitable for CPU-bound tasks and does not include unnecessary GPU resources, aligning with the user's specification of not requiring a GPU.
✓ AI selected node type: compute_cascadelake
  Reasoning: The user requires a node with 4 CPU cores, 16 GB RAM, and 50 GB disk space without a GPU. Among the available compute nodes, 'compute_cascadelake' is a general-purpose compute node that can fulfill these requirements. It is suitable for CPU-bound tasks and does not include unnecessary GPU resources, aligning with the user's specification of not requiring a GPU.

✓ Target node type: compute_cascadelake

============================================================
Step 5: Create Hardware Reservation
============================================================
✓ AI determined duration: 48 hours
  Reasoning: The requirements suggest a development or data analysis environment, likely for a project involving Python, Jupyter Notebook, and Redis. Given the need for setting up Conda environments and possibly running analyses or experiments, a 48-hour lease provides sufficient time for setup, execution, and any necessary adjustments without being excessive.

Creating lease:
  Name: auto-compute_cascadelake-202601152135
  Node Type: compute_cascadelake
  Start: 2026-01-15 21:37
  End: 2026-01-17 21:37

✓ Lease created: 553df9a3-d014-448b-b00f-1a1ecb77aade

Waiting for lease to activate...
  Status: PENDING, waiting...
  Status: PENDING, waiting...
  Status: PENDING, waiting...
  Status: PENDING, waiting...
  Status: PENDING, waiting...
  Status: PENDING, waiting...
  Status: PENDING, waiting...
  Status: PENDING, waiting...
  Status: PENDING, waiting...
  Status: PENDING, waiting...
  Status: PENDING, waiting...
✓ Lease is ACTIVE
✓ Reservation ID: cb23524f-e00e-4b46-ad98-f7aa0ed048a7

============================================================
Step 6: Launch Bare Metal Server
============================================================

Launching server:
  Name: auto-server-202601152137
  Image ID: c82b931e-4cf8-4366-9878-1ae941f24348
  Key: my-key
  Network ID: 1a03cf65-8fd6-4fce-94fd-bbaabe68a8e1
  Reservation ID: cb23524f-e00e-4b46-ad98-f7aa0ed048a7

✓ Server creation initiated: 1e0fae1b-a2fd-4a59-a1db-eec44e810608

Waiting for server to become ACTIVE...
(This may take 10-30 minutes for bare metal)
  Status: BUILD
  Status: ACTIVE

✓ Server is ACTIVE

============================================================
Step 7: Assign Floating IP
============================================================
Creating new floating IP...
✓ Using floating IP: 129.114.109.2
✓ Floating IP attached

============================================================
✓ Provisioning Complete!
============================================================
Server Name: auto-server-202601152137
Server ID: 1e0fae1b-a2fd-4a59-a1db-eec44e810608
Lease ID: 553df9a3-d014-448b-b00f-1a1ecb77aade
Reservation ID: cb23524f-e00e-4b46-ad98-f7aa0ed048a7
Image: CC-Ubuntu22.04-CUDA
Node Type: compute_cascadelake
Floating IP: 129.114.109.2

SSH Connection:
  ssh ubuntu@129.114.109.2

✓ Info saved to: auto-server-202601152137_info.json
End:     2026-01-15T21:45:18Z (exit=0, duration=632s)
