Command: python 2.0/src/provision_v2.py --repo "https://github.com/facebook/zstd" --site tacc
Start:   2026-02-19T15:11:26Z

============================================================
Automated Hardware Provisioning Tool v2.0
============================================================
✓ Configuration loaded
✓ AI client initialized
✓ OpenStack connection established

============================================================
Step 1: Repository Analysis
============================================================
✓ Repository cloned to: /tmp/zstd

✓ Repository requirements analysis complete:
  CPU: 4 cores
  RAM: 4 GB
  GPU: Not required
  Disk: 1 GB
  OS: ubuntu 24.04
  CUDA: Not required

============================================================
Step 2: Image Selection
============================================================
✓ Found 407 available CC-* images
✓ AI Stage 1: Selected 5 candidates
  Reasoning: The requirements specify an Ubuntu 24.04 image without CUDA or GPU support. The selected images are all Ubuntu 24.04 without any CUDA or GPU-related tags, ensuring they meet the specified criteria. These images are the most straightforward matches for the requirements.
⚠ No candidates found, using fallback selection
✓ Fallback image: CC-Ubuntu22.04-CUDA

============================================================
Step 3: SSH Key Management
============================================================
✓ Keypair exists: my-key

============================================================
Step 4: Network Configuration
============================================================
✓ Found network: sharednet1 (ID: 1a03cf65-8fd6-4fce-94fd-bbaabe68a8e1)

============================================================
Discovering Available Resources
============================================================

Discovering resources at tacc site...
✓ Found 310 hosts
✓ Discovered 18 node types (ranked by availability & fit):
    compute_cascadelake_r: 56 reservable / 56 total | fit_score: 1.0
    compute_icelake_r650: 50 reservable / 52 total | fit_score: 1.0
    compute_zen3: 32 reservable / 32 total | fit_score: 1.0
    compute_skylake: 29 reservable / 32 total | fit_score: 1.0
    compute_cascadelake: 24 reservable / 24 total | fit_score: 1.0
    compute_icelake_r750: 18 reservable / 20 total | fit_score: 1.0
    compute_haswell_ib: 17 reservable / 17 total | fit_score: 1.0
    gpu_p100: 15 reservable / 15 total | fit_score: 0.3
    storage: 13 reservable / 21 total | fit_score: 0.2
    compute_arm64: 8 reservable / 8 total | fit_score: 1.0
    compute_liqid: 8 reservable / 8 total | fit_score: 1.0
    gpu_mi100: 8 reservable / 8 total | fit_score: 0.3
    compute_gigaio: 6 reservable / 6 total | fit_score: 1.0
    gpu_p100_nvlink: 4 reservable / 4 total | fit_score: 0.3
    gpu_k80: 2 reservable / 2 total | fit_score: 0.3
    gpu_m40: 2 reservable / 2 total | fit_score: 0.3
    storage_hierarchy: 2 reservable / 2 total | fit_score: 0.2
    gpu_p100_v100: 1 reservable / 1 total | fit_score: 0.3
✓ Found 18 node types available

✓ AI resource selection complete
  Node type: compute_cascadelake_r
  Reasoning: The compute_cascadelake_r node type matches the user's requirements for CPU cores, RAM, and disk space. It has the highest reservable count of 56, ensuring the highest availability and success rate for lease creation.
✓ AI selected node type: compute_cascadelake_r
  Reasoning: The compute_cascadelake_r node type matches the user's requirements for CPU cores, RAM, and disk space. It has the highest reservable count of 56, ensuring the highest availability and success rate for lease creation.

============================================================
Step 5: Create Hardware Reservation (with fallbacks)
============================================================

→ Trying 16 node types (compute → KVM → others)

[1/16] Attempting: compute_cascadelake_r (56 reservable / 56 total)
✓ AI determined duration: 48 hours
  Reasoning: The requirements suggest a development or build environment setup, which typically involves compiling and testing software. Tools like make, cmake, gcc, meson, vcpkg, and conan are used in software development and package management, which can be time-consuming processes. Given these tools and the potential need for multiple build and test cycles, a 48-hour lease duration would provide sufficient time to complete these tasks without interruption.

Creating lease:
  Name: auto-202602191511-compute_cascadelake_r
  Node Type: compute_cascadelake_r
  Start: 2026-02-19 15:13
  End: 2026-02-21 15:13
  ✗ No capacity available for compute_cascadelake_r
  → Trying next option...

[2/16] Attempting: compute_icelake_r650 (50 reservable / 52 total)
✓ AI determined duration: 48 hours
  Reasoning: The requirements suggest a development or build environment setup, which often involves compiling software and managing dependencies. This process can be time-consuming, especially if there are multiple iterations or troubleshooting involved. Additionally, the presence of tools like cmake, meson, and conan indicates potential complex build processes. Therefore, a lease duration of 48 hours is recommended to provide ample time for setup, testing, and any necessary adjustments.

Creating lease:
  Name: auto-202602191511-compute_icelake_r650
  Node Type: compute_icelake_r650
  Start: 2026-02-19 15:14
  End: 2026-02-21 15:14

✓ Lease created: 947aa840-6c5b-4790-a0ee-ebb9128874a5

Waiting for lease to activate...
  Status: PENDING, waiting...
  Status: PENDING, waiting...
  Status: PENDING, waiting...
  Status: PENDING, waiting...
  Status: PENDING, waiting...
  Status: PENDING, waiting...
  Status: PENDING, waiting...
  Status: PENDING, waiting...
  Status: PENDING, waiting...
  Status: PENDING, waiting...
  Status: PENDING, waiting...
  Status: PENDING, waiting...
✓ Lease is ACTIVE
✓ Reservation ID: f168f45e-490a-45ff-8f5b-4b32f4f881d6
✓ SUCCESS: Lease created with compute_icelake_r650

✓ Final node type: compute_icelake_r650

============================================================
Step 6: Launch Bare Metal Server
============================================================

Launching server:
  Name: auto-server-202602191511
  Image ID: c82b931e-4cf8-4366-9878-1ae941f24348
  Key: my-key
  Network ID: 1a03cf65-8fd6-4fce-94fd-bbaabe68a8e1
  Reservation ID: f168f45e-490a-45ff-8f5b-4b32f4f881d6

✓ Server creation initiated: a57d1855-886f-4b74-8e6b-b8d42554f9f4

Waiting for server to become ACTIVE...
(This may take 10-30 minutes for bare metal)
  Status: BUILD
  Status: ACTIVE

✓ Server is ACTIVE

============================================================
Step 7: Assign Floating IP
============================================================
Creating new floating IP...
✓ Using floating IP: 129.114.109.180
✓ Floating IP attached

============================================================
✓ Provisioning Complete!
============================================================
Provisioning Type: Bare Metal (Blazar)
Server Name: auto-server-202602191511
Server ID: a57d1855-886f-4b74-8e6b-b8d42554f9f4
Lease ID: 947aa840-6c5b-4790-a0ee-ebb9128874a5
Reservation ID: f168f45e-490a-45ff-8f5b-4b32f4f881d6
Image: CC-Ubuntu22.04-CUDA
Node Type: compute_icelake_r650
Floating IP: 129.114.109.180

SSH Connection:
  ssh ubuntu@129.114.109.180

✓ Info saved to: auto-server-202602191511_info.json
End:     2026-02-19T15:23:53Z (exit=0, duration=747s)
