Command: python 2.0/src/provision_v2.py --repo "https://github.com/nlohmann/json" --site tacc
Start:   2026-02-19T16:10:28Z

============================================================
Automated Hardware Provisioning Tool v2.0
============================================================
✓ Configuration loaded
✓ AI client initialized
✓ OpenStack connection established

============================================================
Step 1: Repository Analysis
============================================================
✓ Repository cloned to: /tmp/json

✓ Repository requirements analysis complete:
  CPU: 1 cores
  RAM: 1 GB
  GPU: Not required
  Disk: 1 GB
  OS: ubuntu None
  CUDA: Not required

============================================================
Step 2: Image Selection
============================================================
✓ Found 407 available CC-* images
✓ AI Stage 1: Selected 5 candidates
  Reasoning: The requirements specify an Ubuntu OS without a specific version and no need for CUDA or GPU support. The selected images are Ubuntu base images without CUDA, covering different recent versions (20.04, 22.04, and 24.04) to provide flexibility in the choice of OS version. These images do not have any additional features like CUDA, which aligns with the requirements.
⚠ No candidates found, using fallback selection
✓ Fallback image: CC-Ubuntu22.04-CUDA

============================================================
Step 3: SSH Key Management
============================================================
✓ Keypair exists: my-key

============================================================
Step 4: Network Configuration
============================================================
✓ Found network: sharednet1 (ID: 1a03cf65-8fd6-4fce-94fd-bbaabe68a8e1)

============================================================
Discovering Available Resources
============================================================

Discovering resources at tacc site...
✓ Found 310 hosts
✓ Discovered 18 node types (ranked by availability & fit):
    compute_cascadelake_r: 56 reservable / 56 total | fit_score: 1.0
    compute_icelake_r650: 50 reservable / 52 total | fit_score: 1.0
    compute_zen3: 32 reservable / 32 total | fit_score: 1.0
    compute_skylake: 29 reservable / 32 total | fit_score: 1.0
    compute_cascadelake: 24 reservable / 24 total | fit_score: 1.0
    compute_icelake_r750: 18 reservable / 20 total | fit_score: 1.0
    compute_haswell_ib: 17 reservable / 17 total | fit_score: 1.0
    gpu_p100: 15 reservable / 15 total | fit_score: 0.3
    storage: 13 reservable / 21 total | fit_score: 0.2
    compute_arm64: 8 reservable / 8 total | fit_score: 1.0
    compute_liqid: 8 reservable / 8 total | fit_score: 1.0
    gpu_mi100: 8 reservable / 8 total | fit_score: 0.3
    compute_gigaio: 6 reservable / 6 total | fit_score: 1.0
    gpu_p100_nvlink: 4 reservable / 4 total | fit_score: 0.3
    gpu_k80: 2 reservable / 2 total | fit_score: 0.3
    gpu_m40: 2 reservable / 2 total | fit_score: 0.3
    storage_hierarchy: 2 reservable / 2 total | fit_score: 0.2
    gpu_p100_v100: 1 reservable / 1 total | fit_score: 0.3
✓ Found 18 node types available

✓ AI resource selection complete
  Node type: compute_cascadelake_r
  Reasoning: The compute_cascadelake_r node type has the highest reservable count (56) among the available compute nodes that meet the user's requirements for CPU cores, RAM, and disk space without needing a GPU. This maximizes the success rate for lease creation.
✓ AI selected node type: compute_cascadelake_r
  Reasoning: The compute_cascadelake_r node type has the highest reservable count (56) among the available compute nodes that meet the user's requirements for CPU cores, RAM, and disk space without needing a GPU. This maximizes the success rate for lease creation.

============================================================
Step 5: Create Hardware Reservation (with fallbacks)
============================================================

→ Trying 16 node types (compute → KVM → others)

[1/16] Attempting: compute_cascadelake_r (56 reservable / 56 total)
✓ AI determined duration: 24 hours
  Reasoning: The requirements specify a minimal setup with 1 CPU core, 1 GB RAM, and 1 GB disk space, which suggests a lightweight task. There are no GPU or CUDA requirements, and the only special requirement is C++11 support, which is standard on modern Ubuntu distributions. Without specific information on the task duration or urgency, a default lease duration of 24 hours is appropriate to cover typical use cases for such a configuration.

Creating lease:
  Name: auto-202602191610-compute_cascadelake_r
  Node Type: compute_cascadelake_r
  Start: 2026-02-19 16:12
  End: 2026-02-20 16:12
  ✗ No capacity available for compute_cascadelake_r
  → Trying next option...

[2/16] Attempting: compute_icelake_r650 (50 reservable / 52 total)
✓ AI determined duration: 24 hours
  Reasoning: The resource requirements are minimal, indicating a lightweight task. The lack of a GPU requirement and the small RAM and disk size suggest that the task is not computationally intensive. The special requirement for C++11 support is standard and does not imply a long processing time. Therefore, a default lease duration of 24 hours is appropriate to accommodate typical development or testing activities.

Creating lease:
  Name: auto-202602191610-compute_icelake_r650
  Node Type: compute_icelake_r650
  Start: 2026-02-19 16:13
  End: 2026-02-20 16:13

✓ Lease created: ebb162a8-12e2-47cb-9bd5-a334917e1135

Waiting for lease to activate...
  Status: PENDING, waiting...
  Status: PENDING, waiting...
  Status: PENDING, waiting...
  Status: PENDING, waiting...
  Status: PENDING, waiting...
  Status: PENDING, waiting...
  Status: PENDING, waiting...
  Status: PENDING, waiting...
  Status: PENDING, waiting...
  Status: PENDING, waiting...
  Status: PENDING, waiting...
✓ Lease is ACTIVE
✓ Reservation ID: bfd4b494-047f-441e-ba85-490d8cb9cba5
✓ SUCCESS: Lease created with compute_icelake_r650

✓ Final node type: compute_icelake_r650

============================================================
Step 6: Launch Bare Metal Server
============================================================

Launching server:
  Name: auto-server-202602191610
  Image ID: c82b931e-4cf8-4366-9878-1ae941f24348
  Key: my-key
  Network ID: 1a03cf65-8fd6-4fce-94fd-bbaabe68a8e1
  Reservation ID: bfd4b494-047f-441e-ba85-490d8cb9cba5

✓ Server creation initiated: e299da71-47ee-4ec0-bf7d-1478777d4e7a

Waiting for server to become ACTIVE...
(This may take 10-30 minutes for bare metal)
  Status: BUILD
  Status: ACTIVE

✓ Server is ACTIVE

============================================================
Step 7: Assign Floating IP
============================================================
Creating new floating IP...
✓ Using floating IP: 129.114.109.178
✓ Floating IP attached

============================================================
✓ Provisioning Complete!
============================================================
Provisioning Type: Bare Metal (Blazar)
Server Name: auto-server-202602191610
Server ID: e299da71-47ee-4ec0-bf7d-1478777d4e7a
Lease ID: ebb162a8-12e2-47cb-9bd5-a334917e1135
Reservation ID: bfd4b494-047f-441e-ba85-490d8cb9cba5
Image: CC-Ubuntu22.04-CUDA
Node Type: compute_icelake_r650
Floating IP: 129.114.109.178

SSH Connection:
  ssh ubuntu@129.114.109.178

✓ Info saved to: auto-server-202602191610_info.json
End:     2026-02-19T16:22:23Z (exit=0, duration=715s)
