Command: python 2.0/src/provision_v2.py --repo "https://github.com/vuejs/core" --site tacc
Start:   2026-01-16T00:14:09Z

============================================================
Automated Hardware Provisioning Tool v2.0
============================================================
✓ Configuration loaded
✓ AI client initialized
✓ OpenStack connection established

============================================================
Step 1: Repository Analysis
============================================================
✓ Repository cloned to: /tmp/core

✓ Repository requirements analysis complete:
  CPU: 2 cores
  RAM: 4 GB
  GPU: Not required
  Disk: 5 GB
  OS: ubuntu 20.04
  CUDA: Not required

============================================================
Step 2: Image Selection
============================================================
✓ Found 407 available CC-* images
✓ AI Stage 1: Selected 5 candidates
  Reasoning: The requirements specify an Ubuntu 20.04 image without CUDA or GPU support. The selected images are all based on Ubuntu 20.04 and do not include CUDA in their naming, indicating they do not have CUDA support. These images are suitable for a general-purpose Ubuntu 20.04 environment without the need for GPU or CUDA capabilities.
⚠ No candidates found, using fallback selection
✓ Fallback image: CC-Ubuntu22.04-CUDA

============================================================
Step 3: SSH Key Management
============================================================
✓ Keypair exists: my-key

============================================================
Step 4: Network Configuration
============================================================
✓ Found network: sharednet1 (ID: 1a03cf65-8fd6-4fce-94fd-bbaabe68a8e1)

============================================================
Discovering Available Resources
============================================================

Discovering resources at tacc site...
✓ Found 310 hosts
✓ Discovered 18 node types: compute_arm64, compute_cascadelake, compute_cascadelake_r, compute_gigaio, compute_haswell_ib, compute_icelake_r650, compute_icelake_r750, compute_liqid, compute_skylake, compute_zen3, gpu_k80, gpu_m40, gpu_mi100, gpu_p100, gpu_p100_nvlink, gpu_p100_v100, storage, storage_hierarchy
✓ Found 18 node types available

✓ AI resource selection complete
  Node type: compute_skylake
  Reasoning: The user requires a general compute node with 2 CPU cores, 4 GB RAM, and 5 GB disk space. No GPU is required. Among the available compute nodes, 'compute_skylake' is a suitable choice as it is a general-purpose compute node that can meet the specified CPU and RAM requirements.
✓ AI selected node type: compute_skylake
  Reasoning: The user requires a general compute node with 2 CPU cores, 4 GB RAM, and 5 GB disk space. No GPU is required. Among the available compute nodes, 'compute_skylake' is a suitable choice as it is a general-purpose compute node that can meet the specified CPU and RAM requirements.

✓ Target node type: compute_skylake

============================================================
Step 5: Create Hardware Reservation
============================================================
✓ AI determined duration: 48 hours
  Reasoning: The requirements suggest a development or testing environment for a Node.js application, which may involve setting up, configuring, and testing the application. A 48-hour lease provides ample time for these activities, including any potential troubleshooting or iterations needed with the specified Node.js and pnpm package manager setup.

Creating lease:
  Name: auto-compute_skylake-202601160014
  Node Type: compute_skylake
  Start: 2026-01-16 00:16
  End: 2026-01-18 00:16

✓ Lease created: 3dd7a3d0-4907-4462-8260-938a0a3578e0

Waiting for lease to activate...
  Status: PENDING, waiting...
  Status: PENDING, waiting...
  Status: PENDING, waiting...
  Status: PENDING, waiting...
  Status: PENDING, waiting...
  Status: PENDING, waiting...
  Status: PENDING, waiting...
  Status: PENDING, waiting...
  Status: STARTING, waiting...
✓ Lease is ACTIVE
✓ Reservation ID: ffd49e94-0e08-4673-a2a9-3736f579cb1a

============================================================
Step 6: Launch Bare Metal Server
============================================================

Launching server:
  Name: auto-server-202601160016
  Image ID: c82b931e-4cf8-4366-9878-1ae941f24348
  Key: my-key
  Network ID: 1a03cf65-8fd6-4fce-94fd-bbaabe68a8e1
  Reservation ID: ffd49e94-0e08-4673-a2a9-3736f579cb1a

✓ Server creation initiated: 8e26920b-aa2f-4025-923a-5260ec720902

Waiting for server to become ACTIVE...
(This may take 10-30 minutes for bare metal)
  Status: BUILD
  Status: ACTIVE

✓ Server is ACTIVE

============================================================
Step 7: Assign Floating IP
============================================================
Creating new floating IP...
✓ Using floating IP: 129.114.108.159
✓ Floating IP attached

============================================================
✓ Provisioning Complete!
============================================================
Server Name: auto-server-202601160016
Server ID: 8e26920b-aa2f-4025-923a-5260ec720902
Lease ID: 3dd7a3d0-4907-4462-8260-938a0a3578e0
Reservation ID: ffd49e94-0e08-4673-a2a9-3736f579cb1a
Image: CC-Ubuntu22.04-CUDA
Node Type: compute_skylake
Floating IP: 129.114.108.159

SSH Connection:
  ssh ubuntu@129.114.108.159

✓ Info saved to: auto-server-202601160016_info.json
End:     2026-01-16T00:23:19Z (exit=0, duration=550s)
