Command: python 2.0/src/provision_v2.py --repo "https://github.com/anuraghazra/github-readme-stats" --site tacc
Start:   2026-04-15T23:17:57Z

============================================================
Automated Hardware Provisioning Tool v2.0
============================================================
✓ Configuration loaded
✓ AI client initialized
✓ OpenStack connection established

============================================================
Step 1: Repository Analysis
============================================================
✓ Repository cloned to: /tmp/github-readme-stats

✓ Repository requirements analysis complete:
  CPU: 2 cores
  RAM: 2 GB
  GPU: Not required
  Disk: 1 GB
  OS: ubuntu 20.04
  CUDA: Not required

============================================================
Step 2: Image Selection
============================================================
✓ Found 415 available CC-* images
✓ AI Stage 1: Selected 5 candidates
  Reasoning: The requirements specify Ubuntu 20.04 without CUDA or GPU support. The selected images are all Ubuntu 20.04 base images without any CUDA or GPU-related features. These images meet the OS type and version requirements while ensuring no unnecessary CUDA support is included.
⚠ No candidates found, using fallback selection
✓ Fallback image: CC-Ubuntu22.04-CUDA

============================================================
Step 3: SSH Key Management
============================================================
✓ Keypair exists: my-key

============================================================
Step 4: Network Configuration
============================================================
✓ Found network: sharednet1 (ID: 1a03cf65-8fd6-4fce-94fd-bbaabe68a8e1)

============================================================
Discovering Available Resources
============================================================

Discovering resources at tacc site...
✓ Found 312 hosts
✓ Discovered 19 node types (ranked by availability & fit):
    compute_cascadelake_r: 55 reservable / 56 total | fit_score: 1.0
    compute_icelake_r650: 50 reservable / 52 total | fit_score: 1.0
    compute_zen3: 32 reservable / 32 total | fit_score: 1.0
    compute_skylake: 26 reservable / 32 total | fit_score: 1.0
    compute_cascadelake: 24 reservable / 24 total | fit_score: 1.0
    compute_icelake_r750: 17 reservable / 20 total | fit_score: 1.0
    compute_haswell_ib: 17 reservable / 17 total | fit_score: 1.0
    gpu_p100: 15 reservable / 15 total | fit_score: 0.3
    storage: 13 reservable / 21 total | fit_score: 0.2
    compute_arm64: 8 reservable / 8 total | fit_score: 1.0
    compute_liqid: 8 reservable / 8 total | fit_score: 1.0
    gpu_mi100: 8 reservable / 8 total | fit_score: 0.3
    compute_gigaio: 6 reservable / 6 total | fit_score: 1.0
    gpu_p100_nvlink: 3 reservable / 4 total | fit_score: 0.3
    gpu_h100: 2 reservable / 2 total | fit_score: 0.3
    gpu_k80: 2 reservable / 2 total | fit_score: 0.3
    gpu_m40: 2 reservable / 2 total | fit_score: 0.3
    storage_hierarchy: 1 reservable / 2 total | fit_score: 0.2
    gpu_p100_v100: 1 reservable / 1 total | fit_score: 0.3
✓ Found 19 node types available

✓ AI resource selection complete
  Node type: compute_cascadelake_r
  Reasoning: The compute_cascadelake_r node type is selected because it has the highest number of reservable nodes (55) among the compute nodes that match the user's requirements for CPU cores, RAM, and disk space, without requiring a GPU.
✓ AI selected node type: compute_cascadelake_r
  Reasoning: The compute_cascadelake_r node type is selected because it has the highest number of reservable nodes (55) among the compute nodes that match the user's requirements for CPU cores, RAM, and disk space, without requiring a GPU.

============================================================
Step 5: Create Hardware Reservation (with fallbacks)
============================================================

→ Trying 17 node types (compute → KVM → others)

[1/17] Attempting: compute_cascadelake_r (55 reservable / 56 total)
✓ AI determined duration: 24 hours
  Reasoning: The requirements specify a lightweight setup with minimal CPU, RAM, and disk needs, and no GPU or CUDA requirements. The special requirement for Node.js >= 22 suggests a development or testing environment, which typically does not require extended lease durations. A 24-hour lease provides ample time for development or testing tasks while allowing for flexibility in scheduling and resource management.

Creating lease:
  Name: auto-202604152318-compute_cascadelake_r
  Node Type: compute_cascadelake_r
  Start: 2026-04-15 23:20
  End: 2026-04-16 23:20

✓ Lease created: 45d69851-72dc-4410-9bf4-4d68d3275018

Waiting for lease to activate...
  Status: PENDING, waiting...
  Status: PENDING, waiting...
  Status: PENDING, waiting...
  Status: PENDING, waiting...
  Status: STARTING, waiting...
✓ Lease is ACTIVE
✓ Reservation ID: 679811a2-e864-4a87-8584-113c55f0b8c3
✓ SUCCESS: Lease created with compute_cascadelake_r

✓ Final node type: compute_cascadelake_r

============================================================
Step 6: Launch Bare Metal Server
============================================================

Launching server:
  Name: auto-server-202604152318
  Image ID: 07263122-bade-4d24-a776-46f4f1c2e26a
  Key: my-key
  Network ID: 1a03cf65-8fd6-4fce-94fd-bbaabe68a8e1
  Reservation ID: 679811a2-e864-4a87-8584-113c55f0b8c3

✓ Server creation initiated: 72614ff3-00eb-4bb6-a497-c1e5962967d8

Waiting for server to become ACTIVE...
(This may take 10-30 minutes for bare metal)
  Status: BUILD
  Status: ACTIVE

✓ Server is ACTIVE

============================================================
Step 7: Assign Floating IP
============================================================
Creating new floating IP...
✓ Using floating IP: 129.114.108.48
✓ Floating IP attached

============================================================
✓ Provisioning Complete!
============================================================
Provisioning Type: Bare Metal (Blazar)
Server Name: auto-server-202604152318
Server ID: 72614ff3-00eb-4bb6-a497-c1e5962967d8
Lease ID: 45d69851-72dc-4410-9bf4-4d68d3275018
Reservation ID: 679811a2-e864-4a87-8584-113c55f0b8c3
Image: CC-Ubuntu22.04-CUDA
Node Type: compute_cascadelake_r
Floating IP: 129.114.108.48

SSH Connection:
  ssh ubuntu@129.114.108.48

✓ Info saved to: auto-server-202604152318_info.json
End:     2026-04-15T23:28:57Z (exit=0, duration=660s)
