Command: python 2.0/src/provision_v2.py --repo "https://github.com/tinoryj/ELECT" --site tacc
Start:   2026-01-15T21:58:56Z

============================================================
Automated Hardware Provisioning Tool v2.0
============================================================
✓ Configuration loaded
✓ AI client initialized
✓ OpenStack connection established

============================================================
Step 1: Repository Analysis
============================================================
✓ Repository cloned to: /tmp/ELECT

✓ Repository requirements analysis complete:
  CPU: 4 cores
  RAM: 8 GB
  GPU: Not required
  Disk: 100 GB
  OS: ubuntu 20.04
  CUDA: Not required

============================================================
Step 2: Image Selection
============================================================
✓ Found 407 available CC-* images
✓ AI Stage 1: Selected 5 candidates
  Reasoning: The requirements specify Ubuntu 20.04 without CUDA or GPU support. The selected images are all Ubuntu 20.04 without CUDA, matching the OS version and type requirements. These images are the most recent and relevant options available that meet the specified criteria.
⚠ No candidates found, using fallback selection
✓ Fallback image: CC-Ubuntu22.04-CUDA

============================================================
Step 3: SSH Key Management
============================================================
✓ Keypair exists: my-key

============================================================
Step 4: Network Configuration
============================================================
✓ Found network: sharednet1 (ID: 1a03cf65-8fd6-4fce-94fd-bbaabe68a8e1)

============================================================
Discovering Available Resources
============================================================

Discovering resources at tacc site...
✓ Found 310 hosts
✓ Discovered 18 node types: compute_arm64, compute_cascadelake, compute_cascadelake_r, compute_gigaio, compute_haswell_ib, compute_icelake_r650, compute_icelake_r750, compute_liqid, compute_skylake, compute_zen3, gpu_k80, gpu_m40, gpu_mi100, gpu_p100, gpu_p100_nvlink, gpu_p100_v100, storage, storage_hierarchy
✓ Found 18 node types available

✓ AI resource selection complete
  Node type: compute_cascadelake
  Reasoning: The user does not require a GPU, so a general compute node is appropriate. The 'compute_cascadelake' node type is suitable as it likely provides sufficient CPU cores and RAM to meet the user's requirements of 4 CPU cores and 8 GB RAM. Additionally, it is part of the x86_64 architecture, which is compatible with the user's needs.
✓ AI selected node type: compute_cascadelake
  Reasoning: The user does not require a GPU, so a general compute node is appropriate. The 'compute_cascadelake' node type is suitable as it likely provides sufficient CPU cores and RAM to meet the user's requirements of 4 CPU cores and 8 GB RAM. Additionally, it is part of the x86_64 architecture, which is compatible with the user's needs.

✓ Target node type: compute_cascadelake

============================================================
Step 5: Create Hardware Reservation
============================================================
✓ AI determined duration: 72 hours
  Reasoning: The requirements specify a cluster of at least 8 machines with several software dependencies, indicating a complex setup likely intended for a distributed computing task or a large-scale testing environment. The inclusion of tools like Ansible suggests configuration management across the cluster, which can be time-consuming to set up and test. Additionally, the need for Java, Maven, and Ant points to a Java-based project, potentially involving building and testing, which can also be time-intensive. Given these factors, a lease duration of 72 hours is recommended to ensure sufficient time for setup, execution, and any necessary troubleshooting or iterations.

Creating lease:
  Name: auto-compute_cascadelake-202601152159
  Node Type: compute_cascadelake
  Start: 2026-01-15 22:01
  End: 2026-01-18 22:01

✓ Lease created: 9e0c582e-a50b-4b69-ab6a-65b93cc8e027

Waiting for lease to activate...
  Status: PENDING, waiting...
  Status: PENDING, waiting...
  Status: PENDING, waiting...
  Status: PENDING, waiting...
  Status: PENDING, waiting...
  Status: PENDING, waiting...
  Status: PENDING, waiting...
  Status: PENDING, waiting...
  Status: PENDING, waiting...
  Status: PENDING, waiting...
✓ Lease is ACTIVE
✓ Reservation ID: 59942c3b-f790-461d-9748-cad6b376f9e0

============================================================
Step 6: Launch Bare Metal Server
============================================================

Launching server:
  Name: auto-server-202601152201
  Image ID: c82b931e-4cf8-4366-9878-1ae941f24348
  Key: my-key
  Network ID: 1a03cf65-8fd6-4fce-94fd-bbaabe68a8e1
  Reservation ID: 59942c3b-f790-461d-9748-cad6b376f9e0

✓ Server creation initiated: 843086c9-c134-4f76-9848-150bb422ea14

Waiting for server to become ACTIVE...
(This may take 10-30 minutes for bare metal)
  Status: BUILD
  Status: ACTIVE

✓ Server is ACTIVE

============================================================
Step 7: Assign Floating IP
============================================================
Creating new floating IP...
✓ Using floating IP: 129.114.108.127
✓ Floating IP attached

============================================================
✓ Provisioning Complete!
============================================================
Server Name: auto-server-202601152201
Server ID: 843086c9-c134-4f76-9848-150bb422ea14
Lease ID: 9e0c582e-a50b-4b69-ab6a-65b93cc8e027
Reservation ID: 59942c3b-f790-461d-9748-cad6b376f9e0
Image: CC-Ubuntu22.04-CUDA
Node Type: compute_cascadelake
Floating IP: 129.114.108.127

SSH Connection:
  ssh ubuntu@129.114.108.127

✓ Info saved to: auto-server-202601152201_info.json
End:     2026-01-15T22:09:51Z (exit=0, duration=655s)
