Command: python 2.0/src/provision_v2.py --repo "https://github.com/cli/cli" --site tacc
Start:   2026-02-19T16:47:01Z

============================================================
Automated Hardware Provisioning Tool v2.0
============================================================
✓ Configuration loaded
✓ AI client initialized
✓ OpenStack connection established

============================================================
Step 1: Repository Analysis
============================================================
✓ Repository cloned to: /tmp/cli

✓ Repository requirements analysis complete:
  CPU: 1 cores
  RAM: 1 GB
  GPU: Not required
  Disk: 1 GB
  OS: None None
  CUDA: Not required

============================================================
Step 2: Image Selection
============================================================
✓ Found 407 available CC-* images
✓ AI Stage 1: Selected 5 candidates
  Reasoning: The requirements specify that there is no need for a specific OS type, version, or CUDA/GPU support. Therefore, the selection focuses on the latest stable versions of popular Linux distributions without CUDA support. The chosen candidates include the latest Ubuntu LTS versions (24.04, 22.04, and 20.04) and CentOS Stream versions (9 and 8), which are widely used and provide a good balance of stability and up-to-date features.

✓ Final Selection: CC-Ubuntu24.04
  Image ID: 1b993456-987a-421b-afbf-29aa618565da

============================================================
Step 3: SSH Key Management
============================================================
✓ Keypair exists: my-key

============================================================
Step 4: Network Configuration
============================================================
✓ Found network: sharednet1 (ID: 1a03cf65-8fd6-4fce-94fd-bbaabe68a8e1)

============================================================
Discovering Available Resources
============================================================

Discovering resources at tacc site...
✓ Found 310 hosts
✓ Discovered 18 node types (ranked by availability & fit):
    compute_cascadelake_r: 56 reservable / 56 total | fit_score: 1.0
    compute_icelake_r650: 50 reservable / 52 total | fit_score: 1.0
    compute_zen3: 32 reservable / 32 total | fit_score: 1.0
    compute_skylake: 29 reservable / 32 total | fit_score: 1.0
    compute_cascadelake: 24 reservable / 24 total | fit_score: 1.0
    compute_icelake_r750: 18 reservable / 20 total | fit_score: 1.0
    compute_haswell_ib: 17 reservable / 17 total | fit_score: 1.0
    gpu_p100: 15 reservable / 15 total | fit_score: 0.3
    storage: 13 reservable / 21 total | fit_score: 0.2
    compute_arm64: 8 reservable / 8 total | fit_score: 1.0
    compute_liqid: 8 reservable / 8 total | fit_score: 1.0
    gpu_mi100: 8 reservable / 8 total | fit_score: 0.3
    compute_gigaio: 6 reservable / 6 total | fit_score: 1.0
    gpu_p100_nvlink: 4 reservable / 4 total | fit_score: 0.3
    gpu_k80: 2 reservable / 2 total | fit_score: 0.3
    gpu_m40: 2 reservable / 2 total | fit_score: 0.3
    storage_hierarchy: 2 reservable / 2 total | fit_score: 0.2
    gpu_p100_v100: 1 reservable / 1 total | fit_score: 0.3
✓ Found 18 node types available

✓ AI resource selection complete
  Node type: compute_cascadelake_r
  Reasoning: The compute_cascadelake_r node type has the highest reservable count of 56, which maximizes the success rate for lease creation. It meets the user's requirements for CPU, RAM, and disk without needing a GPU.
✓ AI selected node type: compute_cascadelake_r
  Reasoning: The compute_cascadelake_r node type has the highest reservable count of 56, which maximizes the success rate for lease creation. It meets the user's requirements for CPU, RAM, and disk without needing a GPU.

============================================================
Step 5: Create Hardware Reservation (with fallbacks)
============================================================

→ Trying 16 node types (compute → KVM → others)

[1/16] Attempting: compute_cascadelake_r (56 reservable / 56 total)
✓ AI determined duration: 24 hours
  Reasoning: The requirements specify a minimal setup with only basic tools like GitHub CLI and Git, which are typically used for development or version control tasks. These tasks can vary greatly in duration depending on the specific project or workflow. Given the lack of specific time constraints or intensive computational needs, a default duration of 24 hours is appropriate to accommodate potential development work.

Creating lease:
  Name: auto-202602191647-compute_cascadelake_r
  Node Type: compute_cascadelake_r
  Start: 2026-02-19 16:49
  End: 2026-02-20 16:49
  ✗ No capacity available for compute_cascadelake_r
  → Trying next option...

[2/16] Attempting: compute_icelake_r650 (50 reservable / 52 total)
✓ AI determined duration: 8 hours
  Reasoning: The resource requirements are minimal, suggesting a lightweight task such as a small development or testing activity. The presence of GitHub CLI and Git indicates a potential need for version control or code deployment, which typically doesn't require extended durations. An 8-hour lease should be sufficient for such tasks.

Creating lease:
  Name: auto-202602191647-compute_icelake_r650
  Node Type: compute_icelake_r650
  Start: 2026-02-19 16:49
  End: 2026-02-20 00:49

✓ Lease created: b99c7e09-d630-4cab-9f47-3bc0d8ec81ef

Waiting for lease to activate...
  Status: PENDING, waiting...
  Status: PENDING, waiting...
  Status: PENDING, waiting...
  Status: PENDING, waiting...
  Status: PENDING, waiting...
  Status: PENDING, waiting...
  Status: PENDING, waiting...
  Status: PENDING, waiting...
  Status: PENDING, waiting...
✓ Lease is ACTIVE
✓ Reservation ID: d14da09d-9f7b-43c0-8f8a-40a66807d7cb
✓ SUCCESS: Lease created with compute_icelake_r650

✓ Final node type: compute_icelake_r650

============================================================
Step 6: Launch Bare Metal Server
============================================================

Launching server:
  Name: auto-server-202602191647
  Image ID: 1b993456-987a-421b-afbf-29aa618565da
  Key: my-key
  Network ID: 1a03cf65-8fd6-4fce-94fd-bbaabe68a8e1
  Reservation ID: d14da09d-9f7b-43c0-8f8a-40a66807d7cb

✓ Server creation initiated: e8e01fcc-d8b4-420e-b788-b37efdbf3e99

Waiting for server to become ACTIVE...
(This may take 10-30 minutes for bare metal)
  Status: BUILD
  Status: ACTIVE

✓ Server is ACTIVE

============================================================
Step 7: Assign Floating IP
============================================================
Creating new floating IP...
✓ Using floating IP: 129.114.109.176
✓ Floating IP attached

============================================================
✓ Provisioning Complete!
============================================================
Provisioning Type: Bare Metal (Blazar)
Server Name: auto-server-202602191647
Server ID: e8e01fcc-d8b4-420e-b788-b37efdbf3e99
Lease ID: b99c7e09-d630-4cab-9f47-3bc0d8ec81ef
Reservation ID: d14da09d-9f7b-43c0-8f8a-40a66807d7cb
Image: CC-Ubuntu24.04
Node Type: compute_icelake_r650
Floating IP: 129.114.109.176

SSH Connection:
  ssh ubuntu@129.114.109.176

✓ Info saved to: auto-server-202602191647_info.json
End:     2026-02-19T16:57:23Z (exit=0, duration=622s)
