Command: python 2.0/src/provision_v2.py --repo "https://github.com/sideprotocol/plonky2-gpu" --site tacc
Start:   2026-04-01T23:45:02Z

============================================================
Automated Hardware Provisioning Tool v2.0
============================================================
✓ Configuration loaded
✓ AI client initialized
✓ OpenStack connection established

============================================================
Step 1: Repository Analysis
============================================================
✓ Repository cloned to: /tmp/plonky2-gpu

✓ Repository requirements analysis complete:
  CPU: 8 cores
  RAM: 16 GB
  GPU: Required
  GPU Memory: 12 GB
  Disk: None GB
  OS: None None
  CUDA: Required

============================================================
Step 2: Image Selection
============================================================
✓ Found 415 available CC-* images
✓ AI Stage 1: Selected 5 candidates
  Reasoning: The requirement specifies that CUDA support is needed, implying the need for images with CUDA. The selected images are all CUDA-enabled, covering different Ubuntu versions to provide flexibility in terms of OS version preference. These images are: CC-Ubuntu24.04-CUDA, CC-Ubuntu22.04-CUDA, CC-Ubuntu20.04-CUDA, and CC-Ubuntu20.04-CUDA11. These images ensure compatibility with CUDA and are likely to support GPU usage effectively.
⚠ No candidates found, using fallback selection
✓ Fallback image: CC-Ubuntu22.04-CUDA

============================================================
Step 3: SSH Key Management
============================================================
✓ Keypair exists: my-key

============================================================
Step 4: Network Configuration
============================================================
✓ Found network: sharednet1 (ID: 1a03cf65-8fd6-4fce-94fd-bbaabe68a8e1)

============================================================
Discovering Available Resources
============================================================

Discovering resources at tacc site...
✓ Found 312 hosts
✓ Discovered 19 node types (ranked by availability & fit):
    compute_cascadelake_r: 56 reservable / 56 total | fit_score: 1.0
    compute_icelake_r650: 50 reservable / 52 total | fit_score: 1.0
    compute_zen3: 32 reservable / 32 total | fit_score: 1.0
    compute_skylake: 26 reservable / 32 total | fit_score: 1.0
    compute_cascadelake: 24 reservable / 24 total | fit_score: 1.0
    compute_icelake_r750: 18 reservable / 20 total | fit_score: 1.0
    compute_haswell_ib: 17 reservable / 17 total | fit_score: 1.0
    gpu_p100: 15 reservable / 15 total | fit_score: 2.0
    storage: 13 reservable / 21 total | fit_score: 0.2
    gpu_mi100: 8 reservable / 8 total | fit_score: 2.0
    compute_arm64: 8 reservable / 8 total | fit_score: 1.0
    compute_liqid: 8 reservable / 8 total | fit_score: 1.0
    compute_gigaio: 6 reservable / 6 total | fit_score: 1.0
    gpu_p100_nvlink: 4 reservable / 4 total | fit_score: 2.0
    gpu_h100: 2 reservable / 2 total | fit_score: 2.0
    gpu_k80: 2 reservable / 2 total | fit_score: 2.0
    gpu_m40: 2 reservable / 2 total | fit_score: 2.0
    storage_hierarchy: 1 reservable / 2 total | fit_score: 0.2
    gpu_p100_v100: 1 reservable / 1 total | fit_score: 2.0
✓ Found 19 node types available

✓ AI resource selection complete
  Node type: gpu_p100
  Reasoning: The 'gpu_p100' node type matches the user's requirement for a GPU with at least 12 GB of memory and has the highest reservable count among GPU nodes, with 15 reservable units. This maximizes the success rate for lease creation.
✓ AI selected node type: gpu_p100
  Reasoning: The 'gpu_p100' node type matches the user's requirement for a GPU with at least 12 GB of memory and has the highest reservable count among GPU nodes, with 15 reservable units. This maximizes the success rate for lease creation.

============================================================
Step 5: Create Hardware Reservation (with fallbacks)
============================================================

→ GPU required: Tiered fallback strategy:
   Tier 1 (GPU): 7 types
   Tier 2 (Compute): 10 types
   Tier 3 (KVM/VM): 0 types
   Total: 17 attempts

[1/17] Attempting: gpu_p100 [GPU (Tier 1)] (15 reservable / 15 total)
✓ AI determined duration: 48 hours
  Reasoning: The request includes a GPU with CUDA support, which often indicates computational tasks such as machine learning or data processing that can take longer than typical CPU-bound tasks. Given the potential complexity and duration of such tasks, a lease duration of 48 hours is recommended to ensure sufficient time for completion without interruptions.

Creating lease:
  Name: auto-202604012345-gpu_p100
  Node Type: gpu_p100
  Start: 2026-04-01 23:47
  End: 2026-04-03 23:47
  ✗ No capacity available for gpu_p100
  → Trying next option...

[2/17] Attempting: gpu_mi100 [GPU (Tier 1)] (8 reservable / 8 total)
✓ AI determined duration: 48 hours
  Reasoning: The requirements indicate a need for a GPU with significant memory and CUDA support, suggesting computational tasks such as machine learning or data processing. These tasks often require longer durations. Given the unspecified disk and OS requirements, a moderate extension beyond the default is prudent to accommodate potential setup and execution time.

Creating lease:
  Name: auto-202604012345-gpu_mi100
  Node Type: gpu_mi100
  Start: 2026-04-01 23:47
  End: 2026-04-03 23:47
  ✗ No capacity available for gpu_mi100
  → Trying next option...

[3/17] Attempting: gpu_p100_nvlink [GPU (Tier 1)] (4 reservable / 4 total)
✓ AI determined duration: 48 hours
  Reasoning: The requirement for a GPU with 12 GB memory and CUDA support suggests that the task might involve intensive computations, such as machine learning model training or data processing, which typically require more time. Given the lack of specific task duration details, a 48-hour lease provides a reasonable buffer to accommodate potential delays or extended processing times.

Creating lease:
  Name: auto-202604012345-gpu_p100_nvlink
  Node Type: gpu_p100_nvlink
  Start: 2026-04-01 23:47
  End: 2026-04-03 23:47

✓ Lease created: 2d007f94-63b6-49e7-8e6c-6fff758100b7

Waiting for lease to activate...
  Status: PENDING, waiting...
  Status: PENDING, waiting...
  Status: PENDING, waiting...
  Status: PENDING, waiting...
  Status: PENDING, waiting...
  Status: PENDING, waiting...
  Status: PENDING, waiting...
  Status: PENDING, waiting...
✓ Lease is ACTIVE
✓ Reservation ID: 35fba5b4-4bce-40bb-8f97-9855e50988e7
✓ SUCCESS: Lease created with gpu_p100_nvlink

✓ Final node type: gpu_p100_nvlink

============================================================
Step 6: Launch Bare Metal Server
============================================================

Launching server:
  Name: auto-server-202604012345
  Image ID: 07263122-bade-4d24-a776-46f4f1c2e26a
  Key: my-key
  Network ID: 1a03cf65-8fd6-4fce-94fd-bbaabe68a8e1
  Reservation ID: 35fba5b4-4bce-40bb-8f97-9855e50988e7

✓ Server creation initiated: 865d1082-b9a7-4d69-be2e-99736baa8932

Waiting for server to become ACTIVE...
(This may take 10-30 minutes for bare metal)
  Status: BUILD
  Status: ACTIVE

✓ Server is ACTIVE

============================================================
Step 7: Assign Floating IP
============================================================
✓ Using floating IP: 129.114.108.251
✓ Floating IP attached

============================================================
✓ Provisioning Complete!
============================================================
Provisioning Type: Bare Metal (Blazar)
Server Name: auto-server-202604012345
Server ID: 865d1082-b9a7-4d69-be2e-99736baa8932
Lease ID: 2d007f94-63b6-49e7-8e6c-6fff758100b7
Reservation ID: 35fba5b4-4bce-40bb-8f97-9855e50988e7
Image: CC-Ubuntu22.04-CUDA
Node Type: gpu_p100_nvlink
Floating IP: 129.114.108.251

SSH Connection:
  ssh ubuntu@129.114.108.251

✓ Info saved to: auto-server-202604012345_info.json
End:     2026-04-01T23:54:54Z (exit=0, duration=592s)
