Command: python 2.0/src/provision_v2.py --repo "https://github.com/facebook/zstd" --site tacc
Start:   2026-01-15T22:54:48Z

============================================================
Automated Hardware Provisioning Tool v2.0
============================================================
✓ Configuration loaded
✓ AI client initialized
✓ OpenStack connection established

============================================================
Step 1: Repository Analysis
============================================================
✓ Repository cloned to: /tmp/zstd

✓ Repository requirements analysis complete:
  CPU: 2 cores
  RAM: 2 GB
  GPU: Not required
  Disk: 1 GB
  OS: ubuntu 24.04
  CUDA: Not required

============================================================
Step 2: Image Selection
============================================================
✓ Found 407 available CC-* images
✓ AI Stage 1: Selected 5 candidates
  Reasoning: The requirements specify an Ubuntu 24.04 image without CUDA or GPU support. The selected images are all Ubuntu 24.04 base images without CUDA, which meet the specified criteria. These images are the most recent and relevant options available that match the requirements.
⚠ No candidates found, using fallback selection
✓ Fallback image: CC-Ubuntu22.04-CUDA

============================================================
Step 3: SSH Key Management
============================================================
✓ Keypair exists: my-key

============================================================
Step 4: Network Configuration
============================================================
✓ Found network: sharednet1 (ID: 1a03cf65-8fd6-4fce-94fd-bbaabe68a8e1)

============================================================
Discovering Available Resources
============================================================

Discovering resources at tacc site...
✓ Found 310 hosts
✓ Discovered 18 node types: compute_arm64, compute_cascadelake, compute_cascadelake_r, compute_gigaio, compute_haswell_ib, compute_icelake_r650, compute_icelake_r750, compute_liqid, compute_skylake, compute_zen3, gpu_k80, gpu_m40, gpu_mi100, gpu_p100, gpu_p100_nvlink, gpu_p100_v100, storage, storage_hierarchy
✓ Found 18 node types available

✓ AI resource selection complete
  Node type: compute_cascadelake
  Reasoning: The user does not require a GPU, so a general compute node is suitable. The compute_cascadelake node type is selected as it is a general compute node that can meet the CPU and RAM requirements of 2 CPU cores and 2 GB RAM. It is a versatile and commonly used node type for general computing tasks.
✓ AI selected node type: compute_cascadelake
  Reasoning: The user does not require a GPU, so a general compute node is suitable. The compute_cascadelake node type is selected as it is a general compute node that can meet the CPU and RAM requirements of 2 CPU cores and 2 GB RAM. It is a versatile and commonly used node type for general computing tasks.

✓ Target node type: compute_cascadelake

============================================================
Step 5: Create Hardware Reservation
============================================================
✓ AI determined duration: 48 hours
  Reasoning: The requirements suggest a development or build environment setup, which can often take longer than a single day due to the need to install and configure multiple tools and dependencies like gcc, make, cmake, meson, vcpkg, and conan. These tasks can be time-consuming, especially if troubleshooting or iterative testing is involved. Therefore, a 48-hour lease provides a reasonable buffer to accommodate these activities.

Creating lease:
  Name: auto-compute_cascadelake-202601152255
  Node Type: compute_cascadelake
  Start: 2026-01-15 22:57
  End: 2026-01-17 22:57

✓ Lease created: 1e77995d-589f-4a90-8661-8c139a536e8c

Waiting for lease to activate...
  Status: PENDING, waiting...
  Status: PENDING, waiting...
  Status: PENDING, waiting...
  Status: PENDING, waiting...
  Status: PENDING, waiting...
  Status: PENDING, waiting...
  Status: PENDING, waiting...
  Status: PENDING, waiting...
  Status: PENDING, waiting...
  Status: PENDING, waiting...
  Status: STARTING, waiting...
✓ Lease is ACTIVE
✓ Reservation ID: 40e468c7-2063-41eb-bf1d-0e93463eb814

============================================================
Step 6: Launch Bare Metal Server
============================================================

Launching server:
  Name: auto-server-202601152257
  Image ID: c82b931e-4cf8-4366-9878-1ae941f24348
  Key: my-key
  Network ID: 1a03cf65-8fd6-4fce-94fd-bbaabe68a8e1
  Reservation ID: 40e468c7-2063-41eb-bf1d-0e93463eb814

✓ Server creation initiated: cd746817-d574-4c1c-889b-e62c17e8b8fa

Waiting for server to become ACTIVE...
(This may take 10-30 minutes for bare metal)
  Status: BUILD
  Status: ACTIVE

✓ Server is ACTIVE

============================================================
Step 7: Assign Floating IP
============================================================
Creating new floating IP...
✓ Using floating IP: 129.114.108.91
✓ Floating IP attached

============================================================
✓ Provisioning Complete!
============================================================
Server Name: auto-server-202601152257
Server ID: cd746817-d574-4c1c-889b-e62c17e8b8fa
Lease ID: 1e77995d-589f-4a90-8661-8c139a536e8c
Reservation ID: 40e468c7-2063-41eb-bf1d-0e93463eb814
Image: CC-Ubuntu22.04-CUDA
Node Type: compute_cascadelake
Floating IP: 129.114.108.91

SSH Connection:
  ssh ubuntu@129.114.108.91

✓ Info saved to: auto-server-202601152257_info.json
End:     2026-01-15T23:04:50Z (exit=0, duration=602s)
