Command: python 2.0/src/provision_v2.py --repo "https://github.com/peng-gao-lab/p4control" --site tacc
Start:   2026-01-15T19:37:56Z
Traceback (most recent call last):
  File "2.0/src/provision_v2.py", line 401, in launch_server_with_sdk
    raise Exception("Timeout waiting for server activation")
Exception: Timeout waiting for server activation

During handling of the above exception, another exception occurred:

Traceback (most recent call last):
  File "2.0/src/provision_v2.py", line 591, in main
    server_id, server_info = launch_server_with_sdk(
  File "2.0/src/provision_v2.py", line 404, in launch_server_with_sdk
    raise Exception(f"Server launch failed: {str(e)}")
Exception: Server launch failed: Timeout waiting for server activation

============================================================
Automated Hardware Provisioning Tool v2.0
============================================================
✓ Configuration loaded
✓ AI client initialized
✓ OpenStack connection established

============================================================
Step 1: Repository Analysis
============================================================
✓ Repository cloned to: /tmp/p4control

✓ Repository requirements analysis complete:
  CPU: 4 cores
  RAM: 8 GB
  GPU: Not required
  Disk: 20 GB
  OS: ubuntu 20.04
  CUDA: Not required

============================================================
Step 2: Image Selection
============================================================
✓ Found 407 available CC-* images
✓ AI Stage 1: Selected 5 candidates
  Reasoning: The requirements specify an Ubuntu 20.04 image without CUDA or GPU support. The selected images are all Ubuntu 20.04 without CUDA in their names, ensuring they meet the requirement of not having CUDA support. These images are the most recent and relevant options available that match the specified criteria.
⚠ No candidates found, using fallback selection
✓ Fallback image: CC-Ubuntu22.04-CUDA

============================================================
Step 3: SSH Key Management
============================================================
✓ Keypair exists: my-key

============================================================
Step 4: Network Configuration
============================================================
✓ Found network: sharednet1 (ID: 1a03cf65-8fd6-4fce-94fd-bbaabe68a8e1)

============================================================
Discovering Available Resources
============================================================

Discovering resources at tacc site...
✓ Found 310 hosts
✓ Discovered 18 node types: compute_arm64, compute_cascadelake, compute_cascadelake_r, compute_gigaio, compute_haswell_ib, compute_icelake_r650, compute_icelake_r750, compute_liqid, compute_skylake, compute_zen3, gpu_k80, gpu_m40, gpu_mi100, gpu_p100, gpu_p100_nvlink, gpu_p100_v100, storage, storage_hierarchy
✓ Found 18 node types available

✓ AI resource selection complete
  Node type: compute_cascadelake
  Reasoning: The user does not require a GPU, so a general compute node is suitable. The 'compute_cascadelake' node type is a general compute node that can meet the user's CPU, RAM, and disk requirements.
✓ AI selected node type: compute_cascadelake
  Reasoning: The user does not require a GPU, so a general compute node is suitable. The 'compute_cascadelake' node type is a general compute node that can meet the user's CPU, RAM, and disk requirements.

✓ Target node type: compute_cascadelake

============================================================
Step 5: Create Hardware Reservation
============================================================
✓ AI determined duration: 72 hours
  Reasoning: The requirements include several specialized software components such as Tofino Switch SDE, BCC, and eBPF support, which may require additional time for installation, configuration, and testing. These components are not standard in typical environments and may involve complex setup procedures. Therefore, a lease duration of 72 hours is recommended to ensure sufficient time for setup, testing, and any troubleshooting that may arise.

Creating lease:
  Name: auto-compute_cascadelake-202601151938
  Node Type: compute_cascadelake
  Start: 2026-01-15 19:40
  End: 2026-01-18 19:40

✓ Lease created: 2c45c7e2-7340-4a62-9bad-5e07d3483525

Waiting for lease to activate...
  Status: PENDING, waiting...
  Status: PENDING, waiting...
  Status: PENDING, waiting...
  Status: PENDING, waiting...
  Status: PENDING, waiting...
  Status: PENDING, waiting...
  Status: PENDING, waiting...
  Status: PENDING, waiting...
  Status: PENDING, waiting...
  Status: PENDING, waiting...
  Status: STARTING, waiting...
✓ Lease is ACTIVE
✓ Reservation ID: d39c8a52-42c4-444d-b687-42df00a2d947

============================================================
Step 6: Launch Bare Metal Server
============================================================

Launching server:
  Name: auto-server-202601151940
  Image ID: c82b931e-4cf8-4366-9878-1ae941f24348
  Key: my-key
  Network ID: 1a03cf65-8fd6-4fce-94fd-bbaabe68a8e1
  Reservation ID: d39c8a52-42c4-444d-b687-42df00a2d947

✓ Server creation initiated: d83cacba-1b45-4e24-a76c-2ae1a2da9705

Waiting for server to become ACTIVE...
(This may take 10-30 minutes for bare metal)
  Status: BUILD


✗ ERROR: Server launch failed: Timeout waiting for server activation
End:     2026-01-15T20:10:41Z (exit=1, duration=1965s)
