Command: python 2.0/src/provision_v2.py --repo "https://github.com/uiuc-arc/flex" --site tacc
Start:   2026-02-19T06:24:28Z

============================================================
Automated Hardware Provisioning Tool v2.0
============================================================
✓ Configuration loaded
✓ AI client initialized
✓ OpenStack connection established

============================================================
Step 1: Repository Analysis
============================================================
✓ Repository cloned to: /tmp/flex

✓ Repository requirements analysis complete:
  CPU: 2 cores
  RAM: 4 GB
  GPU: Not required
  Disk: 5 GB
  OS: ubuntu 20.04
  CUDA: Not required

============================================================
Step 2: Image Selection
============================================================
✓ Found 407 available CC-* images
✓ AI Stage 1: Selected 5 candidates
  Reasoning: The requirements specify an Ubuntu 20.04 image without CUDA or GPU support. The selected images are all based on Ubuntu 20.04 and do not have CUDA in their naming, indicating they do not include CUDA support. These images are suitable for environments where GPU support is not required.
⚠ No candidates found, using fallback selection
✓ Fallback image: CC-Ubuntu22.04-CUDA

============================================================
Step 3: SSH Key Management
============================================================
✓ Keypair exists: my-key

============================================================
Step 4: Network Configuration
============================================================
✓ Found network: sharednet1 (ID: 1a03cf65-8fd6-4fce-94fd-bbaabe68a8e1)

============================================================
Discovering Available Resources
============================================================

Discovering resources at tacc site...
✓ Found 310 hosts
✓ Discovered 18 node types (ranked by availability & fit):
    compute_cascadelake_r: 56 reservable / 56 total | fit_score: 1.0
    compute_icelake_r650: 50 reservable / 52 total | fit_score: 1.0
    compute_zen3: 32 reservable / 32 total | fit_score: 1.0
    compute_skylake: 29 reservable / 32 total | fit_score: 1.0
    compute_cascadelake: 24 reservable / 24 total | fit_score: 1.0
    compute_icelake_r750: 18 reservable / 20 total | fit_score: 1.0
    compute_haswell_ib: 17 reservable / 17 total | fit_score: 1.0
    gpu_p100: 15 reservable / 15 total | fit_score: 0.3
    storage: 13 reservable / 21 total | fit_score: 0.2
    compute_arm64: 8 reservable / 8 total | fit_score: 1.0
    compute_liqid: 8 reservable / 8 total | fit_score: 1.0
    gpu_mi100: 8 reservable / 8 total | fit_score: 0.3
    compute_gigaio: 6 reservable / 6 total | fit_score: 1.0
    gpu_p100_nvlink: 4 reservable / 4 total | fit_score: 0.3
    gpu_k80: 2 reservable / 2 total | fit_score: 0.3
    gpu_m40: 2 reservable / 2 total | fit_score: 0.3
    storage_hierarchy: 2 reservable / 2 total | fit_score: 0.2
    gpu_p100_v100: 1 reservable / 1 total | fit_score: 0.3
✓ Found 18 node types available

✓ AI resource selection complete
  Node type: compute_cascadelake_r
  Reasoning: The compute_cascadelake_r node type has the highest reservable count of 56 among the available compute nodes that meet the user's requirements of 2 CPU cores, 4 GB RAM, and 5 GB disk space. This maximizes the success rate for lease creation due to its high availability.
✓ AI selected node type: compute_cascadelake_r
  Reasoning: The compute_cascadelake_r node type has the highest reservable count of 56 among the available compute nodes that meet the user's requirements of 2 CPU cores, 4 GB RAM, and 5 GB disk space. This maximizes the success rate for lease creation due to its high availability.

============================================================
Step 5: Create Hardware Reservation (with fallbacks)
============================================================

→ Trying 16 node types (compute → KVM → others)

[1/16] Attempting: compute_cascadelake_r (56 reservable / 56 total)
✓ AI determined duration: 24 hours
  Reasoning: The requirements specify a relatively lightweight setup with 2 CPU cores, 4 GB RAM, and no GPU, which suggests a non-intensive computational task. The use of R packages and Python versions indicates a data analysis or development task, which typically does not require extended processing time. Without specific information on the duration of the task, a default lease duration of 24 hours is appropriate to accommodate typical analysis and development workflows.

Creating lease:
  Name: auto-202602190624-compute_cascadelake_r
  Node Type: compute_cascadelake_r
  Start: 2026-02-19 06:26
  End: 2026-02-20 06:26

✓ Lease created: c637b61d-ce92-4b96-a523-2f3b3a435cb0

Waiting for lease to activate...
  Status: PENDING, waiting...
  Status: PENDING, waiting...
  Status: PENDING, waiting...
  Status: PENDING, waiting...
  Status: PENDING, waiting...
  Status: PENDING, waiting...
  Status: PENDING, waiting...
✓ Lease is ACTIVE
✓ Reservation ID: 5c61698b-a351-4324-87e2-cb9a670e2313
✓ SUCCESS: Lease created with compute_cascadelake_r

✓ Final node type: compute_cascadelake_r

============================================================
Step 6: Launch Bare Metal Server
============================================================

Launching server:
  Name: auto-server-202602190624
  Image ID: c82b931e-4cf8-4366-9878-1ae941f24348
  Key: my-key
  Network ID: 1a03cf65-8fd6-4fce-94fd-bbaabe68a8e1
  Reservation ID: 5c61698b-a351-4324-87e2-cb9a670e2313

✓ Server creation initiated: 21035b37-998d-482e-93de-f827b7645a88

Waiting for server to become ACTIVE...
(This may take 10-30 minutes for bare metal)
  Status: BUILD
  Status: ACTIVE

✓ Server is ACTIVE

============================================================
Step 7: Assign Floating IP
============================================================
Creating new floating IP...
✓ Using floating IP: 129.114.108.114
✓ Floating IP attached

============================================================
✓ Provisioning Complete!
============================================================
Provisioning Type: Bare Metal (Blazar)
Server Name: auto-server-202602190624
Server ID: 21035b37-998d-482e-93de-f827b7645a88
Lease ID: c637b61d-ce92-4b96-a523-2f3b3a435cb0
Reservation ID: 5c61698b-a351-4324-87e2-cb9a670e2313
Image: CC-Ubuntu22.04-CUDA
Node Type: compute_cascadelake_r
Floating IP: 129.114.108.114

SSH Connection:
  ssh ubuntu@129.114.108.114

✓ Info saved to: auto-server-202602190624_info.json
End:     2026-02-19T06:35:21Z (exit=0, duration=653s)
