Command: python 2.0/src/provision_v2.py --repo "https://github.com/sbu-fsl/Metis" --site tacc
Start:   2026-01-15T22:21:31Z
Traceback (most recent call last):
  File "2.0/src/provision_v2.py", line 401, in launch_server_with_sdk
    raise Exception("Timeout waiting for server activation")
Exception: Timeout waiting for server activation

During handling of the above exception, another exception occurred:

Traceback (most recent call last):
  File "2.0/src/provision_v2.py", line 591, in main
    server_id, server_info = launch_server_with_sdk(
  File "2.0/src/provision_v2.py", line 404, in launch_server_with_sdk
    raise Exception(f"Server launch failed: {str(e)}")
Exception: Server launch failed: Timeout waiting for server activation

============================================================
Automated Hardware Provisioning Tool v2.0
============================================================
✓ Configuration loaded
✓ AI client initialized
✓ OpenStack connection established

============================================================
Step 1: Repository Analysis
============================================================
✓ Repository cloned to: /tmp/Metis

✓ Repository requirements analysis complete:
  CPU: 4 cores
  RAM: 8 GB
  GPU: Not required
  Disk: 50 GB
  OS: ubuntu 22.04
  CUDA: Not required

============================================================
Step 2: Image Selection
============================================================
✓ Found 407 available CC-* images
✓ AI Stage 1: Selected 5 candidates
  Reasoning: The selected images are based on Ubuntu 22.04 without CUDA support, which matches the requirements of the OS type and version specified. The images chosen do not include any CUDA support, aligning with the requirement that CUDA is not needed. Additionally, these images are the most recent available for Ubuntu 22.04, ensuring up-to-date security and features.

✓ Final Selection: CC-Ubuntu22.04
  Image ID: 14af624e-2629-4fb5-8ee6-f94ea5bf5195

============================================================
Step 3: SSH Key Management
============================================================
✓ Keypair exists: my-key

============================================================
Step 4: Network Configuration
============================================================
✓ Found network: sharednet1 (ID: 1a03cf65-8fd6-4fce-94fd-bbaabe68a8e1)

============================================================
Discovering Available Resources
============================================================

Discovering resources at tacc site...
✓ Found 310 hosts
✓ Discovered 18 node types: compute_arm64, compute_cascadelake, compute_cascadelake_r, compute_gigaio, compute_haswell_ib, compute_icelake_r650, compute_icelake_r750, compute_liqid, compute_skylake, compute_zen3, gpu_k80, gpu_m40, gpu_mi100, gpu_p100, gpu_p100_nvlink, gpu_p100_v100, storage, storage_hierarchy
✓ Found 18 node types available

✓ AI resource selection complete
  Node type: compute_cascadelake
  Reasoning: The user does not require a GPU, so a general compute node is suitable. The compute_cascadelake node type is a general compute node that should meet the user's requirements for CPU cores, RAM, and disk space.
✓ AI selected node type: compute_cascadelake
  Reasoning: The user does not require a GPU, so a general compute node is suitable. The compute_cascadelake node type is a general compute node that should meet the user's requirements for CPU cores, RAM, and disk space.

✓ Target node type: compute_cascadelake

============================================================
Step 5: Create Hardware Reservation
============================================================
✓ AI determined duration: 48 hours
  Reasoning: The requirements indicate the use of specialized verification tools like SPIN model checker and Swarm Verification, which can be computationally intensive and time-consuming. Additionally, the mention of 'tmux or screen for long-running processes' suggests that the tasks may require extended execution time. To ensure sufficient time for setup, execution, and potential troubleshooting, a lease duration of 48 hours is recommended.

Creating lease:
  Name: auto-compute_cascadelake-202601152222
  Node Type: compute_cascadelake
  Start: 2026-01-15 22:24
  End: 2026-01-17 22:24

✓ Lease created: d22a806a-5ad6-453e-95d4-4905cdea4776

Waiting for lease to activate...
  Status: PENDING, waiting...
  Status: PENDING, waiting...
  Status: PENDING, waiting...
  Status: PENDING, waiting...
  Status: PENDING, waiting...
  Status: PENDING, waiting...
  Status: PENDING, waiting...
  Status: PENDING, waiting...
  Status: PENDING, waiting...
  Status: PENDING, waiting...
  Status: PENDING, waiting...
  Status: STARTING, waiting...
✓ Lease is ACTIVE
✓ Reservation ID: a48b1caa-eb9e-47f0-b920-ef31e22bd651

============================================================
Step 6: Launch Bare Metal Server
============================================================

Launching server:
  Name: auto-server-202601152224
  Image ID: 14af624e-2629-4fb5-8ee6-f94ea5bf5195
  Key: my-key
  Network ID: 1a03cf65-8fd6-4fce-94fd-bbaabe68a8e1
  Reservation ID: a48b1caa-eb9e-47f0-b920-ef31e22bd651

✓ Server creation initiated: 5be8b8d8-0220-4857-b18c-9c866dfea401

Waiting for server to become ACTIVE...
(This may take 10-30 minutes for bare metal)
  Status: BUILD


✗ ERROR: Server launch failed: Timeout waiting for server activation
End:     2026-01-15T22:54:43Z (exit=1, duration=1992s)
