Command: python 2.0/src/provision_v2.py --repo "https://github.com/PriorLabs/TabPFN" --site tacc
Start:   2026-02-19T03:09:26Z

============================================================
Automated Hardware Provisioning Tool v2.0
============================================================
✓ Configuration loaded
✓ AI client initialized
✓ OpenStack connection established

============================================================
Step 1: Repository Analysis
============================================================
✓ Repository cloned to: /tmp/TabPFN

✓ Repository requirements analysis complete:
  CPU: 4 cores
  RAM: 8 GB
  GPU: Required
  GPU Memory: 8 GB
  Disk: None GB
  OS: ubuntu None
  CUDA: Required

============================================================
Step 2: Image Selection
============================================================
✓ Found 407 available CC-* images
✓ AI Stage 1: Selected 5 candidates
  Reasoning: The requirements specify an Ubuntu OS with CUDA support. The images selected are all Ubuntu-based and include CUDA support, which is necessary for GPU-related tasks. The selected images cover different Ubuntu versions (20.04, 22.04, and 24.04) to provide flexibility in terms of OS version while ensuring CUDA compatibility.

✓ Final Selection: CC-Ubuntu24.04-CUDA
  Image ID: a194dd4b-9fb6-4ded-b068-811e2ba74100

============================================================
Step 3: SSH Key Management
============================================================
✓ Keypair exists: my-key

============================================================
Step 4: Network Configuration
============================================================
✓ Found network: sharednet1 (ID: 1a03cf65-8fd6-4fce-94fd-bbaabe68a8e1)

============================================================
Discovering Available Resources
============================================================

Discovering resources at tacc site...
✓ Found 310 hosts
✓ Discovered 18 node types (ranked by availability & fit):
    compute_cascadelake_r: 56 reservable / 56 total | fit_score: 1.0
    compute_icelake_r650: 50 reservable / 52 total | fit_score: 1.0
    compute_zen3: 32 reservable / 32 total | fit_score: 1.0
    compute_skylake: 29 reservable / 32 total | fit_score: 1.0
    compute_cascadelake: 24 reservable / 24 total | fit_score: 1.0
    compute_icelake_r750: 18 reservable / 20 total | fit_score: 1.0
    compute_haswell_ib: 17 reservable / 17 total | fit_score: 1.0
    gpu_p100: 15 reservable / 15 total | fit_score: 2.0
    storage: 13 reservable / 21 total | fit_score: 0.2
    gpu_mi100: 8 reservable / 8 total | fit_score: 2.0
    compute_arm64: 8 reservable / 8 total | fit_score: 1.0
    compute_liqid: 8 reservable / 8 total | fit_score: 1.0
    compute_gigaio: 6 reservable / 6 total | fit_score: 1.0
    gpu_p100_nvlink: 4 reservable / 4 total | fit_score: 2.0
    gpu_k80: 2 reservable / 2 total | fit_score: 2.0
    gpu_m40: 2 reservable / 2 total | fit_score: 2.0
    storage_hierarchy: 2 reservable / 2 total | fit_score: 0.2
    gpu_p100_v100: 1 reservable / 1 total | fit_score: 2.0
✓ Found 18 node types available

✓ AI resource selection complete
  Node type: gpu_p100
  Reasoning: The user requires a GPU node with at least 8 GB GPU memory. Among the available GPU nodes, 'gpu_p100' has the highest reservable count of 15, ensuring higher availability and a better chance of successful lease creation compared to other GPU options.
✓ AI selected node type: gpu_p100
  Reasoning: The user requires a GPU node with at least 8 GB GPU memory. Among the available GPU nodes, 'gpu_p100' has the highest reservable count of 15, ensuring higher availability and a better chance of successful lease creation compared to other GPU options.

============================================================
Step 5: Create Hardware Reservation (with fallbacks)
============================================================

→ GPU required: Tiered fallback strategy:
   Tier 1 (GPU): 6 types
   Tier 2 (Compute): 10 types
   Tier 3 (KVM/VM): 0 types
   Total: 16 attempts

[1/16] Attempting: gpu_p100 [GPU (Tier 1)] (15 reservable / 15 total)
✓ AI determined duration: 72 hours
  Reasoning: The requirements suggest a need for a GPU with CUDA support and PyTorch, which are typically used for machine learning or deep learning tasks. These tasks often require longer processing times for training models, especially if the dataset is large. Therefore, a 72-hour lease duration is recommended to ensure sufficient time for setup, execution, and any necessary adjustments or iterations.

Creating lease:
  Name: auto-202602190309-gpu_p100
  Node Type: gpu_p100
  Start: 2026-02-19 03:11
  End: 2026-02-22 03:11
  ✗ No capacity available for gpu_p100
  → Trying next option...

[2/16] Attempting: gpu_mi100 [GPU (Tier 1)] (8 reservable / 8 total)
✓ AI determined duration: 48 hours
  Reasoning: The requirements specify the need for a GPU with CUDA support and PyTorch, indicating that the task may involve machine learning or deep learning workloads, which can be computationally intensive and time-consuming. Given these factors, a 48-hour lease provides a reasonable buffer to accommodate potential setup time, data processing, model training, and any necessary iterations.

Creating lease:
  Name: auto-202602190309-gpu_mi100
  Node Type: gpu_mi100
  Start: 2026-02-19 03:12
  End: 2026-02-21 03:12
  ✗ No capacity available for gpu_mi100
  → Trying next option...

[3/16] Attempting: gpu_p100_nvlink [GPU (Tier 1)] (4 reservable / 4 total)
✓ AI determined duration: 48 hours
  Reasoning: The requirements specify the need for a GPU with CUDA support and PyTorch, which are typically used for machine learning or deep learning tasks. These tasks often require more time for training models, especially if the dataset is large or the model is complex. Given the GPU and CUDA requirements, a 48-hour lease is reasonable to ensure sufficient time for setup, execution, and potential troubleshooting.

Creating lease:
  Name: auto-202602190309-gpu_p100_nvlink
  Node Type: gpu_p100_nvlink
  Start: 2026-02-19 03:12
  End: 2026-02-21 03:12
  ✗ No capacity available for gpu_p100_nvlink
  → Trying next option...

[4/16] Attempting: gpu_k80 [GPU (Tier 1)] (2 reservable / 2 total)
✓ AI determined duration: 48 hours
  Reasoning: The requirements include a GPU with CUDA support and PyTorch, which suggests the need for a machine learning or deep learning task. Such tasks often require significant computational time, especially if training models or processing large datasets. A 48-hour lease provides ample time to accommodate these tasks while allowing for potential troubleshooting or additional experimentation.

Creating lease:
  Name: auto-202602190309-gpu_k80
  Node Type: gpu_k80
  Start: 2026-02-19 03:12
  End: 2026-02-21 03:12
  ✗ No capacity available for gpu_k80
  → Trying next option...

[5/16] Attempting: gpu_m40 [GPU (Tier 1)] (2 reservable / 2 total)
✓ AI determined duration: 48 hours
  Reasoning: The requirements include a GPU with CUDA support and PyTorch, which suggests the user might be running machine learning or deep learning tasks. These tasks can often take a significant amount of time to complete, especially if they involve training models. Therefore, a lease duration of 48 hours is recommended to ensure sufficient time for setup, execution, and any necessary adjustments or reruns.

Creating lease:
  Name: auto-202602190309-gpu_m40
  Node Type: gpu_m40
  Start: 2026-02-19 03:12
  End: 2026-02-21 03:12
  ✗ No capacity available for gpu_m40
  → Trying next option...

[6/16] Attempting: gpu_p100_v100 [GPU (Tier 1)] (1 reservable / 1 total)
⚠ AI duration failed, using default 24 hours: AI request failed: Error code: 502 - {'status': 'error', 'code': 502, 'message': 'Application failed to respond', 'request_id': 'UdkdnCv7Qq2MgdeY8u2xcg'}

Creating lease:
  Name: auto-202602190309-gpu_p100_v100
  Node Type: gpu_p100_v100
  Start: 2026-02-19 03:12
  End: 2026-02-20 03:12
  ✗ No capacity available for gpu_p100_v100
  → Trying next option...

→ Switching to: Compute (Tier 2 - degraded)

[7/16] Attempting: compute_cascadelake_r [Compute (Tier 2 - degraded)] (56 reservable / 56 total)
✓ AI determined duration: 48 hours
  Reasoning: The request includes a GPU with CUDA support and specific software requirements like PyTorch, which suggests the need for a machine learning or deep learning task. Such tasks often require significant time for model training and experimentation. Therefore, a 48-hour lease is recommended to ensure sufficient time for setup, execution, and potential troubleshooting.

Creating lease:
  Name: auto-202602190309-compute_cascadelake_r
  Node Type: compute_cascadelake_r
  Start: 2026-02-19 03:13
  End: 2026-02-21 03:13

✓ Lease created: 0291e50c-d5b6-4288-b253-daec73424c98

Waiting for lease to activate...
  Status: PENDING, waiting...
  Status: PENDING, waiting...
  Status: PENDING, waiting...
  Status: PENDING, waiting...
  Status: PENDING, waiting...
  Status: PENDING, waiting...
  Status: PENDING, waiting...
  Status: PENDING, waiting...
  Status: PENDING, waiting...
  Status: PENDING, waiting...
  Status: STARTING, waiting...
✓ Lease is ACTIVE
✓ Reservation ID: 44f2aab0-328b-4e91-a662-53aa8295fce0
✓ SUCCESS: Lease created with compute_cascadelake_r

✓ Final node type: compute_cascadelake_r

============================================================
Step 6: Launch Bare Metal Server
============================================================

Launching server:
  Name: auto-server-202602190309
  Image ID: a194dd4b-9fb6-4ded-b068-811e2ba74100
  Key: my-key
  Network ID: 1a03cf65-8fd6-4fce-94fd-bbaabe68a8e1
  Reservation ID: 44f2aab0-328b-4e91-a662-53aa8295fce0

✓ Server creation initiated: 11150b62-2a38-4434-905e-69ccd6be113f

Waiting for server to become ACTIVE...
(This may take 10-30 minutes for bare metal)
  Status: BUILD
  Status: ACTIVE

✓ Server is ACTIVE

============================================================
Step 7: Assign Floating IP
============================================================
Creating new floating IP...
✓ Using floating IP: 129.114.108.162
✓ Floating IP attached

============================================================
✓ Provisioning Complete!
============================================================
Provisioning Type: Bare Metal (Blazar)
Server Name: auto-server-202602190309
Server ID: 11150b62-2a38-4434-905e-69ccd6be113f
Lease ID: 0291e50c-d5b6-4288-b253-daec73424c98
Reservation ID: 44f2aab0-328b-4e91-a662-53aa8295fce0
Image: CC-Ubuntu24.04-CUDA
Node Type: compute_cascadelake_r
Floating IP: 129.114.108.162

SSH Connection:
  ssh ubuntu@129.114.108.162

✓ Info saved to: auto-server-202602190309_info.json
End:     2026-02-19T03:22:24Z (exit=0, duration=778s)
