Command: python 2.0/src/provision_v2.py --repo "https://github.com/uiuc-arc/sixthsense" --site tacc
Start:   2026-02-19T05:51:51Z

============================================================
Automated Hardware Provisioning Tool v2.0
============================================================
✓ Configuration loaded
✓ AI client initialized
✓ OpenStack connection established

============================================================
Step 1: Repository Analysis
============================================================
✓ Repository cloned to: /tmp/sixthsense

✓ Repository requirements analysis complete:
  CPU: 4 cores
  RAM: 8 GB
  GPU: Not required
  Disk: 10 GB
  OS: ubuntu 18.04
  CUDA: Not required

============================================================
Step 2: Image Selection
============================================================
✓ Found 407 available CC-* images
✓ AI Stage 1: Selected 5 candidates
  Reasoning: The requirement specifies Ubuntu 18.04 without CUDA or GPU support. The selected images are all based on 
  Ubuntu 18.04 and do not include CUDA in their naming, indicating they do not have CUDA support. These images are the
  best matches for the given requirements.
⚠ No candidates found, using fallback selection
✓ Fallback image: CC-Ubuntu22.04-CUDA

============================================================
Step 3: SSH Key Management
============================================================
✓ Keypair exists: my-key

============================================================
Step 4: Network Configuration
============================================================
✓ Found network: sharednet1 (ID: 1a03cf65-8fd6-4fce-94fd-bbaabe68a8e1)

============================================================
Discovering Available Resources
============================================================

Discovering resources at tacc site...
✓ Found 310 hosts
✓ Discovered 18 node types (ranked by availability & fit):
    compute_cascadelake_r: 56 reservable / 56 total | fit_score: 1.0
    compute_icelake_r650: 50 reservable / 52 total | fit_score: 1.0
    compute_zen3: 32 reservable / 32 total | fit_score: 1.0
    compute_skylake: 29 reservable / 32 total | fit_score: 1.0
    compute_cascadelake: 24 reservable / 24 total | fit_score: 1.0
    compute_icelake_r750: 18 reservable / 20 total | fit_score: 1.0
    compute_haswell_ib: 17 reservable / 17 total | fit_score: 1.0
    gpu_p100: 15 reservable / 15 total | fit_score: 0.3
    storage: 13 reservable / 21 total | fit_score: 0.2
    compute_arm64: 8 reservable / 8 total | fit_score: 1.0
    compute_liqid: 8 reservable / 8 total | fit_score: 1.0
    gpu_mi100: 8 reservable / 8 total | fit_score: 0.3
    compute_gigaio: 6 reservable / 6 total | fit_score: 1.0
    gpu_p100_nvlink: 4 reservable / 4 total | fit_score: 0.3
    gpu_k80: 2 reservable / 2 total | fit_score: 0.3
    gpu_m40: 2 reservable / 2 total | fit_score: 0.3
    storage_hierarchy: 2 reservable / 2 total | fit_score: 0.2
    gpu_p100_v100: 1 reservable / 1 total | fit_score: 0.3
✓ Found 18 node types available

✓ AI resource selection complete
  Node type: compute_cascadelake_r
  Reasoning: The compute_cascadelake_r node type has the highest reservable count (56) among the available compute nodes that meet the user's requirements of 4 CPU cores, 8 GB RAM, and 10 GB disk. This ensures the highest availability and success rate for lease creation.
✓ AI selected node type: compute_cascadelake_r
  Reasoning: The compute_cascadelake_r node type has the highest reservable count (56) among the available compute nodes that meet the user's requirements of 4 CPU cores, 8 GB RAM, and 10 GB disk. This ensures the highest availability and success rate for lease creation.

============================================================
Step 5: Create Hardware Reservation (with fallbacks)
============================================================

→ Trying 16 node types (compute → KVM → others)

[1/16] Attempting: compute_cascadelake_r (56 reservable / 56 total)
✓ AI determined duration: 24 hours
  Reasoning: The requirements specify a moderate configuration without any GPU or CUDA needs, and only a basic conda environment setup is required. There are no indications of long-running tasks or specific time constraints, so a default lease duration of 24 hours is appropriate to allow for setup, execution, and any necessary adjustments.

Creating lease:
  Name: auto-202602190552-compute_cascadelake_r
  Node Type: compute_cascadelake_r
  Start: 2026-02-19 05:54
  End: 2026-02-20 05:54

✓ Lease created: 3ecb45d1-2317-4ff6-80a4-d9b78920b171

Waiting for lease to activate...
  Status: PENDING, waiting...
  Status: PENDING, waiting...
  Status: PENDING, waiting...
  Status: PENDING, waiting...
  Status: PENDING, waiting...
  Status: PENDING, waiting...
  Status: PENDING, waiting...
  Status: PENDING, waiting...
  Status: PENDING, waiting...
  Status: PENDING, waiting...
  Status: PENDING, waiting...
✓ Lease is ACTIVE
✓ Reservation ID: 7358e5c1-8641-4a31-a1c9-61574e38d985
✓ SUCCESS: Lease created with compute_cascadelake_r

✓ Final node type: compute_cascadelake_r

============================================================
Step 6: Launch Bare Metal Server
============================================================

Launching server:
  Name: auto-server-202602190552
  Image ID: c82b931e-4cf8-4366-9878-1ae941f24348
  Key: my-key
  Network ID: 1a03cf65-8fd6-4fce-94fd-bbaabe68a8e1
  Reservation ID: 7358e5c1-8641-4a31-a1c9-61574e38d985

✓ Server creation initiated: 2254032d-b38f-49c6-9257-2781a1db20a6

Waiting for server to become ACTIVE...
(This may take 10-30 minutes for bare metal)
  Status: BUILD
  Status: ACTIVE

✓ Server is ACTIVE

============================================================
Step 7: Assign Floating IP
============================================================
Creating new floating IP...
✓ Using floating IP: 129.114.108.20
✓ Floating IP attached

============================================================
✓ Provisioning Complete!
============================================================
Provisioning Type: Bare Metal (Blazar)
Server Name: auto-server-202602190552
Server ID: 2254032d-b38f-49c6-9257-2781a1db20a6
Lease ID: 3ecb45d1-2317-4ff6-80a4-d9b78920b171
Reservation ID: 7358e5c1-8641-4a31-a1c9-61574e38d985
Image: CC-Ubuntu22.04-CUDA
Node Type: compute_cascadelake_r
Floating IP: 129.114.108.20

SSH Connection:
  ssh ubuntu@129.114.108.20

✓ Info saved to: auto-server-202602190552_info.json
End:     2026-02-19T06:02:21Z (exit=0, duration=630s)
