Command: python 2.0/src/provision_v2.py --repo "https://github.com/darkreader/darkreader" --site tacc
Start:   2026-04-16T02:33:55Z

============================================================
Automated Hardware Provisioning Tool v2.0
============================================================
✓ Configuration loaded
✓ AI client initialized
✓ OpenStack connection established

============================================================
Step 1: Repository Analysis
============================================================
✓ Repository cloned to: /tmp/darkreader

✓ Repository requirements analysis complete:
  CPU: 2 cores
  RAM: 4 GB
  GPU: Not required
  Disk: 5 GB
  OS: ubuntu 20.04
  CUDA: Not required

============================================================
Step 2: Image Selection
============================================================
✓ Found 415 available CC-* images
✓ AI Stage 1: Selected 5 candidates
  Reasoning: The requirements specify an Ubuntu 20.04 OS without CUDA or GPU support. The selected images are all based on Ubuntu 20.04 and do not include CUDA in their naming, indicating they do not have CUDA support. These images are the best candidates that match the specified requirements.
⚠ No candidates found, using fallback selection
✓ Fallback image: CC-Ubuntu22.04-CUDA

============================================================
Step 3: SSH Key Management
============================================================
✓ Keypair exists: my-key

============================================================
Step 4: Network Configuration
============================================================
✓ Found network: sharednet1 (ID: 1a03cf65-8fd6-4fce-94fd-bbaabe68a8e1)

============================================================
Discovering Available Resources
============================================================

Discovering resources at tacc site...
✓ Found 312 hosts
✓ Discovered 19 node types (ranked by availability & fit):
    compute_cascadelake_r: 55 reservable / 56 total | fit_score: 1.0
    compute_icelake_r650: 50 reservable / 52 total | fit_score: 1.0
    compute_zen3: 32 reservable / 32 total | fit_score: 1.0
    compute_skylake: 26 reservable / 32 total | fit_score: 1.0
    compute_cascadelake: 24 reservable / 24 total | fit_score: 1.0
    compute_icelake_r750: 17 reservable / 20 total | fit_score: 1.0
    compute_haswell_ib: 17 reservable / 17 total | fit_score: 1.0
    gpu_p100: 15 reservable / 15 total | fit_score: 0.3
    storage: 13 reservable / 21 total | fit_score: 0.2
    compute_arm64: 8 reservable / 8 total | fit_score: 1.0
    compute_liqid: 8 reservable / 8 total | fit_score: 1.0
    gpu_mi100: 8 reservable / 8 total | fit_score: 0.3
    compute_gigaio: 6 reservable / 6 total | fit_score: 1.0
    gpu_p100_nvlink: 4 reservable / 4 total | fit_score: 0.3
    gpu_h100: 2 reservable / 2 total | fit_score: 0.3
    gpu_k80: 2 reservable / 2 total | fit_score: 0.3
    gpu_m40: 2 reservable / 2 total | fit_score: 0.3
    storage_hierarchy: 1 reservable / 2 total | fit_score: 0.2
    gpu_p100_v100: 1 reservable / 1 total | fit_score: 0.3
✓ Found 19 node types available

✓ AI resource selection complete
  Node type: compute_cascadelake_r
  Reasoning: The compute_cascadelake_r node type has the highest reservable count of 55, meeting the user's requirements for CPU, RAM, and disk without needing a GPU. This ensures the highest availability and success rate for lease creation.
✓ AI selected node type: compute_cascadelake_r
  Reasoning: The compute_cascadelake_r node type has the highest reservable count of 55, meeting the user's requirements for CPU, RAM, and disk without needing a GPU. This ensures the highest availability and success rate for lease creation.

============================================================
Step 5: Create Hardware Reservation (with fallbacks)
============================================================

→ Trying 17 node types (compute → KVM → others)

[1/17] Attempting: compute_cascadelake_r (55 reservable / 56 total)
✓ AI determined duration: 48 hours
  Reasoning: The requirements indicate a need for a JavaScript runtime environment with Node.js and experimental Deno support. These environments may require some setup and testing time, especially if experimental features are involved. Additionally, testing and development with these technologies could take longer than a simple task. Therefore, a lease duration of 48 hours is recommended to ensure adequate time for setup, testing, and any necessary adjustments.

Creating lease:
  Name: auto-202604160234-compute_cascadelake_r
  Node Type: compute_cascadelake_r
  Start: 2026-04-16 02:36
  End: 2026-04-18 02:36

✓ Lease created: 12b06be6-102b-4338-9053-31e3698345c8

Waiting for lease to activate...
  Status: PENDING, waiting...
  Status: PENDING, waiting...
  Status: PENDING, waiting...
  Status: PENDING, waiting...
  Status: PENDING, waiting...
  Status: PENDING, waiting...
  Status: PENDING, waiting...
✓ Lease is ACTIVE
✓ Reservation ID: fc4c365f-1ba7-46b0-8973-b60fcfb52173
✓ SUCCESS: Lease created with compute_cascadelake_r

✓ Final node type: compute_cascadelake_r

============================================================
Step 6: Launch Bare Metal Server
============================================================

Launching server:
  Name: auto-server-202604160234
  Image ID: 07263122-bade-4d24-a776-46f4f1c2e26a
  Key: my-key
  Network ID: 1a03cf65-8fd6-4fce-94fd-bbaabe68a8e1
  Reservation ID: fc4c365f-1ba7-46b0-8973-b60fcfb52173

✓ Server creation initiated: 0effdeec-03a0-468f-a6fe-8c351583ca43

Waiting for server to become ACTIVE...
(This may take 10-30 minutes for bare metal)
  Status: BUILD
  Status: ACTIVE

✓ Server is ACTIVE

============================================================
Step 7: Assign Floating IP
============================================================
Creating new floating IP...
✓ Using floating IP: 129.114.109.195
✓ Floating IP attached

============================================================
✓ Provisioning Complete!
============================================================
Provisioning Type: Bare Metal (Blazar)
Server Name: auto-server-202604160234
Server ID: 0effdeec-03a0-468f-a6fe-8c351583ca43
Lease ID: 12b06be6-102b-4338-9053-31e3698345c8
Reservation ID: fc4c365f-1ba7-46b0-8973-b60fcfb52173
Image: CC-Ubuntu22.04-CUDA
Node Type: compute_cascadelake_r
Floating IP: 129.114.109.195

SSH Connection:
  ssh ubuntu@129.114.109.195

✓ Info saved to: auto-server-202604160234_info.json
End:     2026-04-16T02:43:51Z (exit=0, duration=596s)
