Command: python 2.0/src/provision_v2.py --repo "https://github.com/anvil-verifier/anvil" --site tacc
Start:   2026-01-15T21:47:43Z

============================================================
Automated Hardware Provisioning Tool v2.0
============================================================
✓ Configuration loaded
✓ AI client initialized
✓ OpenStack connection established

============================================================
Step 1: Repository Analysis
============================================================
✓ Repository cloned to: /tmp/anvil

✓ Repository requirements analysis complete:
  CPU: 4 cores
  RAM: 8 GB
  GPU: Not required
  Disk: 20 GB
  OS: ubuntu 20.04
  CUDA: Not required

============================================================
Step 2: Image Selection
============================================================
✓ Found 407 available CC-* images
✓ AI Stage 1: Selected 3 candidates
  Reasoning: The requirements specify an Ubuntu 20.04 operating system without the need for CUDA or GPU support. The selected images are all based on Ubuntu 20.04 and do not include CUDA in their naming, indicating they are suitable for environments where CUDA is not required. These images are also among the most recent versions available, ensuring up-to-date security and software support.
⚠ No candidates found, using fallback selection
✓ Fallback image: CC-Ubuntu22.04-CUDA

============================================================
Step 3: SSH Key Management
============================================================
✓ Keypair exists: my-key

============================================================
Step 4: Network Configuration
============================================================
✓ Found network: sharednet1 (ID: 1a03cf65-8fd6-4fce-94fd-bbaabe68a8e1)

============================================================
Discovering Available Resources
============================================================

Discovering resources at tacc site...
✓ Found 310 hosts
✓ Discovered 18 node types: compute_arm64, compute_cascadelake, compute_cascadelake_r, compute_gigaio, compute_haswell_ib, compute_icelake_r650, compute_icelake_r750, compute_liqid, compute_skylake, compute_zen3, gpu_k80, gpu_m40, gpu_mi100, gpu_p100, gpu_p100_nvlink, gpu_p100_v100, storage, storage_hierarchy
✓ Found 18 node types available

✓ AI resource selection complete
  Node type: compute_cascadelake
  Reasoning: The user does not require a GPU, so a general compute node is suitable. The compute_cascadelake node type is selected as it is a general compute node that is likely to meet the user's requirements for CPU cores, RAM, and disk space.
✓ AI selected node type: compute_cascadelake
  Reasoning: The user does not require a GPU, so a general compute node is suitable. The compute_cascadelake node type is selected as it is a general compute node that is likely to meet the user's requirements for CPU cores, RAM, and disk space.

✓ Target node type: compute_cascadelake

============================================================
Step 5: Create Hardware Reservation
============================================================
✓ AI determined duration: 48 hours
  Reasoning: Setting up a Kubernetes cluster and configuring a Rust programming environment with the Verus tool for Rust verification can be complex and time-consuming. These tasks often require additional time for testing and validation to ensure the environment is correctly configured and stable. Therefore, a 48-hour lease duration is recommended to provide sufficient time for setup, testing, and any necessary adjustments.

Creating lease:
  Name: auto-compute_cascadelake-202601152148
  Node Type: compute_cascadelake
  Start: 2026-01-15 21:50
  End: 2026-01-17 21:50

✓ Lease created: 2ae9c083-ee62-4be1-9e94-fd91158718f4

Waiting for lease to activate...
  Status: PENDING, waiting...
  Status: PENDING, waiting...
  Status: PENDING, waiting...
  Status: PENDING, waiting...
  Status: PENDING, waiting...
  Status: PENDING, waiting...
  Status: PENDING, waiting...
  Status: PENDING, waiting...
  Status: PENDING, waiting...
  Status: PENDING, waiting...
  Status: PENDING, waiting...
✓ Lease is ACTIVE
✓ Reservation ID: 593b168b-aad3-4fa5-8613-8ef1dd77e502

============================================================
Step 6: Launch Bare Metal Server
============================================================

Launching server:
  Name: auto-server-202601152150
  Image ID: c82b931e-4cf8-4366-9878-1ae941f24348
  Key: my-key
  Network ID: 1a03cf65-8fd6-4fce-94fd-bbaabe68a8e1
  Reservation ID: 593b168b-aad3-4fa5-8613-8ef1dd77e502

✓ Server creation initiated: 2cc7c6c3-45de-48ef-a00e-2614732a4137

Waiting for server to become ACTIVE...
(This may take 10-30 minutes for bare metal)
  Status: BUILD
  Status: ACTIVE

✓ Server is ACTIVE

============================================================
Step 7: Assign Floating IP
============================================================
Creating new floating IP...
✓ Using floating IP: 129.114.108.194
✓ Floating IP attached

============================================================
✓ Provisioning Complete!
============================================================
Server Name: auto-server-202601152150
Server ID: 2cc7c6c3-45de-48ef-a00e-2614732a4137
Lease ID: 2ae9c083-ee62-4be1-9e94-fd91158718f4
Reservation ID: 593b168b-aad3-4fa5-8613-8ef1dd77e502
Image: CC-Ubuntu22.04-CUDA
Node Type: compute_cascadelake
Floating IP: 129.114.108.194

SSH Connection:
  ssh ubuntu@129.114.108.194

✓ Info saved to: auto-server-202601152150_info.json
End:     2026-01-15T21:58:51Z (exit=0, duration=668s)
