Command: python 2.0/src/provision_v2.py --repo "https://github.com/NVIDIA-AI-Blueprints/pdf-to-podcast" --site tacc
Start:   2026-03-13T04:01:28Z

============================================================
Automated Hardware Provisioning Tool v2.0
============================================================
✓ Configuration loaded
✓ AI client initialized
✓ OpenStack connection established

============================================================
Step 1: Repository Analysis
============================================================
✓ Repository cloned to: /tmp/pdf-to-podcast

✓ Repository requirements analysis complete:
  CPU: 8 cores
  RAM: 64 GB
  GPU: Required
  GPU Memory: None GB
  Disk: 100 GB
  OS: ubuntu 20.04 or 22.04
  CUDA: Required

============================================================
Step 2: Image Selection
============================================================
✓ Found 407 available CC-* images
✓ AI Stage 1: Selected 5 candidates
  Reasoning: The requirements specify an Ubuntu OS with versions 20.04 or 22.04, and CUDA support is necessary for GPU usage. The selected images all meet these criteria by being Ubuntu-based, having the specified versions, and including CUDA support. These images are the most recent and relevant options available that match the requirements.

✓ Final Selection: CC-Ubuntu20.04-CUDA
  Image ID: 91d8e584-bc97-4e81-a1e5-cf858ac3afd7

============================================================
Step 3: SSH Key Management
============================================================
✓ Keypair exists: my-key

============================================================
Step 4: Network Configuration
============================================================
✓ Found network: sharednet1 (ID: 1a03cf65-8fd6-4fce-94fd-bbaabe68a8e1)

============================================================
Discovering Available Resources
============================================================

Discovering resources at tacc site...
✓ Found 312 hosts
✓ Discovered 19 node types (ranked by availability & fit):
    compute_cascadelake_r: 56 reservable / 56 total | fit_score: 1.0
    compute_icelake_r650: 50 reservable / 52 total | fit_score: 1.0
    compute_zen3: 32 reservable / 32 total | fit_score: 1.0
    compute_skylake: 28 reservable / 32 total | fit_score: 1.0
    compute_cascadelake: 24 reservable / 24 total | fit_score: 1.0
    compute_icelake_r750: 18 reservable / 20 total | fit_score: 1.0
    compute_haswell_ib: 17 reservable / 17 total | fit_score: 1.0
    gpu_p100: 15 reservable / 15 total | fit_score: 2.0
    storage: 13 reservable / 21 total | fit_score: 0.2
    gpu_mi100: 8 reservable / 8 total | fit_score: 2.0
    compute_arm64: 8 reservable / 8 total | fit_score: 1.0
    compute_liqid: 8 reservable / 8 total | fit_score: 1.0
    compute_gigaio: 6 reservable / 6 total | fit_score: 1.0
    gpu_p100_nvlink: 4 reservable / 4 total | fit_score: 2.0
    gpu_h100: 2 reservable / 2 total | fit_score: 2.0
    gpu_k80: 2 reservable / 2 total | fit_score: 2.0
    gpu_m40: 2 reservable / 2 total | fit_score: 2.0
    storage_hierarchy: 2 reservable / 2 total | fit_score: 0.2
    gpu_p100_v100: 1 reservable / 1 total | fit_score: 2.0
✓ Found 19 node types available

✓ AI resource selection complete
  Node type: gpu_p100
  Reasoning: The gpu_p100 node type is selected because it meets the GPU requirement and has the highest reservable count (15) among the GPU nodes, ensuring higher availability and a better success rate for lease creation.
✓ AI selected node type: gpu_p100
  Reasoning: The gpu_p100 node type is selected because it meets the GPU requirement and has the highest reservable count (15) among the GPU nodes, ensuring higher availability and a better success rate for lease creation.

============================================================
Step 5: Create Hardware Reservation (with fallbacks)
============================================================

→ GPU required: Tiered fallback strategy:
   Tier 1 (GPU): 7 types
   Tier 2 (Compute): 10 types
   Tier 3 (KVM/VM): 0 types
   Total: 17 attempts

[1/17] Attempting: gpu_p100 [GPU (Tier 1)] (15 reservable / 15 total)
✓ AI determined duration: 72 hours
  Reasoning: The requirements indicate a need for a high-performance setup with GPU capabilities and specific software installations, including NVIDIA AI Enterprise and Docker. These setups often involve complex configurations and testing phases, especially when integrating with APIs like NVIDIA NIM and ElevenLabs. A 72-hour lease provides ample time for setup, testing, and any necessary troubleshooting or iterations, ensuring that the environment is stable and fully operational for the intended use.

Creating lease:
  Name: auto-202603130401-gpu_p100
  Node Type: gpu_p100
  Start: 2026-03-13 04:03
  End: 2026-03-16 04:03
  ✗ No capacity available for gpu_p100
  → Trying next option...

[2/17] Attempting: gpu_mi100 [GPU (Tier 1)] (8 reservable / 8 total)
✓ AI determined duration: 72 hours
  Reasoning: The requirements specify a high-performance setup with GPU capabilities and specific software configurations, including NVIDIA AI Enterprise developer license and NVIDIA Container Toolkit, which may take time to set up and test. Additionally, the need for API keys and Docker configurations suggests a complex environment that might require extended time for development and testing. Therefore, a lease duration of 72 hours is recommended to ensure sufficient time for setup, testing, and any necessary iterations.

Creating lease:
  Name: auto-202603130401-gpu_mi100
  Node Type: gpu_mi100
  Start: 2026-03-13 04:04
  End: 2026-03-16 04:04
  ✗ No capacity available for gpu_mi100
  → Trying next option...

[3/17] Attempting: gpu_p100_nvlink [GPU (Tier 1)] (4 reservable / 4 total)
✓ AI determined duration: 72 hours
  Reasoning: The requirements indicate a need for a high-performance setup with GPU capabilities, CUDA, and specific NVIDIA software, which suggests a complex and potentially resource-intensive task. The inclusion of an NVIDIA AI Enterprise developer license and API keys for NVIDIA NIM and ElevenLabs implies that the user might be working on advanced AI or machine learning projects, which often require extended periods of time for development, testing, and iteration. Therefore, a lease duration of 72 hours is recommended to ensure ample time for setup, execution, and any necessary troubleshooting or adjustments.

Creating lease:
  Name: auto-202603130401-gpu_p100_nvlink
  Node Type: gpu_p100_nvlink
  Start: 2026-03-13 04:04
  End: 2026-03-16 04:04
  ✗ No capacity available for gpu_p100_nvlink
  → Trying next option...

[4/17] Attempting: gpu_h100 [GPU (Tier 1)] (2 reservable / 2 total)
✓ AI determined duration: 72 hours
  Reasoning: The requirements indicate a need for a high-performance setup with GPU capabilities and specific software installations, including NVIDIA AI Enterprise and Container Toolkit, which can be complex and time-consuming to configure. The presence of special requirements such as API keys and specific software suggests that the user may be conducting advanced AI or machine learning tasks, which often require extended periods of computation. Therefore, a lease duration of 72 hours is recommended to ensure sufficient time for setup, testing, and execution of tasks without interruption.

Creating lease:
  Name: auto-202603130401-gpu_h100
  Node Type: gpu_h100
  Start: 2026-03-13 04:04
  End: 2026-03-16 04:04
  ✗ No capacity available for gpu_h100
  → Trying next option...

[5/17] Attempting: gpu_k80 [GPU (Tier 1)] (2 reservable / 2 total)
✓ AI determined duration: 72 hours
  Reasoning: The requirements indicate a need for a high-performance environment with GPU support and several specialized software installations, including NVIDIA AI Enterprise and Container Toolkit, which may require additional setup and testing time. The presence of API keys for NVIDIA NIM and ElevenLabs suggests ongoing development or testing activities that could extend over multiple days. Given these factors, a lease duration of 72 hours is appropriate to ensure sufficient time for setup, testing, and any necessary adjustments.

Creating lease:
  Name: auto-202603130401-gpu_k80
  Node Type: gpu_k80
  Start: 2026-03-13 04:04
  End: 2026-03-16 04:04
  ✗ No capacity available for gpu_k80
  → Trying next option...

[6/17] Attempting: gpu_m40 [GPU (Tier 1)] (2 reservable / 2 total)
✓ AI determined duration: 72 hours
  Reasoning: The requirements indicate a need for a high-performance setup with GPU capabilities and specific software installations, including NVIDIA AI Enterprise and container tools. These setups typically involve complex configurations and testing, especially when integrating API keys and ensuring compatibility with CUDA and specific OS versions. A 72-hour lease allows sufficient time for setup, testing, and any necessary adjustments or troubleshooting.

Creating lease:
  Name: auto-202603130401-gpu_m40
  Node Type: gpu_m40
  Start: 2026-03-13 04:04
  End: 2026-03-16 04:04
  ✗ No capacity available for gpu_m40
  → Trying next option...

[7/17] Attempting: gpu_p100_v100 [GPU (Tier 1)] (1 reservable / 1 total)
✓ AI determined duration: 72 hours
  Reasoning: The requirements suggest a complex setup involving GPU resources and specific software installations, including NVIDIA AI Enterprise developer license and NVIDIA Container Toolkit. These requirements indicate a use case likely involving machine learning or AI development, which often requires extended periods for setup, testing, and execution. Additionally, the need for API keys and Docker setup suggests a development environment that might need more than a day to configure and test thoroughly. Therefore, a lease duration of 72 hours is recommended to ensure adequate time for setup, testing, and any necessary iterations.

Creating lease:
  Name: auto-202603130401-gpu_p100_v100
  Node Type: gpu_p100_v100
  Start: 2026-03-13 04:04
  End: 2026-03-16 04:04
  ✗ No capacity available for gpu_p100_v100
  → Trying next option...

→ Switching to: Compute (Tier 2 - degraded)

[8/17] Attempting: compute_cascadelake_r [Compute (Tier 2 - degraded)] (56 reservable / 56 total)
✓ AI determined duration: 72 hours
  Reasoning: The requirements indicate a complex setup involving GPU resources, CUDA, and specific software installations such as NVIDIA AI Enterprise, NVIDIA Container Toolkit, Docker, and API keys for NVIDIA NIM and ElevenLabs. These installations and configurations can be time-consuming, especially if troubleshooting or testing is needed. A 72-hour lease provides ample time to ensure all components are correctly set up and tested, while also allowing for any necessary adjustments or iterations in the development process.

Creating lease:
  Name: auto-202603130401-compute_cascadelake_r
  Node Type: compute_cascadelake_r
  Start: 2026-03-13 04:04
  End: 2026-03-16 04:04

✓ Lease created: 9f2f8569-2fa1-4513-bcb8-f1e848fa9b92

Waiting for lease to activate...
  Status: PENDING, waiting...
  Status: PENDING, waiting...
  Status: PENDING, waiting...
  Status: PENDING, waiting...
  Status: PENDING, waiting...
  Status: PENDING, waiting...
✓ Lease is ACTIVE
✓ Reservation ID: bb942c22-5b5c-41c3-9201-827b1b796dab
✓ SUCCESS: Lease created with compute_cascadelake_r

✓ Final node type: compute_cascadelake_r

============================================================
Step 6: Launch Bare Metal Server
============================================================

Launching server:
  Name: auto-server-202603130401
  Image ID: 91d8e584-bc97-4e81-a1e5-cf858ac3afd7
  Key: my-key
  Network ID: 1a03cf65-8fd6-4fce-94fd-bbaabe68a8e1
  Reservation ID: bb942c22-5b5c-41c3-9201-827b1b796dab

✓ Server creation initiated: b96301e4-6a0b-4baf-99e0-a3ccd0fce2fe

Waiting for server to become ACTIVE...
(This may take 10-30 minutes for bare metal)
  Status: BUILD
  Status: ACTIVE

✓ Server is ACTIVE

============================================================
Step 7: Assign Floating IP
============================================================
Creating new floating IP...
✓ Using floating IP: 129.114.108.242
✓ Floating IP attached

============================================================
✓ Provisioning Complete!
============================================================
Provisioning Type: Bare Metal (Blazar)
Server Name: auto-server-202603130401
Server ID: b96301e4-6a0b-4baf-99e0-a3ccd0fce2fe
Lease ID: 9f2f8569-2fa1-4513-bcb8-f1e848fa9b92
Reservation ID: bb942c22-5b5c-41c3-9201-827b1b796dab
Image: CC-Ubuntu20.04-CUDA
Node Type: compute_cascadelake_r
Floating IP: 129.114.108.242

SSH Connection:
  ssh ubuntu@129.114.108.242

✓ Info saved to: auto-server-202603130401_info.json
End:     2026-03-13T04:12:23Z (exit=0, duration=655s)
