Command: python 2.0/src/provision_v2.py --repo "https://github.com/uiuc-arc/probfuzz" --site tacc
Start:   2026-01-15T20:53:54Z

============================================================
Automated Hardware Provisioning Tool v2.0
============================================================
✓ Configuration loaded
✓ AI client initialized
✓ OpenStack connection established

============================================================
Step 1: Repository Analysis
============================================================
✓ Repository cloned to: /tmp/probfuzz

✓ Repository requirements analysis complete:
  CPU: 2 cores
  RAM: 4 GB
  GPU: Not required
  Disk: 10 GB
  OS: ubuntu None
  CUDA: Not required

============================================================
Step 2: Image Selection
============================================================
✓ Found 407 available CC-* images
✓ AI Stage 1: Selected 5 candidates
  Reasoning: The requirements specify an Ubuntu OS without a specific version, and CUDA or GPU support is not required. Therefore, the best candidates are images that are Ubuntu-based and do not have CUDA in their naming convention. The selected images are: 'CC-Ubuntu24.04' (ID: 1b993456-987a-421b-afbf-29aa618565da), 'CC-Ubuntu22.04' (ID: 14af624e-2629-4fb5-8ee6-f94ea5bf5195), 'CC-Ubuntu20.04' (ID: 819473ad-b46c-48db-a2f6-53dead8204b0), 'CC-Ubuntu24.04_2025-05-05 19:32:07.856003' (ID: 585e8ebf-635f-4f40-9b18-6517d0620e41), and 'CC-Ubuntu22.04_2025-05-05 19:32:07.845188' (ID: fea16673-a005-43ef-a74d-dafec5150556). These images meet the criteria of being Ubuntu-based without CUDA support.
⚠ No candidates found, using fallback selection
✓ Fallback image: CC-Ubuntu22.04-CUDA

============================================================
Step 3: SSH Key Management
============================================================
✓ Keypair exists: my-key

============================================================
Step 4: Network Configuration
============================================================
✓ Found network: sharednet1 (ID: 1a03cf65-8fd6-4fce-94fd-bbaabe68a8e1)

============================================================
Discovering Available Resources
============================================================

Discovering resources at tacc site...
✓ Found 310 hosts
✓ Discovered 18 node types: compute_arm64, compute_cascadelake, compute_cascadelake_r, compute_gigaio, compute_haswell_ib, compute_icelake_r650, compute_icelake_r750, compute_liqid, compute_skylake, compute_zen3, gpu_k80, gpu_m40, gpu_mi100, gpu_p100, gpu_p100_nvlink, gpu_p100_v100, storage, storage_hierarchy
✓ Found 18 node types available

✓ AI resource selection complete
  Node type: compute_cascadelake
  Reasoning: The user does not require a GPU, so a general compute node is suitable. The compute_cascadelake node type is selected as it is likely to provide sufficient CPU cores, RAM, and disk space for the user's requirements.
✓ AI selected node type: compute_cascadelake
  Reasoning: The user does not require a GPU, so a general compute node is suitable. The compute_cascadelake node type is selected as it is likely to provide sufficient CPU cores, RAM, and disk space for the user's requirements.

✓ Target node type: compute_cascadelake

============================================================
Step 5: Create Hardware Reservation
============================================================
✓ AI determined duration: 48 hours
  Reasoning: The requirements include the installation and potential configuration of multiple probabilistic programming frameworks (Stan, Edward, Pyro), which may require additional time for setup, testing, and execution of tasks. These frameworks can be complex and may involve compiling models, which can be time-consuming. A 48-hour lease provides sufficient time for these activities, including any troubleshooting or iterations needed.

Creating lease:
  Name: auto-compute_cascadelake-202601152054
  Node Type: compute_cascadelake
  Start: 2026-01-15 20:56
  End: 2026-01-17 20:56

✓ Lease created: 4836dd54-e8c1-442f-a051-5510b101d9e1

Waiting for lease to activate...
  Status: PENDING, waiting...
  Status: PENDING, waiting...
  Status: PENDING, waiting...
  Status: PENDING, waiting...
  Status: PENDING, waiting...
  Status: PENDING, waiting...
  Status: PENDING, waiting...
  Status: PENDING, waiting...
  Status: PENDING, waiting...
  Status: PENDING, waiting...
  Status: PENDING, waiting...
✓ Lease is ACTIVE
✓ Reservation ID: 125c3128-015a-45f8-88fc-64420afdfc19

============================================================
Step 6: Launch Bare Metal Server
============================================================

Launching server:
  Name: auto-server-202601152056
  Image ID: c82b931e-4cf8-4366-9878-1ae941f24348
  Key: my-key
  Network ID: 1a03cf65-8fd6-4fce-94fd-bbaabe68a8e1
  Reservation ID: 125c3128-015a-45f8-88fc-64420afdfc19

✓ Server creation initiated: 5d96c213-d17a-43b8-9856-cd4e04382d37

Waiting for server to become ACTIVE...
(This may take 10-30 minutes for bare metal)
  Status: BUILD
  Status: ACTIVE

✓ Server is ACTIVE

============================================================
Step 7: Assign Floating IP
============================================================
Creating new floating IP...
✓ Using floating IP: 129.114.109.66
✓ Floating IP attached

============================================================
✓ Provisioning Complete!
============================================================
Server Name: auto-server-202601152056
Server ID: 5d96c213-d17a-43b8-9856-cd4e04382d37
Lease ID: 4836dd54-e8c1-442f-a051-5510b101d9e1
Reservation ID: 125c3128-015a-45f8-88fc-64420afdfc19
Image: CC-Ubuntu22.04-CUDA
Node Type: compute_cascadelake
Floating IP: 129.114.109.66

SSH Connection:
  ssh ubuntu@129.114.109.66

✓ Info saved to: auto-server-202601152056_info.json
End:     2026-01-15T21:04:27Z (exit=0, duration=633s)
