Command: python 2.0/src/provision_v2.py --repo "https://github.com/nlohmann/json" --site tacc
Start:   2026-01-15T18:54:22Z

============================================================
Automated Hardware Provisioning Tool v2.0
============================================================
✓ Configuration loaded
✓ AI client initialized
✓ OpenStack connection established

============================================================
Step 1: Repository Analysis
============================================================
✓ Repository cloned to: /tmp/json

✓ Repository requirements analysis complete:
  CPU: 1 cores
  RAM: 1 GB
  GPU: Not required
  Disk: 1 GB
  OS: ubuntu None
  CUDA: Not required

============================================================
Step 2: Image Selection
============================================================
✓ Found 407 available CC-* images
✓ AI Stage 1: Selected 5 candidates
  Reasoning: The requirements specify an Ubuntu OS without the need for CUDA or GPU support. The selected images are Ubuntu base images without CUDA, ensuring compatibility with the requirements. The chosen images are recent and cover different Ubuntu versions (20.04, 22.04, and 24.04) to provide flexibility in OS version choice.
⚠ No candidates found, using fallback selection
✓ Fallback image: CC-Ubuntu22.04-CUDA

============================================================
Step 3: SSH Key Management
============================================================
✓ Keypair exists: my-key

============================================================
Step 4: Network Configuration
============================================================
✓ Found network: sharednet1 (ID: 1a03cf65-8fd6-4fce-94fd-bbaabe68a8e1)

============================================================
Discovering Available Resources
============================================================

Discovering resources at tacc site...
✓ Found 310 hosts
✓ Discovered 18 node types: compute_arm64, compute_cascadelake, compute_cascadelake_r, compute_gigaio, compute_haswell_ib, compute_icelake_r650, compute_icelake_r750, compute_liqid, compute_skylake, compute_zen3, gpu_k80, gpu_m40, gpu_mi100, gpu_p100, gpu_p100_nvlink, gpu_p100_v100, storage, storage_hierarchy
✓ Found 18 node types available

✓ AI resource selection complete
  Node type: compute_cascadelake
  Reasoning: The user requires a basic compute node with minimal CPU and RAM requirements and does not need a GPU. Among the available compute nodes, 'compute_cascadelake' is a suitable choice as it provides general compute capabilities without the additional overhead of GPU resources.
✓ AI selected node type: compute_cascadelake
  Reasoning: The user requires a basic compute node with minimal CPU and RAM requirements and does not need a GPU. Among the available compute nodes, 'compute_cascadelake' is a suitable choice as it provides general compute capabilities without the additional overhead of GPU resources.

✓ Target node type: compute_cascadelake

============================================================
Step 5: Create Hardware Reservation
============================================================
✓ AI determined duration: 24 hours
  Reasoning: The requirements indicate a lightweight setup with minimal CPU, RAM, and disk space needs, and no GPU or CUDA dependencies. The special requirements for C++11 support and single header file integration suggest a development or testing environment, which typically does not require extended lease durations. A 24-hour lease provides ample time for development and testing activities while allowing for flexibility in case of unforeseen delays.

Creating lease:
  Name: auto-compute_cascadelake-202601151854
  Node Type: compute_cascadelake
  Start: 2026-01-15 18:56
  End: 2026-01-16 18:56

✓ Lease created: 9a7a3f51-8c3a-41a3-8e71-7aba42776e7c

Waiting for lease to activate...
  Status: PENDING, waiting...
  Status: PENDING, waiting...
  Status: PENDING, waiting...
  Status: PENDING, waiting...
  Status: PENDING, waiting...
  Status: PENDING, waiting...
✓ Lease is ACTIVE
✓ Reservation ID: 9c4c856a-5667-4585-a3b0-ffe76a11d125

============================================================
Step 6: Launch Bare Metal Server
============================================================

Launching server:
  Name: auto-server-202601151856
  Image ID: c82b931e-4cf8-4366-9878-1ae941f24348
  Key: my-key
  Network ID: 1a03cf65-8fd6-4fce-94fd-bbaabe68a8e1
  Reservation ID: 9c4c856a-5667-4585-a3b0-ffe76a11d125

✓ Server creation initiated: 28ad578d-6993-4193-9509-ea98b1e7273b

Waiting for server to become ACTIVE...
(This may take 10-30 minutes for bare metal)
  Status: BUILD
  Status: ACTIVE

✓ Server is ACTIVE

============================================================
Step 7: Assign Floating IP
============================================================
Creating new floating IP...
✓ Using floating IP: 129.114.108.45
✓ Floating IP attached

============================================================
✓ Provisioning Complete!
============================================================
Server Name: auto-server-202601151856
Server ID: 28ad578d-6993-4193-9509-ea98b1e7273b
Lease ID: 9a7a3f51-8c3a-41a3-8e71-7aba42776e7c
Reservation ID: 9c4c856a-5667-4585-a3b0-ffe76a11d125
Image: CC-Ubuntu22.04-CUDA
Node Type: compute_cascadelake
Floating IP: 129.114.108.45

SSH Connection:
  ssh ubuntu@129.114.108.45

✓ Info saved to: auto-server-202601151856_info.json
End:     2026-01-15T19:04:46Z (exit=0, duration=624s)
