Command: python 2.0/src/provision_v2.py --repo "https://github.com/simdjson/simdjson" --site tacc
Start:   2026-02-19T16:22:28Z

============================================================
Automated Hardware Provisioning Tool v2.0
============================================================
✓ Configuration loaded
✓ AI client initialized
✓ OpenStack connection established

============================================================
Step 1: Repository Analysis
============================================================
✓ Repository cloned to: /tmp/simdjson

✓ Repository requirements analysis complete:
  CPU: 2 cores
  RAM: 2 GB
  GPU: Not required
  Disk: 1 GB
  OS: ubuntu 20.04
  CUDA: Not required

============================================================
Step 2: Image Selection
============================================================
✓ Found 407 available CC-* images
✓ AI Stage 1: Selected 5 candidates
  Reasoning: The requirements specify an Ubuntu OS with version 20.04, without the need for CUDA or GPU support. The selected images are all based on Ubuntu 20.04 and do not include CUDA in their naming, indicating they do not have CUDA support. These images are the most recent and relevant matches for the specified criteria.
⚠ No candidates found, using fallback selection
✓ Fallback image: CC-Ubuntu22.04-CUDA

============================================================
Step 3: SSH Key Management
============================================================
✓ Keypair exists: my-key

============================================================
Step 4: Network Configuration
============================================================
✓ Found network: sharednet1 (ID: 1a03cf65-8fd6-4fce-94fd-bbaabe68a8e1)

============================================================
Discovering Available Resources
============================================================

Discovering resources at tacc site...
✓ Found 310 hosts
✓ Discovered 18 node types (ranked by availability & fit):
    compute_cascadelake_r: 56 reservable / 56 total | fit_score: 1.0
    compute_icelake_r650: 50 reservable / 52 total | fit_score: 1.0
    compute_zen3: 32 reservable / 32 total | fit_score: 1.0
    compute_skylake: 29 reservable / 32 total | fit_score: 1.0
    compute_cascadelake: 24 reservable / 24 total | fit_score: 1.0
    compute_icelake_r750: 18 reservable / 20 total | fit_score: 1.0
    compute_haswell_ib: 17 reservable / 17 total | fit_score: 1.0
    gpu_p100: 15 reservable / 15 total | fit_score: 0.3
    storage: 13 reservable / 21 total | fit_score: 0.2
    compute_arm64: 8 reservable / 8 total | fit_score: 1.0
    compute_liqid: 8 reservable / 8 total | fit_score: 1.0
    gpu_mi100: 8 reservable / 8 total | fit_score: 0.3
    compute_gigaio: 6 reservable / 6 total | fit_score: 1.0
    gpu_p100_nvlink: 4 reservable / 4 total | fit_score: 0.3
    gpu_k80: 2 reservable / 2 total | fit_score: 0.3
    gpu_m40: 2 reservable / 2 total | fit_score: 0.3
    storage_hierarchy: 2 reservable / 2 total | fit_score: 0.2
    gpu_p100_v100: 1 reservable / 1 total | fit_score: 0.3
✓ Found 18 node types available

✓ AI resource selection complete
  Node type: compute_cascadelake_r
  Reasoning: The compute_cascadelake_r node type matches the user's requirements for CPU cores, RAM, and disk space without needing a GPU. It has the highest reservable count of 56, which maximizes the success rate for lease creation.
✓ AI selected node type: compute_cascadelake_r
  Reasoning: The compute_cascadelake_r node type matches the user's requirements for CPU cores, RAM, and disk space without needing a GPU. It has the highest reservable count of 56, which maximizes the success rate for lease creation.

============================================================
Step 5: Create Hardware Reservation (with fallbacks)
============================================================

→ Trying 16 node types (compute → KVM → others)

[1/16] Attempting: compute_cascadelake_r (56 reservable / 56 total)
✓ AI determined duration: 24 hours
  Reasoning: The requirements specify a relatively low resource demand with no GPU or CUDA requirements, and standard OS and compiler versions. These conditions suggest a typical development or testing environment, which often benefits from a 24-hour lease to accommodate work across different time zones or to allow for iterative testing and development cycles.

Creating lease:
  Name: auto-202602191622-compute_cascadelake_r
  Node Type: compute_cascadelake_r
  Start: 2026-02-19 16:24
  End: 2026-02-20 16:24
  ✗ No capacity available for compute_cascadelake_r
  → Trying next option...

[2/16] Attempting: compute_icelake_r650 (50 reservable / 52 total)
✓ AI determined duration: 24 hours
  Reasoning: The requirements specify a basic setup with minimal CPU, RAM, and disk needs, and no GPU or CUDA requirements. The special requirements for g++ and clang++ are straightforward and do not indicate a specific time constraint. Given the lack of specific time-sensitive tasks or complex configurations, a default lease duration of 24 hours is appropriate to provide flexibility for any unforeseen needs.

Creating lease:
  Name: auto-202602191622-compute_icelake_r650
  Node Type: compute_icelake_r650
  Start: 2026-02-19 16:25
  End: 2026-02-20 16:25

✓ Lease created: 28d3bd2a-d62d-4f8b-9a19-8e7dc6d68750

Waiting for lease to activate...
  Status: PENDING, waiting...
  Status: PENDING, waiting...
  Status: PENDING, waiting...
  Status: PENDING, waiting...
  Status: PENDING, waiting...
  Status: PENDING, waiting...
  Status: PENDING, waiting...
  Status: PENDING, waiting...
  Status: PENDING, waiting...
  Status: PENDING, waiting...
  Status: PENDING, waiting...
✓ Lease is ACTIVE
✓ Reservation ID: 222fb752-8a89-49c0-8bc3-7d7c7ee1d291
✓ SUCCESS: Lease created with compute_icelake_r650

✓ Final node type: compute_icelake_r650

============================================================
Step 6: Launch Bare Metal Server
============================================================

Launching server:
  Name: auto-server-202602191622
  Image ID: c82b931e-4cf8-4366-9878-1ae941f24348
  Key: my-key
  Network ID: 1a03cf65-8fd6-4fce-94fd-bbaabe68a8e1
  Reservation ID: 222fb752-8a89-49c0-8bc3-7d7c7ee1d291

✓ Server creation initiated: 7a3da907-f1f1-4ef9-82b8-683d16383f62

Waiting for server to become ACTIVE...
(This may take 10-30 minutes for bare metal)
  Status: BUILD
  Status: ACTIVE

✓ Server is ACTIVE

============================================================
Step 7: Assign Floating IP
============================================================
Creating new floating IP...
✓ Using floating IP: 129.114.109.190
✓ Floating IP attached

============================================================
✓ Provisioning Complete!
============================================================
Provisioning Type: Bare Metal (Blazar)
Server Name: auto-server-202602191622
Server ID: 7a3da907-f1f1-4ef9-82b8-683d16383f62
Lease ID: 28d3bd2a-d62d-4f8b-9a19-8e7dc6d68750
Reservation ID: 222fb752-8a89-49c0-8bc3-7d7c7ee1d291
Image: CC-Ubuntu22.04-CUDA
Node Type: compute_icelake_r650
Floating IP: 129.114.109.190

SSH Connection:
  ssh ubuntu@129.114.109.190

✓ Info saved to: auto-server-202602191622_info.json
End:     2026-02-19T16:34:48Z (exit=0, duration=740s)
