Command: python 2.0/src/provision_v2.py --repo "https://github.com/rahulvigneswaran/Lottery-Ticket-Hypothesis-in-Pytorch" --site tacc
Start:   2026-01-15T19:35:19Z
Traceback (most recent call last):
  File "2.0/src/provision_v2.py", line 299, in create_lease_with_ai
    lease = blazar.lease.create(
  File "/home/cc/EnvAgent-plus/venv/lib/python3.8/site-packages/blazarclient/v1/leases.py", line 32, in create
    resp, body = self.request_manager.post('/leases', body=values)
  File "/home/cc/EnvAgent-plus/venv/lib/python3.8/site-packages/keystoneauth1/adapter.py", line 399, in post
    return self.request(url, 'POST', **kwargs)
  File "/home/cc/EnvAgent-plus/venv/lib/python3.8/site-packages/blazarclient/base.py", line 135, in request
    raise exception.BlazarClientException(msg, code=resp.status_code)
blazarclient.exception.BlazarClientException: ERROR: Not enough resources available with query {'resource_type': 'physical:host', 'min': 1, 'max': 1, 'hypervisor_properties': '', 'resource_properties': '["=", "$node_type", "gpu_k80"]', 'start_date': datetime.datetime(2026, 1, 15, 19, 37), 'end_date': datetime.datetime(2026, 1, 17, 19, 37), 'project_id': '5b86b66c9be14a228da46d3ab15ef166', 'count_range': '1-1', 'before_end': 'default', 'on_start': 'default'}

During handling of the above exception, another exception occurred:

Traceback (most recent call last):
  File "2.0/src/provision_v2.py", line 582, in main
    lease_id, reservation_id = create_lease_with_ai(
  File "2.0/src/provision_v2.py", line 346, in create_lease_with_ai
    raise Exception(f"Lease creation failed: {str(e)}")
Exception: Lease creation failed: ERROR: Not enough resources available with query {'resource_type': 'physical:host', 'min': 1, 'max': 1, 'hypervisor_properties': '', 'resource_properties': '["=", "$node_type", "gpu_k80"]', 'start_date': datetime.datetime(2026, 1, 15, 19, 37), 'end_date': datetime.datetime(2026, 1, 17, 19, 37), 'project_id': '5b86b66c9be14a228da46d3ab15ef166', 'count_range': '1-1', 'before_end': 'default', 'on_start': 'default'}

============================================================
Automated Hardware Provisioning Tool v2.0
============================================================
✓ Configuration loaded
✓ AI client initialized
✓ OpenStack connection established

============================================================
Step 1: Repository Analysis
============================================================
✓ Repository cloned to: /tmp/Lottery-Ticket-Hypothesis-in-Pytorch

✓ Repository requirements analysis complete:
  CPU: 4 cores
  RAM: 8 GB
  GPU: Required
  GPU Memory: 4 GB
  Disk: 10 GB
  OS: ubuntu 18.04
  CUDA: Required

============================================================
Step 2: Image Selection
============================================================
✓ Found 407 available CC-* images
✓ AI Stage 1: Selected 3 candidates
  Reasoning: The requirements specify an Ubuntu 18.04 OS with CUDA support. The available images that match these criteria are: 'CC-Ubuntu18.04-CUDA' (ID: 6c41a5ae-cf7e-4a22-a39a-36e57fcab446), 'CC-Ubuntu18.04-CUDA11-20211129' (ID: cce6cf65-398c-4d29-8e33-10cde1ec5bf8), and 'CC-Ubuntu18.04-CUDA11-20211025' (ID: 76702117-8f89-489b-8c73-f4d14adffd5e). These images meet the OS version and CUDA support requirements.
⚠ No candidates found, using fallback selection
✓ Fallback image: CC-Ubuntu22.04-CUDA

============================================================
Step 3: SSH Key Management
============================================================
✓ Keypair exists: my-key

============================================================
Step 4: Network Configuration
============================================================
✓ Found network: sharednet1 (ID: 1a03cf65-8fd6-4fce-94fd-bbaabe68a8e1)

============================================================
Discovering Available Resources
============================================================

Discovering resources at tacc site...
✓ Found 310 hosts
✓ Discovered 18 node types: compute_arm64, compute_cascadelake, compute_cascadelake_r, compute_gigaio, compute_haswell_ib, compute_icelake_r650, compute_icelake_r750, compute_liqid, compute_skylake, compute_zen3, gpu_k80, gpu_m40, gpu_mi100, gpu_p100, gpu_p100_nvlink, gpu_p100_v100, storage, storage_hierarchy
✓ Found 18 node types available

✓ AI resource selection complete
  Node type: gpu_k80
  Reasoning: The user requires a GPU with at least 4 GB of memory. Among the available GPU nodes, the 'gpu_k80' node type is suitable as it provides GPU capabilities. Other available GPU models like M40 and P100 are not explicitly listed as available node types, so 'gpu_k80' is the most appropriate choice based on the available resources.
✓ AI selected node type: gpu_k80
  Reasoning: The user requires a GPU with at least 4 GB of memory. Among the available GPU nodes, the 'gpu_k80' node type is suitable as it provides GPU capabilities. Other available GPU models like M40 and P100 are not explicitly listed as available node types, so 'gpu_k80' is the most appropriate choice based on the available resources.

✓ Target node type: gpu_k80

============================================================
Step 5: Create Hardware Reservation
============================================================
✓ AI determined duration: 48 hours
  Reasoning: The requirements include a GPU with CUDA support, which suggests that the tasks might involve machine learning or data processing workloads that can be computationally intensive and time-consuming. Additionally, using an older OS version like Ubuntu 18.04 and Python 3.7 might indicate compatibility with legacy systems or specific software dependencies. Given these factors, a 48-hour lease provides ample time to ensure tasks can be completed without interruption, allowing for any potential setup or troubleshooting time.

Creating lease:
  Name: auto-gpu_k80-202601151935
  Node Type: gpu_k80
  Start: 2026-01-15 19:37
  End: 2026-01-17 19:37


✗ ERROR: Lease creation failed: ERROR: Not enough resources available with query {'resource_type': 'physical:host', 'min': 1, 'max': 1, 'hypervisor_properties': '', 'resource_properties': '["=", "$node_type", "gpu_k80"]', 'start_date': datetime.datetime(2026, 1, 15, 19, 37), 'end_date': datetime.datetime(2026, 1, 17, 19, 37), 'project_id': '5b86b66c9be14a228da46d3ab15ef166', 'count_range': '1-1', 'before_end': 'default', 'on_start': 'default'}
End:     2026-01-15T19:36:00Z (exit=1, duration=41s)
