Command: python 2.0/src/provision_v2.py --repo "https://github.com/EngineeringSoftware/exli" --site tacc
Start:   2026-01-15T20:33:55Z

============================================================
Automated Hardware Provisioning Tool v2.0
============================================================
✓ Configuration loaded
✓ AI client initialized
✓ OpenStack connection established

============================================================
Step 1: Repository Analysis
============================================================
✓ Repository cloned to: /tmp/exli

✓ Repository requirements analysis complete:
  CPU: 2 cores
  RAM: 4 GB
  GPU: Not required
  Disk: 10 GB
  OS: ubuntu 22.04
  CUDA: Not required

============================================================
Step 2: Image Selection
============================================================
✓ Found 407 available CC-* images
✓ AI Stage 1: Selected 5 candidates
  Reasoning: The requirements specify an Ubuntu 22.04 image without CUDA or GPU support. The selected images are all based on Ubuntu 22.04 and do not include CUDA in their naming, indicating they do not have CUDA support. This makes them suitable candidates for the specified requirements.

✓ Final Selection: CC-Ubuntu22.04
  Image ID: 14af624e-2629-4fb5-8ee6-f94ea5bf5195

============================================================
Step 3: SSH Key Management
============================================================
✓ Keypair exists: my-key

============================================================
Step 4: Network Configuration
============================================================
✓ Found network: sharednet1 (ID: 1a03cf65-8fd6-4fce-94fd-bbaabe68a8e1)

============================================================
Discovering Available Resources
============================================================

Discovering resources at tacc site...
✓ Found 310 hosts
✓ Discovered 18 node types: compute_arm64, compute_cascadelake, compute_cascadelake_r, compute_gigaio, compute_haswell_ib, compute_icelake_r650, compute_icelake_r750, compute_liqid, compute_skylake, compute_zen3, gpu_k80, gpu_m40, gpu_mi100, gpu_p100, gpu_p100_nvlink, gpu_p100_v100, storage, storage_hierarchy
✓ Found 18 node types available

✓ AI resource selection complete
  Node type: compute_cascadelake
  Reasoning: The user requires a node with 2 CPU cores, 4 GB RAM, and 10 GB disk space without a GPU. Among the available compute nodes, 'compute_cascadelake' is a suitable choice as it is a general-purpose compute node that can meet the CPU and RAM requirements. GPU nodes are not necessary since the user does not require a GPU.
✓ AI selected node type: compute_cascadelake
  Reasoning: The user requires a node with 2 CPU cores, 4 GB RAM, and 10 GB disk space without a GPU. Among the available compute nodes, 'compute_cascadelake' is a suitable choice as it is a general-purpose compute node that can meet the CPU and RAM requirements. GPU nodes are not necessary since the user does not require a GPU.

✓ Target node type: compute_cascadelake

============================================================
Step 5: Create Hardware Reservation
============================================================
✓ AI determined duration: 48 hours
  Reasoning: The requirements suggest a development or testing environment, possibly for software development or automated testing given the need for Docker, Java, JUnit, Maven, and Firefox with Geckodriver. These activities can often take longer than a single day due to the need for setup, testing, and iteration. A 48-hour lease provides a reasonable buffer for these tasks without requiring frequent renewal.

Creating lease:
  Name: auto-compute_cascadelake-202601152034
  Node Type: compute_cascadelake
  Start: 2026-01-15 20:36
  End: 2026-01-17 20:36

✓ Lease created: 45fe9091-7354-4135-8e92-76d41ac6add6

Waiting for lease to activate...
  Status: PENDING, waiting...
  Status: PENDING, waiting...
  Status: PENDING, waiting...
  Status: PENDING, waiting...
  Status: PENDING, waiting...
  Status: PENDING, waiting...
  Status: PENDING, waiting...
  Status: PENDING, waiting...
✓ Lease is ACTIVE
✓ Reservation ID: ea806904-8ebe-4c91-9ae1-228336bf4a09

============================================================
Step 6: Launch Bare Metal Server
============================================================

Launching server:
  Name: auto-server-202601152036
  Image ID: 14af624e-2629-4fb5-8ee6-f94ea5bf5195
  Key: my-key
  Network ID: 1a03cf65-8fd6-4fce-94fd-bbaabe68a8e1
  Reservation ID: ea806904-8ebe-4c91-9ae1-228336bf4a09

✓ Server creation initiated: 4f0bd756-e3be-492a-9e80-f12e196e05ca

Waiting for server to become ACTIVE...
(This may take 10-30 minutes for bare metal)
  Status: BUILD
  Status: ACTIVE

✓ Server is ACTIVE

============================================================
Step 7: Assign Floating IP
============================================================
Creating new floating IP...
✓ Using floating IP: 129.114.108.23
✓ Floating IP attached

============================================================
✓ Provisioning Complete!
============================================================
Server Name: auto-server-202601152036
Server ID: 4f0bd756-e3be-492a-9e80-f12e196e05ca
Lease ID: 45fe9091-7354-4135-8e92-76d41ac6add6
Reservation ID: ea806904-8ebe-4c91-9ae1-228336bf4a09
Image: CC-Ubuntu22.04
Node Type: compute_cascadelake
Floating IP: 129.114.108.23

SSH Connection:
  ssh ubuntu@129.114.108.23

✓ Info saved to: auto-server-202601152036_info.json
End:     2026-01-15T20:42:50Z (exit=0, duration=535s)
