Command: python 2.0/src/provision_v2.py --repo "https://github.com/yrcong/RelTR" --site tacc
Start:   2026-02-19T02:33:10Z

============================================================
Automated Hardware Provisioning Tool v2.0
============================================================
✓ Configuration loaded
✓ AI client initialized
✓ OpenStack connection established

============================================================
Step 1: Repository Analysis
============================================================
✓ Repository cloned to: /tmp/RelTR

✓ Repository requirements analysis complete:
  CPU: 8 cores
  RAM: 16 GB
  GPU: Required
  GPU Memory: 8 GB
  Disk: 50 GB
  OS: ubuntu 20.04
  CUDA: Required

============================================================
Step 2: Image Selection
============================================================
✓ Found 407 available CC-* images
✓ AI Stage 1: Selected 5 candidates
  Reasoning: The requirement specifies Ubuntu 20.04 with CUDA support. The images that match these criteria are those with 'CC-Ubuntu20.04-CUDA' in their names. The selected images are the most recent versions available, ensuring they have the latest updates and improvements. These images are: 'CC-Ubuntu20.04-CUDA' (ID: 91d8e584-bc97-4e81-a1e5-cf858ac3afd7), 'CC-Ubuntu20.04-CUDA11' (ID: a5ed16a4-16fb-4b63-8e62-ad5989bec58a), 'CC-Ubuntu20.04-CUDA-20241101' (ID: a8fddebf-0e01-47f1-ae35-cc7b1dd99ccc), 'CC-Ubuntu20.04-CUDA-20241028' (ID: 714e046e-2d0a-4306-b1e3-2a0a99eb4d36), and 'CC-Ubuntu20.04-CUDA-20241022' (ID: 5b9fcdd3-739b-4f83-9c9f-fc03c4926120).
⚠ No candidates found, using fallback selection
✓ Fallback image: CC-Ubuntu22.04-CUDA

============================================================
Step 3: SSH Key Management
============================================================
✓ Keypair exists: my-key

============================================================
Step 4: Network Configuration
============================================================
✓ Found network: sharednet1 (ID: 1a03cf65-8fd6-4fce-94fd-bbaabe68a8e1)

============================================================
Discovering Available Resources
============================================================

Discovering resources at tacc site...
✓ Found 310 hosts
✓ Discovered 18 node types (ranked by availability & fit):
    compute_cascadelake_r: 56 reservable / 56 total | fit_score: 1.0
    compute_icelake_r650: 50 reservable / 52 total | fit_score: 1.0
    compute_zen3: 32 reservable / 32 total | fit_score: 1.0
    compute_skylake: 29 reservable / 32 total | fit_score: 1.0
    compute_cascadelake: 24 reservable / 24 total | fit_score: 1.0
    compute_icelake_r750: 18 reservable / 20 total | fit_score: 1.0
    compute_haswell_ib: 17 reservable / 17 total | fit_score: 1.0
    gpu_p100: 15 reservable / 15 total | fit_score: 2.0
    storage: 13 reservable / 21 total | fit_score: 0.2
    gpu_mi100: 8 reservable / 8 total | fit_score: 2.0
    compute_arm64: 8 reservable / 8 total | fit_score: 1.0
    compute_liqid: 8 reservable / 8 total | fit_score: 1.0
    compute_gigaio: 6 reservable / 6 total | fit_score: 1.0
    gpu_p100_nvlink: 4 reservable / 4 total | fit_score: 2.0
    gpu_k80: 2 reservable / 2 total | fit_score: 2.0
    gpu_m40: 2 reservable / 2 total | fit_score: 2.0
    storage_hierarchy: 2 reservable / 2 total | fit_score: 0.2
    gpu_p100_v100: 1 reservable / 1 total | fit_score: 2.0
✓ Found 18 node types available

✓ AI resource selection complete
  Node type: gpu_p100
  Reasoning: The gpu_p100 node type matches the user's requirement for a GPU with adequate memory and has the highest reservable count among GPU nodes, ensuring higher availability and a better success rate for lease creation.
✓ AI selected node type: gpu_p100
  Reasoning: The gpu_p100 node type matches the user's requirement for a GPU with adequate memory and has the highest reservable count among GPU nodes, ensuring higher availability and a better success rate for lease creation.

============================================================
Step 5: Create Hardware Reservation (with fallbacks)
============================================================

→ GPU required: Tiered fallback strategy:
   Tier 1 (GPU): 6 types
   Tier 2 (Compute): 10 types
   Tier 3 (KVM/VM): 0 types
   Total: 16 attempts

[1/16] Attempting: gpu_p100 [GPU (Tier 1)] (15 reservable / 15 total)
✓ AI determined duration: 72 hours
  Reasoning: The requirements suggest a setup for a machine learning or deep learning task, which typically involves significant computational work. The need for a GPU with CUDA support, along with specific versions of PyTorch and other libraries, indicates that this setup is likely for training or testing models, which can take several days depending on the complexity of the task and dataset size. A 72-hour lease provides ample time for such tasks, allowing for model training, evaluation, and potential troubleshooting without needing frequent renewals.

Creating lease:
  Name: auto-202602190233-gpu_p100
  Node Type: gpu_p100
  Start: 2026-02-19 02:35
  End: 2026-02-22 02:35
  ✗ No capacity available for gpu_p100
  → Trying next option...

[2/16] Attempting: gpu_mi100 [GPU (Tier 1)] (8 reservable / 8 total)
✓ AI determined duration: 48 hours
  Reasoning: The requirements indicate a setup for machine learning or deep learning tasks, given the need for a GPU, CUDA, and PyTorch. Such tasks often involve training models, which can be time-consuming depending on the dataset and model complexity. The specific versions of PyTorch and CUDA suggest compatibility constraints that might require additional setup time. Therefore, a 48-hour lease provides a buffer to accommodate these factors, ensuring sufficient time for setup, execution, and any necessary troubleshooting.

Creating lease:
  Name: auto-202602190233-gpu_mi100
  Node Type: gpu_mi100
  Start: 2026-02-19 02:35
  End: 2026-02-21 02:35

✓ Lease created: a10b9452-dc47-4dd8-bb7f-9646de4817a1

Waiting for lease to activate...
  Status: PENDING, waiting...
  Status: PENDING, waiting...
  Status: PENDING, waiting...
  Status: PENDING, waiting...
  Status: PENDING, waiting...
  Status: PENDING, waiting...
  Status: PENDING, waiting...
  Status: STARTING, waiting...
✓ Lease is ACTIVE
✓ Reservation ID: 6b78e9f7-b25e-4eea-949b-9ab6a96ae1e1
✓ SUCCESS: Lease created with gpu_mi100

✓ Final node type: gpu_mi100

============================================================
Step 6: Launch Bare Metal Server
============================================================

Launching server:
  Name: auto-server-202602190233
  Image ID: c82b931e-4cf8-4366-9878-1ae941f24348
  Key: my-key
  Network ID: 1a03cf65-8fd6-4fce-94fd-bbaabe68a8e1
  Reservation ID: 6b78e9f7-b25e-4eea-949b-9ab6a96ae1e1

✓ Server creation initiated: dc44eb50-e054-44bf-8d48-1add4fc67a69

Waiting for server to become ACTIVE...
(This may take 10-30 minutes for bare metal)
  Status: BUILD
  Status: ACTIVE

✓ Server is ACTIVE

============================================================
Step 7: Assign Floating IP
============================================================
Creating new floating IP...
✓ Using floating IP: 129.114.108.211
✓ Floating IP attached

============================================================
✓ Provisioning Complete!
============================================================
Provisioning Type: Bare Metal (Blazar)
Server Name: auto-server-202602190233
Server ID: dc44eb50-e054-44bf-8d48-1add4fc67a69
Lease ID: a10b9452-dc47-4dd8-bb7f-9646de4817a1
Reservation ID: 6b78e9f7-b25e-4eea-949b-9ab6a96ae1e1
Image: CC-Ubuntu22.04-CUDA
Node Type: gpu_mi100
Floating IP: 129.114.108.211

SSH Connection:
  ssh ubuntu@129.114.108.211

✓ Info saved to: auto-server-202602190233_info.json
End:     2026-02-19T02:45:59Z (exit=0, duration=769s)
