Command: python 2.0/src/provision_v2.py --repo "https://github.com/yhirose/cpp-httplib" --site tacc
Start:   2026-02-19T16:34:54Z

============================================================
Automated Hardware Provisioning Tool v2.0
============================================================
✓ Configuration loaded
✓ AI client initialized
✓ OpenStack connection established

============================================================
Step 1: Repository Analysis
============================================================
✓ Repository cloned to: /tmp/cpp-httplib

✓ Repository requirements analysis complete:
  CPU: 1 cores
  RAM: 1 GB
  GPU: Not required
  Disk: 1 GB
  OS: ubuntu None
  CUDA: Not required

============================================================
Step 2: Image Selection
============================================================
✓ Found 407 available CC-* images
✓ AI Stage 1: Selected 5 candidates
  Reasoning: The requirements specify an Ubuntu OS with no specific version requirement, and no need for CUDA or GPU support. Therefore, the best candidates are images that are Ubuntu-based without CUDA. The selected images are: CC-Ubuntu24.04 (ID: 1b993456-987a-421b-afbf-29aa618565da), CC-Ubuntu22.04 (ID: 14af624e-2629-4fb5-8ee6-f94ea5bf5195), CC-Ubuntu20.04 (ID: 819473ad-b46c-48db-a2f6-53dead8204b0), CC-Ubuntu24.04_2025-05-05 19:32:07.856003 (ID: 585e8ebf-635f-4f40-9b18-6517d0620e41), and CC-Ubuntu22.04_2025-05-05 19:32:07.845188 (ID: fea16673-a005-43ef-a74d-dafec5150556). These images meet the criteria of being Ubuntu-based without CUDA support.
⚠ No candidates found, using fallback selection
✓ Fallback image: CC-Ubuntu22.04-CUDA

============================================================
Step 3: SSH Key Management
============================================================
✓ Keypair exists: my-key

============================================================
Step 4: Network Configuration
============================================================
✓ Found network: sharednet1 (ID: 1a03cf65-8fd6-4fce-94fd-bbaabe68a8e1)

============================================================
Discovering Available Resources
============================================================

Discovering resources at tacc site...
✓ Found 310 hosts
✓ Discovered 18 node types (ranked by availability & fit):
    compute_cascadelake_r: 56 reservable / 56 total | fit_score: 1.0
    compute_icelake_r650: 50 reservable / 52 total | fit_score: 1.0
    compute_zen3: 32 reservable / 32 total | fit_score: 1.0
    compute_skylake: 29 reservable / 32 total | fit_score: 1.0
    compute_cascadelake: 24 reservable / 24 total | fit_score: 1.0
    compute_icelake_r750: 18 reservable / 20 total | fit_score: 1.0
    compute_haswell_ib: 17 reservable / 17 total | fit_score: 1.0
    gpu_p100: 15 reservable / 15 total | fit_score: 0.3
    storage: 13 reservable / 21 total | fit_score: 0.2
    compute_arm64: 8 reservable / 8 total | fit_score: 1.0
    compute_liqid: 8 reservable / 8 total | fit_score: 1.0
    gpu_mi100: 8 reservable / 8 total | fit_score: 0.3
    compute_gigaio: 6 reservable / 6 total | fit_score: 1.0
    gpu_p100_nvlink: 4 reservable / 4 total | fit_score: 0.3
    gpu_k80: 2 reservable / 2 total | fit_score: 0.3
    gpu_m40: 2 reservable / 2 total | fit_score: 0.3
    storage_hierarchy: 2 reservable / 2 total | fit_score: 0.2
    gpu_p100_v100: 1 reservable / 1 total | fit_score: 0.3
✓ Found 18 node types available

✓ AI resource selection complete
  Node type: compute_cascadelake_r
  Reasoning: The compute_cascadelake_r node type has the highest reservable count of 56, which maximizes the success rate for lease creation. It meets the user's requirements for CPU cores, RAM, and disk without needing a GPU.
✓ AI selected node type: compute_cascadelake_r
  Reasoning: The compute_cascadelake_r node type has the highest reservable count of 56, which maximizes the success rate for lease creation. It meets the user's requirements for CPU cores, RAM, and disk without needing a GPU.

============================================================
Step 5: Create Hardware Reservation (with fallbacks)
============================================================

→ Trying 16 node types (compute → KVM → others)

[1/16] Attempting: compute_cascadelake_r (56 reservable / 56 total)
✓ AI determined duration: 48 hours
  Reasoning: The requirements specify a need for OpenSSL 3.0 or later, C++11 support, and static linking support, which may involve additional setup and testing time to ensure compatibility and proper configuration. These tasks could be complex and time-consuming, especially if the user needs to compile software or resolve dependencies. Therefore, a lease duration of 48 hours is recommended to provide ample time for setup, testing, and any troubleshooting that may arise.

Creating lease:
  Name: auto-202602191635-compute_cascadelake_r
  Node Type: compute_cascadelake_r
  Start: 2026-02-19 16:37
  End: 2026-02-21 16:37
  ✗ No capacity available for compute_cascadelake_r
  → Trying next option...

[2/16] Attempting: compute_icelake_r650 (50 reservable / 52 total)
✓ AI determined duration: 48 hours
  Reasoning: The requirements indicate a need for a basic setup with specific software dependencies such as OpenSSL 3.0, C++11 support, and static linking. These requirements suggest a development or testing environment, which typically requires more time to configure and validate. A 48-hour lease provides ample time for setup, testing, and any necessary adjustments.

Creating lease:
  Name: auto-202602191635-compute_icelake_r650
  Node Type: compute_icelake_r650
  Start: 2026-02-19 16:37
  End: 2026-02-21 16:37

✓ Lease created: 3cf9fff7-7970-4b21-a04c-6764ab2f60a4

Waiting for lease to activate...
  Status: PENDING, waiting...
  Status: PENDING, waiting...
  Status: PENDING, waiting...
  Status: PENDING, waiting...
  Status: PENDING, waiting...
  Status: PENDING, waiting...
  Status: PENDING, waiting...
  Status: PENDING, waiting...
  Status: STARTING, waiting...
✓ Lease is ACTIVE
✓ Reservation ID: 01e7145c-383e-476b-96a0-d1ff0b55ddae
✓ SUCCESS: Lease created with compute_icelake_r650

✓ Final node type: compute_icelake_r650

============================================================
Step 6: Launch Bare Metal Server
============================================================

Launching server:
  Name: auto-server-202602191635
  Image ID: c82b931e-4cf8-4366-9878-1ae941f24348
  Key: my-key
  Network ID: 1a03cf65-8fd6-4fce-94fd-bbaabe68a8e1
  Reservation ID: 01e7145c-383e-476b-96a0-d1ff0b55ddae

✓ Server creation initiated: 52fc3e4f-8688-4612-8c1e-200d9a041e0f

Waiting for server to become ACTIVE...
(This may take 10-30 minutes for bare metal)
  Status: BUILD
  Status: ACTIVE

✓ Server is ACTIVE

============================================================
Step 7: Assign Floating IP
============================================================
Creating new floating IP...
✓ Using floating IP: 129.114.109.128
✓ Floating IP attached

============================================================
✓ Provisioning Complete!
============================================================
Provisioning Type: Bare Metal (Blazar)
Server Name: auto-server-202602191635
Server ID: 52fc3e4f-8688-4612-8c1e-200d9a041e0f
Lease ID: 3cf9fff7-7970-4b21-a04c-6764ab2f60a4
Reservation ID: 01e7145c-383e-476b-96a0-d1ff0b55ddae
Image: CC-Ubuntu22.04-CUDA
Node Type: compute_icelake_r650
Floating IP: 129.114.109.128

SSH Connection:
  ssh ubuntu@129.114.109.128

✓ Info saved to: auto-server-202602191635_info.json
End:     2026-02-19T16:46:56Z (exit=0, duration=722s)
