Command: python 2.0/src/provision_v2.py --repo "https://github.com/ponylang/ponyc" --site tacc
Start:   2026-02-19T15:35:18Z

============================================================
Automated Hardware Provisioning Tool v2.0
============================================================
✓ Configuration loaded
✓ AI client initialized
✓ OpenStack connection established

============================================================
Step 1: Repository Analysis
============================================================
✓ Repository cloned to: /tmp/ponyc

✓ Repository requirements analysis complete:
  CPU: 2 cores
  RAM: 4 GB
  GPU: Not required
  Disk: 10 GB
  OS: linux None
  CUDA: Not required

============================================================
Step 2: Image Selection
============================================================
✓ Found 407 available CC-* images
✓ AI Stage 1: Selected 5 candidates
  Reasoning: The requirements specify a Linux OS with no specific version or CUDA support needed. Therefore, images without CUDA are preferred. The selected candidates are recent versions of Ubuntu and CentOS without CUDA support, ensuring compatibility and up-to-date security patches. These images include different Ubuntu versions (20.04, 22.04, 24.04) and CentOS 9 Stream, providing a range of options for different use cases.
⚠ No candidates found, using fallback selection
✓ Fallback image: CC-Ubuntu22.04-CUDA

============================================================
Step 3: SSH Key Management
============================================================
✓ Keypair exists: my-key

============================================================
Step 4: Network Configuration
============================================================
✓ Found network: sharednet1 (ID: 1a03cf65-8fd6-4fce-94fd-bbaabe68a8e1)

============================================================
Discovering Available Resources
============================================================

Discovering resources at tacc site...
✓ Found 310 hosts
✓ Discovered 18 node types (ranked by availability & fit):
    compute_cascadelake_r: 56 reservable / 56 total | fit_score: 1.0
    compute_icelake_r650: 50 reservable / 52 total | fit_score: 1.0
    compute_zen3: 32 reservable / 32 total | fit_score: 1.0
    compute_skylake: 29 reservable / 32 total | fit_score: 1.0
    compute_cascadelake: 24 reservable / 24 total | fit_score: 1.0
    compute_icelake_r750: 18 reservable / 20 total | fit_score: 1.0
    compute_haswell_ib: 17 reservable / 17 total | fit_score: 1.0
    gpu_p100: 15 reservable / 15 total | fit_score: 0.3
    storage: 13 reservable / 21 total | fit_score: 0.2
    compute_arm64: 8 reservable / 8 total | fit_score: 1.0
    compute_liqid: 8 reservable / 8 total | fit_score: 1.0
    gpu_mi100: 8 reservable / 8 total | fit_score: 0.3
    compute_gigaio: 6 reservable / 6 total | fit_score: 1.0
    gpu_p100_nvlink: 4 reservable / 4 total | fit_score: 0.3
    gpu_k80: 2 reservable / 2 total | fit_score: 0.3
    gpu_m40: 2 reservable / 2 total | fit_score: 0.3
    storage_hierarchy: 2 reservable / 2 total | fit_score: 0.2
    gpu_p100_v100: 1 reservable / 1 total | fit_score: 0.3
✓ Found 18 node types available

✓ AI resource selection complete
  Node type: compute_cascadelake_r
  Reasoning: The compute_cascadelake_r node type has the highest reservable count of 56 among the available compute nodes that match the user's requirements for CPU, RAM, and disk without needing a GPU. This ensures the highest availability and success rate for lease creation.
✓ AI selected node type: compute_cascadelake_r
  Reasoning: The compute_cascadelake_r node type has the highest reservable count of 56 among the available compute nodes that match the user's requirements for CPU, RAM, and disk without needing a GPU. This ensures the highest availability and success rate for lease creation.

============================================================
Step 5: Create Hardware Reservation (with fallbacks)
============================================================

→ Trying 16 node types (compute → KVM → others)

[1/16] Attempting: compute_cascadelake_r (56 reservable / 56 total)
✓ AI determined duration: 48 hours
  Reasoning: The requirements indicate a need for a versatile environment that supports multiple CPU architectures (x86, ARM, and RISC-V). This suggests that the user may be conducting compatibility testing or development work that could take longer than typical computational tasks. Given the potential complexity and need for thorough testing across different architectures, a lease duration of 48 hours is appropriate to ensure sufficient time for setup, testing, and any necessary adjustments.

Creating lease:
  Name: auto-202602191535-compute_cascadelake_r
  Node Type: compute_cascadelake_r
  Start: 2026-02-19 15:37
  End: 2026-02-21 15:37
  ✗ No capacity available for compute_cascadelake_r
  → Trying next option...

[2/16] Attempting: compute_icelake_r650 (50 reservable / 52 total)
✓ AI determined duration: 48 hours
  Reasoning: The requirements specify support for multiple CPU architectures (x86, ARM, and RISC-V), which may require additional time to set up and test across different platforms. The absence of GPU and CUDA requirements simplifies the setup, but the need to ensure compatibility across architectures suggests a longer duration to accommodate potential configuration and testing needs. Therefore, a 48-hour lease is recommended to provide sufficient time for these tasks.

Creating lease:
  Name: auto-202602191535-compute_icelake_r650
  Node Type: compute_icelake_r650
  Start: 2026-02-19 15:37
  End: 2026-02-21 15:37

✓ Lease created: 25969ef2-93ce-49e7-ab83-fd6c74740008

Waiting for lease to activate...
  Status: PENDING, waiting...
  Status: PENDING, waiting...
  Status: PENDING, waiting...
  Status: PENDING, waiting...
  Status: PENDING, waiting...
  Status: PENDING, waiting...
  Status: STARTING, waiting...
✓ Lease is ACTIVE
✓ Reservation ID: 592d2040-467a-44de-bae4-aa62de9d43b2
✓ SUCCESS: Lease created with compute_icelake_r650

✓ Final node type: compute_icelake_r650

============================================================
Step 6: Launch Bare Metal Server
============================================================

Launching server:
  Name: auto-server-202602191535
  Image ID: c82b931e-4cf8-4366-9878-1ae941f24348
  Key: my-key
  Network ID: 1a03cf65-8fd6-4fce-94fd-bbaabe68a8e1
  Reservation ID: 592d2040-467a-44de-bae4-aa62de9d43b2

✓ Server creation initiated: 7d0ee6ef-ab01-4b70-833a-1449bfc4a7e1

Waiting for server to become ACTIVE...
(This may take 10-30 minutes for bare metal)
  Status: BUILD
  Status: ACTIVE

✓ Server is ACTIVE

============================================================
Step 7: Assign Floating IP
============================================================
Creating new floating IP...
✓ Using floating IP: 129.114.109.77
✓ Floating IP attached

============================================================
✓ Provisioning Complete!
============================================================
Provisioning Type: Bare Metal (Blazar)
Server Name: auto-server-202602191535
Server ID: 7d0ee6ef-ab01-4b70-833a-1449bfc4a7e1
Lease ID: 25969ef2-93ce-49e7-ab83-fd6c74740008
Reservation ID: 592d2040-467a-44de-bae4-aa62de9d43b2
Image: CC-Ubuntu22.04-CUDA
Node Type: compute_icelake_r650
Floating IP: 129.114.109.77

SSH Connection:
  ssh ubuntu@129.114.109.77

✓ Info saved to: auto-server-202602191535_info.json
End:     2026-02-19T15:46:23Z (exit=0, duration=665s)
