Command: python 2.0/src/provision_v2.py --repo "https://github.com/vuejs/core" --site tacc
Start:   2026-04-16T14:44:28Z

============================================================
Automated Hardware Provisioning Tool v2.0
============================================================
✓ Configuration loaded
✓ AI client initialized
✓ OpenStack connection established

============================================================
Step 1: Repository Analysis
============================================================
✓ Repository cloned to: /tmp/core

✓ Repository requirements analysis complete:
  CPU: 2 cores
  RAM: 4 GB
  GPU: Not required
  Disk: 10 GB
  OS: ubuntu 20.04
  CUDA: Not required

============================================================
Step 2: Image Selection
============================================================
✓ Found 415 available CC-* images
✓ AI Stage 1: Selected 3 candidates
  Reasoning: The requirements specify Ubuntu 20.04 without CUDA or GPU support. The selected images are CC-Ubuntu20.04, which matches the OS type and version requirements. These images do not have CUDA in their naming, indicating they do not include CUDA support, which aligns with the requirement of CUDA being false.
⚠ No candidates found, using fallback selection
✓ Fallback image: CC-Ubuntu22.04-CUDA

============================================================
Step 3: SSH Key Management
============================================================
✓ Keypair exists: my-key

============================================================
Step 4: Network Configuration
============================================================
✓ Found network: sharednet1 (ID: 1a03cf65-8fd6-4fce-94fd-bbaabe68a8e1)

============================================================
Discovering Available Resources
============================================================

Discovering resources at tacc site...
✓ Found 312 hosts
✓ Discovered 19 node types (ranked by availability & fit):
    compute_cascadelake_r: 55 reservable / 56 total | fit_score: 1.0
    compute_icelake_r650: 50 reservable / 52 total | fit_score: 1.0
    compute_zen3: 32 reservable / 32 total | fit_score: 1.0
    compute_skylake: 26 reservable / 32 total | fit_score: 1.0
    compute_cascadelake: 24 reservable / 24 total | fit_score: 1.0
    compute_icelake_r750: 17 reservable / 20 total | fit_score: 1.0
    compute_haswell_ib: 17 reservable / 17 total | fit_score: 1.0
    gpu_p100: 15 reservable / 15 total | fit_score: 0.3
    storage: 13 reservable / 21 total | fit_score: 0.2
    compute_arm64: 8 reservable / 8 total | fit_score: 1.0
    compute_liqid: 8 reservable / 8 total | fit_score: 1.0
    gpu_mi100: 8 reservable / 8 total | fit_score: 0.3
    compute_gigaio: 6 reservable / 6 total | fit_score: 1.0
    gpu_p100_nvlink: 3 reservable / 4 total | fit_score: 0.3
    gpu_h100: 2 reservable / 2 total | fit_score: 0.3
    gpu_k80: 2 reservable / 2 total | fit_score: 0.3
    gpu_m40: 2 reservable / 2 total | fit_score: 0.3
    storage_hierarchy: 1 reservable / 2 total | fit_score: 0.2
    gpu_p100_v100: 1 reservable / 1 total | fit_score: 0.3
✓ Found 19 node types available

✓ AI resource selection complete
  Node type: compute_cascadelake_r
  Reasoning: The 'compute_cascadelake_r' node type has the highest reservable count of 55, which maximizes the success rate for lease creation. It meets the user's requirements for CPU cores, RAM, and disk space without requiring a GPU.
✓ AI selected node type: compute_cascadelake_r
  Reasoning: The 'compute_cascadelake_r' node type has the highest reservable count of 55, which maximizes the success rate for lease creation. It meets the user's requirements for CPU cores, RAM, and disk space without requiring a GPU.

============================================================
Step 5: Create Hardware Reservation (with fallbacks)
============================================================

→ Trying 17 node types (compute → KVM → others)

[1/17] Attempting: compute_cascadelake_r (55 reservable / 56 total)
✓ AI determined duration: 48 hours
  Reasoning: The requirements indicate a development environment setup with Node.js and pnpm, which suggests a potential need for testing or development work. Given the typical duration for such tasks, a 48-hour lease provides ample time for setup, testing, and any necessary iterations without the need for immediate renewal.

Creating lease:
  Name: auto-202604161445-compute_cascadelake_r
  Node Type: compute_cascadelake_r
  Start: 2026-04-16 14:47
  End: 2026-04-18 14:47

✓ Lease created: f5827362-4e7c-4c21-9a3b-fc129817e287

Waiting for lease to activate...
  Status: PENDING, waiting...
  Status: PENDING, waiting...
  Status: PENDING, waiting...
  Status: PENDING, waiting...
  Status: PENDING, waiting...
  Status: PENDING, waiting...
  Status: PENDING, waiting...
  Status: PENDING, waiting...
✓ Lease is ACTIVE
✓ Reservation ID: 1357fb0d-f5a7-4192-b967-b4757edbc75a
✓ SUCCESS: Lease created with compute_cascadelake_r

✓ Final node type: compute_cascadelake_r

============================================================
Step 6: Launch Bare Metal Server
============================================================

Launching server:
  Name: auto-server-202604161445
  Image ID: 07263122-bade-4d24-a776-46f4f1c2e26a
  Key: my-key
  Network ID: 1a03cf65-8fd6-4fce-94fd-bbaabe68a8e1
  Reservation ID: 1357fb0d-f5a7-4192-b967-b4757edbc75a

✓ Server creation initiated: 95c69ae3-f0b2-4f37-9913-975980e1aef1

Waiting for server to become ACTIVE...
(This may take 10-30 minutes for bare metal)
  Status: BUILD
  Status: ACTIVE

✓ Server is ACTIVE

============================================================
Step 7: Assign Floating IP
============================================================
Creating new floating IP...
✓ Using floating IP: 129.114.109.140
✓ Floating IP attached

============================================================
✓ Provisioning Complete!
============================================================
Provisioning Type: Bare Metal (Blazar)
Server Name: auto-server-202604161445
Server ID: 95c69ae3-f0b2-4f37-9913-975980e1aef1
Lease ID: f5827362-4e7c-4c21-9a3b-fc129817e287
Reservation ID: 1357fb0d-f5a7-4192-b967-b4757edbc75a
Image: CC-Ubuntu22.04-CUDA
Node Type: compute_cascadelake_r
Floating IP: 129.114.109.140

SSH Connection:
  ssh ubuntu@129.114.109.140

✓ Info saved to: auto-server-202604161445_info.json
End:     2026-04-16T14:56:18Z (exit=0, duration=710s)
