Command: python 2.0/src/provision_v2.py --repo "https://github.com/sbu-fsl/Metis" --site tacc
Start:   2026-02-19T15:01:12Z

============================================================
Automated Hardware Provisioning Tool v2.0
============================================================
✓ Configuration loaded
✓ AI client initialized
✓ OpenStack connection established

============================================================
Step 1: Repository Analysis
============================================================
✓ Repository cloned to: /tmp/Metis

✓ Repository requirements analysis complete:
  CPU: 4 cores
  RAM: 8 GB
  GPU: Not required
  Disk: 50 GB
  OS: ubuntu 22.04
  CUDA: Not required

============================================================
Step 2: Image Selection
============================================================
✓ Found 407 available CC-* images
✓ AI Stage 1: Selected 5 candidates
  Reasoning: The requirements specify an Ubuntu OS with version 22.04, without the need for CUDA or GPU support. The selected images are all based on Ubuntu 22.04 and do not include CUDA in their naming, indicating they do not have CUDA support, which aligns with the requirement that CUDA is not needed. These images are also the most recent versions available, ensuring up-to-date security and feature updates.

✓ Final Selection: CC-Ubuntu22.04
  Image ID: 14af624e-2629-4fb5-8ee6-f94ea5bf5195

============================================================
Step 3: SSH Key Management
============================================================
✓ Keypair exists: my-key

============================================================
Step 4: Network Configuration
============================================================
✓ Found network: sharednet1 (ID: 1a03cf65-8fd6-4fce-94fd-bbaabe68a8e1)

============================================================
Discovering Available Resources
============================================================

Discovering resources at tacc site...
✓ Found 310 hosts
✓ Discovered 18 node types (ranked by availability & fit):
    compute_cascadelake_r: 56 reservable / 56 total | fit_score: 1.0
    compute_icelake_r650: 50 reservable / 52 total | fit_score: 1.0
    compute_zen3: 32 reservable / 32 total | fit_score: 1.0
    compute_skylake: 29 reservable / 32 total | fit_score: 1.0
    compute_cascadelake: 24 reservable / 24 total | fit_score: 1.0
    compute_icelake_r750: 18 reservable / 20 total | fit_score: 1.0
    compute_haswell_ib: 17 reservable / 17 total | fit_score: 1.0
    gpu_p100: 15 reservable / 15 total | fit_score: 0.3
    storage: 13 reservable / 21 total | fit_score: 0.2
    compute_arm64: 8 reservable / 8 total | fit_score: 1.0
    compute_liqid: 8 reservable / 8 total | fit_score: 1.0
    gpu_mi100: 8 reservable / 8 total | fit_score: 0.3
    compute_gigaio: 6 reservable / 6 total | fit_score: 1.0
    gpu_p100_nvlink: 4 reservable / 4 total | fit_score: 0.3
    gpu_k80: 2 reservable / 2 total | fit_score: 0.3
    gpu_m40: 2 reservable / 2 total | fit_score: 0.3
    storage_hierarchy: 2 reservable / 2 total | fit_score: 0.2
    gpu_p100_v100: 1 reservable / 1 total | fit_score: 0.3
✓ Found 18 node types available

✓ AI resource selection complete
  Node type: compute_cascadelake_r
  Reasoning: The compute_cascadelake_r node type has the highest reservable count (56) among the available compute nodes that meet the user's requirements of 4 CPU cores, 8 GB RAM, and 50 GB disk. This high availability increases the success rate for lease creation.
✓ AI selected node type: compute_cascadelake_r
  Reasoning: The compute_cascadelake_r node type has the highest reservable count (56) among the available compute nodes that meet the user's requirements of 4 CPU cores, 8 GB RAM, and 50 GB disk. This high availability increases the success rate for lease creation.

============================================================
Step 5: Create Hardware Reservation (with fallbacks)
============================================================

→ Trying 16 node types (compute → KVM → others)

[1/16] Attempting: compute_cascadelake_r (56 reservable / 56 total)
✓ AI determined duration: 48 hours
  Reasoning: The requirements include several specialized tools related to model checking and verification, such as SPIN model checker, Swarm Verification, and others. These tools may require significant time for setup, testing, and execution, especially if they are being used for complex verification tasks. Additionally, the absence of GPU requirements suggests that the tasks are likely CPU-bound, which can further extend the processing time. Therefore, a lease duration of 48 hours is recommended to ensure ample time for setup, execution, and any necessary troubleshooting.

Creating lease:
  Name: auto-202602191501-compute_cascadelake_r
  Node Type: compute_cascadelake_r
  Start: 2026-02-19 15:03
  End: 2026-02-21 15:03
  ✗ No capacity available for compute_cascadelake_r
  → Trying next option...

[2/16] Attempting: compute_icelake_r650 (50 reservable / 52 total)
✓ AI determined duration: 48 hours
  Reasoning: The requirements include several specialized tools for model checking and verification, such as SPIN model checker, Swarm Verification, and others. These tasks can be computationally intensive and may require additional setup and testing time to ensure everything is working correctly. Given the complexity and potential need for iterative testing and verification, a 48-hour lease duration is recommended to provide ample time for these activities.

Creating lease:
  Name: auto-202602191501-compute_icelake_r650
  Node Type: compute_icelake_r650
  Start: 2026-02-19 15:03
  End: 2026-02-21 15:03

✓ Lease created: 9bc2b181-84b2-492c-86c8-2b3195c22eca

Waiting for lease to activate...
  Status: PENDING, waiting...
  Status: PENDING, waiting...
  Status: PENDING, waiting...
  Status: PENDING, waiting...
  Status: PENDING, waiting...
  Status: PENDING, waiting...
✓ Lease is ACTIVE
✓ Reservation ID: ec217f51-af80-46dc-93b6-f725b2f31f15
✓ SUCCESS: Lease created with compute_icelake_r650

✓ Final node type: compute_icelake_r650

============================================================
Step 6: Launch Bare Metal Server
============================================================

Launching server:
  Name: auto-server-202602191501
  Image ID: 14af624e-2629-4fb5-8ee6-f94ea5bf5195
  Key: my-key
  Network ID: 1a03cf65-8fd6-4fce-94fd-bbaabe68a8e1
  Reservation ID: ec217f51-af80-46dc-93b6-f725b2f31f15

✓ Server creation initiated: 9fb41a90-e07e-4c8a-962d-db04b5310d18

Waiting for server to become ACTIVE...
(This may take 10-30 minutes for bare metal)
  Status: BUILD
  Status: ACTIVE

✓ Server is ACTIVE

============================================================
Step 7: Assign Floating IP
============================================================
Creating new floating IP...
✓ Using floating IP: 129.114.109.147
✓ Floating IP attached

============================================================
✓ Provisioning Complete!
============================================================
Provisioning Type: Bare Metal (Blazar)
Server Name: auto-server-202602191501
Server ID: 9fb41a90-e07e-4c8a-962d-db04b5310d18
Lease ID: 9bc2b181-84b2-492c-86c8-2b3195c22eca
Reservation ID: ec217f51-af80-46dc-93b6-f725b2f31f15
Image: CC-Ubuntu22.04
Node Type: compute_icelake_r650
Floating IP: 129.114.109.147

SSH Connection:
  ssh ubuntu@129.114.109.147

✓ Info saved to: auto-server-202602191501_info.json
End:     2026-02-19T15:11:21Z (exit=0, duration=609s)
