Command: python 2.0/src/provision_v2.py --repo "https://github.com/henryzhongsc/gnn_editing" --site tacc
Start:   2026-02-19T02:57:58Z

============================================================
Automated Hardware Provisioning Tool v2.0
============================================================
✓ Configuration loaded
✓ AI client initialized
✓ OpenStack connection established

============================================================
Step 1: Repository Analysis
============================================================
✓ Repository cloned to: /tmp/gnn_editing

✓ Repository requirements analysis complete:
  CPU: 4 cores
  RAM: 16 GB
  GPU: Required
  GPU Memory: 8 GB
  Disk: 20 GB
  OS: ubuntu 20.04
  CUDA: Required

============================================================
Step 2: Image Selection
============================================================
✓ Found 407 available CC-* images
✓ AI Stage 1: Selected 5 candidates
  Reasoning: The requirements specify an Ubuntu 20.04 OS with CUDA support, indicating the need for GPU capabilities. 
  The images that match these criteria are those with 'CC-Ubuntu20.04-CUDA' in their names. The selected images are 
  the most recent versions of Ubuntu 20.04 with CUDA support, ensuring compatibility with the specified requirements.
⚠ No candidates found, using fallback selection
✓ Fallback image: CC-Ubuntu22.04-CUDA

============================================================
Step 3: SSH Key Management
============================================================
✓ Keypair exists: my-key

============================================================
Step 4: Network Configuration
============================================================
✓ Found network: sharednet1 (ID: 1a03cf65-8fd6-4fce-94fd-bbaabe68a8e1)

============================================================
Discovering Available Resources
============================================================

Discovering resources at tacc site...
✓ Found 310 hosts
✓ Discovered 18 node types (ranked by availability & fit):
    compute_cascadelake_r: 56 reservable / 56 total | fit_score: 1.0
    compute_icelake_r650: 50 reservable / 52 total | fit_score: 1.0
    compute_zen3: 32 reservable / 32 total | fit_score: 1.0
    compute_skylake: 29 reservable / 32 total | fit_score: 1.0
    compute_cascadelake: 24 reservable / 24 total | fit_score: 1.0
    compute_icelake_r750: 18 reservable / 20 total | fit_score: 1.0
    compute_haswell_ib: 17 reservable / 17 total | fit_score: 1.0
    gpu_p100: 15 reservable / 15 total | fit_score: 2.0
    storage: 13 reservable / 21 total | fit_score: 0.2
    gpu_mi100: 8 reservable / 8 total | fit_score: 2.0
    compute_arm64: 8 reservable / 8 total | fit_score: 1.0
    compute_liqid: 8 reservable / 8 total | fit_score: 1.0
    compute_gigaio: 6 reservable / 6 total | fit_score: 1.0
    gpu_p100_nvlink: 4 reservable / 4 total | fit_score: 2.0
    gpu_k80: 2 reservable / 2 total | fit_score: 2.0
    gpu_m40: 2 reservable / 2 total | fit_score: 2.0
    storage_hierarchy: 2 reservable / 2 total | fit_score: 0.2
    gpu_p100_v100: 1 reservable / 1 total | fit_score: 2.0
✓ Found 18 node types available

✓ AI resource selection complete
  Node type: gpu_p100
  Reasoning: The 'gpu_p100' node type matches the user's requirements for a GPU with at least 8 GB of memory. It has the
  highest reservable count among GPU nodes, with 15 reservable units, ensuring a higher success rate for lease creation.
✓ AI selected node type: gpu_p100
  Reasoning: The 'gpu_p100' node type matches the user's requirements for a GPU with at least 8 GB of memory. It has the 
  highest reservable count among GPU nodes, with 15 reservable units, ensuring a higher success rate for lease creation.

============================================================
Step 5: Create Hardware Reservation (with fallbacks)
============================================================

→ GPU required: Tiered fallback strategy:
   Tier 1 (GPU): 6 types
   Tier 2 (Compute): 10 types
   Tier 3 (KVM/VM): 0 types
   Total: 16 attempts

[1/16] Attempting: gpu_p100 [GPU (Tier 1)] (15 reservable / 15 total)
✓ AI determined duration: 48 hours
  Reasoning: The requirements indicate a need for a GPU with specific CUDA and PyTorch versions, along with specialized 
  graph neural network libraries. These setups are typically used for machine learning tasks, which can be computationally 
  intensive and time-consuming. A 48-hour lease provides sufficient time for setup, experimentation, and potential 
  troubleshooting, especially if the user is conducting research or development work that involves training models.

Creating lease:
  Name: auto-202602190258-gpu_p100
  Node Type: gpu_p100
  Start: 2026-02-19 03:00
  End: 2026-02-21 03:00
  ✗ No capacity available for gpu_p100
  → Trying next option...

[2/16] Attempting: gpu_mi100 [GPU (Tier 1)] (8 reservable / 8 total)
✓ AI determined duration: 72 hours
  Reasoning: The requirements indicate a need for a GPU with CUDA support, which suggests computationally intensive tasks 
  such as training machine learning models, particularly with PyTorch and graph neural network libraries. These tasks can 
  be time-consuming, especially if they involve large datasets or complex models. A 72-hour lease provides sufficient time 
  for setup, experimentation, and potential retraining or adjustments, while also accommodating any unforeseen delays or 
  additional runs.

Creating lease:
  Name: auto-202602190258-gpu_mi100
  Node Type: gpu_mi100
  Start: 2026-02-19 03:00
  End: 2026-02-22 03:00

✓ Lease created: b79dbf6e-288a-42d0-915a-21614b210b8c

Waiting for lease to activate...
  Status: PENDING, waiting...
  Status: PENDING, waiting...
  Status: PENDING, waiting...
  Status: PENDING, waiting...
  Status: PENDING, waiting...
  Status: PENDING, waiting...
  Status: PENDING, waiting...
  Status: PENDING, waiting...
  Status: PENDING, waiting...
  Status: PENDING, waiting...
✓ Lease is ACTIVE
✓ Reservation ID: 361784ea-69ec-46a4-8013-0f89cbb376e3
✓ SUCCESS: Lease created with gpu_mi100

✓ Final node type: gpu_mi100

============================================================
Step 6: Launch Bare Metal Server
============================================================

Launching server:
  Name: auto-server-202602190258
  Image ID: c82b931e-4cf8-4366-9878-1ae941f24348
  Key: my-key
  Network ID: 1a03cf65-8fd6-4fce-94fd-bbaabe68a8e1
  Reservation ID: 361784ea-69ec-46a4-8013-0f89cbb376e3

✓ Server creation initiated: d475f2fb-fc64-40b9-8bed-72dc0365c24b

Waiting for server to become ACTIVE...
(This may take 10-30 minutes for bare metal)
  Status: BUILD
  Status: ACTIVE

✓ Server is ACTIVE

============================================================
Step 7: Assign Floating IP
============================================================
Creating new floating IP...
✓ Using floating IP: 129.114.108.173
✓ Floating IP attached

============================================================
✓ Provisioning Complete!
============================================================
Provisioning Type: Bare Metal (Blazar)
Server Name: auto-server-202602190258
Server ID: d475f2fb-fc64-40b9-8bed-72dc0365c24b
Lease ID: b79dbf6e-288a-42d0-915a-21614b210b8c
Reservation ID: 361784ea-69ec-46a4-8013-0f89cbb376e3
Image: CC-Ubuntu22.04-CUDA
Node Type: gpu_mi100
Floating IP: 129.114.108.173

SSH Connection:
  ssh ubuntu@129.114.108.173

✓ Info saved to: auto-server-202602190258_info.json
End:     2026-02-19T03:09:21Z (exit=0, duration=683s)
