Command: python 2.0/src/provision_v2.py --repo "https://github.com/tokio-rs/tokio" --site tacc
Start:   2026-04-16T02:13:57Z

============================================================
Automated Hardware Provisioning Tool v2.0
============================================================
✓ Configuration loaded
✓ AI client initialized
✓ OpenStack connection established

============================================================
Step 1: Repository Analysis
============================================================
✓ Repository cloned to: /tmp/tokio

✓ Repository requirements analysis complete:
  CPU: 2 cores
  RAM: 2 GB
  GPU: Not required
  Disk: 1 GB
  OS: None None
  CUDA: Not required

============================================================
Step 2: Image Selection
============================================================
✓ Found 415 available CC-* images
✓ AI Stage 1: Selected 3 candidates
  Reasoning: The requirements specify no particular OS type or version, and CUDA or GPU support is not needed. Therefore, the selection focuses on the latest stable versions of popular Linux distributions without CUDA. The chosen images are recent versions of Ubuntu and CentOS, which are widely used and provide a good balance of stability and support for general-purpose use.

✓ Final Selection: CC-Ubuntu24.04
  Image ID: 7cb5d6e0-e64c-4241-814a-1bfc21c04f10

============================================================
Step 3: SSH Key Management
============================================================
✓ Keypair exists: my-key

============================================================
Step 4: Network Configuration
============================================================
✓ Found network: sharednet1 (ID: 1a03cf65-8fd6-4fce-94fd-bbaabe68a8e1)

============================================================
Discovering Available Resources
============================================================

Discovering resources at tacc site...
✓ Found 312 hosts
✓ Discovered 19 node types (ranked by availability & fit):
    compute_cascadelake_r: 55 reservable / 56 total | fit_score: 1.0
    compute_icelake_r650: 50 reservable / 52 total | fit_score: 1.0
    compute_zen3: 32 reservable / 32 total | fit_score: 1.0
    compute_skylake: 26 reservable / 32 total | fit_score: 1.0
    compute_cascadelake: 24 reservable / 24 total | fit_score: 1.0
    compute_icelake_r750: 17 reservable / 20 total | fit_score: 1.0
    compute_haswell_ib: 17 reservable / 17 total | fit_score: 1.0
    gpu_p100: 15 reservable / 15 total | fit_score: 0.3
    storage: 13 reservable / 21 total | fit_score: 0.2
    compute_arm64: 8 reservable / 8 total | fit_score: 1.0
    compute_liqid: 8 reservable / 8 total | fit_score: 1.0
    gpu_mi100: 8 reservable / 8 total | fit_score: 0.3
    compute_gigaio: 6 reservable / 6 total | fit_score: 1.0
    gpu_p100_nvlink: 4 reservable / 4 total | fit_score: 0.3
    gpu_h100: 2 reservable / 2 total | fit_score: 0.3
    gpu_k80: 2 reservable / 2 total | fit_score: 0.3
    gpu_m40: 2 reservable / 2 total | fit_score: 0.3
    storage_hierarchy: 1 reservable / 2 total | fit_score: 0.2
    gpu_p100_v100: 1 reservable / 1 total | fit_score: 0.3
✓ Found 19 node types available

✓ AI resource selection complete
  Node type: compute_cascadelake_r
  Reasoning: The compute_cascadelake_r node type has the highest reservable count (55) among the available compute nodes that meet the user's requirements of 2 CPU cores, 2 GB RAM, and no GPU requirement. This high availability increases the success rate for lease creation.
✓ AI selected node type: compute_cascadelake_r
  Reasoning: The compute_cascadelake_r node type has the highest reservable count (55) among the available compute nodes that meet the user's requirements of 2 CPU cores, 2 GB RAM, and no GPU requirement. This high availability increases the success rate for lease creation.

============================================================
Step 5: Create Hardware Reservation (with fallbacks)
============================================================

→ Trying 17 node types (compute → KVM → others)

[1/17] Attempting: compute_cascadelake_r (55 reservable / 56 total)
✓ AI determined duration: 24 hours
  Reasoning: The resource requirements are minimal, with only 2 CPU cores, 2 GB of RAM, and 1 GB of disk space needed. There are no GPU or CUDA requirements, and the only special requirement is Rust 1.71 or newer, which is a straightforward software installation. Given the simplicity of the setup and the lack of specific time constraints or intensive computational needs, a default lease duration of 24 hours is appropriate to allow for flexibility in usage.

Creating lease:
  Name: auto-202604160214-compute_cascadelake_r
  Node Type: compute_cascadelake_r
  Start: 2026-04-16 02:16
  End: 2026-04-17 02:16

✓ Lease created: 4f3ba0f3-0f82-4734-86e9-8a476785c9fb

Waiting for lease to activate...
  Status: PENDING, waiting...
  Status: PENDING, waiting...
  Status: PENDING, waiting...
  Status: PENDING, waiting...
  Status: PENDING, waiting...
  Status: PENDING, waiting...
  Status: STARTING, waiting...
✓ Lease is ACTIVE
✓ Reservation ID: 0414816b-3c4c-4c6a-9e14-1e8c29d67594
✓ SUCCESS: Lease created with compute_cascadelake_r

✓ Final node type: compute_cascadelake_r

============================================================
Step 6: Launch Bare Metal Server
============================================================

Launching server:
  Name: auto-server-202604160214
  Image ID: 7cb5d6e0-e64c-4241-814a-1bfc21c04f10
  Key: my-key
  Network ID: 1a03cf65-8fd6-4fce-94fd-bbaabe68a8e1
  Reservation ID: 0414816b-3c4c-4c6a-9e14-1e8c29d67594

✓ Server creation initiated: edb31bb5-9522-4b5c-a8c2-267679a33591

Waiting for server to become ACTIVE...
(This may take 10-30 minutes for bare metal)
  Status: BUILD
  Status: ACTIVE

✓ Server is ACTIVE

============================================================
Step 7: Assign Floating IP
============================================================
Creating new floating IP...
✓ Using floating IP: 129.114.109.113
✓ Floating IP attached

============================================================
✓ Provisioning Complete!
============================================================
Provisioning Type: Bare Metal (Blazar)
Server Name: auto-server-202604160214
Server ID: edb31bb5-9522-4b5c-a8c2-267679a33591
Lease ID: 4f3ba0f3-0f82-4734-86e9-8a476785c9fb
Reservation ID: 0414816b-3c4c-4c6a-9e14-1e8c29d67594
Image: CC-Ubuntu24.04
Node Type: compute_cascadelake_r
Floating IP: 129.114.109.113

SSH Connection:
  ssh ubuntu@129.114.109.113

✓ Info saved to: auto-server-202604160214_info.json
End:     2026-04-16T02:22:28Z (exit=0, duration=511s)
