Command: python 2.0/src/provision_v2.py --repo "https://github.com/EngineeringSoftware/exli" --site tacc
Start:   2026-02-19T04:20:27Z

============================================================
Automated Hardware Provisioning Tool v2.0
============================================================
✓ Configuration loaded
✓ AI client initialized
✓ OpenStack connection established

============================================================
Step 1: Repository Analysis
============================================================
✓ Repository cloned to: /tmp/exli

✓ Repository requirements analysis complete:
  CPU: 2 cores
  RAM: 4 GB
  GPU: Not required
  Disk: 10 GB
  OS: ubuntu 22.04
  CUDA: Not required

============================================================
Step 2: Image Selection
============================================================
✓ Found 407 available CC-* images
✓ AI Stage 1: Selected 5 candidates
  Reasoning: The requirements specify an Ubuntu 22.04 image without CUDA or GPU support. Therefore, images with 'Ubuntu22.04' in their names and without 'CUDA' are selected. The selected images are the most recent and relevant non-CUDA Ubuntu 22.04 images available.

✓ Final Selection: CC-Ubuntu22.04
  Image ID: 14af624e-2629-4fb5-8ee6-f94ea5bf5195

============================================================
Step 3: SSH Key Management
============================================================
✓ Keypair exists: my-key

============================================================
Step 4: Network Configuration
============================================================
✓ Found network: sharednet1 (ID: 1a03cf65-8fd6-4fce-94fd-bbaabe68a8e1)

============================================================
Discovering Available Resources
============================================================

Discovering resources at tacc site...
✓ Found 310 hosts
✓ Discovered 18 node types (ranked by availability & fit):
    compute_cascadelake_r: 56 reservable / 56 total | fit_score: 1.0
    compute_icelake_r650: 50 reservable / 52 total | fit_score: 1.0
    compute_zen3: 32 reservable / 32 total | fit_score: 1.0
    compute_skylake: 29 reservable / 32 total | fit_score: 1.0
    compute_cascadelake: 24 reservable / 24 total | fit_score: 1.0
    compute_icelake_r750: 18 reservable / 20 total | fit_score: 1.0
    compute_haswell_ib: 17 reservable / 17 total | fit_score: 1.0
    gpu_p100: 15 reservable / 15 total | fit_score: 0.3
    storage: 13 reservable / 21 total | fit_score: 0.2
    compute_arm64: 8 reservable / 8 total | fit_score: 1.0
    compute_liqid: 8 reservable / 8 total | fit_score: 1.0
    gpu_mi100: 8 reservable / 8 total | fit_score: 0.3
    compute_gigaio: 6 reservable / 6 total | fit_score: 1.0
    gpu_p100_nvlink: 4 reservable / 4 total | fit_score: 0.3
    gpu_k80: 2 reservable / 2 total | fit_score: 0.3
    gpu_m40: 2 reservable / 2 total | fit_score: 0.3
    storage_hierarchy: 2 reservable / 2 total | fit_score: 0.2
    gpu_p100_v100: 1 reservable / 1 total | fit_score: 0.3
✓ Found 18 node types available

✓ AI resource selection complete
  Node type: compute_cascadelake_r
  Reasoning: The compute_cascadelake_r node type has the highest reservable count of 56, which maximizes the success rate for lease creation. It meets the user's requirements for CPU, RAM, and disk without needing a GPU.
✓ AI selected node type: compute_cascadelake_r
  Reasoning: The compute_cascadelake_r node type has the highest reservable count of 56, which maximizes the success rate for lease creation. It meets the user's requirements for CPU, RAM, and disk without needing a GPU.

============================================================
Step 5: Create Hardware Reservation (with fallbacks)
============================================================

→ Trying 16 node types (compute → KVM → others)

[1/16] Attempting: compute_cascadelake_r (56 reservable / 56 total)
✓ AI determined duration: 48 hours
  Reasoning: The requirements suggest a development or testing environment, likely for a Java-based project with Docker and Conda for environment management. Given the need for Java, JUnit, Maven, and Docker, it is reasonable to assume that the user might need additional time for setup, testing, and potentially iterative development cycles. Therefore, a 48-hour lease provides ample time for these activities without interruption.

Creating lease:
  Name: auto-202602190421-compute_cascadelake_r
  Node Type: compute_cascadelake_r
  Start: 2026-02-19 04:23
  End: 2026-02-21 04:23

✓ Lease created: 77c07c02-684e-4843-8f2d-1496286b341d

Waiting for lease to activate...
  Status: PENDING, waiting...
  Status: PENDING, waiting...
  Status: PENDING, waiting...
  Status: PENDING, waiting...
  Status: PENDING, waiting...
  Status: PENDING, waiting...
  Status: PENDING, waiting...
  Status: PENDING, waiting...
  Status: PENDING, waiting...
  Status: PENDING, waiting...
✓ Lease is ACTIVE
✓ Reservation ID: b22947e6-168c-4f3f-93cb-1f83f0b0b9d8
✓ SUCCESS: Lease created with compute_cascadelake_r

✓ Final node type: compute_cascadelake_r

============================================================
Step 6: Launch Bare Metal Server
============================================================

Launching server:
  Name: auto-server-202602190421
  Image ID: 14af624e-2629-4fb5-8ee6-f94ea5bf5195
  Key: my-key
  Network ID: 1a03cf65-8fd6-4fce-94fd-bbaabe68a8e1
  Reservation ID: b22947e6-168c-4f3f-93cb-1f83f0b0b9d8

✓ Server creation initiated: 89b104ab-8e45-456a-8545-1cd98e9abfaa

Waiting for server to become ACTIVE...
(This may take 10-30 minutes for bare metal)
  Status: BUILD
  Status: ACTIVE

✓ Server is ACTIVE

============================================================
Step 7: Assign Floating IP
============================================================
Creating new floating IP...
✓ Using floating IP: 129.114.109.50
✓ Floating IP attached

============================================================
✓ Provisioning Complete!
============================================================
Provisioning Type: Bare Metal (Blazar)
Server Name: auto-server-202602190421
Server ID: 89b104ab-8e45-456a-8545-1cd98e9abfaa
Lease ID: 77c07c02-684e-4843-8f2d-1496286b341d
Reservation ID: b22947e6-168c-4f3f-93cb-1f83f0b0b9d8
Image: CC-Ubuntu22.04
Node Type: compute_cascadelake_r
Floating IP: 129.114.109.50

SSH Connection:
  ssh ubuntu@129.114.109.50

✓ Info saved to: auto-server-202602190421_info.json
End:     2026-02-19T04:31:18Z (exit=0, duration=651s)
