Command: python 2.0/src/provision_v2.py --repo "https://github.com/jqlang/jq" --site tacc
Start:   2026-02-19T15:23:58Z

============================================================
Automated Hardware Provisioning Tool v2.0
============================================================
✓ Configuration loaded
✓ AI client initialized
✓ OpenStack connection established

============================================================
Step 1: Repository Analysis
============================================================
✓ Repository cloned to: /tmp/jq

✓ Repository requirements analysis complete:
  CPU: 1 cores
  RAM: 1 GB
  GPU: Not required
  Disk: 1 GB
  OS: debian 12-slim
  CUDA: Not required

============================================================
Step 2: Image Selection
============================================================
✓ Found 407 available CC-* images
✓ AI Stage 1: Selected 0 candidates
  Reasoning: The available images do not include any Debian-based images, specifically Debian 12-slim, which is required by the given specifications. All available images are based on Ubuntu or CentOS, which do not meet the requirement for a Debian-based operating system. Therefore, there are no suitable candidates from the provided list that match the requirements.
⚠ No candidates found, using fallback selection
✓ Fallback image: CC-Ubuntu22.04-CUDA

============================================================
Step 3: SSH Key Management
============================================================
✓ Keypair exists: my-key

============================================================
Step 4: Network Configuration
============================================================
✓ Found network: sharednet1 (ID: 1a03cf65-8fd6-4fce-94fd-bbaabe68a8e1)

============================================================
Discovering Available Resources
============================================================

Discovering resources at tacc site...
✓ Found 310 hosts
✓ Discovered 18 node types (ranked by availability & fit):
    compute_cascadelake_r: 56 reservable / 56 total | fit_score: 1.0
    compute_icelake_r650: 50 reservable / 52 total | fit_score: 1.0
    compute_zen3: 32 reservable / 32 total | fit_score: 1.0
    compute_skylake: 29 reservable / 32 total | fit_score: 1.0
    compute_cascadelake: 24 reservable / 24 total | fit_score: 1.0
    compute_icelake_r750: 18 reservable / 20 total | fit_score: 1.0
    compute_haswell_ib: 17 reservable / 17 total | fit_score: 1.0
    gpu_p100: 15 reservable / 15 total | fit_score: 0.3
    storage: 13 reservable / 21 total | fit_score: 0.2
    compute_arm64: 8 reservable / 8 total | fit_score: 1.0
    compute_liqid: 8 reservable / 8 total | fit_score: 1.0
    gpu_mi100: 8 reservable / 8 total | fit_score: 0.3
    compute_gigaio: 6 reservable / 6 total | fit_score: 1.0
    gpu_p100_nvlink: 4 reservable / 4 total | fit_score: 0.3
    gpu_k80: 2 reservable / 2 total | fit_score: 0.3
    gpu_m40: 2 reservable / 2 total | fit_score: 0.3
    storage_hierarchy: 2 reservable / 2 total | fit_score: 0.2
    gpu_p100_v100: 1 reservable / 1 total | fit_score: 0.3
✓ Found 18 node types available

✓ AI resource selection complete
  Node type: compute_cascadelake_r
  Reasoning: The compute_cascadelake_r node type has the highest reservable count of 56, which maximizes the success rate for lease creation. It meets the user's requirements for CPU, RAM, and disk without needing a GPU.
✓ AI selected node type: compute_cascadelake_r
  Reasoning: The compute_cascadelake_r node type has the highest reservable count of 56, which maximizes the success rate for lease creation. It meets the user's requirements for CPU, RAM, and disk without needing a GPU.

============================================================
Step 5: Create Hardware Reservation (with fallbacks)
============================================================

→ Trying 16 node types (compute → KVM → others)

[1/16] Attempting: compute_cascadelake_r (56 reservable / 56 total)
✓ AI determined duration: 24 hours
  Reasoning: The resource requirements are minimal, with only 1 CPU core, 1 GB RAM, and 1 GB disk space needed. The special requirements include common development tools like libtool, make, automake, autoconf, and git, which are typically used for building and compiling software. These tools suggest that the task might involve software development or compilation, which can vary in duration. Given the lack of specific time constraints or intensive computational needs, a default lease duration of 24 hours is appropriate to provide ample time for any development or testing activities.

Creating lease:
  Name: auto-202602191524-compute_cascadelake_r
  Node Type: compute_cascadelake_r
  Start: 2026-02-19 15:26
  End: 2026-02-20 15:26
  ✗ No capacity available for compute_cascadelake_r
  → Trying next option...

[2/16] Attempting: compute_icelake_r650 (50 reservable / 52 total)
✓ AI determined duration: 24 hours
  Reasoning: The requirements specify a minimal setup with 1 CPU core, 1 GB RAM, and 1 GB disk space, which suggests a lightweight task. The absence of GPU and CUDA requirements, along with the use of a slim Debian OS, indicates that the task is likely not resource-intensive. The special requirements (libtool, make, automake, autoconf, git) suggest a development or build environment setup, possibly for compiling software or running tests. These tasks typically do not require extended durations unless specified otherwise. Therefore, a default lease duration of 24 hours is appropriate to cover typical development or testing cycles.

Creating lease:
  Name: auto-202602191524-compute_icelake_r650
  Node Type: compute_icelake_r650
  Start: 2026-02-19 15:26
  End: 2026-02-20 15:26

✓ Lease created: 2465d940-e513-4cb5-8ba9-d95fa5786887

Waiting for lease to activate...
  Status: PENDING, waiting...
  Status: PENDING, waiting...
  Status: PENDING, waiting...
  Status: PENDING, waiting...
  Status: PENDING, waiting...
  Status: PENDING, waiting...
  Status: PENDING, waiting...
  Status: PENDING, waiting...
✓ Lease is ACTIVE
✓ Reservation ID: 51091fd3-a3aa-49ec-9fc5-9e55e8cecfa1
✓ SUCCESS: Lease created with compute_icelake_r650

✓ Final node type: compute_icelake_r650

============================================================
Step 6: Launch Bare Metal Server
============================================================

Launching server:
  Name: auto-server-202602191524
  Image ID: c82b931e-4cf8-4366-9878-1ae941f24348
  Key: my-key
  Network ID: 1a03cf65-8fd6-4fce-94fd-bbaabe68a8e1
  Reservation ID: 51091fd3-a3aa-49ec-9fc5-9e55e8cecfa1

✓ Server creation initiated: f189d374-300e-4585-9f00-5de637552344

Waiting for server to become ACTIVE...
(This may take 10-30 minutes for bare metal)
  Status: BUILD
  Status: ACTIVE

✓ Server is ACTIVE

============================================================
Step 7: Assign Floating IP
============================================================
Creating new floating IP...
✓ Using floating IP: 129.114.109.153
✓ Floating IP attached

============================================================
✓ Provisioning Complete!
============================================================
Provisioning Type: Bare Metal (Blazar)
Server Name: auto-server-202602191524
Server ID: f189d374-300e-4585-9f00-5de637552344
Lease ID: 2465d940-e513-4cb5-8ba9-d95fa5786887
Reservation ID: 51091fd3-a3aa-49ec-9fc5-9e55e8cecfa1
Image: CC-Ubuntu22.04-CUDA
Node Type: compute_icelake_r650
Floating IP: 129.114.109.153

SSH Connection:
  ssh ubuntu@129.114.109.153

✓ Info saved to: auto-server-202602191524_info.json
End:     2026-02-19T15:35:13Z (exit=0, duration=675s)
