Command: python 2.0/src/provision_v2.py --repo "https://github.com/RutgersCSSystems/crossprefetch-asplos24-artifacts" --site tacc
Start:   2026-02-19T03:46:26Z

============================================================
Automated Hardware Provisioning Tool v2.0
============================================================
✓ Configuration loaded
✓ AI client initialized
✓ OpenStack connection established

============================================================
Step 1: Repository Analysis
============================================================
✓ Repository cloned to: /tmp/crossprefetch-asplos24-artifacts

✓ Repository requirements analysis complete:
  CPU: 128 cores
  RAM: 64 GB
  GPU: Not required
  Disk: 350 GB
  OS: ubuntu None
  CUDA: Not required

============================================================
Step 2: Image Selection
============================================================
✓ Found 407 available CC-* images
✓ AI Stage 1: Selected 5 candidates
  Reasoning: The requirements specify an Ubuntu operating system with no specific version required, and no need for CUDA or GPU support. The selected images are all base Ubuntu images without CUDA, ensuring they meet the criteria. The images chosen include different versions (20.04, 22.04, and 24.04) to provide a range of options, and they are the most recent non-CUDA versions available in the list.
⚠ No candidates found, using fallback selection
✓ Fallback image: CC-Ubuntu22.04-CUDA

============================================================
Step 3: SSH Key Management
============================================================
✓ Keypair exists: my-key

============================================================
Step 4: Network Configuration
============================================================
✓ Found network: sharednet1 (ID: 1a03cf65-8fd6-4fce-94fd-bbaabe68a8e1)

============================================================
Discovering Available Resources
============================================================

Discovering resources at tacc site...
✓ Found 310 hosts
✓ Discovered 18 node types (ranked by availability & fit):
    compute_cascadelake_r: 56 reservable / 56 total | fit_score: 1.0
    compute_icelake_r650: 50 reservable / 52 total | fit_score: 1.0
    compute_zen3: 32 reservable / 32 total | fit_score: 1.0
    compute_skylake: 29 reservable / 32 total | fit_score: 1.0
    compute_cascadelake: 24 reservable / 24 total | fit_score: 1.0
    compute_icelake_r750: 18 reservable / 20 total | fit_score: 1.0
    compute_haswell_ib: 17 reservable / 17 total | fit_score: 1.0
    gpu_p100: 15 reservable / 15 total | fit_score: 0.3
    storage: 13 reservable / 21 total | fit_score: 0.2
    compute_arm64: 8 reservable / 8 total | fit_score: 1.0
    compute_liqid: 8 reservable / 8 total | fit_score: 1.0
    gpu_mi100: 8 reservable / 8 total | fit_score: 0.3
    compute_gigaio: 6 reservable / 6 total | fit_score: 1.0
    gpu_p100_nvlink: 4 reservable / 4 total | fit_score: 0.3
    gpu_k80: 2 reservable / 2 total | fit_score: 0.3
    gpu_m40: 2 reservable / 2 total | fit_score: 0.3
    storage_hierarchy: 2 reservable / 2 total | fit_score: 0.2
    gpu_p100_v100: 1 reservable / 1 total | fit_score: 0.3
✓ Found 18 node types available

✓ AI resource selection complete
  Node type: compute_cascadelake_r
  Reasoning: The compute_cascadelake_r node type has the highest reservable count of 56 among the available compute nodes that can meet the CPU, RAM, and disk requirements. This ensures a higher success rate for lease creation.
✓ AI selected node type: compute_cascadelake_r
  Reasoning: The compute_cascadelake_r node type has the highest reservable count of 56 among the available compute nodes that can meet the CPU, RAM, and disk requirements. This ensures a higher success rate for lease creation.

============================================================
Step 5: Create Hardware Reservation (with fallbacks)
============================================================

→ Trying 16 node types (compute → KVM → others)

[1/16] Attempting: compute_cascadelake_r (56 reservable / 56 total)
⚠ AI duration failed, using default 24 hours: AI request failed: Error code: 502 - {'status': 'error', 'code': 502, 'message': 'Application failed to respond', 'request_id': 'QJ5Sn0XHRFSDH2d1woOzXw'}

Creating lease:
  Name: auto-202602190347-compute_cascadelake_r
  Node Type: compute_cascadelake_r
  Start: 2026-02-19 03:49
  End: 2026-02-20 03:49

✓ Lease created: ddd3a49b-3196-4ce5-9ff7-009754560597

Waiting for lease to activate...
  Status: PENDING, waiting...
  Status: PENDING, waiting...
  Status: PENDING, waiting...
  Status: PENDING, waiting...
  Status: PENDING, waiting...
  Status: PENDING, waiting...
  Status: PENDING, waiting...
  Status: PENDING, waiting...
  Status: PENDING, waiting...
  Status: PENDING, waiting...
  Status: STARTING, waiting...
✓ Lease is ACTIVE
✓ Reservation ID: ea681c45-ae55-4163-8fc0-fc2ee85f88db
✓ SUCCESS: Lease created with compute_cascadelake_r

✓ Final node type: compute_cascadelake_r

============================================================
Step 6: Launch Bare Metal Server
============================================================

Launching server:
  Name: auto-server-202602190347
  Image ID: c82b931e-4cf8-4366-9878-1ae941f24348
  Key: my-key
  Network ID: 1a03cf65-8fd6-4fce-94fd-bbaabe68a8e1
  Reservation ID: ea681c45-ae55-4163-8fc0-fc2ee85f88db

✓ Server creation initiated: ba65dca7-3175-4d62-b240-ac322aed3169

Waiting for server to become ACTIVE...
(This may take 10-30 minutes for bare metal)
  Status: BUILD
  Status: ACTIVE

✓ Server is ACTIVE

============================================================
Step 7: Assign Floating IP
============================================================
Creating new floating IP...
✓ Using floating IP: 129.114.108.231
✓ Floating IP attached

============================================================
✓ Provisioning Complete!
============================================================
Provisioning Type: Bare Metal (Blazar)
Server Name: auto-server-202602190347
Server ID: ba65dca7-3175-4d62-b240-ac322aed3169
Lease ID: ddd3a49b-3196-4ce5-9ff7-009754560597
Reservation ID: ea681c45-ae55-4163-8fc0-fc2ee85f88db
Image: CC-Ubuntu22.04-CUDA
Node Type: compute_cascadelake_r
Floating IP: 129.114.108.231

SSH Connection:
  ssh ubuntu@129.114.108.231

✓ Info saved to: auto-server-202602190347_info.json
End:     2026-02-19T03:58:28Z (exit=0, duration=722s)
