Command: python 2.0/src/provision_v2.py --repo "https://github.com/yrcong/RelTR" --site tacc
Start:   2026-02-04T23:29:04Z

============================================================
Automated Hardware Provisioning Tool v2.0
============================================================
✓ Configuration loaded
✓ AI client initialized
✓ OpenStack connection established

============================================================
Step 1: Repository Analysis
============================================================
✓ Repository cloned to: /tmp/RelTR

✓ Repository requirements analysis complete:
  CPU: 4 cores
  RAM: 16 GB
  GPU: Required
  GPU Memory: 8 GB
  Disk: 50 GB
  OS: ubuntu 20.04
  CUDA: Required

============================================================
Step 2: Image Selection
============================================================
✓ Found 407 available CC-* images
✓ AI Stage 1: Selected 5 candidates
  Reasoning: The requirements specify an Ubuntu 20.04 operating system with CUDA support. The selected images are all based on Ubuntu 20.04 and include CUDA support, making them suitable candidates for the specified requirements. The selected images are: CC-Ubuntu20.04-CUDA (ID: 91d8e584-bc97-4e81-a1e5-cf858ac3afd7), CC-Ubuntu20.04-CUDA11 (ID: a5ed16a4-16fb-4b63-8e62-ad5989bec58a), CC-Ubuntu20.04-CUDA-20241101 (ID: a8fddebf-0e01-47f1-ae35-cc7b1dd99ccc), CC-Ubuntu20.04-CUDA-20241028 (ID: 714e046e-2d0a-4306-b1e3-2a0a99eb4d36), and CC-Ubuntu20.04-CUDA-20241022 (ID: 5b9fcdd3-739b-4f83-9c9f-fc03c4926120).
⚠ No candidates found, using fallback selection
✓ Fallback image: CC-Ubuntu22.04-CUDA

============================================================
Step 3: SSH Key Management
============================================================
✓ Keypair exists: my-key

============================================================
Step 4: Network Configuration
============================================================
✓ Found network: sharednet1 (ID: 1a03cf65-8fd6-4fce-94fd-bbaabe68a8e1)

============================================================
Discovering Available Resources
============================================================

Discovering resources at tacc site...
✓ Found 310 hosts
✓ Discovered 18 node types: compute_arm64, compute_cascadelake, compute_cascadelake_r, compute_gigaio, compute_haswell_ib, compute_icelake_r650, compute_icelake_r750, compute_liqid, compute_skylake, compute_zen3, gpu_k80, gpu_m40, gpu_mi100, gpu_p100, gpu_p100_nvlink, gpu_p100_v100, storage, storage_hierarchy
✓ Found 18 node types available

✓ AI resource selection complete
  Node type: gpu_k80
  Reasoning: The user requires a GPU with at least 8 GB of memory. Among the available GPU nodes, the 'gpu_k80' node type is the most suitable as it provides GPU capabilities. The other available GPU models (M40 and P100) are not listed as node types, so 'gpu_k80' is selected as it matches the requirement for a GPU node.
✓ AI selected node type: gpu_k80
  Reasoning: The user requires a GPU with at least 8 GB of memory. Among the available GPU nodes, the 'gpu_k80' node type is the most suitable as it provides GPU capabilities. The other available GPU models (M40 and P100) are not listed as node types, so 'gpu_k80' is selected as it matches the requirement for a GPU node.

✓ Target node type: gpu_k80

============================================================
Step 5: Create Hardware Reservation (with Fallbacks)
============================================================
✓ AI determined duration: 72 hours
  Reasoning: The requirements include a GPU with specific CUDA and PyTorch versions, indicating a complex setup. The need for specific versions of PyTorch, torchvision, and cudatoolkit suggests that the environment setup might be intricate and time-consuming. Therefore, a lease duration of 72 hours is recommended to ensure sufficient time for setup, testing, and any potential troubleshooting.

============================================================
Attempting Hardware Reservation (with fallbacks)
============================================================
Fallback chain (11 options):
  1. Primary: gpu_k80 for 72h
  2. Fallback: gpu_k80 for 36h (reduced duration)
  3. GPU Alt 1: gpu_p100 (72h)
  4. GPU Alt 2: gpu_p100 (36h)
  5. GPU Alt 3: gpu_m40 (72h)
  6. GPU Alt 4: gpu_m40 (36h)
  7. GPU Alt 5: gpu_p100_nvlink (72h)
  8. GPU Alt 6: gpu_p100_nvlink (36h)
  9. GPU Alt 7: gpu_p100_v100 (72h)
  10. GPU Alt 8: gpu_p100_v100 (36h)
  11. Fallback: KVM-based VM (when bare metal unavailable)

[Attempt 1/11] Primary: gpu_k80 for 72h
    ✗ Failed: ERROR: Not enough resources available with query {'resource_type': 'physical:host', 'min': 1, 'max': 1, 'hypervisor_properties': '', 'resource_properties': '["=", "$node_type", "gpu_k80"]', 'start_date': datetime.datetime(2026, 2, 4, 23, 31), 'end_date': datetime.datetime(2026, 2, 7, 23, 31), 'project_id': '5b86b66c9be14a228da46d3ab15ef166', 'count_range': '1-1', 'before_end': 'default', 'on_start': 'default'}
    Waiting 5s before next attempt...

[Attempt 2/11] Fallback: gpu_k80 for 36h (reduced duration)
    ✗ Failed: ERROR: Not enough resources available with query {'resource_type': 'physical:host', 'min': 1, 'max': 1, 'hypervisor_properties': '', 'resource_properties': '["=", "$node_type", "gpu_k80"]', 'start_date': datetime.datetime(2026, 2, 4, 23, 31), 'end_date': datetime.datetime(2026, 2, 6, 11, 31), 'project_id': '5b86b66c9be14a228da46d3ab15ef166', 'count_range': '1-1', 'before_end': 'default', 'on_start': 'default'}
    Waiting 5s before next attempt...

[Attempt 3/11] GPU Alt 1: gpu_p100 (72h)
    ✗ Failed: ERROR: Not enough resources available with query {'resource_type': 'physical:host', 'min': 1, 'max': 1, 'hypervisor_properties': '', 'resource_properties': '["=", "$node_type", "gpu_p100"]', 'start_date': datetime.datetime(2026, 2, 4, 23, 31), 'end_date': datetime.datetime(2026, 2, 7, 23, 31), 'project_id': '5b86b66c9be14a228da46d3ab15ef166', 'count_range': '1-1', 'before_end': 'default', 'on_start': 'default'}
    Waiting 5s before next attempt...

[Attempt 4/11] GPU Alt 2: gpu_p100 (36h)
    ✗ Failed: ERROR: Not enough resources available with query {'resource_type': 'physical:host', 'min': 1, 'max': 1, 'hypervisor_properties': '', 'resource_properties': '["=", "$node_type", "gpu_p100"]', 'start_date': datetime.datetime(2026, 2, 4, 23, 31), 'end_date': datetime.datetime(2026, 2, 6, 11, 31), 'project_id': '5b86b66c9be14a228da46d3ab15ef166', 'count_range': '1-1', 'before_end': 'default', 'on_start': 'default'}
    Waiting 5s before next attempt...

[Attempt 5/11] GPU Alt 3: gpu_m40 (72h)
    Waiting for lease activation (timeout: 300s)...
    ✓ Lease created and ACTIVE (ID: 49466707-99f3-49a0-9762-f66ba618d1a5)

============================================================
Reservation Fallback Report
============================================================
Status: ✓ SUCCESS
Message: ✓ Lease created and ACTIVE (ID: 49466707-99f3-49a0-9762-f66ba618d1a5)

Successful option:
  GPU Alt 3: gpu_m40 (72h)
  Node type: gpu_m40
  Duration: 72h

Fallback chain had 11 options

✓ Reservation successful: gpu_m40

============================================================
Step 6: Launch Bare Metal Server
============================================================

============================================================
Step 6: Launch Bare Metal Server
============================================================

Launching server:
  Name: auto-server-202602042332
  Image ID: c82b931e-4cf8-4366-9878-1ae941f24348
  Key: my-key
  Network ID: 1a03cf65-8fd6-4fce-94fd-bbaabe68a8e1
  Reservation ID: af08fe46-4cb7-40b9-937d-6467389e0efd

✓ Server creation initiated: fa275641-3070-4e55-adab-8f025c64c3d5

Waiting for server to become ACTIVE...
(This may take 10-30 minutes for bare metal)
  Status: BUILD
  Status: ACTIVE

✓ Server is ACTIVE

============================================================
Step 7: Assign Floating IP
============================================================
Creating new floating IP...
✓ Using floating IP: 129.114.108.220
✓ Floating IP attached

============================================================
✓ Provisioning Complete!
============================================================
Server Name: auto-server-202602042332
Server ID: fa275641-3070-4e55-adab-8f025c64c3d5
Lease ID: 49466707-99f3-49a0-9762-f66ba618d1a5
Reservation ID: af08fe46-4cb7-40b9-937d-6467389e0efd
Image: CC-Ubuntu22.04-CUDA
Node Type (requested): gpu_k80
Node Type (actual): gpu_m40
Floating IP: 129.114.108.220

SSH Connection:
  ssh ubuntu@129.114.108.220

✓ Info saved to: auto-server-202602042332_info.json
End:     2026-02-04T23:43:18Z (exit=0, duration=854s)
