Command: python 2.0/src/provision_v2.py --repo "https://github.com/perslev/U-Time" --site tacc
Start:   2026-03-13T03:13:54Z

============================================================
Automated Hardware Provisioning Tool v2.0
============================================================
✓ Configuration loaded
✓ AI client initialized
✓ OpenStack connection established

============================================================
Step 1: Repository Analysis
============================================================
✓ Repository cloned to: /tmp/U-Time

✓ Repository requirements analysis complete:
  CPU: 4 cores
  RAM: 8 GB
  GPU: Required
  GPU Memory: None GB
  Disk: 4096 GB
  OS: linux None
  CUDA: Required

============================================================
Step 2: Image Selection
============================================================
✓ Found 407 available CC-* images
✓ AI Stage 1: Selected 5 candidates
  Reasoning: The requirement specifies a Linux OS with CUDA support and GPU capabilities. The images selected are all Ubuntu-based with CUDA support, ensuring compatibility with GPU tasks. The selected images cover different versions of Ubuntu (20.04, 22.04, and 24.04) to provide flexibility in OS choice while meeting the CUDA requirement.

✓ Final Selection: CC-Ubuntu24.04-CUDA
  Image ID: a194dd4b-9fb6-4ded-b068-811e2ba74100

============================================================
Step 3: SSH Key Management
============================================================
✓ Keypair exists: my-key

============================================================
Step 4: Network Configuration
============================================================
✓ Found network: sharednet1 (ID: 1a03cf65-8fd6-4fce-94fd-bbaabe68a8e1)

============================================================
Discovering Available Resources
============================================================

Discovering resources at tacc site...
✓ Found 312 hosts
✓ Discovered 19 node types (ranked by availability & fit):
    compute_cascadelake_r: 56 reservable / 56 total | fit_score: 1.0
    compute_icelake_r650: 50 reservable / 52 total | fit_score: 1.0
    compute_zen3: 32 reservable / 32 total | fit_score: 1.0
    compute_skylake: 28 reservable / 32 total | fit_score: 1.0
    compute_cascadelake: 24 reservable / 24 total | fit_score: 1.0
    compute_icelake_r750: 18 reservable / 20 total | fit_score: 1.0
    compute_haswell_ib: 17 reservable / 17 total | fit_score: 1.0
    gpu_p100: 15 reservable / 15 total | fit_score: 2.0
    storage: 13 reservable / 21 total | fit_score: 0.2
    gpu_mi100: 8 reservable / 8 total | fit_score: 2.0
    compute_arm64: 8 reservable / 8 total | fit_score: 1.0
    compute_liqid: 8 reservable / 8 total | fit_score: 1.0
    compute_gigaio: 6 reservable / 6 total | fit_score: 1.0
    gpu_p100_nvlink: 4 reservable / 4 total | fit_score: 2.0
    gpu_h100: 2 reservable / 2 total | fit_score: 2.0
    gpu_k80: 2 reservable / 2 total | fit_score: 2.0
    gpu_m40: 2 reservable / 2 total | fit_score: 2.0
    storage_hierarchy: 2 reservable / 2 total | fit_score: 0.2
    gpu_p100_v100: 1 reservable / 1 total | fit_score: 2.0
✓ Found 19 node types available

✓ AI resource selection complete
  Node type: gpu_p100
  Reasoning: The user requires a GPU node. Among the available GPU nodes, gpu_p100 has the highest reservable count of 15, which maximizes the success rate for lease creation compared to other GPU options.
✓ AI selected node type: gpu_p100
  Reasoning: The user requires a GPU node. Among the available GPU nodes, gpu_p100 has the highest reservable count of 15, which maximizes the success rate for lease creation compared to other GPU options.

============================================================
Step 5: Create Hardware Reservation (with fallbacks)
============================================================

→ GPU required: Tiered fallback strategy:
   Tier 1 (GPU): 7 types
   Tier 2 (Compute): 10 types
   Tier 3 (KVM/VM): 0 types
   Total: 17 attempts

[1/17] Attempting: gpu_p100 [GPU (Tier 1)] (15 reservable / 15 total)
✓ AI determined duration: 72 hours
  Reasoning: The requirements indicate a need for a GPU with CUDA support and specific software installations, including TensorFlow, CUDA Toolkit, cuDNN SDK, and NVIDIA GPU drivers. These installations and configurations can be time-consuming, especially if troubleshooting is needed for compatibility issues. Additionally, the large disk size suggests significant data processing or storage needs, which may require extended computational time. Therefore, a 72-hour lease duration is recommended to ensure sufficient time for setup, processing, and any necessary adjustments.

Creating lease:
  Name: auto-202603130314-gpu_p100
  Node Type: gpu_p100
  Start: 2026-03-13 03:16
  End: 2026-03-16 03:16
  ✗ No capacity available for gpu_p100
  → Trying next option...

[2/17] Attempting: gpu_mi100 [GPU (Tier 1)] (8 reservable / 8 total)
✓ AI determined duration: 72 hours
  Reasoning: The requirements indicate a need for a GPU with specific CUDA and cuDNN versions, which suggests a machine learning or deep learning workload. Such tasks often involve training models, which can take a significant amount of time depending on the dataset size and model complexity. Additionally, the large disk space requirement of 4096 GB implies handling large datasets, further supporting the need for a longer lease duration. Therefore, a 72-hour lease is recommended to ensure sufficient time for setup, execution, and any necessary iterations or adjustments.

Creating lease:
  Name: auto-202603130314-gpu_mi100
  Node Type: gpu_mi100
  Start: 2026-03-13 03:16
  End: 2026-03-16 03:16
  ✗ No capacity available for gpu_mi100
  → Trying next option...

[3/17] Attempting: gpu_p100_nvlink [GPU (Tier 1)] (4 reservable / 4 total)
✓ AI determined duration: 72 hours
  Reasoning: The requirements indicate a need for a GPU with specific CUDA and cuDNN versions, which suggests a machine learning or deep learning workload. Such tasks often involve training models, which can be time-consuming depending on the dataset size and model complexity. Additionally, the large disk size requirement of 4096 GB suggests handling of substantial data. Given these factors, a lease duration of 72 hours is recommended to ensure sufficient time for setup, execution, and any necessary adjustments or retraining.

Creating lease:
  Name: auto-202603130314-gpu_p100_nvlink
  Node Type: gpu_p100_nvlink
  Start: 2026-03-13 03:16
  End: 2026-03-16 03:16
  ✗ No capacity available for gpu_p100_nvlink
  → Trying next option...

[4/17] Attempting: gpu_h100 [GPU (Tier 1)] (2 reservable / 2 total)
✓ AI determined duration: 72 hours
  Reasoning: The requirements indicate a need for a GPU with specific CUDA and cuDNN versions, which suggests a machine learning or deep learning workload. Such tasks often involve training models, which can be time-consuming. Given the large disk size of 4096 GB, it is likely that the workload involves handling large datasets. Therefore, a lease duration of 72 hours is recommended to ensure sufficient time for data processing, model training, and any necessary adjustments or retraining without interruption.

Creating lease:
  Name: auto-202603130314-gpu_h100
  Node Type: gpu_h100
  Start: 2026-03-13 03:16
  End: 2026-03-16 03:16
  ✗ No capacity available for gpu_h100
  → Trying next option...

[5/17] Attempting: gpu_k80 [GPU (Tier 1)] (2 reservable / 2 total)
✓ AI determined duration: 72 hours
  Reasoning: The requirements indicate a need for a GPU with specific CUDA and TensorFlow versions, which suggests a machine learning or deep learning workload. Such tasks often involve training models, which can take several days depending on the dataset size and model complexity. Additionally, the large disk space requirement of 4096 GB suggests handling substantial data, further indicating a potentially lengthy processing time. Thus, a lease duration of 72 hours is recommended to accommodate these needs.

Creating lease:
  Name: auto-202603130314-gpu_k80
  Node Type: gpu_k80
  Start: 2026-03-13 03:16
  End: 2026-03-16 03:16
  ✗ No capacity available for gpu_k80
  → Trying next option...
Traceback (most recent call last):
  File "2.0/src/provision_v2.py", line 512, in launch_server_with_sdk
    raise Exception("Timeout waiting for server activation")
Exception: Timeout waiting for server activation

During handling of the above exception, another exception occurred:

Traceback (most recent call last):
  File "2.0/src/provision_v2.py", line 740, in main
    server_id, server_info = launch_server_with_sdk(
  File "2.0/src/provision_v2.py", line 515, in launch_server_with_sdk
    raise Exception(f"Server launch failed: {str(e)}")
Exception: Server launch failed: Timeout waiting for server activation

During handling of the above exception, another exception occurred:

Traceback (most recent call last):
  File "/home/cc/EnvAgent-plus/2.0/src/kvm_launcher.py", line 49, in select_kvm_flavor
    raise Exception("No KVM-capable flavors available (only baremetal found)")
Exception: No KVM-capable flavors available (only baremetal found)

During handling of the above exception, another exception occurred:

Traceback (most recent call last):
  File "/home/cc/EnvAgent-plus/2.0/src/kvm_launcher.py", line 112, in launch_kvm_instance
    flavor_id = select_kvm_flavor(os_conn, cpu_cores, ram_gb, min_disk_gb=min_disk_gb)
  File "/home/cc/EnvAgent-plus/2.0/src/kvm_launcher.py", line 75, in select_kvm_flavor
    raise Exception(f"KVM flavor selection failed: {e}")
Exception: KVM flavor selection failed: No KVM-capable flavors available (only baremetal found)

During handling of the above exception, another exception occurred:

Traceback (most recent call last):
  File "2.0/src/provision_v2.py", line 758, in main
    server_id, server_info = launch_kvm_instance(
  File "/home/cc/EnvAgent-plus/2.0/src/kvm_launcher.py", line 168, in launch_kvm_instance
    raise Exception(f"KVM instance launch failed: {str(e)}")
Exception: KVM instance launch failed: KVM flavor selection failed: No KVM-capable flavors available (only baremetal found)

During handling of the above exception, another exception occurred:

Traceback (most recent call last):
  File "2.0/src/provision_v2.py", line 772, in main
    raise Exception(f"Complete provisioning failure across all tiers")
Exception: Complete provisioning failure across all tiers

[6/17] Attempting: gpu_m40 [GPU (Tier 1)] (2 reservable / 2 total)
✓ AI determined duration: 72 hours
  Reasoning: The requirements indicate a need for a GPU with specific CUDA and cuDNN versions, which suggests tasks related to machine learning or deep learning. Such tasks often involve training models, which can be time-consuming depending on the dataset and model complexity. Additionally, the large disk space requirement of 4096 GB suggests handling of large datasets or models. Given these factors, a lease duration of 72 hours is recommended to ensure sufficient time for setup, execution, and any necessary troubleshooting or iterations.

Creating lease:
  Name: auto-202603130314-gpu_m40
  Node Type: gpu_m40
  Start: 2026-03-13 03:16
  End: 2026-03-16 03:16
  ✗ No capacity available for gpu_m40
  → Trying next option...

[7/17] Attempting: gpu_p100_v100 [GPU (Tier 1)] (1 reservable / 1 total)
✓ AI determined duration: 72 hours
  Reasoning: The requirements indicate the need for a GPU with CUDA support and a large disk space of 4096 GB, suggesting a data-intensive machine learning or deep learning task. Such tasks often involve significant data processing and model training, which can take several days. Given the complexity and potential duration of these tasks, a lease duration of 72 hours is recommended to ensure sufficient time for completion and any necessary adjustments.

Creating lease:
  Name: auto-202603130314-gpu_p100_v100
  Node Type: gpu_p100_v100
  Start: 2026-03-13 03:17
  End: 2026-03-16 03:17
  ✗ No capacity available for gpu_p100_v100
  → Trying next option...

→ Switching to: Compute (Tier 2 - degraded)

[8/17] Attempting: compute_cascadelake_r [Compute (Tier 2 - degraded)] (56 reservable / 56 total)
✓ AI determined duration: 72 hours
  Reasoning: The requirements indicate a need for a GPU with specific CUDA and cuDNN versions, which suggests a machine learning or deep learning workload. Such tasks often involve training models, which can be time-consuming depending on the dataset size and model complexity. Additionally, the large disk space requirement of 4096 GB implies handling substantial data. Given these factors, a lease duration of 72 hours is reasonable to ensure sufficient time for setup, training, and any necessary iterations or adjustments.

Creating lease:
  Name: auto-202603130314-compute_cascadelake_r
  Node Type: compute_cascadelake_r
  Start: 2026-03-13 03:17
  End: 2026-03-16 03:17

✓ Lease created: ddefb207-fcbb-493a-9018-10b4fc3c9120

Waiting for lease to activate...
  Status: PENDING, waiting...
  Status: PENDING, waiting...
  Status: PENDING, waiting...
  Status: PENDING, waiting...
  Status: PENDING, waiting...
  Status: PENDING, waiting...
  Status: PENDING, waiting...
  Status: PENDING, waiting...
  Status: PENDING, waiting...
  Status: PENDING, waiting...
✓ Lease is ACTIVE
✓ Reservation ID: 7bb3bd93-5bc4-4062-95e9-5c7ef68b6806
✓ SUCCESS: Lease created with compute_cascadelake_r

✓ Final node type: compute_cascadelake_r

============================================================
Step 6: Launch Bare Metal Server
============================================================

Launching server:
  Name: auto-server-202603130314
  Image ID: a194dd4b-9fb6-4ded-b068-811e2ba74100
  Key: my-key
  Network ID: 1a03cf65-8fd6-4fce-94fd-bbaabe68a8e1
  Reservation ID: 7bb3bd93-5bc4-4062-95e9-5c7ef68b6806

✓ Server creation initiated: ff515f47-d083-41fc-bc0c-19a68d12d3d1

Waiting for server to become ACTIVE...
(This may take 10-30 minutes for bare metal)
  Status: BUILD

============================================================
TIER 4 FALLBACK: KVM Virtual Machines
============================================================
Blazar bare-metal exhausted: Server launch failed: Timeout waiting for server activation

→ Switching to direct Nova VM launch (no reservation needed)

  Launching KVM VM:
    Name: auto-server-202603130314
    Image ID: a194dd4b-9fb6-4ded-b068-811e2ba74100
    Key: my-key
    Network ID: 1a03cf65-8fd6-4fce-94fd-bbaabe68a8e1

  Selecting KVM flavor (CPU: 4, RAM: 8GB)...

✗ KVM VM fallback also failed: KVM instance launch failed: KVM flavor selection failed: No KVM-capable flavors available (only baremetal found)

✗ All provisioning tiers exhausted:
   Tier 1-3 (Blazar bare-metal): Server launch failed: Timeout waiting for server activation
   Tier 4 (KVM VMs): KVM instance launch failed: KVM flavor selection failed: No KVM-capable flavors available (only baremetal found)


✗ ERROR: Complete provisioning failure across all tiers
End:     2026-03-13T03:47:29Z (exit=1, duration=2015s)
