Command: python 2.0/src/provision_v2.py --repo "https://github.com/TIO-IKIM/CellViT-plus-plus" --site tacc
Start:   2026-03-13T01:59:42Z

============================================================
Automated Hardware Provisioning Tool v2.0
============================================================
✓ Configuration loaded
✓ AI client initialized
✓ OpenStack connection established

============================================================
Step 1: Repository Analysis
============================================================
✓ Repository cloned to: /tmp/CellViT-plus-plus

✓ Repository requirements analysis complete:
  CPU: 16 cores
  RAM: 32 GB
  GPU: Required
  GPU Memory: 24 GB
  Disk: 30 GB
  OS: ubuntu 20.04
  CUDA: Required

============================================================
Step 2: Image Selection
============================================================
✓ Found 407 available CC-* images
✓ AI Stage 1: Selected 5 candidates
  Reasoning: The requirements specify an Ubuntu 20.04 operating system with CUDA support. The selected images are all based on Ubuntu 20.04 and have CUDA support, which meets the CUDA and GPU requirements. The selected images are: 
1. CC-Ubuntu20.04-CUDA (ID: 91d8e584-bc97-4e81-a1e5-cf858ac3afd7)
2. CC-Ubuntu20.04-CUDA11 (ID: a5ed16a4-16fb-4b63-8e62-ad5989bec58a)
3. CC-Ubuntu20.04-CUDA-20241101 (ID: a8fddebf-0e01-47f1-ae35-cc7b1dd99ccc)
4. CC-Ubuntu20.04-CUDA-20241022 (ID: 5b9fcdd3-739b-4f83-9c9f-fc03c4926120)
5. CC-Ubuntu20.04-CUDA-20240326 (ID: 73a6b2a7-7d34-44c0-82cd-6c4d3b9579d0).
⚠ No candidates found, using fallback selection
✓ Fallback image: CC-Ubuntu22.04-CUDA

============================================================
Step 3: SSH Key Management
============================================================
✓ Keypair exists: my-key

============================================================
Step 4: Network Configuration
============================================================
✓ Found network: sharednet1 (ID: 1a03cf65-8fd6-4fce-94fd-bbaabe68a8e1)

============================================================
Discovering Available Resources
============================================================

Discovering resources at tacc site...
✓ Found 312 hosts
✓ Discovered 19 node types (ranked by availability & fit):
    compute_cascadelake_r: 56 reservable / 56 total | fit_score: 1.0
    compute_icelake_r650: 50 reservable / 52 total | fit_score: 1.0
    compute_zen3: 32 reservable / 32 total | fit_score: 1.0
    compute_skylake: 28 reservable / 32 total | fit_score: 1.0
    compute_cascadelake: 24 reservable / 24 total | fit_score: 1.0
    compute_icelake_r750: 18 reservable / 20 total | fit_score: 1.0
    compute_haswell_ib: 17 reservable / 17 total | fit_score: 1.0
    gpu_p100: 15 reservable / 15 total | fit_score: 2.0
    storage: 13 reservable / 21 total | fit_score: 0.2
    gpu_mi100: 8 reservable / 8 total | fit_score: 2.0
    compute_arm64: 8 reservable / 8 total | fit_score: 1.0
    compute_liqid: 8 reservable / 8 total | fit_score: 1.0
    compute_gigaio: 6 reservable / 6 total | fit_score: 1.0
    gpu_p100_nvlink: 4 reservable / 4 total | fit_score: 2.0
    gpu_h100: 2 reservable / 2 total | fit_score: 2.0
    gpu_k80: 2 reservable / 2 total | fit_score: 2.0
    gpu_m40: 2 reservable / 2 total | fit_score: 2.0
    storage_hierarchy: 2 reservable / 2 total | fit_score: 0.2
    gpu_p100_v100: 1 reservable / 1 total | fit_score: 2.0
✓ Found 19 node types available

✓ AI resource selection complete
  Node type: gpu_p100
  Reasoning: The gpu_p100 node type meets the GPU requirement and has the highest reservable count among GPU nodes, with 15 reservable units. This ensures a higher success rate for lease creation compared to other GPU options.
✓ AI selected node type: gpu_p100
  Reasoning: The gpu_p100 node type meets the GPU requirement and has the highest reservable count among GPU nodes, with 15 reservable units. This ensures a higher success rate for lease creation compared to other GPU options.

============================================================
Step 5: Create Hardware Reservation (with fallbacks)
============================================================

→ GPU required: Tiered fallback strategy:
   Tier 1 (GPU): 7 types
   Tier 2 (Compute): 10 types
   Tier 3 (KVM/VM): 0 types
   Total: 17 attempts

[1/17] Attempting: gpu_p100 [GPU (Tier 1)] (15 reservable / 15 total)
✓ AI determined duration: 48 hours
  Reasoning: The requirements indicate a need for a high-performance setup with a CUDA-capable GPU and specific software configurations such as PyTorch 2.2.2 and Docker support. These specifications suggest that the task might involve complex computations or machine learning workloads, which typically require more time. A 48-hour lease allows sufficient time for setup, execution, and any necessary adjustments or troubleshooting, especially if the user is running experiments or training models.

Creating lease:
  Name: auto-202603130200-gpu_p100
  Node Type: gpu_p100
  Start: 2026-03-13 02:02
  End: 2026-03-15 02:02

✓ Lease created: 3becde7d-a866-4ccf-8596-29b9169145d3

Waiting for lease to activate...
  Status: PENDING, waiting...
  Status: PENDING, waiting...
  Status: PENDING, waiting...
  Status: PENDING, waiting...
  Status: PENDING, waiting...
  Status: PENDING, waiting...
  Status: PENDING, waiting...
  Status: PENDING, waiting...
  Status: PENDING, waiting...
  Status: STARTING, waiting...
✓ Lease is ACTIVE
✓ Reservation ID: bff6a925-292b-45ec-98bb-a20619344c6d
✓ SUCCESS: Lease created with gpu_p100

✓ Final node type: gpu_p100

============================================================
Step 6: Launch Bare Metal Server
============================================================

Launching server:
  Name: auto-server-202603130200
  Image ID: c82b931e-4cf8-4366-9878-1ae941f24348
  Key: my-key
  Network ID: 1a03cf65-8fd6-4fce-94fd-bbaabe68a8e1
  Reservation ID: bff6a925-292b-45ec-98bb-a20619344c6d

✓ Server creation initiated: af444bfd-5be5-4a83-8ade-4e6b3c31c1e1

Waiting for server to become ACTIVE...
(This may take 10-30 minutes for bare metal)
  Status: BUILD
  Status: ACTIVE

✓ Server is ACTIVE

============================================================
Step 7: Assign Floating IP
============================================================
✓ Using floating IP: 129.114.109.32
✓ Floating IP attached

============================================================
✓ Provisioning Complete!
============================================================
Provisioning Type: Bare Metal (Blazar)
Server Name: auto-server-202603130200
Server ID: af444bfd-5be5-4a83-8ade-4e6b3c31c1e1
Lease ID: 3becde7d-a866-4ccf-8596-29b9169145d3
Reservation ID: bff6a925-292b-45ec-98bb-a20619344c6d
Image: CC-Ubuntu22.04-CUDA
Node Type: gpu_p100
Floating IP: 129.114.109.32

SSH Connection:
  ssh ubuntu@129.114.109.32

✓ Info saved to: auto-server-202603130200_info.json
End:     2026-03-13T02:12:24Z (exit=0, duration=762s)
