Command: python 2.0/src/provision_v2.py --repo "https://github.com/tokio-rs/bytes" --site tacc
Start:   2026-04-16T02:03:56Z

============================================================
Automated Hardware Provisioning Tool v2.0
============================================================
✓ Configuration loaded
✓ AI client initialized
✓ OpenStack connection established

============================================================
Step 1: Repository Analysis
============================================================
✓ Repository cloned to: /tmp/bytes

✓ Repository requirements analysis complete:
  CPU: None cores
  RAM: None GB
  GPU: Not required
  Disk: None GB
  OS: None None
  CUDA: Not required

============================================================
Step 2: Image Selection
============================================================
✓ Found 415 available CC-* images
✓ AI Stage 1: Selected 3 candidates
  Reasoning: The requirements specify that there are no constraints on OS type, version, CUDA, or GPU. Therefore, we can choose any general-purpose images that are not specifically tailored for CUDA or other specialized purposes. The selected candidates include the latest versions of Ubuntu (24.04 and 22.04) and CentOS (9-Stream), which are popular and widely used distributions suitable for a variety of applications.

✓ Final Selection: CC-Ubuntu24.04
  Image ID: 7cb5d6e0-e64c-4241-814a-1bfc21c04f10

============================================================
Step 3: SSH Key Management
============================================================
✓ Keypair exists: my-key

============================================================
Step 4: Network Configuration
============================================================
✓ Found network: sharednet1 (ID: 1a03cf65-8fd6-4fce-94fd-bbaabe68a8e1)

============================================================
Discovering Available Resources
============================================================

Discovering resources at tacc site...
✓ Found 312 hosts
✓ Discovered 19 node types (ranked by availability & fit):
    compute_cascadelake_r: 55 reservable / 56 total | fit_score: 1.0
    compute_icelake_r650: 50 reservable / 52 total | fit_score: 1.0
    compute_zen3: 32 reservable / 32 total | fit_score: 1.0
    compute_skylake: 26 reservable / 32 total | fit_score: 1.0
    compute_cascadelake: 24 reservable / 24 total | fit_score: 1.0
    compute_icelake_r750: 17 reservable / 20 total | fit_score: 1.0
    compute_haswell_ib: 17 reservable / 17 total | fit_score: 1.0
    gpu_p100: 15 reservable / 15 total | fit_score: 0.3
    storage: 13 reservable / 21 total | fit_score: 0.2
    compute_arm64: 8 reservable / 8 total | fit_score: 1.0
    compute_liqid: 8 reservable / 8 total | fit_score: 1.0
    gpu_mi100: 8 reservable / 8 total | fit_score: 0.3
    compute_gigaio: 6 reservable / 6 total | fit_score: 1.0
    gpu_p100_nvlink: 4 reservable / 4 total | fit_score: 0.3
    gpu_h100: 2 reservable / 2 total | fit_score: 0.3
    gpu_k80: 2 reservable / 2 total | fit_score: 0.3
    gpu_m40: 2 reservable / 2 total | fit_score: 0.3
    storage_hierarchy: 1 reservable / 2 total | fit_score: 0.2
    gpu_p100_v100: 1 reservable / 1 total | fit_score: 0.3
✓ Found 19 node types available

✓ AI resource selection complete
  Node type: compute_cascadelake_r
  Reasoning: The user does not have specific hardware requirements, so a general compute node is suitable. Among the available compute nodes, 'compute_cascadelake_r' has the highest reservable count of 55, maximizing the success rate for lease creation.
✓ AI selected node type: compute_cascadelake_r
  Reasoning: The user does not have specific hardware requirements, so a general compute node is suitable. Among the available compute nodes, 'compute_cascadelake_r' has the highest reservable count of 55, maximizing the success rate for lease creation.

============================================================
Step 5: Create Hardware Reservation (with fallbacks)
============================================================

→ Trying 17 node types (compute → KVM → others)

[1/17] Attempting: compute_cascadelake_r (55 reservable / 56 total)
✓ AI determined duration: 48 hours
  Reasoning: The requirements indicate a need for setting up a Rust development environment, including the installation of the Rust toolchain, Cargo package manager, and the nightly Rust toolchain for documentation. This setup process can be time-consuming, especially if the user needs to configure and test the environment. Additionally, the user might need extra time to work on projects or documentation using this setup. Therefore, a 48-hour lease duration is recommended to ensure ample time for setup, testing, and initial development work.

Creating lease:
  Name: auto-202604160204-compute_cascadelake_r
  Node Type: compute_cascadelake_r
  Start: 2026-04-16 02:06
  End: 2026-04-18 02:06

✓ Lease created: bf4d161f-8cc8-4bda-b110-9ccbbd83e83d

Waiting for lease to activate...
  Status: PENDING, waiting...
  Status: PENDING, waiting...
  Status: PENDING, waiting...
  Status: PENDING, waiting...
  Status: PENDING, waiting...
  Status: PENDING, waiting...
✓ Lease is ACTIVE
✓ Reservation ID: 397acc13-6dbd-48dd-8d72-b77fc386c72a
✓ SUCCESS: Lease created with compute_cascadelake_r

✓ Final node type: compute_cascadelake_r

============================================================
Step 6: Launch Bare Metal Server
============================================================

Launching server:
  Name: auto-server-202604160204
  Image ID: 7cb5d6e0-e64c-4241-814a-1bfc21c04f10
  Key: my-key
  Network ID: 1a03cf65-8fd6-4fce-94fd-bbaabe68a8e1
  Reservation ID: 397acc13-6dbd-48dd-8d72-b77fc386c72a

✓ Server creation initiated: c0c1f1c7-cb07-4f34-aa5e-9584bc567f19

Waiting for server to become ACTIVE...
(This may take 10-30 minutes for bare metal)
  Status: BUILD
  Status: ACTIVE

✓ Server is ACTIVE

============================================================
Step 7: Assign Floating IP
============================================================
Creating new floating IP...
✓ Using floating IP: 129.114.109.171
✓ Floating IP attached

============================================================
✓ Provisioning Complete!
============================================================
Provisioning Type: Bare Metal (Blazar)
Server Name: auto-server-202604160204
Server ID: c0c1f1c7-cb07-4f34-aa5e-9584bc567f19
Lease ID: bf4d161f-8cc8-4bda-b110-9ccbbd83e83d
Reservation ID: 397acc13-6dbd-48dd-8d72-b77fc386c72a
Image: CC-Ubuntu24.04
Node Type: compute_cascadelake_r
Floating IP: 129.114.109.171

SSH Connection:
  ssh ubuntu@129.114.109.171

✓ Info saved to: auto-server-202604160204_info.json
End:     2026-04-16T02:13:52Z (exit=0, duration=596s)
