Command: python 2.0/src/provision_v2.py --repo "https://github.com/rayon-rs/rayon" --site tacc
Start:   2026-04-16T01:53:00Z

============================================================
Automated Hardware Provisioning Tool v2.0
============================================================
✓ Configuration loaded
✓ AI client initialized
✓ OpenStack connection established

============================================================
Step 1: Repository Analysis
============================================================
✓ Repository cloned to: /tmp/rayon

✓ Repository requirements analysis complete:
  CPU: 1 cores
  RAM: 1 GB
  GPU: Not required
  Disk: None GB
  OS: None None
  CUDA: Not required

============================================================
Step 2: Image Selection
============================================================
✓ Found 415 available CC-* images
✓ AI Stage 1: Selected 3 candidates
  Reasoning: The requirements specify that there is no specific OS type or version required, and CUDA or GPU support is not needed. Therefore, the best candidates are the most recent and stable base images without additional features like CUDA or ARM64. The selected images are 'CC-CentOS9-Stream', 'CC-Ubuntu24.04', and 'CC-Ubuntu22.04', which are recent versions of popular Linux distributions without unnecessary features for the given requirements.
⚠ No candidates found, using fallback selection
✓ Fallback image: CC-Ubuntu22.04-CUDA

============================================================
Step 3: SSH Key Management
============================================================
✓ Keypair exists: my-key

============================================================
Step 4: Network Configuration
============================================================
✓ Found network: sharednet1 (ID: 1a03cf65-8fd6-4fce-94fd-bbaabe68a8e1)

============================================================
Discovering Available Resources
============================================================

Discovering resources at tacc site...
✓ Found 312 hosts
✓ Discovered 19 node types (ranked by availability & fit):
    compute_cascadelake_r: 55 reservable / 56 total | fit_score: 1.0
    compute_icelake_r650: 50 reservable / 52 total | fit_score: 1.0
    compute_zen3: 32 reservable / 32 total | fit_score: 1.0
    compute_skylake: 26 reservable / 32 total | fit_score: 1.0
    compute_cascadelake: 24 reservable / 24 total | fit_score: 1.0
    compute_icelake_r750: 17 reservable / 20 total | fit_score: 1.0
    compute_haswell_ib: 17 reservable / 17 total | fit_score: 1.0
    gpu_p100: 15 reservable / 15 total | fit_score: 0.3
    storage: 13 reservable / 21 total | fit_score: 0.2
    compute_arm64: 8 reservable / 8 total | fit_score: 1.0
    compute_liqid: 8 reservable / 8 total | fit_score: 1.0
    gpu_mi100: 8 reservable / 8 total | fit_score: 0.3
    compute_gigaio: 6 reservable / 6 total | fit_score: 1.0
    gpu_p100_nvlink: 4 reservable / 4 total | fit_score: 0.3
    gpu_h100: 2 reservable / 2 total | fit_score: 0.3
    gpu_k80: 2 reservable / 2 total | fit_score: 0.3
    gpu_m40: 2 reservable / 2 total | fit_score: 0.3
    storage_hierarchy: 1 reservable / 2 total | fit_score: 0.2
    gpu_p100_v100: 1 reservable / 1 total | fit_score: 0.3
✓ Found 19 node types available

✓ AI resource selection complete
  Node type: compute_cascadelake_r
  Reasoning: The compute_cascadelake_r node type has the highest reservable count of 55 among the general compute nodes that match the user's requirements of 1 CPU core and 1 GB RAM without needing a GPU. This high availability increases the likelihood of successful lease creation.
✓ AI selected node type: compute_cascadelake_r
  Reasoning: The compute_cascadelake_r node type has the highest reservable count of 55 among the general compute nodes that match the user's requirements of 1 CPU core and 1 GB RAM without needing a GPU. This high availability increases the likelihood of successful lease creation.

============================================================
Step 5: Create Hardware Reservation (with fallbacks)
============================================================

→ Trying 17 node types (compute → KVM → others)

[1/17] Attempting: compute_cascadelake_r (55 reservable / 56 total)
✓ AI determined duration: 24 hours
  Reasoning: The requirements specify a basic setup with 1 CPU core and 1 GB of RAM, without any GPU or specific OS demands. The only special requirement is Rust 1.85+, which is a relatively straightforward installation. Given the simplicity of the setup and the lack of complex dependencies, a 24-hour lease should be sufficient for most development or testing tasks involving Rust.

Creating lease:
  Name: auto-202604160153-compute_cascadelake_r
  Node Type: compute_cascadelake_r
  Start: 2026-04-16 01:55
  End: 2026-04-17 01:55

✓ Lease created: 626f412c-7d51-4d2a-bf91-530b717bb93e

Waiting for lease to activate...
  Status: PENDING, waiting...
  Status: PENDING, waiting...
  Status: PENDING, waiting...
  Status: PENDING, waiting...
  Status: PENDING, waiting...
  Status: PENDING, waiting...
  Status: PENDING, waiting...
✓ Lease is ACTIVE
✓ Reservation ID: c308f01c-8a97-4861-a15d-b67cac9a7f6d
✓ SUCCESS: Lease created with compute_cascadelake_r

✓ Final node type: compute_cascadelake_r

============================================================
Step 6: Launch Bare Metal Server
============================================================

Launching server:
  Name: auto-server-202604160153
  Image ID: 07263122-bade-4d24-a776-46f4f1c2e26a
  Key: my-key
  Network ID: 1a03cf65-8fd6-4fce-94fd-bbaabe68a8e1
  Reservation ID: c308f01c-8a97-4861-a15d-b67cac9a7f6d

✓ Server creation initiated: 04e34b6d-5da3-4c04-90cb-8c6b96ca6987

Waiting for server to become ACTIVE...
(This may take 10-30 minutes for bare metal)
  Status: BUILD
  Status: ACTIVE

✓ Server is ACTIVE

============================================================
Step 7: Assign Floating IP
============================================================
Creating new floating IP...
✓ Using floating IP: 129.114.109.43
✓ Floating IP attached

============================================================
✓ Provisioning Complete!
============================================================
Provisioning Type: Bare Metal (Blazar)
Server Name: auto-server-202604160153
Server ID: 04e34b6d-5da3-4c04-90cb-8c6b96ca6987
Lease ID: 626f412c-7d51-4d2a-bf91-530b717bb93e
Reservation ID: c308f01c-8a97-4861-a15d-b67cac9a7f6d
Image: CC-Ubuntu22.04-CUDA
Node Type: compute_cascadelake_r
Floating IP: 129.114.109.43

SSH Connection:
  ssh ubuntu@129.114.109.43

✓ Info saved to: auto-server-202604160153_info.json
End:     2026-04-16T02:03:51Z (exit=0, duration=651s)
