Command: python 2.0/src/provision_v2.py --repo "https://github.com/snu-csl/rfuse" --site tacc
Start:   2026-01-15T22:09:56Z

============================================================
Automated Hardware Provisioning Tool v2.0
============================================================
✓ Configuration loaded
✓ AI client initialized
✓ OpenStack connection established

============================================================
Step 1: Repository Analysis
============================================================
✓ Repository cloned to: /tmp/rfuse

✓ Repository requirements analysis complete:
  CPU: 80 cores
  RAM: 256 GB
  GPU: Not required
  Disk: None GB
  OS: ubuntu 20.04.5
  CUDA: Not required

============================================================
Step 2: Image Selection
============================================================
✓ Found 407 available CC-* images
✓ AI Stage 1: Selected 3 candidates
  Reasoning: The requirements specify an Ubuntu 20.04.5 base image without CUDA or GPU support. The images CC-Ubuntu20.04 (ID: 819473ad-b46c-48db-a2f6-53dead8204b0), CC-Ubuntu20.04-20240129 (ID: 2c6c435a-b259-4abe-822a-996aef1c5643), and CC-Ubuntu20.04-20231115 (ID: b9bcbc38-40bd-4083-8aee-58a41a5693c5) match these criteria as they are based on Ubuntu 20.04 and do not include CUDA support. These images are suitable candidates as they meet the specified OS version and do not have any unnecessary CUDA or GPU dependencies.
⚠ No candidates found, using fallback selection
✓ Fallback image: CC-Ubuntu22.04-CUDA

============================================================
Step 3: SSH Key Management
============================================================
✓ Keypair exists: my-key

============================================================
Step 4: Network Configuration
============================================================
✓ Found network: sharednet1 (ID: 1a03cf65-8fd6-4fce-94fd-bbaabe68a8e1)

============================================================
Discovering Available Resources
============================================================

Discovering resources at tacc site...
✓ Found 310 hosts
✓ Discovered 18 node types: compute_arm64, compute_cascadelake, compute_cascadelake_r, compute_gigaio, compute_haswell_ib, compute_icelake_r650, compute_icelake_r750, compute_liqid, compute_skylake, compute_zen3, gpu_k80, gpu_m40, gpu_mi100, gpu_p100, gpu_p100_nvlink, gpu_p100_v100, storage, storage_hierarchy
✓ Found 18 node types available

✓ AI resource selection complete
  Node type: compute_icelake_r750
  Reasoning: The user requires a node with 80 CPU cores and 256 GB of RAM, and does not require a GPU. Among the available compute nodes, the 'compute_icelake_r750' is likely to offer a high number of CPU cores and sufficient RAM to meet these requirements, given its naming convention suggesting a high-performance configuration.
✓ AI selected node type: compute_icelake_r750
  Reasoning: The user requires a node with 80 CPU cores and 256 GB of RAM, and does not require a GPU. Among the available compute nodes, the 'compute_icelake_r750' is likely to offer a high number of CPU cores and sufficient RAM to meet these requirements, given its naming convention suggesting a high-performance configuration.

✓ Target node type: compute_icelake_r750

============================================================
Step 5: Create Hardware Reservation
============================================================
✓ AI determined duration: 48 hours
  Reasoning: The request involves a high number of CPU cores and a large amount of RAM, indicating a potentially resource-intensive task. Additionally, the requirement for specific hardware (PCIe Gen 4.0 NVMe SSD) and software configurations (Linux kernel version 5.15.0) suggests that setting up and testing the environment might take additional time. Given these factors, a lease duration of 48 hours is recommended to ensure sufficient time for setup, execution, and any necessary troubleshooting.

Creating lease:
  Name: auto-compute_icelake_r750-202601152210
  Node Type: compute_icelake_r750
  Start: 2026-01-15 22:12
  End: 2026-01-17 22:12

✓ Lease created: a279f28c-dd32-43d2-bf34-6456360fffd5

Waiting for lease to activate...
  Status: PENDING, waiting...
  Status: PENDING, waiting...
  Status: PENDING, waiting...
  Status: PENDING, waiting...
  Status: PENDING, waiting...
  Status: PENDING, waiting...
  Status: PENDING, waiting...
  Status: PENDING, waiting...
  Status: PENDING, waiting...
✓ Lease is ACTIVE
✓ Reservation ID: 706f6011-8646-45fc-96a0-91d919484467

============================================================
Step 6: Launch Bare Metal Server
============================================================

Launching server:
  Name: auto-server-202601152212
  Image ID: c82b931e-4cf8-4366-9878-1ae941f24348
  Key: my-key
  Network ID: 1a03cf65-8fd6-4fce-94fd-bbaabe68a8e1
  Reservation ID: 706f6011-8646-45fc-96a0-91d919484467

✓ Server creation initiated: 34921420-e7f0-4b0c-b8ee-5cdb0028a8c9

Waiting for server to become ACTIVE...
(This may take 10-30 minutes for bare metal)
  Status: BUILD
  Status: ACTIVE

✓ Server is ACTIVE

============================================================
Step 7: Assign Floating IP
============================================================
Creating new floating IP...
✓ Using floating IP: 129.114.108.243
✓ Floating IP attached

============================================================
✓ Provisioning Complete!
============================================================
Server Name: auto-server-202601152212
Server ID: 34921420-e7f0-4b0c-b8ee-5cdb0028a8c9
Lease ID: a279f28c-dd32-43d2-bf34-6456360fffd5
Reservation ID: 706f6011-8646-45fc-96a0-91d919484467
Image: CC-Ubuntu22.04-CUDA
Node Type: compute_icelake_r750
Floating IP: 129.114.108.243

SSH Connection:
  ssh ubuntu@129.114.108.243

✓ Info saved to: auto-server-202601152212_info.json
End:     2026-01-15T22:21:26Z (exit=0, duration=690s)
