Command: python 2.0/src/provision_v2.py --repo "https://github.com/snu-csl/rfuse" --site tacc
Start:   2026-02-19T07:28:27Z

============================================================
Automated Hardware Provisioning Tool v2.0
============================================================
✓ Configuration loaded
✓ AI client initialized
✓ OpenStack connection established

============================================================
Step 1: Repository Analysis
============================================================
✓ Repository cloned to: /tmp/rfuse

✓ Repository requirements analysis complete:
  CPU: 80 cores
  RAM: 256 GB
  GPU: Not required
  Disk: None GB
  OS: ubuntu 20.04.5
  CUDA: Not required

============================================================
Step 2: Image Selection
============================================================
✓ Found 407 available CC-* images
✓ AI Stage 1: Selected 5 candidates
  Reasoning: The requirements specify an Ubuntu 20.04.5 image without CUDA or GPU support. The selected images are all based on Ubuntu 20.04 and do not have CUDA in their names, indicating they do not include CUDA support. These images meet the OS type and version requirements without unnecessary CUDA or GPU features.
⚠ No candidates found, using fallback selection
✓ Fallback image: CC-Ubuntu22.04-CUDA

============================================================
Step 3: SSH Key Management
============================================================
✓ Keypair exists: my-key

============================================================
Step 4: Network Configuration
============================================================
✓ Found network: sharednet1 (ID: 1a03cf65-8fd6-4fce-94fd-bbaabe68a8e1)

============================================================
Discovering Available Resources
============================================================

Discovering resources at tacc site...
✓ Found 310 hosts
✓ Discovered 18 node types (ranked by availability & fit):
    compute_cascadelake_r: 56 reservable / 56 total | fit_score: 1.0
    compute_icelake_r650: 50 reservable / 52 total | fit_score: 1.0
    compute_zen3: 32 reservable / 32 total | fit_score: 1.0
    compute_skylake: 29 reservable / 32 total | fit_score: 1.0
    compute_cascadelake: 24 reservable / 24 total | fit_score: 1.0
    compute_icelake_r750: 18 reservable / 20 total | fit_score: 1.0
    compute_haswell_ib: 17 reservable / 17 total | fit_score: 1.0
    gpu_p100: 15 reservable / 15 total | fit_score: 0.3
    storage: 13 reservable / 21 total | fit_score: 0.2
    compute_arm64: 8 reservable / 8 total | fit_score: 1.0
    compute_liqid: 8 reservable / 8 total | fit_score: 1.0
    gpu_mi100: 8 reservable / 8 total | fit_score: 0.3
    compute_gigaio: 6 reservable / 6 total | fit_score: 1.0
    gpu_p100_nvlink: 4 reservable / 4 total | fit_score: 0.3
    gpu_k80: 2 reservable / 2 total | fit_score: 0.3
    gpu_m40: 2 reservable / 2 total | fit_score: 0.3
    storage_hierarchy: 2 reservable / 2 total | fit_score: 0.2
    gpu_p100_v100: 1 reservable / 1 total | fit_score: 0.3
✓ Found 18 node types available

✓ AI resource selection complete
  Node type: compute_cascadelake_r
  Reasoning: The compute_cascadelake_r node type has the highest reservable count of 56 among the available compute nodes that meet the user's requirements for CPU cores and RAM. This maximizes the success rate for lease creation.
✓ AI selected node type: compute_cascadelake_r
  Reasoning: The compute_cascadelake_r node type has the highest reservable count of 56 among the available compute nodes that meet the user's requirements for CPU cores and RAM. This maximizes the success rate for lease creation.

============================================================
Step 5: Create Hardware Reservation (with fallbacks)
============================================================

→ Trying 16 node types (compute → KVM → others)

[1/16] Attempting: compute_cascadelake_r (56 reservable / 56 total)
✓ AI determined duration: 48 hours
  Reasoning: The requirements specify a high-performance setup with 80 CPU cores and 256 GB RAM, which suggests a need for substantial computational tasks. The special requirements, such as PCIe Gen 4.0 NVMe SSD and a specific Linux kernel version, indicate a need for a specialized environment that might take time to configure and test. Additionally, the use of Python 2, which is outdated, might require extra time for compatibility checks and adjustments. Given these factors, a lease duration of 48 hours is recommended to ensure sufficient time for setup, execution, and any necessary troubleshooting.

Creating lease:
  Name: auto-202602190729-compute_cascadelake_r
  Node Type: compute_cascadelake_r
  Start: 2026-02-19 07:31
  End: 2026-02-21 07:31
  ✗ No capacity available for compute_cascadelake_r
  → Trying next option...

[2/16] Attempting: compute_icelake_r650 (50 reservable / 52 total)
✓ AI determined duration: 48 hours
  Reasoning: The requirements include a high number of CPU cores and a large amount of RAM, suggesting a resource-intensive task. Additionally, the need for specific hardware (PCIe Gen 4.0 NVMe SSD) and software configurations (Linux kernel version 5.15.0, Python 2) indicates a complex setup that may require additional time for configuration and testing. The mention of Chameleon Cloud instance support suggests a research or experimental use case, which often benefits from extended access to resources. Therefore, a lease duration of 48 hours is recommended to ensure sufficient time for setup, execution, and any necessary adjustments.

Creating lease:
  Name: auto-202602190729-compute_icelake_r650
  Node Type: compute_icelake_r650
  Start: 2026-02-19 07:31
  End: 2026-02-21 07:31

✓ Lease created: 1c085d57-3e52-496c-ab0f-215fbccf9388

Waiting for lease to activate...
  Status: PENDING, waiting...
  Status: PENDING, waiting...
  Status: PENDING, waiting...
  Status: PENDING, waiting...
  Status: PENDING, waiting...
  Status: PENDING, waiting...
  Status: PENDING, waiting...
  Status: PENDING, waiting...
  Status: PENDING, waiting...
  Status: PENDING, waiting...
✓ Lease is ACTIVE
✓ Reservation ID: 7f937fd5-dcf2-4cd8-8886-145186da1c92
✓ SUCCESS: Lease created with compute_icelake_r650

✓ Final node type: compute_icelake_r650

============================================================
Step 6: Launch Bare Metal Server
============================================================

Launching server:
  Name: auto-server-202602190729
  Image ID: c82b931e-4cf8-4366-9878-1ae941f24348
  Key: my-key
  Network ID: 1a03cf65-8fd6-4fce-94fd-bbaabe68a8e1
  Reservation ID: 7f937fd5-dcf2-4cd8-8886-145186da1c92

✓ Server creation initiated: e9b75769-e62a-4edb-b565-b1b974edd7e2

Waiting for server to become ACTIVE...
(This may take 10-30 minutes for bare metal)
  Status: BUILD
  Status: ACTIVE

✓ Server is ACTIVE

============================================================
Step 7: Assign Floating IP
============================================================
Creating new floating IP...
✓ Using floating IP: 129.114.108.128
✓ Floating IP attached

============================================================
✓ Provisioning Complete!
============================================================
Provisioning Type: Bare Metal (Blazar)
Server Name: auto-server-202602190729
Server ID: e9b75769-e62a-4edb-b565-b1b974edd7e2
Lease ID: 1c085d57-3e52-496c-ab0f-215fbccf9388
Reservation ID: 7f937fd5-dcf2-4cd8-8886-145186da1c92
Image: CC-Ubuntu22.04-CUDA
Node Type: compute_icelake_r650
Floating IP: 129.114.108.128

SSH Connection:
  ssh ubuntu@129.114.108.128

✓ Info saved to: auto-server-202602190729_info.json
End:     2026-02-19T07:40:50Z (exit=0, duration=743s)
