Command: python 2.0/src/provision_v2.py --repo "https://github.com/iaoing/Silhouette" --site tacc
Start:   2026-02-19T06:55:30Z

============================================================
Automated Hardware Provisioning Tool v2.0
============================================================
✓ Configuration loaded
✓ AI client initialized
✓ OpenStack connection established

============================================================
Step 1: Repository Analysis
============================================================
✓ Repository cloned to: /tmp/Silhouette

✓ Repository requirements analysis complete:
  CPU: 1 cores
  RAM: 4 GB
  GPU: Not required
  Disk: 30 GB
  OS: ubuntu 22.x
  CUDA: Not required

============================================================
Step 2: Image Selection
============================================================
✓ Found 407 available CC-* images
✓ AI Stage 1: Selected 5 candidates
  Reasoning: The requirements specify an Ubuntu OS with version 22.x and no need for CUDA or GPU support. The selected images are all Ubuntu 22.04 without CUDA, matching the specified OS type and version. These images are suitable as they do not include unnecessary CUDA support, aligning with the requirement of CUDA not being needed.
⚠ No candidates found, using fallback selection
✓ Fallback image: CC-Ubuntu22.04-CUDA

============================================================
Step 3: SSH Key Management
============================================================
✓ Keypair exists: my-key

============================================================
Step 4: Network Configuration
============================================================
✓ Found network: sharednet1 (ID: 1a03cf65-8fd6-4fce-94fd-bbaabe68a8e1)

============================================================
Discovering Available Resources
============================================================

Discovering resources at tacc site...
✓ Found 310 hosts
✓ Discovered 18 node types (ranked by availability & fit):
    compute_cascadelake_r: 56 reservable / 56 total | fit_score: 1.0
    compute_icelake_r650: 50 reservable / 52 total | fit_score: 1.0
    compute_zen3: 32 reservable / 32 total | fit_score: 1.0
    compute_skylake: 29 reservable / 32 total | fit_score: 1.0
    compute_cascadelake: 24 reservable / 24 total | fit_score: 1.0
    compute_icelake_r750: 18 reservable / 20 total | fit_score: 1.0
    compute_haswell_ib: 17 reservable / 17 total | fit_score: 1.0
    gpu_p100: 15 reservable / 15 total | fit_score: 0.3
    storage: 13 reservable / 21 total | fit_score: 0.2
    compute_arm64: 8 reservable / 8 total | fit_score: 1.0
    compute_liqid: 8 reservable / 8 total | fit_score: 1.0
    gpu_mi100: 8 reservable / 8 total | fit_score: 0.3
    compute_gigaio: 6 reservable / 6 total | fit_score: 1.0
    gpu_p100_nvlink: 4 reservable / 4 total | fit_score: 0.3
    gpu_k80: 2 reservable / 2 total | fit_score: 0.3
    gpu_m40: 2 reservable / 2 total | fit_score: 0.3
    storage_hierarchy: 2 reservable / 2 total | fit_score: 0.2
    gpu_p100_v100: 1 reservable / 1 total | fit_score: 0.3
✓ Found 18 node types available

✓ AI resource selection complete
  Node type: compute_cascadelake_r
  Reasoning: The compute_cascadelake_r node type has the highest reservable count of 56 among the available compute nodes that meet the user's requirements of 1 CPU core, 4 GB RAM, and 30 GB disk without needing a GPU. This maximizes the success rate for lease creation due to its high availability.
✓ AI selected node type: compute_cascadelake_r
  Reasoning: The compute_cascadelake_r node type has the highest reservable count of 56 among the available compute nodes that meet the user's requirements of 1 CPU core, 4 GB RAM, and 30 GB disk without needing a GPU. This maximizes the success rate for lease creation due to its high availability.

============================================================
Step 5: Create Hardware Reservation (with fallbacks)
============================================================

→ Trying 16 node types (compute → KVM → others)

[1/16] Attempting: compute_cascadelake_r (56 reservable / 56 total)
✓ AI determined duration: 48 hours
  Reasoning: The requirements include setting up a virtualized environment with KVM and QEMU, which can be complex and time-consuming. Additionally, persistent memory support and SSH access setup may require additional configuration and testing. A 48-hour lease provides ample time for setup, testing, and any necessary adjustments or troubleshooting.

Creating lease:
  Name: auto-202602190655-compute_cascadelake_r
  Node Type: compute_cascadelake_r
  Start: 2026-02-19 06:57
  End: 2026-02-21 06:57

✓ Lease created: 6a9b42f3-9f4a-4e3c-8b31-5f861759aa37

Waiting for lease to activate...
  Status: PENDING, waiting...
  Status: PENDING, waiting...
  Status: PENDING, waiting...
  Status: PENDING, waiting...
  Status: PENDING, waiting...
  Status: PENDING, waiting...
  Status: PENDING, waiting...
✓ Lease is ACTIVE
✓ Reservation ID: 66cb1d62-fa76-4c33-b0c1-7a59da1f4ec9
✓ SUCCESS: Lease created with compute_cascadelake_r

✓ Final node type: compute_cascadelake_r

============================================================
Step 6: Launch Bare Metal Server
============================================================

Launching server:
  Name: auto-server-202602190655
  Image ID: c82b931e-4cf8-4366-9878-1ae941f24348
  Key: my-key
  Network ID: 1a03cf65-8fd6-4fce-94fd-bbaabe68a8e1
  Reservation ID: 66cb1d62-fa76-4c33-b0c1-7a59da1f4ec9

✓ Server creation initiated: 479a3bab-9a13-4a40-b166-d77c3a83c1ea

Waiting for server to become ACTIVE...
(This may take 10-30 minutes for bare metal)
  Status: BUILD
  Status: ACTIVE

✓ Server is ACTIVE

============================================================
Step 7: Assign Floating IP
============================================================
Creating new floating IP...
✓ Using floating IP: 129.114.108.183
✓ Floating IP attached

============================================================
✓ Provisioning Complete!
============================================================
Provisioning Type: Bare Metal (Blazar)
Server Name: auto-server-202602190655
Server ID: 479a3bab-9a13-4a40-b166-d77c3a83c1ea
Lease ID: 6a9b42f3-9f4a-4e3c-8b31-5f861759aa37
Reservation ID: 66cb1d62-fa76-4c33-b0c1-7a59da1f4ec9
Image: CC-Ubuntu22.04-CUDA
Node Type: compute_cascadelake_r
Floating IP: 129.114.108.183

SSH Connection:
  ssh ubuntu@129.114.108.183

✓ Info saved to: auto-server-202602190655_info.json
End:     2026-02-19T07:06:21Z (exit=0, duration=651s)
