Command: python 2.0/src/provision_v2.py --repo "https://github.com/RutgersCSSystems/crossprefetch-asplos24-artifacts" --site tacc
Start:   2026-01-15T20:10:46Z
Traceback (most recent call last):
  File "2.0/src/provision_v2.py", line 338, in create_lease_with_ai
    raise Exception("Lease entered ERROR state")
Exception: Lease entered ERROR state

During handling of the above exception, another exception occurred:

Traceback (most recent call last):
  File "2.0/src/provision_v2.py", line 582, in main
    lease_id, reservation_id = create_lease_with_ai(
  File "2.0/src/provision_v2.py", line 346, in create_lease_with_ai
    raise Exception(f"Lease creation failed: {str(e)}")
Exception: Lease creation failed: Lease entered ERROR state

============================================================
Automated Hardware Provisioning Tool v2.0
============================================================
✓ Configuration loaded
✓ AI client initialized
✓ OpenStack connection established

============================================================
Step 1: Repository Analysis
============================================================
✓ Repository cloned to: /tmp/crossprefetch-asplos24-artifacts

✓ Repository requirements analysis complete:
  CPU: 128 cores
  RAM: None GB
  GPU: Not required
  Disk: 350 GB
  OS: ubuntu None
  CUDA: Not required

============================================================
Step 2: Image Selection
============================================================
✓ Found 407 available CC-* images
✓ AI Stage 1: Selected 5 candidates
  Reasoning: The requirements specify an Ubuntu OS without a specific version, and no need for CUDA or GPU support. The selected images are Ubuntu base images without CUDA, covering the latest versions available (24.04, 22.04, and 20.04). These images meet the criteria of being Ubuntu-based and not including unnecessary CUDA support.
⚠ No candidates found, using fallback selection
✓ Fallback image: CC-Ubuntu22.04-CUDA

============================================================
Step 3: SSH Key Management
============================================================
✓ Keypair exists: my-key

============================================================
Step 4: Network Configuration
============================================================
✓ Found network: sharednet1 (ID: 1a03cf65-8fd6-4fce-94fd-bbaabe68a8e1)

============================================================
Discovering Available Resources
============================================================

Discovering resources at tacc site...
✓ Found 310 hosts
✓ Discovered 18 node types: compute_arm64, compute_cascadelake, compute_cascadelake_r, compute_gigaio, compute_haswell_ib, compute_icelake_r650, compute_icelake_r750, compute_liqid, compute_skylake, compute_zen3, gpu_k80, gpu_m40, gpu_mi100, gpu_p100, gpu_p100_nvlink, gpu_p100_v100, storage, storage_hierarchy
✓ Found 18 node types available

✓ AI resource selection complete
  Node type: compute_icelake_r750
  Reasoning: The user requires a node with 128 CPU cores and 350 GB of disk space, without the need for a GPU. Among the available compute nodes, 'compute_icelake_r750' is likely to offer a high number of CPU cores and sufficient disk space, making it the most suitable choice for the user's requirements.
✓ AI selected node type: compute_icelake_r750
  Reasoning: The user requires a node with 128 CPU cores and 350 GB of disk space, without the need for a GPU. Among the available compute nodes, 'compute_icelake_r750' is likely to offer a high number of CPU cores and sufficient disk space, making it the most suitable choice for the user's requirements.

✓ Target node type: compute_icelake_r750

============================================================
Step 5: Create Hardware Reservation
============================================================
✓ AI determined duration: 72 hours
  Reasoning: The requirements include several specialized configurations such as a modified Linux kernel, F2FS filesystem support, and a remote NVMe-oF setup, which are likely to require significant setup and testing time. Additionally, the use of a specific CloudLab Clemson node and NVMe SSDs suggests a need for high-performance and potentially complex experimentation. Given these factors, a lease duration of 72 hours is reasonable to allow sufficient time for setup, testing, and any necessary adjustments.

Creating lease:
  Name: auto-compute_icelake_r750-202601152011
  Node Type: compute_icelake_r750
  Start: 2026-01-15 20:13
  End: 2026-01-18 20:13

✓ Lease created: 9ce82e95-cbb8-4d40-9fb3-a80b1ca15fc5

Waiting for lease to activate...
  Status: PENDING, waiting...
  Status: PENDING, waiting...
  Status: PENDING, waiting...
  Status: PENDING, waiting...
  Status: PENDING, waiting...
  Status: PENDING, waiting...
  Status: PENDING, waiting...
  Status: PENDING, waiting...
  Status: PENDING, waiting...


✗ ERROR: Lease creation failed: Lease entered ERROR state
End:     2026-01-15T20:13:19Z (exit=1, duration=153s)
