Command: python 2.0/src/provision_v2.py --repo "https://github.com/elastic/logstash" --site tacc
Start:   2026-01-15T23:51:29Z

============================================================
Automated Hardware Provisioning Tool v2.0
============================================================
✓ Configuration loaded
✓ AI client initialized
✓ OpenStack connection established

============================================================
Step 1: Repository Analysis
============================================================
✓ Repository cloned to: /tmp/logstash

✓ Repository requirements analysis complete:
  CPU: 2 cores
  RAM: 4 GB
  GPU: Not required
  Disk: 10 GB
  OS: ubuntu 20.04
  CUDA: Not required

============================================================
Step 2: Image Selection
============================================================
✓ Found 407 available CC-* images
✓ AI Stage 1: Selected 5 candidates
  Reasoning: The requirements specify an Ubuntu 20.04 image without CUDA or GPU support. The selected images are all Ubuntu 20.04 base images without CUDA, meeting the criteria. These images are identified by their naming convention 'CC-Ubuntu20.04' and do not include '-CUDA' in their names, ensuring they do not have CUDA support.
⚠ No candidates found, using fallback selection
✓ Fallback image: CC-Ubuntu22.04-CUDA

============================================================
Step 3: SSH Key Management
============================================================
✓ Keypair exists: my-key

============================================================
Step 4: Network Configuration
============================================================
✓ Found network: sharednet1 (ID: 1a03cf65-8fd6-4fce-94fd-bbaabe68a8e1)

============================================================
Discovering Available Resources
============================================================

Discovering resources at tacc site...
✓ Found 310 hosts
✓ Discovered 18 node types: compute_arm64, compute_cascadelake, compute_cascadelake_r, compute_gigaio, compute_haswell_ib, compute_icelake_r650, compute_icelake_r750, compute_liqid, compute_skylake, compute_zen3, gpu_k80, gpu_m40, gpu_mi100, gpu_p100, gpu_p100_nvlink, gpu_p100_v100, storage, storage_hierarchy
✓ Found 18 node types available

✓ AI resource selection complete
  Node type: compute_skylake
  Reasoning: The user requires a general compute node with 2 CPU cores, 4 GB RAM, and 10 GB disk space, without any GPU. Among the available compute nodes, 'compute_skylake' is a suitable choice as it is a general-purpose compute node that can meet the user's requirements.
✓ AI selected node type: compute_skylake
  Reasoning: The user requires a general compute node with 2 CPU cores, 4 GB RAM, and 10 GB disk space, without any GPU. Among the available compute nodes, 'compute_skylake' is a suitable choice as it is a general-purpose compute node that can meet the user's requirements.

✓ Target node type: compute_skylake

============================================================
Step 5: Create Hardware Reservation
============================================================
✓ AI determined duration: 48 hours
  Reasoning: The requirements involve setting up a development environment with specific Java and Ruby tools, which may require additional time for configuration and testing. Building .rpm and .deb packages with fpm can also be time-consuming, especially if multiple iterations are needed. Therefore, a 48-hour lease provides a reasonable buffer to ensure all tasks can be completed without rushing.

Creating lease:
  Name: auto-compute_skylake-202601152352
  Node Type: compute_skylake
  Start: 2026-01-15 23:54
  End: 2026-01-17 23:54

✓ Lease created: 7c99d65d-9c32-4e75-9b28-f1b892779384

Waiting for lease to activate...
  Status: PENDING, waiting...
  Status: PENDING, waiting...
  Status: PENDING, waiting...
  Status: PENDING, waiting...
  Status: PENDING, waiting...
  Status: PENDING, waiting...
  Status: PENDING, waiting...
  Status: PENDING, waiting...
  Status: PENDING, waiting...
  Status: PENDING, waiting...
  Status: STARTING, waiting...
✓ Lease is ACTIVE
✓ Reservation ID: 78b6feba-3c2b-49a3-a7ab-d49785eb2019

============================================================
Step 6: Launch Bare Metal Server
============================================================

Launching server:
  Name: auto-server-202601152354
  Image ID: c82b931e-4cf8-4366-9878-1ae941f24348
  Key: my-key
  Network ID: 1a03cf65-8fd6-4fce-94fd-bbaabe68a8e1
  Reservation ID: 78b6feba-3c2b-49a3-a7ab-d49785eb2019

✓ Server creation initiated: efbcac5a-5895-4501-9952-e1cf63779e26

Waiting for server to become ACTIVE...
(This may take 10-30 minutes for bare metal)
  Status: BUILD
  Status: ACTIVE

✓ Server is ACTIVE

============================================================
Step 7: Assign Floating IP
============================================================
Creating new floating IP...
✓ Using floating IP: 129.114.109.59
✓ Floating IP attached

============================================================
✓ Provisioning Complete!
============================================================
Server Name: auto-server-202601152354
Server ID: efbcac5a-5895-4501-9952-e1cf63779e26
Lease ID: 7c99d65d-9c32-4e75-9b28-f1b892779384
Reservation ID: 78b6feba-3c2b-49a3-a7ab-d49785eb2019
Image: CC-Ubuntu22.04-CUDA
Node Type: compute_skylake
Floating IP: 129.114.109.59

SSH Connection:
  ssh ubuntu@129.114.109.59

✓ Info saved to: auto-server-202601152354_info.json
End:     2026-01-16T00:01:23Z (exit=0, duration=594s)
