Command: python 2.0/src/provision_v2.py --repo "https://github.com/fmtlib/fmt" --site tacc
Start:   2026-02-19T00:50:24Z

============================================================
Automated Hardware Provisioning Tool v2.0
============================================================
✓ Configuration loaded
✓ AI client initialized
✓ OpenStack connection established

============================================================
Step 1: Repository Analysis
============================================================
✓ Repository cloned to: /tmp/fmt

✓ Repository requirements analysis complete:
  CPU: 1 cores
  RAM: 1 GB
  GPU: Not required
  Disk: 1 GB
  OS: None None
  CUDA: Not required

============================================================
Step 2: Image Selection
============================================================
✓ Found 407 available CC-* images
✓ AI Stage 1: Selected 3 candidates
  Reasoning: The requirements specify no particular OS type or version, and CUDA or GPU support is not needed. Therefore, the best candidates are general-purpose, recent, and stable images without CUDA or specialized hardware support. The selected images include the latest stable releases of Ubuntu 24.04 and 22.04, as well as CentOS 9 Stream, which are widely used and offer good support for a variety of applications.

✓ Final Selection: CC-Ubuntu24.04
  Image ID: 1b993456-987a-421b-afbf-29aa618565da

============================================================
Step 3: SSH Key Management
============================================================
✓ Keypair exists: my-key

============================================================
Step 4: Network Configuration
============================================================
✓ Found network: sharednet1 (ID: 1a03cf65-8fd6-4fce-94fd-bbaabe68a8e1)

============================================================
Discovering Available Resources
============================================================

Discovering resources at tacc site...
✓ Found 310 hosts
✓ Discovered 18 node types (ranked by availability & fit):
    compute_cascadelake_r: 56 reservable / 56 total | fit_score: 1.0
    compute_icelake_r650: 50 reservable / 52 total | fit_score: 1.0
    compute_zen3: 32 reservable / 32 total | fit_score: 1.0
    compute_skylake: 29 reservable / 32 total | fit_score: 1.0
    compute_cascadelake: 24 reservable / 24 total | fit_score: 1.0
    compute_icelake_r750: 18 reservable / 20 total | fit_score: 1.0
    compute_haswell_ib: 17 reservable / 17 total | fit_score: 1.0
    gpu_p100: 15 reservable / 15 total | fit_score: 0.3
    storage: 13 reservable / 21 total | fit_score: 0.2
    compute_arm64: 8 reservable / 8 total | fit_score: 1.0
    compute_liqid: 8 reservable / 8 total | fit_score: 1.0
    gpu_mi100: 8 reservable / 8 total | fit_score: 0.3
    compute_gigaio: 6 reservable / 6 total | fit_score: 1.0
    gpu_p100_nvlink: 4 reservable / 4 total | fit_score: 0.3
    gpu_k80: 2 reservable / 2 total | fit_score: 0.3
    gpu_m40: 2 reservable / 2 total | fit_score: 0.3
    storage_hierarchy: 2 reservable / 2 total | fit_score: 0.2
    gpu_p100_v100: 1 reservable / 1 total | fit_score: 0.3
✓ Found 18 node types available

✓ AI resource selection complete
  Node type: compute_cascadelake_r
  Reasoning: The compute_cascadelake_r node type has the highest reservable count of 56 among the available general compute nodes that match the user's requirements. This ensures the highest availability and success rate for lease creation.
✓ AI selected node type: compute_cascadelake_r
  Reasoning: The compute_cascadelake_r node type has the highest reservable count of 56 among the available general compute nodes that match the user's requirements. This ensures the highest availability and success rate for lease creation.

============================================================
Step 5: Create Hardware Reservation (with fallbacks)
============================================================

→ Trying 16 node types (compute → KVM → others)

[1/16] Attempting: compute_cascadelake_r (56 reservable / 56 total)
✓ AI determined duration: 24 hours
  Reasoning: The resource requirements are minimal, with no specific constraints or special requirements mentioned. A default lease duration of 24 hours is appropriate to cover general usage scenarios without additional context.

Creating lease:
  Name: auto-202602190050-compute_cascadelake_r
  Node Type: compute_cascadelake_r
  Start: 2026-02-19 00:52
  End: 2026-02-20 00:52

✓ Lease created: 23d4cc3e-7118-4bbb-8587-96b7448181c6

Waiting for lease to activate...
  Status: PENDING, waiting...
  Status: PENDING, waiting...
  Status: PENDING, waiting...
  Status: PENDING, waiting...
  Status: PENDING, waiting...
  Status: PENDING, waiting...
  Status: PENDING, waiting...
✓ Lease is ACTIVE
✓ Reservation ID: 5bdeec61-ada6-49b2-a4f1-74ae0d8b67d7
✓ SUCCESS: Lease created with compute_cascadelake_r

✓ Final node type: compute_cascadelake_r

============================================================
Step 6: Launch Bare Metal Server
============================================================

Launching server:
  Name: auto-server-202602190052
  Image ID: 1b993456-987a-421b-afbf-29aa618565da
  Key: my-key
  Network ID: 1a03cf65-8fd6-4fce-94fd-bbaabe68a8e1
  Reservation ID: 5bdeec61-ada6-49b2-a4f1-74ae0d8b67d7

✓ Server creation initiated: ea4f69a9-5c22-49a4-a890-5b242dcb7a5f

Waiting for server to become ACTIVE...
(This may take 10-30 minutes for bare metal)
  Status: BUILD
  Status: ACTIVE

✓ Server is ACTIVE

============================================================
Step 7: Assign Floating IP
============================================================
Creating new floating IP...
✓ Using floating IP: 129.114.108.46
✓ Floating IP attached

============================================================
✓ Provisioning Complete!
============================================================
Server Name: auto-server-202602190052
Server ID: ea4f69a9-5c22-49a4-a890-5b242dcb7a5f
Lease ID: 23d4cc3e-7118-4bbb-8587-96b7448181c6
Reservation ID: 5bdeec61-ada6-49b2-a4f1-74ae0d8b67d7
Image: CC-Ubuntu24.04
Node Type: compute_cascadelake_r
Floating IP: 129.114.108.46

SSH Connection:
  ssh ubuntu@129.114.108.46

✓ Info saved to: auto-server-202602190052_info.json
End:     2026-02-19T00:59:20Z (exit=0, duration=536s)
