Command: python 2.0/src/provision_v2.py --repo "https://github.com/ponylang/ponyc" --site tacc
Start:   2026-01-15T23:15:52Z

============================================================
Automated Hardware Provisioning Tool v2.0
============================================================
✓ Configuration loaded
✓ AI client initialized
✓ OpenStack connection established

============================================================
Step 1: Repository Analysis
============================================================
✓ Repository cloned to: /tmp/ponyc

✓ Repository requirements analysis complete:
  CPU: 2 cores
  RAM: 4 GB
  GPU: Not required
  Disk: 10 GB
  OS: linux None
  CUDA: Not required

============================================================
Step 2: Image Selection
============================================================
✓ Found 407 available CC-* images
✓ AI Stage 1: Selected 5 candidates
  Reasoning: The requirements specify a Linux OS without the need for CUDA or GPU support. The selected images are all Linux distributions without CUDA in their naming, indicating they do not have CUDA support. The images chosen are the latest versions of Ubuntu and CentOS, which are popular and widely used Linux distributions. These images provide a variety of versions and architectures, ensuring compatibility with different systems and use cases.
⚠ No candidates found, using fallback selection
✓ Fallback image: CC-Ubuntu22.04-CUDA

============================================================
Step 3: SSH Key Management
============================================================
✓ Keypair exists: my-key

============================================================
Step 4: Network Configuration
============================================================
✓ Found network: sharednet1 (ID: 1a03cf65-8fd6-4fce-94fd-bbaabe68a8e1)

============================================================
Discovering Available Resources
============================================================

Discovering resources at tacc site...
✓ Found 310 hosts
✓ Discovered 18 node types: compute_arm64, compute_cascadelake, compute_cascadelake_r, compute_gigaio, compute_haswell_ib, compute_icelake_r650, compute_icelake_r750, compute_liqid, compute_skylake, compute_zen3, gpu_k80, gpu_m40, gpu_mi100, gpu_p100, gpu_p100_nvlink, gpu_p100_v100, storage, storage_hierarchy
✓ Found 18 node types available

✓ AI resource selection complete
  Node type: compute_cascadelake
  Reasoning: The user does not require a GPU, so we should select a general compute node. The compute_cascadelake node type is a suitable choice as it is a general compute node that can meet the user's requirements of 2 CPU cores, 4 GB RAM, and 10 GB disk space.
✓ AI selected node type: compute_cascadelake
  Reasoning: The user does not require a GPU, so we should select a general compute node. The compute_cascadelake node type is a suitable choice as it is a general compute node that can meet the user's requirements of 2 CPU cores, 4 GB RAM, and 10 GB disk space.

✓ Target node type: compute_cascadelake

============================================================
Step 5: Create Hardware Reservation
============================================================
✓ AI determined duration: 48 hours
  Reasoning: The requirements specify support for multiple CPU architectures, including 64-bit and partial support for 32-bit architectures, which may involve additional testing or configuration. Given the complexity of ensuring compatibility across these architectures, a longer lease duration of 48 hours is recommended to allow sufficient time for setup, testing, and any necessary adjustments.

Creating lease:
  Name: auto-compute_cascadelake-202601152316
  Node Type: compute_cascadelake
  Start: 2026-01-15 23:18
  End: 2026-01-17 23:18

✓ Lease created: 5ec2c644-2e0f-4f44-82bc-d8ae066cdbec

Waiting for lease to activate...
  Status: PENDING, waiting...
  Status: PENDING, waiting...
  Status: PENDING, waiting...
  Status: PENDING, waiting...
  Status: PENDING, waiting...
  Status: PENDING, waiting...
  Status: PENDING, waiting...
  Status: PENDING, waiting...
  Status: PENDING, waiting...
  Status: PENDING, waiting...
  Status: STARTING, waiting...
✓ Lease is ACTIVE
✓ Reservation ID: 38fec3f6-2352-4530-8786-4300d7ac18cf

============================================================
Step 6: Launch Bare Metal Server
============================================================

Launching server:
  Name: auto-server-202601152318
  Image ID: c82b931e-4cf8-4366-9878-1ae941f24348
  Key: my-key
  Network ID: 1a03cf65-8fd6-4fce-94fd-bbaabe68a8e1
  Reservation ID: 38fec3f6-2352-4530-8786-4300d7ac18cf

✓ Server creation initiated: 2f46f6b4-1bbb-4bbc-a474-8de523069144

Waiting for server to become ACTIVE...
(This may take 10-30 minutes for bare metal)
  Status: BUILD
  Status: ACTIVE

✓ Server is ACTIVE

============================================================
Step 7: Assign Floating IP
============================================================
Creating new floating IP...
✓ Using floating IP: 129.114.108.188
✓ Floating IP attached

============================================================
✓ Provisioning Complete!
============================================================
Server Name: auto-server-202601152318
Server ID: 2f46f6b4-1bbb-4bbc-a474-8de523069144
Lease ID: 5ec2c644-2e0f-4f44-82bc-d8ae066cdbec
Reservation ID: 38fec3f6-2352-4530-8786-4300d7ac18cf
Image: CC-Ubuntu22.04-CUDA
Node Type: compute_cascadelake
Floating IP: 129.114.108.188

SSH Connection:
  ssh ubuntu@129.114.108.188

✓ Info saved to: auto-server-202601152318_info.json
End:     2026-01-15T23:27:01Z (exit=0, duration=669s)
