Command: python 2.0/src/provision_v2.py --repo "https://github.com/sumonbis/Fairify" --site tacc
Start:   2026-01-15T20:23:04Z

============================================================
Automated Hardware Provisioning Tool v2.0
============================================================
✓ Configuration loaded
✓ AI client initialized
✓ OpenStack connection established

============================================================
Step 1: Repository Analysis
============================================================
✓ Repository cloned to: /tmp/Fairify

✓ Repository requirements analysis complete:
  CPU: 2 cores
  RAM: 4 GB
  GPU: Not required
  Disk: 10 GB
  OS: ubuntu 20.04
  CUDA: Not required

============================================================
Step 2: Image Selection
============================================================
✓ Found 407 available CC-* images
✓ AI Stage 1: Selected 5 candidates
  Reasoning: The selected images meet the requirements of being Ubuntu 20.04 without CUDA support. The images chosen are: CC-Ubuntu20.04 (ID: 819473ad-b46c-48db-a2f6-53dead8204b0), CC-Ubuntu20.04-20240129 (ID: 2c6c435a-b259-4abe-822a-996aef1c5643), CC-Ubuntu20.04-20231115 (ID: b9bcbc38-40bd-4083-8aee-58a41a5693c5), CC-Ubuntu20.04-20230224 (ID: ecb2ffc4-90a8-4c8b-b9ed-a141392d8359), and CC-Ubuntu20.04-20221007 (ID: f7bda56f-4514-4286-8fd9-796e9f4048a0). These images are the most recent and do not include CUDA, which aligns with the specified requirements.
⚠ No candidates found, using fallback selection
✓ Fallback image: CC-Ubuntu22.04-CUDA

============================================================
Step 3: SSH Key Management
============================================================
✓ Keypair exists: my-key

============================================================
Step 4: Network Configuration
============================================================
✓ Found network: sharednet1 (ID: 1a03cf65-8fd6-4fce-94fd-bbaabe68a8e1)

============================================================
Discovering Available Resources
============================================================

Discovering resources at tacc site...
✓ Found 310 hosts
✓ Discovered 18 node types: compute_arm64, compute_cascadelake, compute_cascadelake_r, compute_gigaio, compute_haswell_ib, compute_icelake_r650, compute_icelake_r750, compute_liqid, compute_skylake, compute_zen3, gpu_k80, gpu_m40, gpu_mi100, gpu_p100, gpu_p100_nvlink, gpu_p100_v100, storage, storage_hierarchy
✓ Found 18 node types available

✓ AI resource selection complete
  Node type: compute_cascadelake
  Reasoning: The user requires a node with 2 CPU cores, 4 GB RAM, and 10 GB disk space without a GPU. The 'compute_cascadelake' node type is a general compute node that is likely to meet the CPU and RAM requirements without the need for GPU resources. It is a suitable choice given the user's requirements and the available node types.
✓ AI selected node type: compute_cascadelake
  Reasoning: The user requires a node with 2 CPU cores, 4 GB RAM, and 10 GB disk space without a GPU. The 'compute_cascadelake' node type is a general compute node that is likely to meet the CPU and RAM requirements without the need for GPU resources. It is a suitable choice given the user's requirements and the available node types.

✓ Target node type: compute_cascadelake

============================================================
Step 5: Create Hardware Reservation
============================================================
✓ AI determined duration: 48 hours
  Reasoning: The requirements include installing specific versions of libraries like TensorFlow and AIF360, which may require additional setup and testing time to ensure compatibility and performance. Additionally, the use of the z3-solver suggests potential computational tasks that could be time-intensive. A 48-hour lease provides ample time for setup, testing, and any necessary troubleshooting.

Creating lease:
  Name: auto-compute_cascadelake-202601152023
  Node Type: compute_cascadelake
  Start: 2026-01-15 20:25
  End: 2026-01-17 20:25

✓ Lease created: 9f79cf6b-e565-4bb1-aa94-11553d514b29

Waiting for lease to activate...
  Status: PENDING, waiting...
  Status: PENDING, waiting...
  Status: PENDING, waiting...
  Status: PENDING, waiting...
  Status: PENDING, waiting...
  Status: PENDING, waiting...
  Status: PENDING, waiting...
  Status: PENDING, waiting...
  Status: STARTING, waiting...
✓ Lease is ACTIVE
✓ Reservation ID: ddd68936-9e5e-463c-ac10-c77741779c42

============================================================
Step 6: Launch Bare Metal Server
============================================================

Launching server:
  Name: auto-server-202601152025
  Image ID: c82b931e-4cf8-4366-9878-1ae941f24348
  Key: my-key
  Network ID: 1a03cf65-8fd6-4fce-94fd-bbaabe68a8e1
  Reservation ID: ddd68936-9e5e-463c-ac10-c77741779c42

✓ Server creation initiated: 19008873-ce2d-4e30-a707-4af43e7febc2

Waiting for server to become ACTIVE...
(This may take 10-30 minutes for bare metal)
  Status: BUILD
  Status: ACTIVE

✓ Server is ACTIVE

============================================================
Step 7: Assign Floating IP
============================================================
Creating new floating IP...
✓ Using floating IP: 129.114.109.32
✓ Floating IP attached

============================================================
✓ Provisioning Complete!
============================================================
Server Name: auto-server-202601152025
Server ID: 19008873-ce2d-4e30-a707-4af43e7febc2
Lease ID: 9f79cf6b-e565-4bb1-aa94-11553d514b29
Reservation ID: ddd68936-9e5e-463c-ac10-c77741779c42
Image: CC-Ubuntu22.04-CUDA
Node Type: compute_cascadelake
Floating IP: 129.114.109.32

SSH Connection:
  ssh ubuntu@129.114.109.32

✓ Info saved to: auto-server-202601152025_info.json
End:     2026-01-15T20:33:50Z (exit=0, duration=646s)
