Command: python 2.0/src/provision_v2.py --repo "https://github.com/clap-rs/clap" --site tacc
Start:   2026-04-16T00:35:01Z

============================================================
Automated Hardware Provisioning Tool v2.0
============================================================
✓ Configuration loaded
✓ AI client initialized
✓ OpenStack connection established

============================================================
Step 1: Repository Analysis
============================================================
✓ Repository cloned to: /tmp/clap

✓ Repository requirements analysis complete:
  CPU: None cores
  RAM: None GB
  GPU: Not required
  Disk: None GB
  OS: None None
  CUDA: Not required

============================================================
Step 2: Image Selection
============================================================
✓ Found 415 available CC-* images
✓ AI Stage 1: Selected 3 candidates
  Reasoning: The requirements specify no particular OS type, version, or CUDA/GPU support, allowing for a broad selection. The chosen images are recent, stable releases of popular Linux distributions without CUDA or GPU dependencies: Ubuntu 24.04, Ubuntu 22.04, and CentOS 9 Stream. These images are likely to be well-supported and suitable for a wide range of applications.

✓ Final Selection: CC-Ubuntu24.04
  Image ID: 7cb5d6e0-e64c-4241-814a-1bfc21c04f10

============================================================
Step 3: SSH Key Management
============================================================
✓ Keypair exists: my-key

============================================================
Step 4: Network Configuration
============================================================
✓ Found network: sharednet1 (ID: 1a03cf65-8fd6-4fce-94fd-bbaabe68a8e1)

============================================================
Discovering Available Resources
============================================================

Discovering resources at tacc site...
✓ Found 312 hosts
✓ Discovered 19 node types (ranked by availability & fit):
    compute_cascadelake_r: 55 reservable / 56 total | fit_score: 1.0
    compute_icelake_r650: 50 reservable / 52 total | fit_score: 1.0
    compute_zen3: 32 reservable / 32 total | fit_score: 1.0
    compute_skylake: 26 reservable / 32 total | fit_score: 1.0
    compute_cascadelake: 24 reservable / 24 total | fit_score: 1.0
    compute_icelake_r750: 17 reservable / 20 total | fit_score: 1.0
    compute_haswell_ib: 17 reservable / 17 total | fit_score: 1.0
    gpu_p100: 15 reservable / 15 total | fit_score: 0.3
    storage: 13 reservable / 21 total | fit_score: 0.2
    compute_arm64: 8 reservable / 8 total | fit_score: 1.0
    compute_liqid: 8 reservable / 8 total | fit_score: 1.0
    gpu_mi100: 8 reservable / 8 total | fit_score: 0.3
    compute_gigaio: 6 reservable / 6 total | fit_score: 1.0
    gpu_p100_nvlink: 4 reservable / 4 total | fit_score: 0.3
    gpu_h100: 2 reservable / 2 total | fit_score: 0.3
    gpu_k80: 2 reservable / 2 total | fit_score: 0.3
    gpu_m40: 2 reservable / 2 total | fit_score: 0.3
    storage_hierarchy: 1 reservable / 2 total | fit_score: 0.2
    gpu_p100_v100: 1 reservable / 1 total | fit_score: 0.3
✓ Found 19 node types available

✓ AI resource selection complete
  Node type: compute_cascadelake_r
  Reasoning: The user does not require a GPU, and the compute_cascadelake_r node type has the highest reservable count of 55 among the general compute nodes, ensuring higher availability and a higher success rate for lease creation.
✓ AI selected node type: compute_cascadelake_r
  Reasoning: The user does not require a GPU, and the compute_cascadelake_r node type has the highest reservable count of 55 among the general compute nodes, ensuring higher availability and a higher success rate for lease creation.

============================================================
Step 5: Create Hardware Reservation (with fallbacks)
============================================================

→ Trying 17 node types (compute → KVM → others)

[1/17] Attempting: compute_cascadelake_r (55 reservable / 56 total)
✓ AI determined duration: 24 hours
  Reasoning: The requirements specify the need for Rust and Cargo, which are typically used for software development and compilation tasks. These tasks can vary significantly in duration depending on the complexity of the project. Without specific information on the project's size or complexity, a default lease duration of 24 hours is appropriate to accommodate a typical development cycle and allow for flexibility.

Creating lease:
  Name: auto-202604160035-compute_cascadelake_r
  Node Type: compute_cascadelake_r
  Start: 2026-04-16 00:37
  End: 2026-04-17 00:37
  ✗ No capacity available for compute_cascadelake_r
  → Trying next option...

[2/17] Attempting: compute_icelake_r650 (50 reservable / 52 total)
✓ AI determined duration: 24 hours
  Reasoning: The requirements specify the need for Rust and Cargo, which are typically used for software development and compilation tasks. These tasks can vary significantly in duration depending on the complexity of the project. Without specific details on the project's scope or urgency, a default lease duration of 24 hours is appropriate to provide sufficient time for development and testing activities.

Creating lease:
  Name: auto-202604160035-compute_icelake_r650
  Node Type: compute_icelake_r650
  Start: 2026-04-16 00:38
  End: 2026-04-17 00:38

✓ Lease created: 978f2f60-378d-4728-98e1-c104fd7adc83

Waiting for lease to activate...
  Status: PENDING, waiting...
  Status: PENDING, waiting...
  Status: PENDING, waiting...
  Status: PENDING, waiting...
  Status: PENDING, waiting...
  Status: PENDING, waiting...
  Status: PENDING, waiting...
  Status: STARTING, waiting...
✓ Lease is ACTIVE
✓ Reservation ID: 0dd54730-25c0-4ed8-aa53-f366013bdf64
✓ SUCCESS: Lease created with compute_icelake_r650

✓ Final node type: compute_icelake_r650

============================================================
Step 6: Launch Bare Metal Server
============================================================

Launching server:
  Name: auto-server-202604160035
  Image ID: 7cb5d6e0-e64c-4241-814a-1bfc21c04f10
  Key: my-key
  Network ID: 1a03cf65-8fd6-4fce-94fd-bbaabe68a8e1
  Reservation ID: 0dd54730-25c0-4ed8-aa53-f366013bdf64

✓ Server creation initiated: 3858fa93-0604-4c94-b729-d642cfcd9711

Waiting for server to become ACTIVE...
(This may take 10-30 minutes for bare metal)
  Status: BUILD
  Status: ACTIVE

✓ Server is ACTIVE

============================================================
Step 7: Assign Floating IP
============================================================
Creating new floating IP...
✓ Using floating IP: 129.114.109.56
✓ Floating IP attached

============================================================
✓ Provisioning Complete!
============================================================
Provisioning Type: Bare Metal (Blazar)
Server Name: auto-server-202604160035
Server ID: 3858fa93-0604-4c94-b729-d642cfcd9711
Lease ID: 978f2f60-378d-4728-98e1-c104fd7adc83
Reservation ID: 0dd54730-25c0-4ed8-aa53-f366013bdf64
Image: CC-Ubuntu24.04
Node Type: compute_icelake_r650
Floating IP: 129.114.109.56

SSH Connection:
  ssh ubuntu@129.114.109.56

✓ Info saved to: auto-server-202604160035_info.json
End:     2026-04-16T00:45:57Z (exit=0, duration=656s)
