Command: python 2.0/src/provision_v2.py --repo "https://github.com/yrcong/RelTR" --site tacc
Start:   2026-02-19T02:26:00Z
Traceback (most recent call last):
  File "2.0/src/provision_v2.py", line 722, in main
    lease_id, reservation_id, node_type = attempt_lease_with_fallbacks(
  File "2.0/src/provision_v2.py", line 342, in attempt_lease_with_fallbacks
    raise Exception(f"All Blazar fallback attempts failed. Last error: {last_error}")
Exception: All Blazar fallback attempts failed. Last error: Lease creation failed: ERROR: Not enough resources available with query {'resource_type': 'physical:host', 'min': 1, 'max': 1, 'hypervisor_properties': '', 'resource_properties': '["=", "$node_type", "compute"]', 'start_date': datetime.datetime(2026, 2, 19, 2, 28), 'end_date': datetime.datetime(2026, 2, 21, 2, 28), 'project_id': '350e72270e474aba8a9199644e0b1182', 'count_range': '1-1', 'before_end': 'default', 'on_start': 'default'}

During handling of the above exception, another exception occurred:

Traceback (most recent call last):
  File "/home/cc/EnvAgent-plus/2.0/src/kvm_launcher.py", line 148, in launch_kvm_instance
    raise Exception("KVM instance entered ERROR state")
Exception: KVM instance entered ERROR state

During handling of the above exception, another exception occurred:

Traceback (most recent call last):
  File "2.0/src/provision_v2.py", line 758, in main
    server_id, server_info = launch_kvm_instance(
  File "/home/cc/EnvAgent-plus/2.0/src/kvm_launcher.py", line 155, in launch_kvm_instance
    raise Exception(f"KVM instance launch failed: {str(e)}")
Exception: KVM instance launch failed: KVM instance entered ERROR state

During handling of the above exception, another exception occurred:

Traceback (most recent call last):
  File "2.0/src/provision_v2.py", line 772, in main
    raise Exception(f"Complete provisioning failure across all tiers")
Exception: Complete provisioning failure across all tiers

============================================================
Automated Hardware Provisioning Tool v2.0
============================================================
✓ Configuration loaded
✓ AI client initialized
✓ OpenStack connection established

============================================================
Step 1: Repository Analysis
============================================================
✓ Repository cloned to: /tmp/RelTR

✓ Repository requirements analysis complete:
  CPU: 8 cores
  RAM: 16 GB
  GPU: Required
  GPU Memory: 8 GB
  Disk: 50 GB
  OS: ubuntu 20.04
  CUDA: Required

============================================================
Step 2: Image Selection
============================================================
✓ Found 205 available CC-* images
✓ AI Stage 1: Selected 3 candidates
  Reasoning: The requirements specify an Ubuntu OS with version 20.04 and CUDA support. The available images do not explicitly list any Ubuntu 20.04 images with CUDA support. However, the closest matches are the most recent Ubuntu 20.04 images, as they are likely to have the necessary support for CUDA and GPU capabilities. The selected images are the most recent Ubuntu 20.04 versions available, which increases the likelihood of them having the necessary CUDA support.

✓ Final Selection: CC-Ubuntu20.04-20230531.1
  Image ID: f4c531e8-5d8b-4d3f-8692-ce2024b38af6

============================================================
Step 3: SSH Key Management
============================================================
✓ Keypair exists: my-key

============================================================
Step 4: Network Configuration
============================================================
✓ Found network: sharednet1 (ID: 50073c73-5817-49c3-8e3a-69b8c357e158)

============================================================
Discovering Available Resources
============================================================

Discovering resources at tacc site...
✓ Found 85 hosts
✓ Discovered 2 node types (ranked by availability & fit):
    compute: 79 reservable / 79 total | fit_score: 1.0
    gpu: 1 reservable / 1 total | fit_score: 2.0
✓ Found 2 node types available

✓ AI resource selection complete
  Node type: gpu
  Reasoning: The requirement specifies a need for a GPU with at least 8 GB of memory. The available node type 'gpu' matches this requirement. Although it has only 1 reservable unit, it is the only GPU option available, making it the most suitable choice despite its lower availability.
✓ AI selected node type: gpu
  Reasoning: The requirement specifies a need for a GPU with at least 8 GB of memory. The available node type 'gpu' matches this requirement. Although it has only 1 reservable unit, it is the only GPU option available, making it the most suitable choice despite its lower availability.

============================================================
Step 5: Create Hardware Reservation (with fallbacks)
============================================================

→ GPU required: Tiered fallback strategy:
   Tier 1 (GPU): 1 types
   Tier 2 (Compute): 1 types
   Tier 3 (KVM/VM): 0 types
   Total: 2 attempts

[1/2] Attempting: gpu [GPU (Tier 1)] (1 reservable / 1 total)
✓ AI determined duration: 72 hours
  Reasoning: The requirements indicate a need for a GPU with specific CUDA and PyTorch versions, which suggests the task may involve machine learning or deep learning workloads. Such tasks often require significant computational resources and time, especially if training models or processing large datasets. A 72-hour lease provides ample time for setup, execution, and any potential troubleshooting or reruns that may be necessary.

Creating lease:
  Name: auto-202602190226-gpu
  Node Type: gpu
  Start: 2026-02-19 02:28
  End: 2026-02-22 02:28
  ✗ No capacity available for gpu
  → Trying next option...

→ Switching to: Compute (Tier 2 - degraded)

[2/2] Attempting: compute [Compute (Tier 2 - degraded)] (79 reservable / 79 total)
✓ AI determined duration: 48 hours
  Reasoning: The requirements indicate a need for a GPU with specific CUDA and PyTorch versions, suggesting a machine learning or deep learning task. Such tasks often require significant time for model training and experimentation. A 48-hour lease allows sufficient time for setup, execution, and any necessary adjustments or reruns without interruption.

Creating lease:
  Name: auto-202602190226-compute
  Node Type: compute
  Start: 2026-02-19 02:28
  End: 2026-02-21 02:28
  ✗ No capacity available for compute

✗ All 2 Blazar fallback options exhausted

→ Attempting Tier 4: KVM VM (Direct Nova)

============================================================
TIER 4 FALLBACK: KVM Virtual Machines
============================================================
Blazar bare-metal exhausted: All Blazar fallback attempts failed. Last error: Lease creation failed: ERROR: Not enough resources available with query {'resource_type': 'physical:host', 'min': 1, 'max': 1, 'hypervisor_properties':

→ Switching to direct Nova VM launch (no reservation needed)

  Launching KVM VM:
    Name: auto-server-202602190226
    Image ID: f4c531e8-5d8b-4d3f-8692-ce2024b38af6
    Key: my-key
    Network ID: 50073c73-5817-49c3-8e3a-69b8c357e158

  Selecting KVM flavor (CPU: 8, RAM: 16GB)...
  ✓ Selected flavor: m1.xlarge
    CPU: 8, RAM: 16384MB

  ✓ KVM instance creation initiated: 2666cc57-9e00-4653-bef5-ca24b9572c54

  Waiting for KVM instance to become ACTIVE...
  (This typically takes 1-5 minutes for VMs)
    Status: BUILD
    Status: ERROR

✗ KVM VM fallback also failed: KVM instance launch failed: KVM instance entered ERROR state

✗ All provisioning tiers exhausted:
   Tier 1-3 (Blazar bare-metal): All Blazar fallback attempts failed. Last error: Lease creation failed: ERROR: Not enough resources available with query {'resource_type': 'physical:h
   Tier 4 (KVM VMs): KVM instance launch failed: KVM instance entered ERROR state


✗ ERROR: Complete provisioning failure across all tiers
End:     2026-02-19T02:26:43Z (exit=1, duration=43s)
