Command: python 2.0/src/provision_v2.py --repo "https://github.com/fmtlib/fmt" --site tacc
Start:   2026-02-19T02:27:24Z
Traceback (most recent call last):
  File "2.0/src/provision_v2.py", line 722, in main
    lease_id, reservation_id, node_type = attempt_lease_with_fallbacks(
  File "2.0/src/provision_v2.py", line 342, in attempt_lease_with_fallbacks
    raise Exception(f"All Blazar fallback attempts failed. Last error: {last_error}")
Exception: All Blazar fallback attempts failed. Last error: Lease creation failed: ERROR: Not enough resources available with query {'resource_type': 'physical:host', 'min': 1, 'max': 1, 'hypervisor_properties': '', 'resource_properties': '["=", "$node_type", "gpu"]', 'start_date': datetime.datetime(2026, 2, 19, 2, 29), 'end_date': datetime.datetime(2026, 2, 20, 2, 29), 'project_id': '350e72270e474aba8a9199644e0b1182', 'count_range': '1-1', 'before_end': 'default', 'on_start': 'default'}

During handling of the above exception, another exception occurred:

Traceback (most recent call last):
  File "/home/cc/EnvAgent-plus/2.0/src/kvm_launcher.py", line 148, in launch_kvm_instance
    raise Exception("KVM instance entered ERROR state")
Exception: KVM instance entered ERROR state

During handling of the above exception, another exception occurred:

Traceback (most recent call last):
  File "2.0/src/provision_v2.py", line 758, in main
    server_id, server_info = launch_kvm_instance(
  File "/home/cc/EnvAgent-plus/2.0/src/kvm_launcher.py", line 155, in launch_kvm_instance
    raise Exception(f"KVM instance launch failed: {str(e)}")
Exception: KVM instance launch failed: KVM instance entered ERROR state

During handling of the above exception, another exception occurred:

Traceback (most recent call last):
  File "2.0/src/provision_v2.py", line 772, in main
    raise Exception(f"Complete provisioning failure across all tiers")
Exception: Complete provisioning failure across all tiers

============================================================
Automated Hardware Provisioning Tool v2.0
============================================================
✓ Configuration loaded
✓ AI client initialized
✓ OpenStack connection established

============================================================
Step 1: Repository Analysis
============================================================
✓ Repository cloned to: /tmp/fmt

✓ Repository requirements analysis complete:
  CPU: 1 cores
  RAM: 1 GB
  GPU: Not required
  Disk: 1 GB
  OS: ubuntu 20.04
  CUDA: Not required

============================================================
Step 2: Image Selection
============================================================
✓ Found 205 available CC-* images
✓ AI Stage 1: Selected 5 candidates
  Reasoning: The requirements specify Ubuntu 20.04 without CUDA or GPU support. The selected images are all based on Ubuntu 20.04 and do not include CUDA support, making them suitable candidates. The images chosen are the most recent ones available, ensuring up-to-date security patches and features.
⚠ No candidates found, using fallback selection
✓ Fallback image: CC-Ubuntu22.04-CUDA

============================================================
Step 3: SSH Key Management
============================================================
✓ Keypair exists: my-key

============================================================
Step 4: Network Configuration
============================================================
✓ Found network: sharednet1 (ID: 50073c73-5817-49c3-8e3a-69b8c357e158)

============================================================
Discovering Available Resources
============================================================

Discovering resources at tacc site...
✓ Found 85 hosts
✓ Discovered 2 node types (ranked by availability & fit):
    compute: 79 reservable / 79 total | fit_score: 1.0
    gpu: 1 reservable / 1 total | fit_score: 0.3
✓ Found 2 node types available

✓ AI resource selection complete
  Node type: compute
  Reasoning: The user does not require a GPU, so a general compute node is suitable. The 'compute' node type has 79 reservable nodes, which is the highest availability, ensuring a higher success rate for lease creation.
✓ AI selected node type: compute
  Reasoning: The user does not require a GPU, so a general compute node is suitable. The 'compute' node type has 79 reservable nodes, which is the highest availability, ensuring a higher success rate for lease creation.

============================================================
Step 5: Create Hardware Reservation (with fallbacks)
============================================================

→ Trying 2 node types (compute → KVM → others)

[1/2] Attempting: compute (79 reservable / 79 total)
✓ AI determined duration: 24 hours
  Reasoning: The resource requirements are minimal, indicating a lightweight task. Without specific task details or special requirements, a default lease duration of 24 hours is appropriate to ensure sufficient time for task completion and any unforeseen delays.

Creating lease:
  Name: auto-202602190227-compute
  Node Type: compute
  Start: 2026-02-19 02:29
  End: 2026-02-20 02:29
  ✗ No capacity available for compute
  → Trying next option...

[2/2] Attempting: gpu (1 reservable / 1 total)
✓ AI determined duration: 24 hours
  Reasoning: The resource requirements are minimal, indicating a lightweight task. Without specific information on the task's duration or urgency, a default lease duration of 24 hours is appropriate to ensure sufficient time for completion while maintaining resource availability.

Creating lease:
  Name: auto-202602190227-gpu
  Node Type: gpu
  Start: 2026-02-19 02:29
  End: 2026-02-20 02:29
  ✗ No capacity available for gpu

✗ All 2 Blazar fallback options exhausted

→ Attempting Tier 4: KVM VM (Direct Nova)

============================================================
TIER 4 FALLBACK: KVM Virtual Machines
============================================================
Blazar bare-metal exhausted: All Blazar fallback attempts failed. Last error: Lease creation failed: ERROR: Not enough resources available with query {'resource_type': 'physical:host', 'min': 1, 'max': 1, 'hypervisor_properties':

→ Switching to direct Nova VM launch (no reservation needed)

  Launching KVM VM:
    Name: auto-server-202602190227
    Image ID: 546bfd02-1a3f-4c00-bc74-c80cc5d6ad43
    Key: my-key
    Network ID: 50073c73-5817-49c3-8e3a-69b8c357e158

  Selecting KVM flavor (CPU: 1, RAM: 1GB)...
  ✓ Selected flavor: m1.medium
    CPU: 2, RAM: 4096MB

  ✓ KVM instance creation initiated: 7e2b06d5-3eb5-47b0-b23b-48cd9b205fbe

  Waiting for KVM instance to become ACTIVE...
  (This typically takes 1-5 minutes for VMs)
    Status: BUILD
    Status: ERROR

✗ KVM VM fallback also failed: KVM instance launch failed: KVM instance entered ERROR state

✗ All provisioning tiers exhausted:
   Tier 1-3 (Blazar bare-metal): All Blazar fallback attempts failed. Last error: Lease creation failed: ERROR: Not enough resources available with query {'resource_type': 'physical:h
   Tier 4 (KVM VMs): KVM instance launch failed: KVM instance entered ERROR state


✗ ERROR: Complete provisioning failure across all tiers
End:     2026-02-19T02:28:15Z (exit=1, duration=51s)
