Command: python 2.0/src/provision_v2.py --repo "https://github.com/sbu-fsl/Metis" --site uc
Start:   2025-12-16T09:15:50Z
Traceback (most recent call last):
  File "2.0/src/provision_v2.py", line 299, in create_lease_with_ai
    lease = blazar.lease.create(
  File "/home/cc/EnvAgent-plus/venv/lib/python3.8/site-packages/blazarclient/v1/leases.py", line 32, in create
    resp, body = self.request_manager.post('/leases', body=values)
  File "/home/cc/EnvAgent-plus/venv/lib/python3.8/site-packages/keystoneauth1/adapter.py", line 399, in post
    return self.request(url, 'POST', **kwargs)
  File "/home/cc/EnvAgent-plus/venv/lib/python3.8/site-packages/blazarclient/base.py", line 135, in request
    raise exception.BlazarClientException(msg, code=resp.status_code)
blazarclient.exception.BlazarClientException: ERROR: Not enough resources available with query {'resource_type': 'physical:host', 'min': 1, 'max': 1, 'hypervisor_properties': '', 'resource_properties': '["=", "$node_type", "compute_cascadelake_r"]', 'start_date': datetime.datetime(2025, 12, 16, 9, 18), 'end_date': datetime.datetime(2025, 12, 18, 9, 18), 'project_id': '62f12f9c6a28478b976f680a6fa2fa9a', 'count_range': '1-1', 'before_end': 'default', 'on_start': 'default'}

During handling of the above exception, another exception occurred:

Traceback (most recent call last):
  File "2.0/src/provision_v2.py", line 582, in main
    lease_id, reservation_id = create_lease_with_ai(
  File "2.0/src/provision_v2.py", line 346, in create_lease_with_ai
    raise Exception(f"Lease creation failed: {str(e)}")
Exception: Lease creation failed: ERROR: Not enough resources available with query {'resource_type': 'physical:host', 'min': 1, 'max': 1, 'hypervisor_properties': '', 'resource_properties': '["=", "$node_type", "compute_cascadelake_r"]', 'start_date': datetime.datetime(2025, 12, 16, 9, 18), 'end_date': datetime.datetime(2025, 12, 18, 9, 18), 'project_id': '62f12f9c6a28478b976f680a6fa2fa9a', 'count_range': '1-1', 'before_end': 'default', 'on_start': 'default'}

============================================================
Automated Hardware Provisioning Tool v2.0
============================================================
✓ Configuration loaded
✓ AI client initialized
✓ OpenStack connection established

============================================================
Step 1: Repository Analysis
============================================================
✓ Repository cloned to: /tmp/Metis

✓ Repository requirements analysis complete:
  CPU: 4 cores
  RAM: 8 GB
  GPU: Not required
  Disk: 50 GB
  OS: ubuntu 22.04
  CUDA: Not required

============================================================
Step 2: Image Selection
============================================================
✓ Found 75 available CC-* images
✓ AI Stage 1: Selected 5 candidates
  Reasoning: The requirements specify an Ubuntu 22.04 image without CUDA or GPU support. Therefore, we need to select images that are based on Ubuntu 22.04 and do not include CUDA. The selected images are: 'CC-Ubuntu22.04' (ID: a01e2fab-f598-4e11-b00a-c0230ad9957a), 'CC-Ubuntu22.04_2025-05-05' (ID: 9061d094-3f1b-4da5-ba71-be53c0394061), 'CC-Ubuntu22.04_2025-04-03' (ID: 6f17ccc2-54a6-434b-b5f4-609c65d9d565), 'CC-Ubuntu22.04_2024-10-22' (ID: c6122262-2829-47ae-b8bc-046a1300d46c), and 'CC-Ubuntu22.04_2023-11-15' (ID: dff788f5-8c38-4443-b078-04bf0b7f6f48). These images match the specified OS version and do not have CUDA support.
⚠ No candidates found, using fallback selection
✓ Fallback image: CC-Ubuntu22.04-CUDA

============================================================
Step 3: SSH Key Management
============================================================
✓ Keypair exists: my-key

============================================================
Step 4: Network Configuration
============================================================
✓ Found network: sharednet1 (ID: a772a899-ff3d-420b-8b31-1c485092481a)

============================================================
Discovering Available Resources
============================================================

Discovering resources at uc site...
✓ Found 132 hosts
✓ Discovered 10 node types: compute_cascadelake_r, compute_gigaio, compute_nvdimm, compute_skylake, fpga, gpu_a100_nvlink, gpu_a100_pcie, gpu_rtx_6000, gpu_v100, storage_nvme
✓ Found 10 node types available

✓ AI resource selection complete
  Node type: compute_cascadelake_r
  Reasoning: The user requires a node with 4 CPU cores, 8 GB RAM, and 50 GB disk space, without the need for a GPU. Among the available node types, the 'compute_cascadelake_r' is a general compute node that is likely to meet these requirements. GPU nodes and storage-optimized nodes are not necessary for this request.
✓ AI selected node type: compute_cascadelake_r
  Reasoning: The user requires a node with 4 CPU cores, 8 GB RAM, and 50 GB disk space, without the need for a GPU. Among the available node types, the 'compute_cascadelake_r' is a general compute node that is likely to meet these requirements. GPU nodes and storage-optimized nodes are not necessary for this request.

✓ Target node type: compute_cascadelake_r

============================================================
Step 5: Create Hardware Reservation
============================================================
✓ AI determined duration: 48 hours
  Reasoning: The requirements include several specialized tools and frameworks such as SPIN model checker, Swarm Verification, RefFS, and IOCov, which may require significant setup and testing time. Additionally, the use of tmux or screen suggests long-running processes, indicating that the tasks may take an extended period to complete. Therefore, a lease duration of 48 hours is recommended to ensure sufficient time for setup, execution, and any troubleshooting that may be necessary.

Creating lease:
  Name: auto-compute_cascadelake_r-202512160916
  Node Type: compute_cascadelake_r
  Start: 2025-12-16 09:18
  End: 2025-12-18 09:18


✗ ERROR: Lease creation failed: ERROR: Not enough resources available with query {'resource_type': 'physical:host', 'min': 1, 'max': 1, 'hypervisor_properties': '', 'resource_properties': '["=", "$node_type", "compute_cascadelake_r"]', 'start_date': datetime.datetime(2025, 12, 16, 9, 18), 'end_date': datetime.datetime(2025, 12, 18, 9, 18), 'project_id': '62f12f9c6a28478b976f680a6fa2fa9a', 'count_range': '1-1', 'before_end': 'default', 'on_start': 'default'}
End:     2025-12-16T09:16:15Z (exit=1, duration=25s)
