Command: python 2.0/src/provision_v2.py --repo "https://github.com/uiuc-arc/flex" --site uc
Start:   2025-12-16T09:12:19Z
Traceback (most recent call last):
  File "2.0/src/provision_v2.py", line 299, in create_lease_with_ai
    lease = blazar.lease.create(
  File "/home/cc/EnvAgent-plus/venv/lib/python3.8/site-packages/blazarclient/v1/leases.py", line 32, in create
    resp, body = self.request_manager.post('/leases', body=values)
  File "/home/cc/EnvAgent-plus/venv/lib/python3.8/site-packages/keystoneauth1/adapter.py", line 399, in post
    return self.request(url, 'POST', **kwargs)
  File "/home/cc/EnvAgent-plus/venv/lib/python3.8/site-packages/blazarclient/base.py", line 135, in request
    raise exception.BlazarClientException(msg, code=resp.status_code)
blazarclient.exception.BlazarClientException: ERROR: Not enough resources available with query {'resource_type': 'physical:host', 'min': 1, 'max': 1, 'hypervisor_properties': '', 'resource_properties': '["=", "$node_type", "compute_cascadelake_r"]', 'start_date': datetime.datetime(2025, 12, 16, 9, 14), 'end_date': datetime.datetime(2025, 12, 18, 9, 14), 'project_id': '62f12f9c6a28478b976f680a6fa2fa9a', 'count_range': '1-1', 'before_end': 'default', 'on_start': 'default'}

During handling of the above exception, another exception occurred:

Traceback (most recent call last):
  File "2.0/src/provision_v2.py", line 582, in main
    lease_id, reservation_id = create_lease_with_ai(
  File "2.0/src/provision_v2.py", line 346, in create_lease_with_ai
    raise Exception(f"Lease creation failed: {str(e)}")
Exception: Lease creation failed: ERROR: Not enough resources available with query {'resource_type': 'physical:host', 'min': 1, 'max': 1, 'hypervisor_properties': '', 'resource_properties': '["=", "$node_type", "compute_cascadelake_r"]', 'start_date': datetime.datetime(2025, 12, 16, 9, 14), 'end_date': datetime.datetime(2025, 12, 18, 9, 14), 'project_id': '62f12f9c6a28478b976f680a6fa2fa9a', 'count_range': '1-1', 'before_end': 'default', 'on_start': 'default'}

============================================================
Automated Hardware Provisioning Tool v2.0
============================================================
✓ Configuration loaded
✓ AI client initialized
✓ OpenStack connection established

============================================================
Step 1: Repository Analysis
============================================================
✓ Repository cloned to: /tmp/flex

✓ Repository requirements analysis complete:
  CPU: 2 cores
  RAM: 4 GB
  GPU: Not required
  Disk: 5 GB
  OS: ubuntu 20.04
  CUDA: Not required

============================================================
Step 2: Image Selection
============================================================
✓ Found 75 available CC-* images
✓ AI Stage 1: Selected 5 candidates
  Reasoning: The selected images are all based on Ubuntu 20.04, which matches the OS version requirement. None of these images have CUDA support, which aligns with the requirement that CUDA is not needed. Additionally, these images do not specify any GPU requirements, making them suitable for the given criteria.
⚠ No candidates found, using fallback selection
✓ Fallback image: CC-Ubuntu22.04-CUDA

============================================================
Step 3: SSH Key Management
============================================================
✓ Keypair exists: my-key

============================================================
Step 4: Network Configuration
============================================================
✓ Found network: sharednet1 (ID: a772a899-ff3d-420b-8b31-1c485092481a)

============================================================
Discovering Available Resources
============================================================

Discovering resources at uc site...
✓ Found 132 hosts
✓ Discovered 10 node types: compute_cascadelake_r, compute_gigaio, compute_nvdimm, compute_skylake, fpga, gpu_a100_nvlink, gpu_a100_pcie, gpu_rtx_6000, gpu_v100, storage_nvme
✓ Found 10 node types available

✓ AI resource selection complete
  Node type: compute_cascadelake_r
  Reasoning: The user does not require a GPU, so GPU nodes are not necessary. The user needs a general compute node with at least 2 CPU cores, 4 GB RAM, and 5 GB disk space. Among the available compute nodes, 'compute_cascadelake_r' is a suitable choice as it is a general compute node likely to meet the user's basic CPU and memory requirements.
✓ AI selected node type: compute_cascadelake_r
  Reasoning: The user does not require a GPU, so GPU nodes are not necessary. The user needs a general compute node with at least 2 CPU cores, 4 GB RAM, and 5 GB disk space. Among the available compute nodes, 'compute_cascadelake_r' is a suitable choice as it is a general compute node likely to meet the user's basic CPU and memory requirements.

✓ Target node type: compute_cascadelake_r

============================================================
Step 5: Create Hardware Reservation
============================================================
✓ AI determined duration: 48 hours
  Reasoning: The requirements suggest a general-purpose computing task with a focus on R programming, as indicated by the need for specific R packages. Such tasks can vary in duration depending on the complexity of the analysis or simulation being performed. Given that no GPU is required and the system specifications are modest, it is likely intended for data analysis or statistical computations. To accommodate potential extended data processing or iterative analysis, a lease duration of 48 hours is recommended to ensure ample time for completion without interruption.

Creating lease:
  Name: auto-compute_cascadelake_r-202512160912
  Node Type: compute_cascadelake_r
  Start: 2025-12-16 09:14
  End: 2025-12-18 09:14


✗ ERROR: Lease creation failed: ERROR: Not enough resources available with query {'resource_type': 'physical:host', 'min': 1, 'max': 1, 'hypervisor_properties': '', 'resource_properties': '["=", "$node_type", "compute_cascadelake_r"]', 'start_date': datetime.datetime(2025, 12, 16, 9, 14), 'end_date': datetime.datetime(2025, 12, 18, 9, 14), 'project_id': '62f12f9c6a28478b976f680a6fa2fa9a', 'count_range': '1-1', 'before_end': 'default', 'on_start': 'default'}
End:     2025-12-16T09:12:44Z (exit=1, duration=25s)
