Command: python 2.0/src/provision_v2.py --repo "https://github.com/expressjs/express" --site uc
Start:   2025-12-16T09:24:27Z
Traceback (most recent call last):
  File "2.0/src/provision_v2.py", line 299, in create_lease_with_ai
    lease = blazar.lease.create(
  File "/home/cc/EnvAgent-plus/venv/lib/python3.8/site-packages/blazarclient/v1/leases.py", line 32, in create
    resp, body = self.request_manager.post('/leases', body=values)
  File "/home/cc/EnvAgent-plus/venv/lib/python3.8/site-packages/keystoneauth1/adapter.py", line 399, in post
    return self.request(url, 'POST', **kwargs)
  File "/home/cc/EnvAgent-plus/venv/lib/python3.8/site-packages/blazarclient/base.py", line 135, in request
    raise exception.BlazarClientException(msg, code=resp.status_code)
blazarclient.exception.BlazarClientException: ERROR: Not enough resources available with query {'resource_type': 'physical:host', 'min': 1, 'max': 1, 'hypervisor_properties': '', 'resource_properties': '["=", "$node_type", "compute_cascadelake_r"]', 'start_date': datetime.datetime(2025, 12, 16, 9, 26), 'end_date': datetime.datetime(2025, 12, 18, 9, 26), 'project_id': '62f12f9c6a28478b976f680a6fa2fa9a', 'count_range': '1-1', 'before_end': 'default', 'on_start': 'default'}

During handling of the above exception, another exception occurred:

Traceback (most recent call last):
  File "2.0/src/provision_v2.py", line 582, in main
    lease_id, reservation_id = create_lease_with_ai(
  File "2.0/src/provision_v2.py", line 346, in create_lease_with_ai
    raise Exception(f"Lease creation failed: {str(e)}")
Exception: Lease creation failed: ERROR: Not enough resources available with query {'resource_type': 'physical:host', 'min': 1, 'max': 1, 'hypervisor_properties': '', 'resource_properties': '["=", "$node_type", "compute_cascadelake_r"]', 'start_date': datetime.datetime(2025, 12, 16, 9, 26), 'end_date': datetime.datetime(2025, 12, 18, 9, 26), 'project_id': '62f12f9c6a28478b976f680a6fa2fa9a', 'count_range': '1-1', 'before_end': 'default', 'on_start': 'default'}

============================================================
Automated Hardware Provisioning Tool v2.0
============================================================
✓ Configuration loaded
✓ AI client initialized
✓ OpenStack connection established

============================================================
Step 1: Repository Analysis
============================================================
✓ Repository cloned to: /tmp/express

✓ Repository requirements analysis complete:
  CPU: 2 cores
  RAM: 2 GB
  GPU: Not required
  Disk: 1 GB
  OS: ubuntu 20.04
  CUDA: Not required

============================================================
Step 2: Image Selection
============================================================
✓ Found 75 available CC-* images
✓ AI Stage 1: Selected 5 candidates
  Reasoning: The requirements specify Ubuntu 20.04 without CUDA or GPU support. The selected images are all Ubuntu 20.04 without CUDA, fulfilling the OS version and feature requirements. These images are: CC-Ubuntu20.04 (ID: 8d72a32d-ced8-461a-8ec9-5b80211f9800), CC-Ubuntu20.04-20240326 (ID: 2be02db9-e591-47b4-9dd3-1d23f7a01433), CC-Ubuntu20.04-20240129 (ID: 571a089f-e277-4777-875b-d2ebc8b0739b), CC-Ubuntu20.04-20231115 (ID: e91f8b1d-2e46-499d-90bc-9478effd6ec5), and CC-Ubuntu20.04-20230224 (ID: d80dceaa-c304-42d4-a3be-06a1449ddc98).
⚠ No candidates found, using fallback selection
✓ Fallback image: CC-Ubuntu22.04-CUDA

============================================================
Step 3: SSH Key Management
============================================================
✓ Keypair exists: my-key

============================================================
Step 4: Network Configuration
============================================================
✓ Found network: sharednet1 (ID: a772a899-ff3d-420b-8b31-1c485092481a)

============================================================
Discovering Available Resources
============================================================

Discovering resources at uc site...
✓ Found 132 hosts
✓ Discovered 10 node types: compute_cascadelake_r, compute_gigaio, compute_nvdimm, compute_skylake, fpga, gpu_a100_nvlink, gpu_a100_pcie, gpu_rtx_6000, gpu_v100, storage_nvme
✓ Found 10 node types available

✓ AI resource selection complete
  Node type: compute_cascadelake_r
  Reasoning: The user does not require a GPU, and the hardware requirements are minimal (2 CPU cores, 2 GB RAM, 1 GB Disk). Therefore, a general compute node is appropriate. Among the available compute node types, 'compute_cascadelake_r' is a suitable choice as it is likely to provide the necessary resources efficiently without the overhead of specialized hardware like GPUs.
✓ AI selected node type: compute_cascadelake_r
  Reasoning: The user does not require a GPU, and the hardware requirements are minimal (2 CPU cores, 2 GB RAM, 1 GB Disk). Therefore, a general compute node is appropriate. Among the available compute node types, 'compute_cascadelake_r' is a suitable choice as it is likely to provide the necessary resources efficiently without the overhead of specialized hardware like GPUs.

✓ Target node type: compute_cascadelake_r

============================================================
Step 5: Create Hardware Reservation
============================================================
✓ AI determined duration: 48 hours
  Reasoning: The requirements specify a need for a basic setup with Node.js version 18 or higher. This suggests a development or testing environment, which typically requires more than a single day to set up, develop, and test applications. Therefore, a 48-hour lease provides sufficient time to accommodate these activities without frequent renewals.

Creating lease:
  Name: auto-compute_cascadelake_r-202512160924
  Node Type: compute_cascadelake_r
  Start: 2025-12-16 09:26
  End: 2025-12-18 09:26


✗ ERROR: Lease creation failed: ERROR: Not enough resources available with query {'resource_type': 'physical:host', 'min': 1, 'max': 1, 'hypervisor_properties': '', 'resource_properties': '["=", "$node_type", "compute_cascadelake_r"]', 'start_date': datetime.datetime(2025, 12, 16, 9, 26), 'end_date': datetime.datetime(2025, 12, 18, 9, 26), 'project_id': '62f12f9c6a28478b976f680a6fa2fa9a', 'count_range': '1-1', 'before_end': 'default', 'on_start': 'default'}
End:     2025-12-16T09:24:49Z (exit=1, duration=22s)
