Command: python 2.0/src/provision_v2.py --repo "https://github.com/rayon-rs/rayon" --site uc
Start:   2025-12-16T09:29:51Z
Traceback (most recent call last):
  File "2.0/src/provision_v2.py", line 299, in create_lease_with_ai
    lease = blazar.lease.create(
  File "/home/cc/EnvAgent-plus/venv/lib/python3.8/site-packages/blazarclient/v1/leases.py", line 32, in create
    resp, body = self.request_manager.post('/leases', body=values)
  File "/home/cc/EnvAgent-plus/venv/lib/python3.8/site-packages/keystoneauth1/adapter.py", line 399, in post
    return self.request(url, 'POST', **kwargs)
  File "/home/cc/EnvAgent-plus/venv/lib/python3.8/site-packages/blazarclient/base.py", line 135, in request
    raise exception.BlazarClientException(msg, code=resp.status_code)
blazarclient.exception.BlazarClientException: ERROR: Not enough resources available with query {'resource_type': 'physical:host', 'min': 1, 'max': 1, 'hypervisor_properties': '', 'resource_properties': '["=", "$node_type", "compute_cascadelake_r"]', 'start_date': datetime.datetime(2025, 12, 16, 9, 32), 'end_date': datetime.datetime(2025, 12, 17, 9, 32), 'project_id': '62f12f9c6a28478b976f680a6fa2fa9a', 'count_range': '1-1', 'before_end': 'default', 'on_start': 'default'}

During handling of the above exception, another exception occurred:

Traceback (most recent call last):
  File "2.0/src/provision_v2.py", line 582, in main
    lease_id, reservation_id = create_lease_with_ai(
  File "2.0/src/provision_v2.py", line 346, in create_lease_with_ai
    raise Exception(f"Lease creation failed: {str(e)}")
Exception: Lease creation failed: ERROR: Not enough resources available with query {'resource_type': 'physical:host', 'min': 1, 'max': 1, 'hypervisor_properties': '', 'resource_properties': '["=", "$node_type", "compute_cascadelake_r"]', 'start_date': datetime.datetime(2025, 12, 16, 9, 32), 'end_date': datetime.datetime(2025, 12, 17, 9, 32), 'project_id': '62f12f9c6a28478b976f680a6fa2fa9a', 'count_range': '1-1', 'before_end': 'default', 'on_start': 'default'}

============================================================
Automated Hardware Provisioning Tool v2.0
============================================================
✓ Configuration loaded
✓ AI client initialized
✓ OpenStack connection established

============================================================
Step 1: Repository Analysis
============================================================
✓ Repository cloned to: /tmp/rayon

✓ Repository requirements analysis complete:
  CPU: 2 cores
  RAM: 2 GB
  GPU: Not required
  Disk: None GB
  OS: None None
  CUDA: Not required

============================================================
Step 2: Image Selection
============================================================
✓ Found 75 available CC-* images
✓ AI Stage 1: Selected 5 candidates
  Reasoning: The requirements specify no particular OS type or version, and CUDA is not required. Therefore, we can select images based on the most recent and stable versions of popular operating systems without CUDA. The selected images are: CC-Ubuntu24.04 (ID: 750c344b-7a82-41cb-81bc-b16ea8802e9c), CC-Ubuntu22.04 (ID: a01e2fab-f598-4e11-b00a-c0230ad9957a), CC-Ubuntu20.04 (ID: 8d72a32d-ced8-461a-8ec9-5b80211f9800), CC-CentOS9-Stream (ID: e43e6a2f-9a39-4dcf-aa7c-0634782d8036), and CC-CentOS8-stream (ID: 0fc8cb64-8c0c-4b73-9056-324145b1be28). These images provide a range of Ubuntu and CentOS options without CUDA, ensuring compatibility and stability.
⚠ No candidates found, using fallback selection
✓ Fallback image: CC-Ubuntu22.04-CUDA

============================================================
Step 3: SSH Key Management
============================================================
✓ Keypair exists: my-key

============================================================
Step 4: Network Configuration
============================================================
✓ Found network: sharednet1 (ID: a772a899-ff3d-420b-8b31-1c485092481a)

============================================================
Discovering Available Resources
============================================================

Discovering resources at uc site...
✓ Found 132 hosts
✓ Discovered 10 node types: compute_cascadelake_r, compute_gigaio, compute_nvdimm, compute_skylake, fpga, gpu_a100_nvlink, gpu_a100_pcie, gpu_rtx_6000, gpu_v100, storage_nvme
✓ Found 10 node types available

✓ AI resource selection complete
  Node type: compute_cascadelake_r
  Reasoning: The user's requirements specify that a GPU is not needed, and the hardware requirements are minimal with only 2 CPU cores and 2 GB of RAM. Therefore, a general compute node is suitable. Among the available compute nodes, 'compute_cascadelake_r' is selected as it is a general-purpose compute node that can efficiently handle the specified requirements.
✓ AI selected node type: compute_cascadelake_r
  Reasoning: The user's requirements specify that a GPU is not needed, and the hardware requirements are minimal with only 2 CPU cores and 2 GB of RAM. Therefore, a general compute node is suitable. Among the available compute nodes, 'compute_cascadelake_r' is selected as it is a general-purpose compute node that can efficiently handle the specified requirements.

✓ Target node type: compute_cascadelake_r

============================================================
Step 5: Create Hardware Reservation
============================================================
✓ AI determined duration: 24 hours
  Reasoning: The requirements specify a modest amount of CPU and RAM, with no GPU or other specialized resources needed. The only special requirement is a specific version of Rust, which suggests a development or testing task. Such tasks typically do not require extended durations beyond a day. Therefore, a 24-hour lease should be sufficient to accommodate the needs while allowing for flexibility in case of unforeseen delays.

Creating lease:
  Name: auto-compute_cascadelake_r-202512160930
  Node Type: compute_cascadelake_r
  Start: 2025-12-16 09:32
  End: 2025-12-17 09:32


✗ ERROR: Lease creation failed: ERROR: Not enough resources available with query {'resource_type': 'physical:host', 'min': 1, 'max': 1, 'hypervisor_properties': '', 'resource_properties': '["=", "$node_type", "compute_cascadelake_r"]', 'start_date': datetime.datetime(2025, 12, 16, 9, 32), 'end_date': datetime.datetime(2025, 12, 17, 9, 32), 'project_id': '62f12f9c6a28478b976f680a6fa2fa9a', 'count_range': '1-1', 'before_end': 'default', 'on_start': 'default'}
End:     2025-12-16T09:30:19Z (exit=1, duration=28s)
