Command: python 2.0/src/provision_v2.py --repo "https://github.com/uiuc-arc/sixthsense" --site uc
Start:   2025-12-16T09:10:50Z
Traceback (most recent call last):
  File "2.0/src/provision_v2.py", line 299, in create_lease_with_ai
    lease = blazar.lease.create(
  File "/home/cc/EnvAgent-plus/venv/lib/python3.8/site-packages/blazarclient/v1/leases.py", line 32, in create
    resp, body = self.request_manager.post('/leases', body=values)
  File "/home/cc/EnvAgent-plus/venv/lib/python3.8/site-packages/keystoneauth1/adapter.py", line 399, in post
    return self.request(url, 'POST', **kwargs)
  File "/home/cc/EnvAgent-plus/venv/lib/python3.8/site-packages/blazarclient/base.py", line 135, in request
    raise exception.BlazarClientException(msg, code=resp.status_code)
blazarclient.exception.BlazarClientException: ERROR: Not enough resources available with query {'resource_type': 'physical:host', 'min': 1, 'max': 1, 'hypervisor_properties': '', 'resource_properties': '["=", "$node_type", "compute_cascadelake_r"]', 'start_date': datetime.datetime(2025, 12, 16, 9, 13), 'end_date': datetime.datetime(2025, 12, 17, 9, 13), 'project_id': '62f12f9c6a28478b976f680a6fa2fa9a', 'count_range': '1-1', 'before_end': 'default', 'on_start': 'default'}

During handling of the above exception, another exception occurred:

Traceback (most recent call last):
  File "2.0/src/provision_v2.py", line 582, in main
    lease_id, reservation_id = create_lease_with_ai(
  File "2.0/src/provision_v2.py", line 346, in create_lease_with_ai
    raise Exception(f"Lease creation failed: {str(e)}")
Exception: Lease creation failed: ERROR: Not enough resources available with query {'resource_type': 'physical:host', 'min': 1, 'max': 1, 'hypervisor_properties': '', 'resource_properties': '["=", "$node_type", "compute_cascadelake_r"]', 'start_date': datetime.datetime(2025, 12, 16, 9, 13), 'end_date': datetime.datetime(2025, 12, 17, 9, 13), 'project_id': '62f12f9c6a28478b976f680a6fa2fa9a', 'count_range': '1-1', 'before_end': 'default', 'on_start': 'default'}

============================================================
Automated Hardware Provisioning Tool v2.0
============================================================
✓ Configuration loaded
✓ AI client initialized
✓ OpenStack connection established

============================================================
Step 1: Repository Analysis
============================================================
✓ Repository cloned to: /tmp/sixthsense

✓ Repository requirements analysis complete:
  CPU: 4 cores
  RAM: 8 GB
  GPU: Not required
  Disk: 10 GB
  OS: ubuntu 18.04
  CUDA: Not required

============================================================
Step 2: Image Selection
============================================================
✓ Found 75 available CC-* images
✓ AI Stage 1: Selected 3 candidates
  Reasoning: The requirements specify an Ubuntu 18.04 image without CUDA or GPU support. The images selected are all based on Ubuntu 18.04 and do not include CUDA in their naming, indicating they are suitable for the specified requirements. The IDs e8cbe3ce-a5f4-46b8-b88f-82e09ef4bcac, aa7ca7d2-f3f1-4133-9c4e-6e78d20a0896, and 480cdb0f-60ad-4b35-9cba-08fb25ce1290 correspond to such images.
⚠ No candidates found, using fallback selection
✓ Fallback image: CC-Ubuntu22.04-CUDA

============================================================
Step 3: SSH Key Management
============================================================
✓ Keypair exists: my-key

============================================================
Step 4: Network Configuration
============================================================
✓ Found network: sharednet1 (ID: a772a899-ff3d-420b-8b31-1c485092481a)

============================================================
Discovering Available Resources
============================================================

Discovering resources at uc site...
✓ Found 132 hosts
✓ Discovered 10 node types: compute_cascadelake_r, compute_gigaio, compute_nvdimm, compute_skylake, fpga, gpu_a100_nvlink, gpu_a100_pcie, gpu_rtx_6000, gpu_v100, storage_nvme
✓ Found 10 node types available

✓ AI resource selection complete
  Node type: compute_cascadelake_r
  Reasoning: The user does not require a GPU, so we should select a general compute node. The 'compute_cascadelake_r' node type is suitable as it is a general compute node that can meet the CPU and RAM requirements specified by the user.
✓ AI selected node type: compute_cascadelake_r
  Reasoning: The user does not require a GPU, so we should select a general compute node. The 'compute_cascadelake_r' node type is suitable as it is a general compute node that can meet the CPU and RAM requirements specified by the user.

✓ Target node type: compute_cascadelake_r

============================================================
Step 5: Create Hardware Reservation
============================================================
✓ AI determined duration: 24 hours
  Reasoning: The requirements specify a moderate setup with 4 CPU cores, 8 GB of RAM, and 10 GB of disk space, which are standard for many development and testing tasks. The absence of GPU requirements and the use of a common OS version (Ubuntu 18.04) and Python version (3.6) suggest that this setup is likely for general development or testing purposes. The inclusion of a conda environment indicates a need for package management, which is typical for data science or software development tasks. Given these factors and the lack of specific time constraints or intensive resource needs, a 24-hour lease duration is appropriate to accommodate typical development cycles and potential adjustments.

Creating lease:
  Name: auto-compute_cascadelake_r-202512160911
  Node Type: compute_cascadelake_r
  Start: 2025-12-16 09:13
  End: 2025-12-17 09:13


✗ ERROR: Lease creation failed: ERROR: Not enough resources available with query {'resource_type': 'physical:host', 'min': 1, 'max': 1, 'hypervisor_properties': '', 'resource_properties': '["=", "$node_type", "compute_cascadelake_r"]', 'start_date': datetime.datetime(2025, 12, 16, 9, 13), 'end_date': datetime.datetime(2025, 12, 17, 9, 13), 'project_id': '62f12f9c6a28478b976f680a6fa2fa9a', 'count_range': '1-1', 'before_end': 'default', 'on_start': 'default'}
End:     2025-12-16T09:11:12Z (exit=1, duration=22s)
