Command: python 2.0/src/provision_v2.py --repo "https://github.com/henryzhongsc/gnn_editing" --site uc
Start:   2025-12-16T08:32:39Z
Traceback (most recent call last):
  File "2.0/src/provision_v2.py", line 299, in create_lease_with_ai
    lease = blazar.lease.create(
  File "/home/cc/EnvAgent-plus/venv/lib/python3.8/site-packages/blazarclient/v1/leases.py", line 32, in create
    resp, body = self.request_manager.post('/leases', body=values)
  File "/home/cc/EnvAgent-plus/venv/lib/python3.8/site-packages/keystoneauth1/adapter.py", line 399, in post
    return self.request(url, 'POST', **kwargs)
  File "/home/cc/EnvAgent-plus/venv/lib/python3.8/site-packages/blazarclient/base.py", line 135, in request
    raise exception.BlazarClientException(msg, code=resp.status_code)
blazarclient.exception.BlazarClientException: ERROR: Not enough resources available with query {'resource_type': 'physical:host', 'min': 1, 'max': 1, 'hypervisor_properties': '', 'resource_properties': '["=", "$node_type", "gpu_rtx_6000"]', 'start_date': datetime.datetime(2025, 12, 16, 8, 34), 'end_date': datetime.datetime(2025, 12, 19, 8, 34), 'project_id': '62f12f9c6a28478b976f680a6fa2fa9a', 'count_range': '1-1', 'before_end': 'default', 'on_start': 'default'}

During handling of the above exception, another exception occurred:

Traceback (most recent call last):
  File "2.0/src/provision_v2.py", line 582, in main
    lease_id, reservation_id = create_lease_with_ai(
  File "2.0/src/provision_v2.py", line 346, in create_lease_with_ai
    raise Exception(f"Lease creation failed: {str(e)}")
Exception: Lease creation failed: ERROR: Not enough resources available with query {'resource_type': 'physical:host', 'min': 1, 'max': 1, 'hypervisor_properties': '', 'resource_properties': '["=", "$node_type", "gpu_rtx_6000"]', 'start_date': datetime.datetime(2025, 12, 16, 8, 34), 'end_date': datetime.datetime(2025, 12, 19, 8, 34), 'project_id': '62f12f9c6a28478b976f680a6fa2fa9a', 'count_range': '1-1', 'before_end': 'default', 'on_start': 'default'}

============================================================
Automated Hardware Provisioning Tool v2.0
============================================================
✓ Configuration loaded
✓ AI client initialized
✓ OpenStack connection established

============================================================
Step 1: Repository Analysis
============================================================
✓ Repository cloned to: /tmp/gnn_editing

✓ Repository requirements analysis complete:
  CPU: 4 cores
  RAM: 16 GB
  GPU: Required
  GPU Memory: 8 GB
  Disk: 20 GB
  OS: ubuntu 20.04
  CUDA: Required

============================================================
Step 2: Image Selection
============================================================
✓ Found 75 available CC-* images
✓ AI Stage 1: Selected 5 candidates
  Reasoning: The requirements specify an Ubuntu 20.04 operating system with CUDA support, which implies the need for GPU support. The selected images are all based on Ubuntu 20.04 and include CUDA, making them suitable for the specified requirements. These images are: 'CC-Ubuntu20.04-CUDA', 'CC-Ubuntu20.04-CUDA11', 'CC-Ubuntu20.04-CUDA-20241028', 'CC-Ubuntu20.04-CUDA-20240326', and 'CC-Ubuntu20.04-CUDA-20240129'.
⚠ No candidates found, using fallback selection
✓ Fallback image: CC-Ubuntu22.04-CUDA

============================================================
Step 3: SSH Key Management
============================================================
✓ Keypair exists: my-key

============================================================
Step 4: Network Configuration
============================================================
✓ Found network: sharednet1 (ID: a772a899-ff3d-420b-8b31-1c485092481a)

============================================================
Discovering Available Resources
============================================================

Discovering resources at uc site...
✓ Found 132 hosts
✓ Discovered 10 node types: compute_cascadelake_r, compute_gigaio, compute_nvdimm, compute_skylake, fpga, gpu_a100_nvlink, gpu_a100_pcie, gpu_rtx_6000, gpu_v100, storage_nvme
✓ Found 10 node types available

✓ AI resource selection complete
  Node type: gpu_rtx_6000
  Reasoning: The user requires a GPU with at least 8 GB of memory. Among the available GPU nodes, the 'gpu_rtx_6000' node type is suitable as it provides the necessary GPU capabilities. The RTX 6000 model is listed as available and meets the GPU memory requirement. The other node types either do not have a GPU or do not specify the required GPU model.
✓ AI selected node type: gpu_rtx_6000
  Reasoning: The user requires a GPU with at least 8 GB of memory. Among the available GPU nodes, the 'gpu_rtx_6000' node type is suitable as it provides the necessary GPU capabilities. The RTX 6000 model is listed as available and meets the GPU memory requirement. The other node types either do not have a GPU or do not specify the required GPU model.

✓ Target node type: gpu_rtx_6000

============================================================
Step 5: Create Hardware Reservation
============================================================
✓ AI determined duration: 72 hours
  Reasoning: The requirements specify a GPU with CUDA support and a set of specialized libraries for machine learning and graph processing, suggesting a complex computational task likely related to deep learning or graph neural networks. Such tasks often involve extensive data processing and model training, which can take several days to complete. Therefore, a lease duration of 72 hours is recommended to ensure sufficient time for setup, execution, and any necessary troubleshooting or adjustments.

Creating lease:
  Name: auto-gpu_rtx_6000-202512160832
  Node Type: gpu_rtx_6000
  Start: 2025-12-16 08:34
  End: 2025-12-19 08:34


✗ ERROR: Lease creation failed: ERROR: Not enough resources available with query {'resource_type': 'physical:host', 'min': 1, 'max': 1, 'hypervisor_properties': '', 'resource_properties': '["=", "$node_type", "gpu_rtx_6000"]', 'start_date': datetime.datetime(2025, 12, 16, 8, 34), 'end_date': datetime.datetime(2025, 12, 19, 8, 34), 'project_id': '62f12f9c6a28478b976f680a6fa2fa9a', 'count_range': '1-1', 'before_end': 'default', 'on_start': 'default'}
End:     2025-12-16T08:33:02Z (exit=1, duration=23s)
