Command: python 2.0/src/provision_v2.py --repo "https://github.com/cli/cli" --site uc
Start:   2025-12-16T09:20:19Z
Traceback (most recent call last):
  File "2.0/src/provision_v2.py", line 299, in create_lease_with_ai
    lease = blazar.lease.create(
  File "/home/cc/EnvAgent-plus/venv/lib/python3.8/site-packages/blazarclient/v1/leases.py", line 32, in create
    resp, body = self.request_manager.post('/leases', body=values)
  File "/home/cc/EnvAgent-plus/venv/lib/python3.8/site-packages/keystoneauth1/adapter.py", line 399, in post
    return self.request(url, 'POST', **kwargs)
  File "/home/cc/EnvAgent-plus/venv/lib/python3.8/site-packages/blazarclient/base.py", line 135, in request
    raise exception.BlazarClientException(msg, code=resp.status_code)
blazarclient.exception.BlazarClientException: ERROR: Not enough resources available with query {'resource_type': 'physical:host', 'min': 1, 'max': 1, 'hypervisor_properties': '', 'resource_properties': '["=", "$node_type", "compute_cascadelake_r"]', 'start_date': datetime.datetime(2025, 12, 16, 9, 22), 'end_date': datetime.datetime(2025, 12, 16, 13, 22), 'project_id': '62f12f9c6a28478b976f680a6fa2fa9a', 'count_range': '1-1', 'before_end': 'default', 'on_start': 'default'}

During handling of the above exception, another exception occurred:

Traceback (most recent call last):
  File "2.0/src/provision_v2.py", line 582, in main
    lease_id, reservation_id = create_lease_with_ai(
  File "2.0/src/provision_v2.py", line 346, in create_lease_with_ai
    raise Exception(f"Lease creation failed: {str(e)}")
Exception: Lease creation failed: ERROR: Not enough resources available with query {'resource_type': 'physical:host', 'min': 1, 'max': 1, 'hypervisor_properties': '', 'resource_properties': '["=", "$node_type", "compute_cascadelake_r"]', 'start_date': datetime.datetime(2025, 12, 16, 9, 22), 'end_date': datetime.datetime(2025, 12, 16, 13, 22), 'project_id': '62f12f9c6a28478b976f680a6fa2fa9a', 'count_range': '1-1', 'before_end': 'default', 'on_start': 'default'}

============================================================
Automated Hardware Provisioning Tool v2.0
============================================================
✓ Configuration loaded
✓ AI client initialized
✓ OpenStack connection established

============================================================
Step 1: Repository Analysis
============================================================
✓ Repository cloned to: /tmp/cli

✓ Repository requirements analysis complete:
  CPU: 1 cores
  RAM: 1 GB
  GPU: Not required
  Disk: 1 GB
  OS: None None
  CUDA: Not required

============================================================
Step 2: Image Selection
============================================================
✓ Found 75 available CC-* images
✓ AI Stage 1: Selected 5 candidates
  Reasoning: The requirements specify no particular OS type or version, and no need for CUDA or GPU support. Therefore, the best candidates are general-purpose, non-CUDA images. The selected images include the latest versions of Ubuntu 24.04, Ubuntu 22.04, and Ubuntu 20.04, as well as CentOS 9 Stream and CentOS 8 Stream. These images provide a variety of recent, stable operating systems without unnecessary CUDA support.
⚠ No candidates found, using fallback selection
✓ Fallback image: CC-Ubuntu22.04-CUDA

============================================================
Step 3: SSH Key Management
============================================================
✓ Keypair exists: my-key

============================================================
Step 4: Network Configuration
============================================================
✓ Found network: sharednet1 (ID: a772a899-ff3d-420b-8b31-1c485092481a)

============================================================
Discovering Available Resources
============================================================

Discovering resources at uc site...
✓ Found 132 hosts
✓ Discovered 10 node types: compute_cascadelake_r, compute_gigaio, compute_nvdimm, compute_skylake, fpga, gpu_a100_nvlink, gpu_a100_pcie, gpu_rtx_6000, gpu_v100, storage_nvme
✓ Found 10 node types available

✓ AI resource selection complete
  Node type: compute_cascadelake_r
  Reasoning: The user's requirements specify a need for minimal CPU and RAM resources and explicitly state that a GPU is not required. Therefore, a general compute node is suitable. Among the available compute nodes, 'compute_cascadelake_r' is selected as it is likely to provide the necessary resources efficiently without the additional overhead of GPU capabilities.
✓ AI selected node type: compute_cascadelake_r
  Reasoning: The user's requirements specify a need for minimal CPU and RAM resources and explicitly state that a GPU is not required. Therefore, a general compute node is suitable. Among the available compute nodes, 'compute_cascadelake_r' is selected as it is likely to provide the necessary resources efficiently without the additional overhead of GPU capabilities.

✓ Target node type: compute_cascadelake_r

============================================================
Step 5: Create Hardware Reservation
============================================================
✓ AI determined duration: 4 hours
  Reasoning: The requirements involve setting up a lightweight environment with basic tools like GitHub CLI and verification tools such as Build Provenance Attestation and Sigstore cosign. These tasks are not computationally intensive and can be completed relatively quickly. A 4-hour lease should be sufficient to install the necessary tools, perform the required verifications, and handle any minor troubleshooting that may arise.

Creating lease:
  Name: auto-compute_cascadelake_r-202512160920
  Node Type: compute_cascadelake_r
  Start: 2025-12-16 09:22
  End: 2025-12-16 13:22


✗ ERROR: Lease creation failed: ERROR: Not enough resources available with query {'resource_type': 'physical:host', 'min': 1, 'max': 1, 'hypervisor_properties': '', 'resource_properties': '["=", "$node_type", "compute_cascadelake_r"]', 'start_date': datetime.datetime(2025, 12, 16, 9, 22), 'end_date': datetime.datetime(2025, 12, 16, 13, 22), 'project_id': '62f12f9c6a28478b976f680a6fa2fa9a', 'count_range': '1-1', 'before_end': 'default', 'on_start': 'default'}
End:     2025-12-16T09:20:44Z (exit=1, duration=25s)
