Command: python 2.0/src/provision_v2.py --repo "https://github.com/Kong/insomnia" --site uc
Start:   2025-12-16T09:25:23Z
Traceback (most recent call last):
  File "2.0/src/provision_v2.py", line 299, in create_lease_with_ai
    lease = blazar.lease.create(
  File "/home/cc/EnvAgent-plus/venv/lib/python3.8/site-packages/blazarclient/v1/leases.py", line 32, in create
    resp, body = self.request_manager.post('/leases', body=values)
  File "/home/cc/EnvAgent-plus/venv/lib/python3.8/site-packages/keystoneauth1/adapter.py", line 399, in post
    return self.request(url, 'POST', **kwargs)
  File "/home/cc/EnvAgent-plus/venv/lib/python3.8/site-packages/blazarclient/base.py", line 135, in request
    raise exception.BlazarClientException(msg, code=resp.status_code)
blazarclient.exception.BlazarClientException: ERROR: Not enough resources available with query {'resource_type': 'physical:host', 'min': 1, 'max': 1, 'hypervisor_properties': '', 'resource_properties': '["=", "$node_type", "compute_cascadelake_r"]', 'start_date': datetime.datetime(2025, 12, 16, 9, 27), 'end_date': datetime.datetime(2025, 12, 18, 9, 27), 'project_id': '62f12f9c6a28478b976f680a6fa2fa9a', 'count_range': '1-1', 'before_end': 'default', 'on_start': 'default'}

During handling of the above exception, another exception occurred:

Traceback (most recent call last):
  File "2.0/src/provision_v2.py", line 582, in main
    lease_id, reservation_id = create_lease_with_ai(
  File "2.0/src/provision_v2.py", line 346, in create_lease_with_ai
    raise Exception(f"Lease creation failed: {str(e)}")
Exception: Lease creation failed: ERROR: Not enough resources available with query {'resource_type': 'physical:host', 'min': 1, 'max': 1, 'hypervisor_properties': '', 'resource_properties': '["=", "$node_type", "compute_cascadelake_r"]', 'start_date': datetime.datetime(2025, 12, 16, 9, 27), 'end_date': datetime.datetime(2025, 12, 18, 9, 27), 'project_id': '62f12f9c6a28478b976f680a6fa2fa9a', 'count_range': '1-1', 'before_end': 'default', 'on_start': 'default'}

============================================================
Automated Hardware Provisioning Tool v2.0
============================================================
✓ Configuration loaded
✓ AI client initialized
✓ OpenStack connection established

============================================================
Step 1: Repository Analysis
============================================================
✓ Repository cloned to: /tmp/insomnia

✓ Repository requirements analysis complete:
  CPU: 2 cores
  RAM: 4 GB
  GPU: Not required
  Disk: 10 GB
  OS: ubuntu 20.04
  CUDA: Not required

============================================================
Step 2: Image Selection
============================================================
✓ Found 75 available CC-* images
✓ AI Stage 1: Selected 5 candidates
  Reasoning: The requirements specify Ubuntu 20.04 without CUDA or GPU support. The selected images are all based on Ubuntu 20.04 and do not include CUDA in their naming, indicating they do not have CUDA support. These images are suitable for the specified requirements.
⚠ No candidates found, using fallback selection
✓ Fallback image: CC-Ubuntu22.04-CUDA

============================================================
Step 3: SSH Key Management
============================================================
✓ Keypair exists: my-key

============================================================
Step 4: Network Configuration
============================================================
✓ Found network: sharednet1 (ID: a772a899-ff3d-420b-8b31-1c485092481a)

============================================================
Discovering Available Resources
============================================================

Discovering resources at uc site...
✓ Found 132 hosts
✓ Discovered 10 node types: compute_cascadelake_r, compute_gigaio, compute_nvdimm, compute_skylake, fpga, gpu_a100_nvlink, gpu_a100_pcie, gpu_rtx_6000, gpu_v100, storage_nvme
✓ Found 10 node types available

✓ AI resource selection complete
  Node type: compute_cascadelake_r
  Reasoning: The user does not require a GPU, so GPU nodes are not necessary. The user needs a general compute node with at least 2 CPU cores, 4 GB of RAM, and 10 GB of disk space. The 'compute_cascadelake_r' node type is a general compute node that fits these requirements.
✓ AI selected node type: compute_cascadelake_r
  Reasoning: The user does not require a GPU, so GPU nodes are not necessary. The user needs a general compute node with at least 2 CPU cores, 4 GB of RAM, and 10 GB of disk space. The 'compute_cascadelake_r' node type is a general compute node that fits these requirements.

✓ Target node type: compute_cascadelake_r

============================================================
Step 5: Create Hardware Reservation
============================================================
✓ AI determined duration: 48 hours
  Reasoning: The requirements include setting up a development environment with Node.js, npm, and Electron, which may involve additional configuration and testing time. Given the complexity of setting up and testing these components, a 48-hour lease provides a reasonable buffer to ensure everything is properly configured and tested, especially considering potential troubleshooting and dependency management.

Creating lease:
  Name: auto-compute_cascadelake_r-202512160925
  Node Type: compute_cascadelake_r
  Start: 2025-12-16 09:27
  End: 2025-12-18 09:27


✗ ERROR: Lease creation failed: ERROR: Not enough resources available with query {'resource_type': 'physical:host', 'min': 1, 'max': 1, 'hypervisor_properties': '', 'resource_properties': '["=", "$node_type", "compute_cascadelake_r"]', 'start_date': datetime.datetime(2025, 12, 16, 9, 27), 'end_date': datetime.datetime(2025, 12, 18, 9, 27), 'project_id': '62f12f9c6a28478b976f680a6fa2fa9a', 'count_range': '1-1', 'before_end': 'default', 'on_start': 'default'}
End:     2025-12-16T09:25:56Z (exit=1, duration=33s)
