Command: python 2.0/src/provision_v2.py --repo "https://github.com/snu-csl/rfuse" --site uc
Start:   2025-12-16T09:15:09Z
Traceback (most recent call last):
  File "2.0/src/provision_v2.py", line 299, in create_lease_with_ai
    lease = blazar.lease.create(
  File "/home/cc/EnvAgent-plus/venv/lib/python3.8/site-packages/blazarclient/v1/leases.py", line 32, in create
    resp, body = self.request_manager.post('/leases', body=values)
  File "/home/cc/EnvAgent-plus/venv/lib/python3.8/site-packages/keystoneauth1/adapter.py", line 399, in post
    return self.request(url, 'POST', **kwargs)
  File "/home/cc/EnvAgent-plus/venv/lib/python3.8/site-packages/blazarclient/base.py", line 135, in request
    raise exception.BlazarClientException(msg, code=resp.status_code)
blazarclient.exception.BlazarClientException: ERROR: Not enough resources available with query {'resource_type': 'physical:host', 'min': 1, 'max': 1, 'hypervisor_properties': '', 'resource_properties': '["=", "$node_type", "compute_cascadelake_r"]', 'start_date': datetime.datetime(2025, 12, 16, 9, 17), 'end_date': datetime.datetime(2025, 12, 18, 9, 17), 'project_id': '62f12f9c6a28478b976f680a6fa2fa9a', 'count_range': '1-1', 'before_end': 'default', 'on_start': 'default'}

During handling of the above exception, another exception occurred:

Traceback (most recent call last):
  File "2.0/src/provision_v2.py", line 582, in main
    lease_id, reservation_id = create_lease_with_ai(
  File "2.0/src/provision_v2.py", line 346, in create_lease_with_ai
    raise Exception(f"Lease creation failed: {str(e)}")
Exception: Lease creation failed: ERROR: Not enough resources available with query {'resource_type': 'physical:host', 'min': 1, 'max': 1, 'hypervisor_properties': '', 'resource_properties': '["=", "$node_type", "compute_cascadelake_r"]', 'start_date': datetime.datetime(2025, 12, 16, 9, 17), 'end_date': datetime.datetime(2025, 12, 18, 9, 17), 'project_id': '62f12f9c6a28478b976f680a6fa2fa9a', 'count_range': '1-1', 'before_end': 'default', 'on_start': 'default'}

============================================================
Automated Hardware Provisioning Tool v2.0
============================================================
✓ Configuration loaded
✓ AI client initialized
✓ OpenStack connection established

============================================================
Step 1: Repository Analysis
============================================================
✓ Repository cloned to: /tmp/rfuse

✓ Repository requirements analysis complete:
  CPU: 80 cores
  RAM: 256 GB
  GPU: Not required
  Disk: None GB
  OS: ubuntu 20.04.5
  CUDA: Not required

============================================================
Step 2: Image Selection
============================================================
✓ Found 75 available CC-* images
✓ AI Stage 1: Selected 5 candidates
  Reasoning: The requirements specify Ubuntu 20.04.5 without CUDA or GPU support. The selected images are all Ubuntu 20.04 without any CUDA support, matching the version and requirements. These images are the best fit as they meet the OS type and version criteria while not including unnecessary CUDA support.
⚠ No candidates found, using fallback selection
✓ Fallback image: CC-Ubuntu22.04-CUDA

============================================================
Step 3: SSH Key Management
============================================================
✓ Keypair exists: my-key

============================================================
Step 4: Network Configuration
============================================================
✓ Found network: sharednet1 (ID: a772a899-ff3d-420b-8b31-1c485092481a)

============================================================
Discovering Available Resources
============================================================

Discovering resources at uc site...
✓ Found 132 hosts
✓ Discovered 10 node types: compute_cascadelake_r, compute_gigaio, compute_nvdimm, compute_skylake, fpga, gpu_a100_nvlink, gpu_a100_pcie, gpu_rtx_6000, gpu_v100, storage_nvme
✓ Found 10 node types available

✓ AI resource selection complete
  Node type: compute_cascadelake_r
  Reasoning: The user does not require a GPU, so we focus on general compute nodes. The compute_cascadelake_r node type is likely to have a high number of CPU cores and sufficient RAM to meet the user's requirements of 80 CPU cores and 256 GB of RAM. It is the most suitable choice among the available compute nodes.
✓ AI selected node type: compute_cascadelake_r
  Reasoning: The user does not require a GPU, so we focus on general compute nodes. The compute_cascadelake_r node type is likely to have a high number of CPU cores and sufficient RAM to meet the user's requirements of 80 CPU cores and 256 GB of RAM. It is the most suitable choice among the available compute nodes.

✓ Target node type: compute_cascadelake_r

============================================================
Step 5: Create Hardware Reservation
============================================================
✓ AI determined duration: 48 hours
  Reasoning: The request involves a high number of CPU cores (80) and a large amount of RAM (256 GB), which suggests a significant computational task. Additionally, the special requirements such as PCIe Gen 4.0 NVMe SSD, a specific Linux kernel version, and per-core ring channel configuration indicate a need for a customized and potentially complex setup. These factors suggest that the task may require more time for setup, testing, and execution. Therefore, a lease duration of 48 hours is recommended to ensure sufficient time for these activities.

Creating lease:
  Name: auto-compute_cascadelake_r-202512160915
  Node Type: compute_cascadelake_r
  Start: 2025-12-16 09:17
  End: 2025-12-18 09:17


✗ ERROR: Lease creation failed: ERROR: Not enough resources available with query {'resource_type': 'physical:host', 'min': 1, 'max': 1, 'hypervisor_properties': '', 'resource_properties': '["=", "$node_type", "compute_cascadelake_r"]', 'start_date': datetime.datetime(2025, 12, 16, 9, 17), 'end_date': datetime.datetime(2025, 12, 18, 9, 17), 'project_id': '62f12f9c6a28478b976f680a6fa2fa9a', 'count_range': '1-1', 'before_end': 'default', 'on_start': 'default'}
End:     2025-12-16T09:15:45Z (exit=1, duration=36s)
