Command: python 2.0/src/provision_v2.py --repo "https://github.com/zeromicro/go-zero" --site uc
Start:   2025-12-16T09:21:19Z
Traceback (most recent call last):
  File "2.0/src/provision_v2.py", line 299, in create_lease_with_ai
    lease = blazar.lease.create(
  File "/home/cc/EnvAgent-plus/venv/lib/python3.8/site-packages/blazarclient/v1/leases.py", line 32, in create
    resp, body = self.request_manager.post('/leases', body=values)
  File "/home/cc/EnvAgent-plus/venv/lib/python3.8/site-packages/keystoneauth1/adapter.py", line 399, in post
    return self.request(url, 'POST', **kwargs)
  File "/home/cc/EnvAgent-plus/venv/lib/python3.8/site-packages/blazarclient/base.py", line 135, in request
    raise exception.BlazarClientException(msg, code=resp.status_code)
blazarclient.exception.BlazarClientException: ERROR: Not enough resources available with query {'resource_type': 'physical:host', 'min': 1, 'max': 1, 'hypervisor_properties': '', 'resource_properties': '["=", "$node_type", "compute_cascadelake_r"]', 'start_date': datetime.datetime(2025, 12, 16, 9, 23), 'end_date': datetime.datetime(2025, 12, 17, 9, 23), 'project_id': '62f12f9c6a28478b976f680a6fa2fa9a', 'count_range': '1-1', 'before_end': 'default', 'on_start': 'default'}

During handling of the above exception, another exception occurred:

Traceback (most recent call last):
  File "2.0/src/provision_v2.py", line 582, in main
    lease_id, reservation_id = create_lease_with_ai(
  File "2.0/src/provision_v2.py", line 346, in create_lease_with_ai
    raise Exception(f"Lease creation failed: {str(e)}")
Exception: Lease creation failed: ERROR: Not enough resources available with query {'resource_type': 'physical:host', 'min': 1, 'max': 1, 'hypervisor_properties': '', 'resource_properties': '["=", "$node_type", "compute_cascadelake_r"]', 'start_date': datetime.datetime(2025, 12, 16, 9, 23), 'end_date': datetime.datetime(2025, 12, 17, 9, 23), 'project_id': '62f12f9c6a28478b976f680a6fa2fa9a', 'count_range': '1-1', 'before_end': 'default', 'on_start': 'default'}

============================================================
Automated Hardware Provisioning Tool v2.0
============================================================
✓ Configuration loaded
✓ AI client initialized
✓ OpenStack connection established

============================================================
Step 1: Repository Analysis
============================================================
✓ Repository cloned to: /tmp/go-zero

✓ Repository requirements analysis complete:
  CPU: None cores
  RAM: None GB
  GPU: Not required
  Disk: None GB
  OS: None None
  CUDA: Not required

============================================================
Step 2: Image Selection
============================================================
✓ Found 75 available CC-* images
✓ AI Stage 1: Selected 5 candidates
  Reasoning: The requirements specify no particular OS type, version, or CUDA/GPU requirements. Therefore, we can select images that are general-purpose and do not include CUDA. The selected images are base versions of popular operating systems without CUDA, ensuring broad compatibility and simplicity. The chosen images include the latest versions of Ubuntu (24.04, 22.04, and 20.04) and CentOS (9 and 8 stream) without any CUDA dependencies.
⚠ No candidates found, using fallback selection
✓ Fallback image: CC-Ubuntu22.04-CUDA

============================================================
Step 3: SSH Key Management
============================================================
✓ Keypair exists: my-key

============================================================
Step 4: Network Configuration
============================================================
✓ Found network: sharednet1 (ID: a772a899-ff3d-420b-8b31-1c485092481a)

============================================================
Discovering Available Resources
============================================================

Discovering resources at uc site...
✓ Found 132 hosts
✓ Discovered 10 node types: compute_cascadelake_r, compute_gigaio, compute_nvdimm, compute_skylake, fpga, gpu_a100_nvlink, gpu_a100_pcie, gpu_rtx_6000, gpu_v100, storage_nvme
✓ Found 10 node types available

✓ AI resource selection complete
  Node type: compute_cascadelake_r
  Reasoning: The user does not require a GPU or specific hardware resources like CPU cores, RAM, or disk space. Therefore, a general compute node is suitable. Among the available compute node types, 'compute_cascadelake_r' is a general-purpose compute node that fits the user's minimal requirements.
✓ AI selected node type: compute_cascadelake_r
  Reasoning: The user does not require a GPU or specific hardware resources like CPU cores, RAM, or disk space. Therefore, a general compute node is suitable. Among the available compute node types, 'compute_cascadelake_r' is a general-purpose compute node that fits the user's minimal requirements.

✓ Target node type: compute_cascadelake_r

============================================================
Step 5: Create Hardware Reservation
============================================================
✓ AI determined duration: 24 hours
  Reasoning: The requirements provided are very general and do not specify any particular needs or constraints. In the absence of specific information, a default lease duration of 24 hours is appropriate to accommodate potential usage.

Creating lease:
  Name: auto-compute_cascadelake_r-202512160921
  Node Type: compute_cascadelake_r
  Start: 2025-12-16 09:23
  End: 2025-12-17 09:23


✗ ERROR: Lease creation failed: ERROR: Not enough resources available with query {'resource_type': 'physical:host', 'min': 1, 'max': 1, 'hypervisor_properties': '', 'resource_properties': '["=", "$node_type", "compute_cascadelake_r"]', 'start_date': datetime.datetime(2025, 12, 16, 9, 23), 'end_date': datetime.datetime(2025, 12, 17, 9, 23), 'project_id': '62f12f9c6a28478b976f680a6fa2fa9a', 'count_range': '1-1', 'before_end': 'default', 'on_start': 'default'}
End:     2025-12-16T09:21:44Z (exit=1, duration=25s)
