⚠ WARNING: python-chi not available; KVM provisioning will be limited

============================================================
Automated Hardware Provisioning Tool v2.0
============================================================
✓ Configuration loaded
✓ AI client initialized
✓ OpenStack connection established

============================================================
Step 1: Repository Analysis
============================================================
✓ Repository cloned to: /tmp/neural-decoding-RSNN

✓ Repository requirements analysis complete:
  CPU: 4 cores
  RAM: 16 GB
  GPU: Required
  GPU Memory: 8 GB
  Disk: 20 GB
  OS: ubuntu 20.04
  CUDA: Required

============================================================
Step 2: Image Selection
============================================================
✓ Found 205 available CC-* images
✓ AI Stage 1: Selected 3 candidates
  Reasoning: The requirements specify Ubuntu 20.04 with CUDA support. The available images do not explicitly list any Ubuntu 20.04 images with CUDA. Therefore, the best candidates are the most recent Ubuntu 20.04 images available, which are likely to be compatible with CUDA installations. These images are CC-Ubuntu20.04-20230531.1, CC-Ubuntu20.04-20230531, and CC-Ubuntu20.04-20230518.

✓ Final Selection: CC-Ubuntu20.04-20230531.1
  Image ID: f4c531e8-5d8b-4d3f-8692-ce2024b38af6

============================================================
Step 3: SSH Key Management
============================================================
✓ Keypair exists: my-key

============================================================
Step 4: Network Configuration
============================================================
✓ Found network: sharednet1 (ID: 50073c73-5817-49c3-8e3a-69b8c357e158)

============================================================
Discovering Available Resources
============================================================

Discovering resources at KVM@TACC site...
✓ Found 85 hosts
✓ Discovered 2 node types (ranked by availability & fit):
    compute: 79 reservable / 79 total | fit_score: 1.0
    gpu: 1 reservable / 1 total | fit_score: 2.0
✓ Found 2 node types available

✓ AI resource selection complete
  Node type: gpu
  Reasoning: The user requires a GPU node with at least 8 GB of GPU memory. Among the available resources, the 'gpu' node type matches the requirement for GPU and has 1 reservable count, which is the only option available. Although its reservable count is low, it is the only GPU option available.
✓ AI selected node type: gpu
  Reasoning: The user requires a GPU node with at least 8 GB of GPU memory. Among the available resources, the 'gpu' node type matches the requirement for GPU and has 1 reservable count, which is the only option available. Although its reservable count is low, it is the only GPU option available.

============================================================
KVM@TACC: Skipping bare-metal Blazar (wrong model for KVM)
TIER 4 FALLBACK: Direct Nova KVM launch with requirements-based flavor selection
============================================================

Predicted hardware requirements:
  CPU: 4 cores
  RAM: 16 GB
  Disk: 20 GB
  GPU: Required

  Launching KVM VM with requirements-based flavor selection:
    Name: auto-server-202605010512-20260501051229-c3d683
    Image ID: f4c531e8-5d8b-4d3f-8692-ce2024b38af6
    Key: my-key
    Network ID: 50073c73-5817-49c3-8e3a-69b8c357e158

  → Selecting KVM flavor for predicted requirements:
     CPU: 4 cores, RAM: 16GB, Disk: 20GB
     GPU: Required
     ⚠ GPU required but KVM@TACC does not provide GPU flavors. Workload may fail to run.
     → Minimum disk required: 20GB (predicted: 20GB, image: 7GB)

  ✓ Selected flavor: m1.xlarge (best match)
     Actual: 8 vCPU, 16.0GB RAM, 40GB disk
     Undersized: GPU: Not available on KVM@TACC

  ✓ KVM instance creation initiated: b06dfa6e-b4b9-46fc-a9c0-1ba189d02f78

  Waiting for KVM instance to become ACTIVE...
  (This typically takes 1-5 minutes for VMs)
    Status: BUILD
    Status: ACTIVE

  ✓ KVM instance is ACTIVE

======================================================================
HARDWARE VALIDATION SUMMARY
======================================================================

→ Predicted Requirements:
  CPU:      4 cores
  RAM:      16 GB
  Disk:     20 GB
  GPU:      Yes

→ Actual Provisioned (Flavor: m1.xlarge):
  CPU:      8 cores
  RAM:      16.0 GB
  Disk:     40 GB
  GPU:      No (KVM@TACC not available)

→ Match Status:
  ⚠ MISMATCH: VM provisioned but undersized for predicted workload
  Reasons:
    - GPU: Not available on KVM@TACC

⚠ ⚠ GPU required but KVM@TACC does not provide GPU flavors. Workload may fail to run.

======================================================================


✓ KVM VM direct launch successful
⚠ WARNING: VM provisioned but hardware is undersized or incomplete
   - GPU: Not available on KVM@TACC
  ⚠ GPU required but KVM@TACC does not provide GPU flavors. Workload may fail to run.

============================================================
Step 7: Assign Floating IP
============================================================
✓ Using floating IP: 129.114.26.185
✓ Floating IP attached

============================================================
✓ Provisioning Complete!
============================================================
Provisioning Type: kvm_vm
Server Name: auto-server-202605010512-20260501051229-c3d683
Server ID: b06dfa6e-b4b9-46fc-a9c0-1ba189d02f78
Image: CC-Ubuntu20.04-20230531.1
Node Type: kvm_vm_direct
Floating IP: 129.114.26.185

SSH Connection:
  ssh ubuntu@129.114.26.185
⚠ Hardware Match: No (provisioned VM is undersized)
    GPU: Not available on KVM@TACC

✓ Info saved to: auto-server-202605010512-20260501051229-c3d683_info.json
