⚠ WARNING: python-chi not available; KVM provisioning will be limited

============================================================
Automated Hardware Provisioning Tool v2.0
============================================================
✓ Configuration loaded
✓ AI client initialized
✓ OpenStack connection established

============================================================
Step 1: Repository Analysis
============================================================
✓ Repository cloned to: /tmp/tao_tutorials

✓ Repository requirements analysis complete:
  CPU: 8 cores
  RAM: 16 GB
  GPU: Required
  GPU Memory: 16 GB
  Disk: 100 GB
  OS: ubuntu 22.04
  CUDA: Required

============================================================
Step 2: Image Selection
============================================================
✓ Found 205 available CC-* images
✓ AI Stage 1: Selected 3 candidates
  Reasoning: The requirements specify an Ubuntu 22.04 operating system with CUDA support and GPU capabilities. The selected images are all based on Ubuntu 22.04 and have CUDA support, which is indicated by the '-CUDA' suffix in the image name. These images are the most suitable candidates as they meet all the specified requirements.
⚠ No candidates found, using fallback selection
✓ Fallback image: CC-Ubuntu22.04-CUDA

============================================================
Step 3: SSH Key Management
============================================================
✓ Keypair exists: my-key

============================================================
Step 4: Network Configuration
============================================================
✓ Found network: sharednet1 (ID: 50073c73-5817-49c3-8e3a-69b8c357e158)

============================================================
Discovering Available Resources
============================================================

Discovering resources at KVM@TACC site...
✓ Found 85 hosts
✓ Discovered 2 node types (ranked by availability & fit):
    compute: 79 reservable / 79 total | fit_score: 1.0
    gpu: 1 reservable / 1 total | fit_score: 2.0
✓ Found 2 node types available

✓ AI resource selection complete
  Node type: gpu
  Reasoning: The user requires a GPU, and the only available node type with GPU is 'gpu'. Even though it has only 1 reservable, it is the only option that meets the GPU requirement.
✓ AI selected node type: gpu
  Reasoning: The user requires a GPU, and the only available node type with GPU is 'gpu'. Even though it has only 1 reservable, it is the only option that meets the GPU requirement.

============================================================
KVM@TACC: Skipping bare-metal Blazar (wrong model for KVM)
TIER 4 FALLBACK: Direct Nova KVM launch with requirements-based flavor selection
============================================================

Predicted hardware requirements:
  CPU: 8 cores
  RAM: 16 GB
  Disk: 100 GB
  GPU: Required

  Launching KVM VM with requirements-based flavor selection:
    Name: auto-server-202605010528-20260501052817-5dd1e3
    Image ID: 546bfd02-1a3f-4c00-bc74-c80cc5d6ad43
    Key: my-key
    Network ID: 50073c73-5817-49c3-8e3a-69b8c357e158

  → Selecting KVM flavor for predicted requirements:
     CPU: 8 cores, RAM: 16GB, Disk: 100GB
     GPU: Required
     ⚠ GPU required but KVM@TACC does not provide GPU flavors. Workload may fail to run.
     → Minimum disk required: 100GB (predicted: 100GB, image: 21GB)

  ⚠ No KVM flavor perfectly matches requirements
     → Using smallest available flavor and marking as undersized

  Selected flavor: m1.medium (fallback)
     Actual: 2 vCPU, 4.0GB RAM, 40GB disk
     Undersized: CPU: 2 < 8, RAM: 4.0GB < 16GB, Disk: 40GB < 100GB, GPU: Not available

  ✓ KVM instance creation initiated: f2889856-8561-4ca0-9081-0f1008b0b2c1

  Waiting for KVM instance to become ACTIVE...
  (This typically takes 1-5 minutes for VMs)
    Status: BUILD
    Status: ACTIVE

  ✓ KVM instance is ACTIVE

======================================================================
HARDWARE VALIDATION SUMMARY
======================================================================

→ Predicted Requirements:
  CPU:      8 cores
  RAM:      16 GB
  Disk:     100 GB
  GPU:      Yes

→ Actual Provisioned (Flavor: m1.medium):
  CPU:      2 cores
  RAM:      4.0 GB
  Disk:     40 GB
  GPU:      No (KVM@TACC not available)

→ Match Status:
  ⚠ MISMATCH: VM provisioned but undersized for predicted workload
  Reasons:
    - CPU: 2 < 8
    - RAM: 4.0GB < 16GB
    - Disk: 40GB < 100GB
    - GPU: Not available

⚠ ⚠ GPU required but KVM@TACC does not provide GPU flavors. Workload may fail to run.

======================================================================


✓ KVM VM direct launch successful
⚠ WARNING: VM provisioned but hardware is undersized or incomplete
   - CPU: 2 < 8
   - RAM: 4.0GB < 16GB
   - Disk: 40GB < 100GB
   - GPU: Not available
  ⚠ GPU required but KVM@TACC does not provide GPU flavors. Workload may fail to run.

============================================================
Step 7: Assign Floating IP
============================================================
✓ Using floating IP: 129.114.26.185
✓ Floating IP attached

============================================================
✓ Provisioning Complete!
============================================================
Provisioning Type: kvm_vm
Server Name: auto-server-202605010528-20260501052817-5dd1e3
Server ID: f2889856-8561-4ca0-9081-0f1008b0b2c1
Image: CC-Ubuntu22.04-CUDA
Node Type: kvm_vm_direct
Floating IP: 129.114.26.185

SSH Connection:
  ssh ubuntu@129.114.26.185
⚠ Hardware Match: No (provisioned VM is undersized)
    CPU: 2 < 8
    RAM: 4.0GB < 16GB
    Disk: 40GB < 100GB
    GPU: Not available

✓ Info saved to: auto-server-202605010528-20260501052817-5dd1e3_info.json
