Traceback (most recent call last):
  File "/home/cc/EnvAgent-plus/2.0/src/kvm_launcher.py", line 355, in launch_kvm_instance_with_requirements
    raise Exception(f"KVM instance entered ERROR state: {fault_msg}")
Exception: KVM instance entered ERROR state: Build of instance 0c1e1955-e5f7-470a-9e41-bae75e01f958 aborted: Failed to allocate the network(s) with error No fixed IP addresses available for network: 50073c73-5817-49c3-8e3a-69b8c357e158, not rescheduling.

During handling of the above exception, another exception occurred:

Traceback (most recent call last):
  File "2.0/src/provision_v2.py", line 1491, in main
    server_id, launch_info = launch_kvm_instance_with_requirements(
  File "/home/cc/EnvAgent-plus/2.0/src/kvm_launcher.py", line 362, in launch_kvm_instance_with_requirements
    raise Exception(f"KVM instance launch failed: {str(e)}")
Exception: KVM instance launch failed: KVM instance entered ERROR state: Build of instance 0c1e1955-e5f7-470a-9e41-bae75e01f958 aborted: Failed to allocate the network(s) with error No fixed IP addresses available for network: 50073c73-5817-49c3-8e3a-69b8c357e158, not rescheduling.

During handling of the above exception, another exception occurred:

Traceback (most recent call last):
  File "2.0/src/provision_v2.py", line 1534, in main
    raise Exception(f"KVM@TACC provisioning failed: {str(kvm_error)}")
Exception: KVM@TACC provisioning failed: KVM instance launch failed: KVM instance entered ERROR state: Build of instance 0c1e1955-e5f7-470a-9e41-bae75e01f958 aborted: Failed to allocate the network(s) with error No fixed IP addresses available for network: 50073c73-5817-49c3-8e3a-69b8c357e158, not rescheduling.
⚠ WARNING: python-chi not available; KVM provisioning will be limited

============================================================
Automated Hardware Provisioning Tool v2.0
============================================================
✓ Configuration loaded
✓ AI client initialized
✓ OpenStack connection established

============================================================
Step 1: Repository Analysis
============================================================
✓ Repository cloned to: /tmp/U-Time

✓ Repository requirements analysis complete:
  CPU: 4 cores
  RAM: 8 GB
  GPU: Required
  GPU Memory: None GB
  Disk: 4096 GB
  OS: linux None
  CUDA: Required

============================================================
Step 2: Image Selection
============================================================
✓ Found 205 available CC-* images
✓ AI Stage 1: Selected 2 candidates
  Reasoning: The requirement specifies a Linux OS with CUDA support and GPU capability. The images that match these criteria are those with 'CUDA' in their name. The selected images are 'CC-Ubuntu24.04-CUDA' and 'CC-Ubuntu22.04-CUDA', as they are the only ones explicitly mentioning CUDA support, which implies GPU compatibility. Other images either do not specify CUDA support or are based on a different OS (CentOS) that does not mention CUDA in the name.
⚠ No candidates found, using fallback selection
✓ Fallback image: CC-Ubuntu22.04-CUDA

============================================================
Step 3: SSH Key Management
============================================================
✓ Keypair exists: my-key

============================================================
Step 4: Network Configuration
============================================================
✓ Found network: sharednet1 (ID: 50073c73-5817-49c3-8e3a-69b8c357e158)

============================================================
Discovering Available Resources
============================================================

Discovering resources at KVM@TACC site...
✓ Found 85 hosts
✓ Discovered 2 node types (ranked by availability & fit):
    compute: 79 reservable / 79 total | fit_score: 1.0
    gpu: 1 reservable / 1 total | fit_score: 2.0
✓ Found 2 node types available

✓ AI resource selection complete
  Node type: gpu
  Reasoning: The user requires a GPU, so a GPU node type is necessary. Although there is only 1 reservable GPU node available, it is the only option that meets the GPU requirement.
✓ AI selected node type: gpu
  Reasoning: The user requires a GPU, so a GPU node type is necessary. Although there is only 1 reservable GPU node available, it is the only option that meets the GPU requirement.

============================================================
KVM@TACC: Skipping bare-metal Blazar (wrong model for KVM)
TIER 4 FALLBACK: Direct Nova KVM launch with requirements-based flavor selection
============================================================

Predicted hardware requirements:
  CPU: 4 cores
  RAM: 8 GB
  Disk: 4096 GB
  GPU: Required

  Launching KVM VM with requirements-based flavor selection:
    Name: auto-server-202605010535-20260501053503-bbea05
    Image ID: 546bfd02-1a3f-4c00-bc74-c80cc5d6ad43
    Key: my-key
    Network ID: 50073c73-5817-49c3-8e3a-69b8c357e158

  → Selecting KVM flavor for predicted requirements:
     CPU: 4 cores, RAM: 8GB, Disk: 4096GB
     GPU: Required
     ⚠ GPU required but KVM@TACC does not provide GPU flavors. Workload may fail to run.
     → Minimum disk required: 4096GB (predicted: 4096GB, image: 21GB)

  ⚠ No KVM flavor perfectly matches requirements
     → Using smallest available flavor and marking as undersized

  Selected flavor: m1.medium (fallback)
     Actual: 2 vCPU, 4.0GB RAM, 40GB disk
     Undersized: CPU: 2 < 4, RAM: 4.0GB < 8GB, Disk: 40GB < 4096GB, GPU: Not available

  ✓ KVM instance creation initiated: 0c1e1955-e5f7-470a-9e41-bae75e01f958

  Waiting for KVM instance to become ACTIVE...
  (This typically takes 1-5 minutes for VMs)
    Status: BUILD
    Status: ERROR

  ✗ Nova Fault Code: 500
  ✗ Nova Fault Message: Build of instance 0c1e1955-e5f7-470a-9e41-bae75e01f958 aborted: Failed to allocate the network(s) with error No fixed IP addresses available for network: 50073c73-5817-49c3-8e3a-69b8c357e158, not rescheduling.

✗ KVM VM direct launch failed: KVM instance launch failed: KVM instance entered ERROR state: Build of instance 0c1e1955-e5f7-470a-9e41-bae75e01f958 aborted: Failed to allocate the network(s) with error No fixed IP addresses available for network: 50073c73-5817-49c3-8e3a-69b8c357e158, not rescheduling.


✗ ERROR: KVM@TACC provisioning failed: KVM instance launch failed: KVM instance entered ERROR state: Build of instance 0c1e1955-e5f7-470a-9e41-bae75e01f958 aborted: Failed to allocate the network(s) with error No fixed IP addresses available for network: 50073c73-5817-49c3-8e3a-69b8c357e158, not rescheduling.
Final server_id: None
Final flavor/node_type: gpu
