⚠ WARNING: python-chi not available; KVM provisioning will be limited

============================================================
Automated Hardware Provisioning Tool v2.0
============================================================
✓ Configuration loaded
✓ AI client initialized
✓ OpenStack connection established

============================================================
Step 1: Repository Analysis
============================================================
✓ Repository cloned to: /tmp/Kilosort4

✓ Repository requirements analysis complete:
  CPU: 4 cores
  RAM: 8 GB
  GPU: Required
  GPU Memory: 8 GB
  Disk: 20 GB
  OS: ubuntu 20.04
  CUDA: Required

============================================================
Step 2: Image Selection
============================================================
✓ Found 205 available CC-* images
✓ AI Stage 1: Selected 0 candidates
  Reasoning: After reviewing the available images, none of them match all the specified requirements. The requirements specify an Ubuntu 20.04 operating system with CUDA support, but there are no images listed that include both Ubuntu 20.04 and CUDA. The images available either do not specify CUDA support or are for different versions of Ubuntu or other operating systems like CentOS.
⚠ No candidates found, using fallback selection
✓ Fallback image: CC-Ubuntu22.04-CUDA

============================================================
Step 3: SSH Key Management
============================================================
✓ Keypair exists: my-key

============================================================
Step 4: Network Configuration
============================================================
✓ Found network: sharednet1 (ID: 50073c73-5817-49c3-8e3a-69b8c357e158)

============================================================
Discovering Available Resources
============================================================

Discovering resources at KVM@TACC site...
✓ Found 85 hosts
✓ Discovered 2 node types (ranked by availability & fit):
    compute: 79 reservable / 79 total | fit_score: 1.0
    gpu: 1 reservable / 1 total | fit_score: 2.0
✓ Found 2 node types available

✓ AI resource selection complete
  Node type: gpu
  Reasoning: The user requires a GPU, and the only available node type with GPU is 'gpu' with 1 reservable count. Although it has the lowest availability, it is the only option that meets the GPU requirement.
✓ AI selected node type: gpu
  Reasoning: The user requires a GPU, and the only available node type with GPU is 'gpu' with 1 reservable count. Although it has the lowest availability, it is the only option that meets the GPU requirement.

============================================================
KVM@TACC: Skipping bare-metal Blazar (wrong model for KVM)
TIER 4 FALLBACK: Direct Nova KVM launch with requirements-based flavor selection
============================================================

Predicted hardware requirements:
  CPU: 4 cores
  RAM: 8 GB
  Disk: 20 GB
  GPU: Required

  Launching KVM VM with requirements-based flavor selection:
    Name: auto-server-202605010530-20260501053012-2b67cf
    Image ID: 546bfd02-1a3f-4c00-bc74-c80cc5d6ad43
    Key: my-key
    Network ID: 50073c73-5817-49c3-8e3a-69b8c357e158

  → Selecting KVM flavor for predicted requirements:
     CPU: 4 cores, RAM: 8GB, Disk: 20GB
     GPU: Required
     ⚠ GPU required but KVM@TACC does not provide GPU flavors. Workload may fail to run.
     → Minimum disk required: 21GB (predicted: 20GB, image: 21GB)

  ✓ Selected flavor: m1.large (best match)
     Actual: 4 vCPU, 8.0GB RAM, 40GB disk
     Undersized: GPU: Not available on KVM@TACC

  ✓ KVM instance creation initiated: fab7b177-ff91-49da-be0e-0689c3fece47

  Waiting for KVM instance to become ACTIVE...
  (This typically takes 1-5 minutes for VMs)
    Status: BUILD
    Status: ACTIVE

  ✓ KVM instance is ACTIVE

======================================================================
HARDWARE VALIDATION SUMMARY
======================================================================

→ Predicted Requirements:
  CPU:      4 cores
  RAM:      8 GB
  Disk:     20 GB
  GPU:      Yes

→ Actual Provisioned (Flavor: m1.large):
  CPU:      4 cores
  RAM:      8.0 GB
  Disk:     40 GB
  GPU:      No (KVM@TACC not available)

→ Match Status:
  ⚠ MISMATCH: VM provisioned but undersized for predicted workload
  Reasons:
    - GPU: Not available on KVM@TACC

⚠ ⚠ GPU required but KVM@TACC does not provide GPU flavors. Workload may fail to run.

======================================================================


✓ KVM VM direct launch successful
⚠ WARNING: VM provisioned but hardware is undersized or incomplete
   - GPU: Not available on KVM@TACC
  ⚠ GPU required but KVM@TACC does not provide GPU flavors. Workload may fail to run.

============================================================
Step 7: Assign Floating IP
============================================================
✓ Using floating IP: 129.114.27.214
✓ Floating IP attached

============================================================
✓ Provisioning Complete!
============================================================
Provisioning Type: kvm_vm
Server Name: auto-server-202605010530-20260501053012-2b67cf
Server ID: fab7b177-ff91-49da-be0e-0689c3fece47
Image: CC-Ubuntu22.04-CUDA
Node Type: kvm_vm_direct
Floating IP: 129.114.27.214

SSH Connection:
  ssh ubuntu@129.114.27.214
⚠ Hardware Match: No (provisioned VM is undersized)
    GPU: Not available on KVM@TACC

✓ Info saved to: auto-server-202605010530-20260501053012-2b67cf_info.json
