⚠ WARNING: python-chi not available; KVM provisioning will be limited

============================================================
Automated Hardware Provisioning Tool v2.0
============================================================
✓ Configuration loaded
✓ AI client initialized
✓ OpenStack connection established

============================================================
Step 1: Repository Analysis
============================================================
✓ Repository cloned to: /tmp/plonky2-gpu

✓ Repository requirements analysis complete:
  CPU: 8 cores
  RAM: 16 GB
  GPU: Required
  GPU Memory: 12 GB
  Disk: None GB
  OS: ubuntu None
  CUDA: Required

============================================================
Step 2: Image Selection
============================================================
✓ Found 205 available CC-* images
✓ AI Stage 1: Selected 2 candidates
  Reasoning: The requirements specify an Ubuntu OS with CUDA support, and no specific version is required. The images that match these criteria are 'CC-Ubuntu24.04-CUDA' and 'CC-Ubuntu22.04-CUDA'. These images are based on Ubuntu and have CUDA support, which is necessary for GPU usage. No other images meet all the specified requirements.
⚠ No candidates found, using fallback selection
✓ Fallback image: CC-Ubuntu22.04-CUDA

============================================================
Step 3: SSH Key Management
============================================================
✓ Keypair exists: my-key

============================================================
Step 4: Network Configuration
============================================================
✓ Found network: sharednet1 (ID: 50073c73-5817-49c3-8e3a-69b8c357e158)

============================================================
Discovering Available Resources
============================================================

Discovering resources at KVM@TACC site...
✓ Found 85 hosts
✓ Discovered 2 node types (ranked by availability & fit):
    compute: 79 reservable / 79 total | fit_score: 1.0
    gpu: 1 reservable / 1 total | fit_score: 2.0
✓ Found 2 node types available

✓ AI resource selection complete
  Node type: gpu
  Reasoning: The user requires a GPU with at least 12 GB of memory. Among the available resources, only the 'gpu' node type meets the GPU requirement. Although it has a lower reservable count (1 reservable), it is the only option that fits the GPU requirement.
✓ AI selected node type: gpu
  Reasoning: The user requires a GPU with at least 12 GB of memory. Among the available resources, only the 'gpu' node type meets the GPU requirement. Although it has a lower reservable count (1 reservable), it is the only option that fits the GPU requirement.

============================================================
KVM@TACC: Skipping bare-metal Blazar (wrong model for KVM)
TIER 4 FALLBACK: Direct Nova KVM launch with requirements-based flavor selection
============================================================

Predicted hardware requirements:
  CPU: 8 cores
  RAM: 16 GB
  Disk: None GB
  GPU: Required

  Launching KVM VM with requirements-based flavor selection:
    Name: auto-server-202605010532-20260501053238-08659b
    Image ID: 546bfd02-1a3f-4c00-bc74-c80cc5d6ad43
    Key: my-key
    Network ID: 50073c73-5817-49c3-8e3a-69b8c357e158

  → Selecting KVM flavor for predicted requirements:
     CPU: 8 cores, RAM: 16GB, Disk: 1GB
     GPU: Required
     ⚠ GPU required but KVM@TACC does not provide GPU flavors. Workload may fail to run.
     → Minimum disk required: 21GB (predicted: 1GB, image: 21GB)

  ✓ Selected flavor: m1.xlarge (best match)
     Actual: 8 vCPU, 16.0GB RAM, 40GB disk
     Undersized: GPU: Not available on KVM@TACC

  ✓ KVM instance creation initiated: f25ac765-1717-410c-9f00-002a060f2382

  Waiting for KVM instance to become ACTIVE...
  (This typically takes 1-5 minutes for VMs)
    Status: BUILD
    Status: ACTIVE

  ✓ KVM instance is ACTIVE

======================================================================
HARDWARE VALIDATION SUMMARY
======================================================================

→ Predicted Requirements:
  CPU:      8 cores
  RAM:      16 GB
  Disk:     None GB
  GPU:      Yes

→ Actual Provisioned (Flavor: m1.xlarge):
  CPU:      8 cores
  RAM:      16.0 GB
  Disk:     40 GB
  GPU:      No (KVM@TACC not available)

→ Match Status:
  ⚠ MISMATCH: VM provisioned but undersized for predicted workload
  Reasons:
    - GPU: Not available on KVM@TACC

⚠ ⚠ GPU required but KVM@TACC does not provide GPU flavors. Workload may fail to run.

======================================================================


✓ KVM VM direct launch successful
⚠ WARNING: VM provisioned but hardware is undersized or incomplete
   - GPU: Not available on KVM@TACC
  ⚠ GPU required but KVM@TACC does not provide GPU flavors. Workload may fail to run.

============================================================
Step 7: Assign Floating IP
============================================================
✓ Using floating IP: 129.114.27.101
✓ Floating IP attached

============================================================
✓ Provisioning Complete!
============================================================
Provisioning Type: kvm_vm
Server Name: auto-server-202605010532-20260501053238-08659b
Server ID: f25ac765-1717-410c-9f00-002a060f2382
Image: CC-Ubuntu22.04-CUDA
Node Type: kvm_vm_direct
Floating IP: 129.114.27.101

SSH Connection:
  ssh ubuntu@129.114.27.101
⚠ Hardware Match: No (provisioned VM is undersized)
    GPU: Not available on KVM@TACC

✓ Info saved to: auto-server-202605010532-20260501053238-08659b_info.json
