Traceback (most recent call last):
  File "/home/cc/EnvAgent-plus/2.0/src/kvm_launcher.py", line 355, in launch_kvm_instance_with_requirements
    raise Exception(f"KVM instance entered ERROR state: {fault_msg}")
Exception: KVM instance entered ERROR state: Build of instance 337e159d-a542-48d7-8ee4-7f5380bffd0b aborted: Failed to allocate the network(s) with error No fixed IP addresses available for network: 50073c73-5817-49c3-8e3a-69b8c357e158, not rescheduling.

During handling of the above exception, another exception occurred:

Traceback (most recent call last):
  File "2.0/src/provision_v2.py", line 1491, in main
    server_id, launch_info = launch_kvm_instance_with_requirements(
  File "/home/cc/EnvAgent-plus/2.0/src/kvm_launcher.py", line 362, in launch_kvm_instance_with_requirements
    raise Exception(f"KVM instance launch failed: {str(e)}")
Exception: KVM instance launch failed: KVM instance entered ERROR state: Build of instance 337e159d-a542-48d7-8ee4-7f5380bffd0b aborted: Failed to allocate the network(s) with error No fixed IP addresses available for network: 50073c73-5817-49c3-8e3a-69b8c357e158, not rescheduling.

During handling of the above exception, another exception occurred:

Traceback (most recent call last):
  File "2.0/src/provision_v2.py", line 1534, in main
    raise Exception(f"KVM@TACC provisioning failed: {str(kvm_error)}")
Exception: KVM@TACC provisioning failed: KVM instance launch failed: KVM instance entered ERROR state: Build of instance 337e159d-a542-48d7-8ee4-7f5380bffd0b aborted: Failed to allocate the network(s) with error No fixed IP addresses available for network: 50073c73-5817-49c3-8e3a-69b8c357e158, not rescheduling.
⚠ WARNING: python-chi not available; KVM provisioning will be limited

============================================================
Automated Hardware Provisioning Tool v2.0
============================================================
✓ Configuration loaded
✓ AI client initialized
✓ OpenStack connection established

============================================================
Step 1: Repository Analysis
============================================================
✓ Repository cloned to: /tmp/node0

✓ Repository requirements analysis complete:
  CPU: None cores
  RAM: 32 GB
  GPU: Required
  GPU Memory: 16 GB
  Disk: 80 GB
  OS: ubuntu 22.04
  CUDA: Required

============================================================
Step 2: Image Selection
============================================================
✓ Found 205 available CC-* images
✓ AI Stage 1: Selected 1 candidates
  Reasoning: The requirements specify an Ubuntu 22.04 operating system with CUDA support and GPU capabilities. Among the available images, only 'CC-Ubuntu22.04-CUDA (ID: 546bfd02-1a3f-4c00-bc74-c80cc5d6ad43)' meets all these criteria. Other images either do not have the correct OS version, lack CUDA support, or are based on a different OS entirely.
⚠ No candidates found, using fallback selection
✓ Fallback image: CC-Ubuntu22.04-CUDA

============================================================
Step 3: SSH Key Management
============================================================
✓ Keypair exists: my-key

============================================================
Step 4: Network Configuration
============================================================
✓ Found network: sharednet1 (ID: 50073c73-5817-49c3-8e3a-69b8c357e158)

============================================================
Discovering Available Resources
============================================================

Discovering resources at KVM@TACC site...
✓ Found 85 hosts
✓ Discovered 2 node types (ranked by availability & fit):
    compute: 79 reservable / 79 total | fit_score: 1.0
    gpu: 1 reservable / 1 total | fit_score: 2.0
✓ Found 2 node types available

✓ AI resource selection complete
  Node type: gpu
  Reasoning: The user requires a GPU with 16 GB of memory. The only available GPU node type has 1 reservable instance, which matches the requirement. Although it has lower availability compared to compute nodes, it is the only option that fulfills the GPU requirement.
✓ AI selected node type: gpu
  Reasoning: The user requires a GPU with 16 GB of memory. The only available GPU node type has 1 reservable instance, which matches the requirement. Although it has lower availability compared to compute nodes, it is the only option that fulfills the GPU requirement.

============================================================
KVM@TACC: Skipping bare-metal Blazar (wrong model for KVM)
TIER 4 FALLBACK: Direct Nova KVM launch with requirements-based flavor selection
============================================================

Predicted hardware requirements:
  CPU: None cores
  RAM: 32 GB
  Disk: 80 GB
  GPU: Required

  Launching KVM VM with requirements-based flavor selection:
    Name: auto-server-202605010533-20260501053351-4ffc03
    Image ID: 546bfd02-1a3f-4c00-bc74-c80cc5d6ad43
    Key: my-key
    Network ID: 50073c73-5817-49c3-8e3a-69b8c357e158

  → Selecting KVM flavor for predicted requirements:
     CPU: 2 cores, RAM: 32GB, Disk: 80GB
     GPU: Required
     ⚠ GPU required but KVM@TACC does not provide GPU flavors. Workload may fail to run.
     → Minimum disk required: 80GB (predicted: 80GB, image: 21GB)

  ⚠ No KVM flavor perfectly matches requirements
     → Using smallest available flavor and marking as undersized

  Selected flavor: m1.medium (fallback)
     Actual: 2 vCPU, 4.0GB RAM, 40GB disk
     Undersized: RAM: 4.0GB < 32GB, Disk: 40GB < 80GB, GPU: Not available

  ✓ KVM instance creation initiated: 337e159d-a542-48d7-8ee4-7f5380bffd0b

  Waiting for KVM instance to become ACTIVE...
  (This typically takes 1-5 minutes for VMs)
    Status: BUILD
    Status: ERROR

  ✗ Nova Fault Code: 500
  ✗ Nova Fault Message: Build of instance 337e159d-a542-48d7-8ee4-7f5380bffd0b aborted: Failed to allocate the network(s) with error No fixed IP addresses available for network: 50073c73-5817-49c3-8e3a-69b8c357e158, not rescheduling.

✗ KVM VM direct launch failed: KVM instance launch failed: KVM instance entered ERROR state: Build of instance 337e159d-a542-48d7-8ee4-7f5380bffd0b aborted: Failed to allocate the network(s) with error No fixed IP addresses available for network: 50073c73-5817-49c3-8e3a-69b8c357e158, not rescheduling.


✗ ERROR: KVM@TACC provisioning failed: KVM instance launch failed: KVM instance entered ERROR state: Build of instance 337e159d-a542-48d7-8ee4-7f5380bffd0b aborted: Failed to allocate the network(s) with error No fixed IP addresses available for network: 50073c73-5817-49c3-8e3a-69b8c357e158, not rescheduling.
Final server_id: None
Final flavor/node_type: gpu
