⚠ WARNING: python-chi not available; KVM provisioning will be limited

============================================================
Automated Hardware Provisioning Tool v2.0
============================================================
✓ Configuration loaded
✓ AI client initialized
✓ OpenStack connection established

============================================================
Step 1: Repository Analysis
============================================================
✓ Repository cloned to: /tmp/ai-avatar

✓ Repository requirements analysis complete:
  CPU: None cores
  RAM: None GB
  GPU: Not required
  Disk: None GB
  OS: None None
  CUDA: Not required

============================================================
Step 2: Image Selection
============================================================
✓ Found 205 available CC-* images
✓ AI Stage 1: Selected 5 candidates
  Reasoning: The requirements specify no particular OS type or version, and CUDA or GPU support is not needed. Therefore, the selection includes a mix of recent Ubuntu and CentOS images without CUDA support. The chosen images are: CC-Ubuntu24.04 (ID: f0c599f7-6dff-4f81-acec-851bcb5995cd), CC-Ubuntu22.04 (ID: 2dbea132-b5b2-4daa-85ff-86670c79eecd), CC-Ubuntu20.04 (ID: 7580b9fb-3693-4574-b875-cfe43918b345), CC-CentOS9-Stream (ID: 4a52f0fc-3803-470d-8877-267106cd834c), and CC-CentOS8-Stream (ID: b30f74cd-a0d9-4046-a00f-21cdaf974388). These images provide a variety of recent and stable operating systems without unnecessary CUDA support.
⚠ No candidates found, using fallback selection
✓ Fallback image: CC-Ubuntu22.04-CUDA

============================================================
Step 3: SSH Key Management
============================================================
✓ Keypair exists: my-key

============================================================
Step 4: Network Configuration
============================================================
✓ Found network: sharednet1 (ID: 50073c73-5817-49c3-8e3a-69b8c357e158)

============================================================
Discovering Available Resources
============================================================

Discovering resources at KVM@TACC site...
✓ Found 85 hosts
✓ Discovered 2 node types (ranked by availability & fit):
    compute: 79 reservable / 79 total | fit_score: 1.0
    gpu: 1 reservable / 1 total | fit_score: 0.3
✓ Found 2 node types available

✓ AI resource selection complete
  Node type: compute
  Reasoning: The user does not require a GPU, and the compute node type has the highest reservable count of 79, maximizing the success rate for lease creation.
✓ AI selected node type: compute
  Reasoning: The user does not require a GPU, and the compute node type has the highest reservable count of 79, maximizing the success rate for lease creation.

============================================================
KVM@TACC: Skipping bare-metal Blazar (wrong model for KVM)
TIER 4 FALLBACK: Direct Nova KVM launch with requirements-based flavor selection
============================================================

Predicted hardware requirements:
  CPU: None cores
  RAM: None GB
  Disk: None GB

  Launching KVM VM with requirements-based flavor selection:
    Name: auto-server-202605010529-20260501052933-94d9b7
    Image ID: 546bfd02-1a3f-4c00-bc74-c80cc5d6ad43
    Key: my-key
    Network ID: 50073c73-5817-49c3-8e3a-69b8c357e158

  → Selecting KVM flavor for predicted requirements:
     CPU: 2 cores, RAM: 2GB, Disk: 1GB
     → Minimum disk required: 21GB (predicted: 1GB, image: 21GB)

  ✓ Selected flavor: m1.medium (best match)
     Actual: 2 vCPU, 4.0GB RAM, 40GB disk

  ✓ KVM instance creation initiated: 10b0a87e-da16-463f-a4d4-72894bbb76ea

  Waiting for KVM instance to become ACTIVE...
  (This typically takes 1-5 minutes for VMs)
    Status: BUILD
    Status: ACTIVE

  ✓ KVM instance is ACTIVE

======================================================================
HARDWARE VALIDATION SUMMARY
======================================================================

→ Predicted Requirements:
  CPU:      None cores
  RAM:      None GB
  Disk:     None GB
  GPU:      No

→ Actual Provisioned (Flavor: m1.medium):
  CPU:      2 cores
  RAM:      4.0 GB
  Disk:     40 GB
  GPU:      No (KVM@TACC not available)

→ Match Status:
  ✓ MATCH: Selected flavor satisfies all predicted requirements

======================================================================


✓ KVM VM direct launch successful

============================================================
Step 7: Assign Floating IP
============================================================
✓ Using floating IP: 129.114.27.54
✓ Floating IP attached

============================================================
✓ Provisioning Complete!
============================================================
Provisioning Type: kvm_vm
Server Name: auto-server-202605010529-20260501052933-94d9b7
Server ID: 10b0a87e-da16-463f-a4d4-72894bbb76ea
Image: CC-Ubuntu22.04-CUDA
Node Type: kvm_vm_direct
Floating IP: 129.114.27.54

SSH Connection:
  ssh ubuntu@129.114.27.54
✓ Hardware Match: Yes (provisioned VM meets all predicted requirements)

✓ Info saved to: auto-server-202605010529-20260501052933-94d9b7_info.json
