Traceback (most recent call last):
  File "/home/cc/EnvAgent-plus/2.0/src/kvm_launcher.py", line 355, in launch_kvm_instance_with_requirements
    raise Exception(f"KVM instance entered ERROR state: {fault_msg}")
Exception: KVM instance entered ERROR state: Build of instance 9028ee2b-840c-46a6-9ec8-5998f5565344 aborted: Failed to allocate the network(s) with error No fixed IP addresses available for network: 50073c73-5817-49c3-8e3a-69b8c357e158, not rescheduling.

During handling of the above exception, another exception occurred:

Traceback (most recent call last):
  File "2.0/src/provision_v2.py", line 1491, in main
    server_id, launch_info = launch_kvm_instance_with_requirements(
  File "/home/cc/EnvAgent-plus/2.0/src/kvm_launcher.py", line 362, in launch_kvm_instance_with_requirements
    raise Exception(f"KVM instance launch failed: {str(e)}")
Exception: KVM instance launch failed: KVM instance entered ERROR state: Build of instance 9028ee2b-840c-46a6-9ec8-5998f5565344 aborted: Failed to allocate the network(s) with error No fixed IP addresses available for network: 50073c73-5817-49c3-8e3a-69b8c357e158, not rescheduling.

During handling of the above exception, another exception occurred:

Traceback (most recent call last):
  File "2.0/src/provision_v2.py", line 1534, in main
    raise Exception(f"KVM@TACC provisioning failed: {str(kvm_error)}")
Exception: KVM@TACC provisioning failed: KVM instance launch failed: KVM instance entered ERROR state: Build of instance 9028ee2b-840c-46a6-9ec8-5998f5565344 aborted: Failed to allocate the network(s) with error No fixed IP addresses available for network: 50073c73-5817-49c3-8e3a-69b8c357e158, not rescheduling.
⚠ WARNING: python-chi not available; KVM provisioning will be limited

============================================================
Automated Hardware Provisioning Tool v2.0
============================================================
✓ Configuration loaded
✓ AI client initialized
✓ OpenStack connection established

============================================================
Step 1: Repository Analysis
============================================================
✓ Repository cloned to: /tmp/pdf-to-podcast

✓ Repository requirements analysis complete:
  CPU: 8 cores
  RAM: 64 GB
  GPU: Required
  GPU Memory: None GB
  Disk: 100 GB
  OS: ubuntu 20.04 or 22.04
  CUDA: Required

============================================================
Step 2: Image Selection
============================================================
✓ Found 205 available CC-* images
✓ AI Stage 1: Selected 3 candidates
  Reasoning: The requirements specify an Ubuntu OS with either version 20.04 or 22.04, and CUDA support is necessary. The images that match these criteria are: 'CC-Ubuntu22.04-CUDA' (ID: 546bfd02-1a3f-4c00-bc74-c80cc5d6ad43), which is an Ubuntu 22.04 image with CUDA support. Additionally, 'CC-Ubuntu22.04_2024-10-22 21:58:21.883691' (ID: 8c7e0698-58dd-4366-bd71-f1b4dfea5eb8) and 'CC-Ubuntu22.04-20230531.1' (ID: ae904860-5c6b-4224-988f-36a9623f8331) are also Ubuntu 22.04 images that likely have CUDA support, as they are newer and may include updated features. These selections ensure compatibility with the specified OS versions and CUDA requirements.
⚠ No candidates found, using fallback selection
✓ Fallback image: CC-Ubuntu22.04-CUDA

============================================================
Step 3: SSH Key Management
============================================================
✓ Keypair exists: my-key

============================================================
Step 4: Network Configuration
============================================================
✓ Found network: sharednet1 (ID: 50073c73-5817-49c3-8e3a-69b8c357e158)

============================================================
Discovering Available Resources
============================================================

Discovering resources at KVM@TACC site...
✓ Found 85 hosts
✓ Discovered 2 node types (ranked by availability & fit):
    compute: 79 reservable / 79 total | fit_score: 1.0
    gpu: 1 reservable / 1 total | fit_score: 2.0
✓ Found 2 node types available

✓ AI resource selection complete
  Node type: gpu
  Reasoning: The user requires a GPU, and the only available node type with a GPU is 'gpu' with 1 reservable. There are no other GPU node types available, so 'gpu' is the only option despite its low availability.
✓ AI selected node type: gpu
  Reasoning: The user requires a GPU, and the only available node type with a GPU is 'gpu' with 1 reservable. There are no other GPU node types available, so 'gpu' is the only option despite its low availability.

============================================================
KVM@TACC: Skipping bare-metal Blazar (wrong model for KVM)
TIER 4 FALLBACK: Direct Nova KVM launch with requirements-based flavor selection
============================================================

Predicted hardware requirements:
  CPU: 8 cores
  RAM: 64 GB
  Disk: 100 GB
  GPU: Required

  Launching KVM VM with requirements-based flavor selection:
    Name: auto-server-202605010536-20260501053616-dcd549
    Image ID: 546bfd02-1a3f-4c00-bc74-c80cc5d6ad43
    Key: my-key
    Network ID: 50073c73-5817-49c3-8e3a-69b8c357e158

  → Selecting KVM flavor for predicted requirements:
     CPU: 8 cores, RAM: 64GB, Disk: 100GB
     GPU: Required
     ⚠ GPU required but KVM@TACC does not provide GPU flavors. Workload may fail to run.
     → Minimum disk required: 100GB (predicted: 100GB, image: 21GB)

  ⚠ No KVM flavor perfectly matches requirements
     → Using smallest available flavor and marking as undersized

  Selected flavor: m1.medium (fallback)
     Actual: 2 vCPU, 4.0GB RAM, 40GB disk
     Undersized: CPU: 2 < 8, RAM: 4.0GB < 64GB, Disk: 40GB < 100GB, GPU: Not available

  ✓ KVM instance creation initiated: 9028ee2b-840c-46a6-9ec8-5998f5565344

  Waiting for KVM instance to become ACTIVE...
  (This typically takes 1-5 minutes for VMs)
    Status: BUILD
    Status: ERROR

  ✗ Nova Fault Code: 500
  ✗ Nova Fault Message: Build of instance 9028ee2b-840c-46a6-9ec8-5998f5565344 aborted: Failed to allocate the network(s) with error No fixed IP addresses available for network: 50073c73-5817-49c3-8e3a-69b8c357e158, not rescheduling.

✗ KVM VM direct launch failed: KVM instance launch failed: KVM instance entered ERROR state: Build of instance 9028ee2b-840c-46a6-9ec8-5998f5565344 aborted: Failed to allocate the network(s) with error No fixed IP addresses available for network: 50073c73-5817-49c3-8e3a-69b8c357e158, not rescheduling.


✗ ERROR: KVM@TACC provisioning failed: KVM instance launch failed: KVM instance entered ERROR state: Build of instance 9028ee2b-840c-46a6-9ec8-5998f5565344 aborted: Failed to allocate the network(s) with error No fixed IP addresses available for network: 50073c73-5817-49c3-8e3a-69b8c357e158, not rescheduling.
Final server_id: None
Final flavor/node_type: gpu
