Command: python 2.0/src/provision_v2.py --repo "https://github.com/nushell/nushell" --site tacc
Start:   2026-02-06T01:59:24Z

============================================================
Automated Hardware Provisioning Tool v2.0
============================================================
✓ Configuration loaded
✓ AI client initialized
✓ OpenStack connection established

============================================================
Step 1: Repository Analysis
============================================================
✓ Repository cloned to: /tmp/nushell

✓ Repository requirements analysis complete:
  CPU: 2 cores
  RAM: 2 GB
  GPU: Not required
  Disk: 1 GB
  OS: ubuntu None
  CUDA: Not required

============================================================
Step 2: Image Selection
============================================================
✓ Found 407 available CC-* images
✓ AI Stage 1: Selected 5 candidates
  Reasoning: The requirements specify an Ubuntu OS without the need for CUDA or GPU support. The selected images are Ubuntu-based and do not have CUDA in their naming, indicating they do not include CUDA support, which aligns with the requirements. The selected images are also of recent Ubuntu versions (20.04, 22.04, and 24.04), ensuring they are up-to-date and likely to have better support and security updates.
⚠ No candidates found, using fallback selection
✓ Fallback image: CC-Ubuntu22.04-CUDA

============================================================
Step 3: SSH Key Management
============================================================
✓ Keypair exists: my-key

============================================================
Step 4: Network Configuration
============================================================
✓ Found network: sharednet1 (ID: 1a03cf65-8fd6-4fce-94fd-bbaabe68a8e1)

============================================================
Discovering Available Resources
============================================================

Discovering resources at tacc site...
✓ Found 310 hosts
✓ Discovered 18 node types: compute_arm64, compute_cascadelake, compute_cascadelake_r, compute_gigaio, compute_haswell_ib, compute_icelake_r650, compute_icelake_r750, compute_liqid, compute_skylake, compute_zen3, gpu_k80, gpu_m40, gpu_mi100, gpu_p100, gpu_p100_nvlink, gpu_p100_v100, storage, storage_hierarchy
✓ Found 18 node types available

✓ AI resource selection complete
  Node type: compute_cascadelake
  Reasoning: The user does not require a GPU, and the hardware requirements are minimal (2 CPU cores, 2 GB RAM, and 1 GB Disk). Therefore, a general compute node is suitable. Among the available compute node types, 'compute_cascadelake' is a versatile and commonly used option that can efficiently handle the specified requirements.
✓ AI selected node type: compute_cascadelake
  Reasoning: The user does not require a GPU, and the hardware requirements are minimal (2 CPU cores, 2 GB RAM, and 1 GB Disk). Therefore, a general compute node is suitable. Among the available compute node types, 'compute_cascadelake' is a versatile and commonly used option that can efficiently handle the specified requirements.

✓ Target node type: compute_cascadelake

============================================================
Step 5: Create Hardware Reservation (with Fallbacks)
============================================================
✓ AI determined duration: 24 hours
  Reasoning: The workload is small, with minimal CPU, RAM, and disk requirements, and no GPU or CUDA needs. The special requirements involve package managers for macOS and Windows, which are not applicable to the Ubuntu OS specified. Therefore, a 24-hour lease should be sufficient for this setup.

============================================================
Attempting Hardware Reservation (with fallbacks)
============================================================
Fallback chain (13 options):
  1. Primary: compute_cascadelake for 24h
  2. Fallback: compute_cascadelake for 12h (reduced duration)
  3. Alt 1: compute_icelake_r750 (24h)
  4. Alt 2: compute_icelake_r750 (12h, reduced)
  5. Alt 3: compute_icelake_r650 (24h)
  6. Alt 4: compute_icelake_r650 (12h, reduced)
  7. Alt 5: compute_cascadelake_r (24h)
  8. Alt 6: compute_cascadelake_r (12h, reduced)
  9. Alt 7: compute_skylake (24h)
  10. Alt 8: compute_skylake (12h, reduced)
  11. Alt 9: compute_haswell_ib (24h)
  12. Alt 10: compute_haswell_ib (12h, reduced)
  13. Fallback: KVM-based VM (when bare metal unavailable)

[Attempt 1/13] Primary: compute_cascadelake for 24h
    ✗ Failed: ERROR: Not enough resources available with query {'resource_type': 'physical:host', 'min': 1, 'max': 1, 'hypervisor_properties': '', 'resource_properties': '["=", "$node_type", "compute_cascadelake"]', 'start_date': datetime.datetime(2026, 2, 6, 2, 1), 'end_date': datetime.datetime(2026, 2, 7, 2, 1), 'project_id': '5b86b66c9be14a228da46d3ab15ef166', 'count_range': '1-1', 'before_end': 'default', 'on_start': 'default'}
    Waiting 5s before next attempt...

[Attempt 2/13] Fallback: compute_cascadelake for 12h (reduced duration)
    ✗ Failed: ERROR: Not enough resources available with query {'resource_type': 'physical:host', 'min': 1, 'max': 1, 'hypervisor_properties': '', 'resource_properties': '["=", "$node_type", "compute_cascadelake"]', 'start_date': datetime.datetime(2026, 2, 6, 2, 1), 'end_date': datetime.datetime(2026, 2, 6, 14, 1), 'project_id': '5b86b66c9be14a228da46d3ab15ef166', 'count_range': '1-1', 'before_end': 'default', 'on_start': 'default'}
    Waiting 5s before next attempt...

[Attempt 3/13] Alt 1: compute_icelake_r750 (24h)
    ✗ Failed: ERROR: Not enough resources available with query {'resource_type': 'physical:host', 'min': 1, 'max': 1, 'hypervisor_properties': '', 'resource_properties': '["=", "$node_type", "compute_icelake_r750"]', 'start_date': datetime.datetime(2026, 2, 6, 2, 2), 'end_date': datetime.datetime(2026, 2, 7, 2, 2), 'project_id': '5b86b66c9be14a228da46d3ab15ef166', 'count_range': '1-1', 'before_end': 'default', 'on_start': 'default'}
    Waiting 5s before next attempt...

[Attempt 4/13] Alt 2: compute_icelake_r750 (12h, reduced)
    ✗ Failed: ERROR: Not enough resources available with query {'resource_type': 'physical:host', 'min': 1, 'max': 1, 'hypervisor_properties': '', 'resource_properties': '["=", "$node_type", "compute_icelake_r750"]', 'start_date': datetime.datetime(2026, 2, 6, 2, 2), 'end_date': datetime.datetime(2026, 2, 6, 14, 2), 'project_id': '5b86b66c9be14a228da46d3ab15ef166', 'count_range': '1-1', 'before_end': 'default', 'on_start': 'default'}
    Waiting 5s before next attempt...

[Attempt 5/13] Alt 3: compute_icelake_r650 (24h)
    Waiting for lease activation (timeout: 300s)...
    ✓ Lease created and ACTIVE (ID: 4c43b783-b1d9-448f-9e3b-4b431f40503c)

============================================================
Reservation Fallback Report
============================================================
Status: ✓ SUCCESS
Message: ✓ Lease created and ACTIVE (ID: 4c43b783-b1d9-448f-9e3b-4b431f40503c)

Successful option:
  Alt 3: compute_icelake_r650 (24h)
  Node type: compute_icelake_r650
  Duration: 24h

Fallback chain had 13 options

✓ Reservation successful: compute_icelake_r650

============================================================
Step 6: Launch Bare Metal Server
============================================================

============================================================
Step 6: Launch Bare Metal Server
============================================================

Launching server:
  Name: auto-server-202602060202
  Image ID: c82b931e-4cf8-4366-9878-1ae941f24348
  Key: my-key
  Network ID: 1a03cf65-8fd6-4fce-94fd-bbaabe68a8e1
  Reservation ID: 0c259b0e-575d-4cc0-8fdb-b4ce17de6c4b

✓ Server creation initiated: dd658318-f830-457b-aa89-0166e0a359c5

Waiting for server to become ACTIVE...
(This may take 10-30 minutes for bare metal)
  Status: BUILD
  Status: ACTIVE

✓ Server is ACTIVE

============================================================
Step 7: Assign Floating IP
============================================================
Creating new floating IP...
✓ Using floating IP: 129.114.108.200
✓ Floating IP attached

============================================================
✓ Provisioning Complete!
============================================================
Server Name: auto-server-202602060202
Server ID: dd658318-f830-457b-aa89-0166e0a359c5
Lease ID: 4c43b783-b1d9-448f-9e3b-4b431f40503c
Reservation ID: 0c259b0e-575d-4cc0-8fdb-b4ce17de6c4b
Image: CC-Ubuntu22.04-CUDA
Node Type (requested): compute_cascadelake
Node Type (actual): compute_icelake_r650
Floating IP: 129.114.108.200

SSH Connection:
  ssh ubuntu@129.114.108.200

✓ Info saved to: auto-server-202602060202_info.json
End:     2026-02-06T02:11:18Z (exit=0, duration=714s)
