Command: python 2.0/src/provision_v2.py --repo "https://github.com/sumonbis/Fairify" --site tacc
Start:   2026-02-26T03:15:37Z
Traceback (most recent call last):
  File "2.0/src/provision_v2.py", line 722, in main
    lease_id, reservation_id, node_type = attempt_lease_with_fallbacks(
  File "2.0/src/provision_v2.py", line 342, in attempt_lease_with_fallbacks
    raise Exception(f"All Blazar fallback attempts failed. Last error: {last_error}")
Exception: All Blazar fallback attempts failed. Last error: Lease creation failed: ERROR: Not enough resources available with query {'resource_type': 'physical:host', 'min': 1, 'max': 1, 'hypervisor_properties': '', 'resource_properties': '["=", "$node_type", "gpu"]', 'start_date': datetime.datetime(2026, 2, 26, 3, 18), 'end_date': datetime.datetime(2026, 2, 28, 3, 18), 'project_id': '350e72270e474aba8a9199644e0b1182', 'count_range': '1-1', 'before_end': 'default', 'on_start': 'default'}

During handling of the above exception, another exception occurred:

Traceback (most recent call last):
  File "/home/cc/EnvAgent-plus/2.0/src/kvm_launcher.py", line 161, in launch_kvm_instance
    raise Exception(f"KVM instance entered ERROR state: {fault_msg}")
Exception: KVM instance entered ERROR state: No valid host was found. There are not enough hosts available. To troubleshoot, please see bit.ly/faq-instance-failure

During handling of the above exception, another exception occurred:

Traceback (most recent call last):
  File "2.0/src/provision_v2.py", line 758, in main
    server_id, server_info = launch_kvm_instance(
  File "/home/cc/EnvAgent-plus/2.0/src/kvm_launcher.py", line 168, in launch_kvm_instance
    raise Exception(f"KVM instance launch failed: {str(e)}")
Exception: KVM instance launch failed: KVM instance entered ERROR state: No valid host was found. There are not enough hosts available. To troubleshoot, please see bit.ly/faq-instance-failure

During handling of the above exception, another exception occurred:

Traceback (most recent call last):
  File "2.0/src/provision_v2.py", line 772, in main
    raise Exception(f"Complete provisioning failure across all tiers")
Exception: Complete provisioning failure across all tiers

============================================================
Automated Hardware Provisioning Tool v2.0
============================================================
✓ Configuration loaded
✓ AI client initialized
✓ OpenStack connection established

============================================================
Step 1: Repository Analysis
============================================================
✓ Repository cloned to: /tmp/Fairify

✓ Repository requirements analysis complete:
  CPU: 4 cores
  RAM: 8 GB
  GPU: Not required
  Disk: 10 GB
  OS: ubuntu 20.04
  CUDA: Not required

============================================================
Step 2: Image Selection
============================================================
✓ Found 205 available CC-* images
✓ AI Stage 1: Selected 5 candidates
  Reasoning: The requirements specify Ubuntu 20.04 without CUDA or GPU support. The selected images are all based on Ubuntu 20.04 and do not mention CUDA, making them suitable candidates. The images are also relatively recent, ensuring they have up-to-date security patches and features.
⚠ No candidates found, using fallback selection
✓ Fallback image: CC-Ubuntu22.04-CUDA

============================================================
Step 3: SSH Key Management
============================================================
✓ Keypair exists: my-key

============================================================
Step 4: Network Configuration
============================================================
✓ Found network: sharednet1 (ID: 50073c73-5817-49c3-8e3a-69b8c357e158)

============================================================
Discovering Available Resources
============================================================

Discovering resources at tacc site...
✓ Found 85 hosts
✓ Discovered 2 node types (ranked by availability & fit):
    compute: 79 reservable / 79 total | fit_score: 1.0
    gpu: 1 reservable / 1 total | fit_score: 0.3
✓ Found 2 node types available

✓ AI resource selection complete
  Node type: compute
  Reasoning: The 'compute' node type has 79 reservable nodes, which is the highest availability among the available resources. It meets the user's requirements for CPU cores, RAM, and disk space without needing a GPU.
✓ AI selected node type: compute
  Reasoning: The 'compute' node type has 79 reservable nodes, which is the highest availability among the available resources. It meets the user's requirements for CPU cores, RAM, and disk space without needing a GPU.

============================================================
Step 5: Create Hardware Reservation (with fallbacks)
============================================================

→ Trying 2 node types (compute → KVM → others)

[1/2] Attempting: compute (79 reservable / 79 total)
✓ AI determined duration: 48 hours
  Reasoning: The requirements include setting up a specific environment with specialized libraries like z3-solver, tensorflow==2.5.0, and aif360. These installations and configurations can be time-consuming, especially if dependencies need to be resolved or if there are compatibility issues. Additionally, the use of tensorflow and aif360 suggests potential machine learning tasks, which may require additional time for model training and testing. Therefore, a lease duration of 48 hours is recommended to ensure sufficient time for setup, execution, and any necessary troubleshooting.

Creating lease:
  Name: auto-202602260315-compute
  Node Type: compute
  Start: 2026-02-26 03:17
  End: 2026-02-28 03:17
  ✗ No capacity available for compute
  → Trying next option...

[2/2] Attempting: gpu (1 reservable / 1 total)
✓ AI determined duration: 48 hours
  Reasoning: The requirements include specific software packages like TensorFlow 2.5.0 and AIF360, which may require additional time for setup and testing. Additionally, the use of Z3-solver suggests potential computational tasks that could be time-consuming. Given these factors, a 48-hour lease provides ample time for setup, execution, and any necessary troubleshooting or iterations.

Creating lease:
  Name: auto-202602260315-gpu
  Node Type: gpu
  Start: 2026-02-26 03:18
  End: 2026-02-28 03:18
  ✗ No capacity available for gpu

✗ All 2 Blazar fallback options exhausted

→ Attempting Tier 4: KVM VM (Direct Nova)

============================================================
TIER 4 FALLBACK: KVM Virtual Machines
============================================================
Blazar bare-metal exhausted: All Blazar fallback attempts failed. Last error: Lease creation failed: ERROR: Not enough resources available with query {'resource_type': 'physical:host', 'min': 1, 'max': 1, 'hypervisor_properties':

→ Switching to direct Nova VM launch (no reservation needed)

  Launching KVM VM:
    Name: auto-server-202602260315
    Image ID: 546bfd02-1a3f-4c00-bc74-c80cc5d6ad43
    Key: my-key
    Network ID: 50073c73-5817-49c3-8e3a-69b8c357e158

  Selecting KVM flavor (CPU: 4, RAM: 8GB)...
  ✓ Selected flavor: m1.large
    CPU: 4, RAM: 8192MB

  ✓ KVM instance creation initiated: 4433648e-4b38-483b-9516-8e64e516d967

  Waiting for KVM instance to become ACTIVE...
  (This typically takes 1-5 minutes for VMs)
    Status: BUILD
    Status: ERROR

  ✗ Nova Fault Code: 500
  ✗ Nova Fault Message: No valid host was found. There are not enough hosts available. To troubleshoot, please see bit.ly/faq-instance-failure

✗ KVM VM fallback also failed: KVM instance launch failed: KVM instance entered ERROR state: No valid host was found. There are not enough hosts available. To troubleshoot, please see bit.ly/faq-instance-failure

✗ All provisioning tiers exhausted:
   Tier 1-3 (Blazar bare-metal): All Blazar fallback attempts failed. Last error: Lease creation failed: ERROR: Not enough resources available with query {'resource_type': 'physical:h
   Tier 4 (KVM VMs): KVM instance launch failed: KVM instance entered ERROR state: No valid host was found. There are not enough hosts available. To troubleshoot, please s


✗ ERROR: Complete provisioning failure across all tiers
End:     2026-02-26T03:16:20Z (exit=1, duration=43s)
