Traceback (most recent call last):
  File "/home/cc/EnvAgent-plus/2.0/src/kvm_launcher.py", line 128, in launch_kvm_instance
    raise Exception("KVM instance entered ERROR state")
Exception: KVM instance entered ERROR state

During handling of the above exception, another exception occurred:

Traceback (most recent call last):
  File "2.0/src/provision_v2.py", line 600, in main
    server_id, server_info = launch_kvm_instance(
  File "/home/cc/EnvAgent-plus/2.0/src/kvm_launcher.py", line 135, in launch_kvm_instance
    raise Exception(f"KVM instance launch failed: {str(e)}")
Exception: KVM instance launch failed: KVM instance entered ERROR state

============================================================
Automated Hardware Provisioning Tool v2.0
============================================================
✓ Configuration loaded
✓ AI client initialized
✓ OpenStack connection established

============================================================
Step 1: Repository Analysis
============================================================
✓ Repository cloned to: /tmp/crossprefetch-asplos24-artifacts

✓ Repository requirements analysis complete:
  CPU: 128 cores
  RAM: None GB
  GPU: Not required
  Disk: 350 GB
  OS: ubuntu None
  CUDA: Not required

============================================================
Step 2: Image Selection
============================================================
✓ Found 205 available CC-* images
✓ AI Stage 1: Selected 5 candidates
  Reasoning: The requirements specify an Ubuntu OS with no specific version requirement and no need for CUDA or GPU support. Therefore, we should select the latest Ubuntu images without CUDA. The selected candidates are: CC-Ubuntu24.04 (ID: f0c599f7-6dff-4f81-acec-851bcb5995cd), CC-Ubuntu22.04 (ID: 2dbea132-b5b2-4daa-85ff-86670c79eecd), CC-Ubuntu20.04 (ID: 7580b9fb-3693-4574-b875-cfe43918b345), CC-Ubuntu22.04_2024-10-22 (ID: 8c7e0698-58dd-4366-bd71-f1b4dfea5eb8), and CC-Ubuntu24.04_2024-10-22 (ID: 96d9c658-6540-4796-ae64-54d8ac6c45f8). These images meet the criteria of being Ubuntu-based and do not include CUDA support.
⚠ No candidates found, using fallback selection
✓ Fallback image: CC-Ubuntu22.04-CUDA

============================================================
Step 3: SSH Key Management
============================================================
✓ Keypair exists: my-key

============================================================
Step 4: Network Configuration
============================================================
✓ Found network: sharednet1 (ID: 50073c73-5817-49c3-8e3a-69b8c357e158)

============================================================
Discovering Available Resources
============================================================

Discovering resources at tacc site...
✓ Found 85 hosts
✓ Discovered 2 node types: compute, gpu
✓ Found 2 node types available

✓ AI resource selection complete
  Node type: compute_cascadelake_r640
  Reasoning: The user requires a node with 128 CPU cores and 350 GB of disk space, without needing a GPU. Among the available node types, the 'compute_cascadelake_r640' is a general compute node that is likely to meet the CPU and disk requirements without the need for GPU resources.
✓ AI selected node type: compute_cascadelake_r640
  Reasoning: The user requires a node with 128 CPU cores and 350 GB of disk space, without needing a GPU. Among the available node types, the 'compute_cascadelake_r640' is a general compute node that is likely to meet the CPU and disk requirements without the need for GPU resources.

✓ Target node type: compute_cascadelake_r640

============================================================
Step 5: Create Hardware Reservation (with Fallbacks)
============================================================
✓ AI determined duration: 72 hours
  Reasoning: The requirements include several complex and specialized setups such as a modified Linux kernel installation, F2FS filesystem support, and a remote NVMe-oF setup. These tasks are non-trivial and likely to require significant time for configuration and testing. Additionally, the need for a specific CloudLab Clemson node and NVMe SSD further complicates the setup. Given these complexities, a lease duration of 72 hours is recommended to ensure sufficient time for setup, testing, and any necessary troubleshooting.

============================================================
Attempting Hardware Reservation (with fallbacks)
============================================================
Fallback chain (3 options):
  1. Primary: compute_cascadelake_r640 for 72h
  2. Fallback: compute_cascadelake_r640 for 36h (reduced duration)
  3. Fallback: KVM-based VM (when bare metal unavailable)

[Attempt 1/3] Primary: compute_cascadelake_r640 for 72h
    ✗ Failed: ERROR: Not enough resources available with query {'resource_type': 'physical:host', 'min': 1, 'max': 1, 'hypervisor_properties': '', 'resource_properties': '["=", "$node_type", "compute_cascadelake_r640"]', 'start_date': datetime.datetime(2026, 2, 5, 0, 41), 'end_date': datetime.datetime(2026, 2, 8, 0, 41), 'project_id': '350e72270e474aba8a9199644e0b1182', 'count_range': '1-1', 'before_end': 'default', 'on_start': 'default'}
    Waiting 5s before next attempt...

[Attempt 2/3] Fallback: compute_cascadelake_r640 for 36h (reduced duration)
    ✗ Failed: ERROR: Not enough resources available with query {'resource_type': 'physical:host', 'min': 1, 'max': 1, 'hypervisor_properties': '', 'resource_properties': '["=", "$node_type", "compute_cascadelake_r640"]', 'start_date': datetime.datetime(2026, 2, 5, 0, 42), 'end_date': datetime.datetime(2026, 2, 6, 12, 42), 'project_id': '350e72270e474aba8a9199644e0b1182', 'count_range': '1-1', 'before_end': 'default', 'on_start': 'default'}
    Waiting 5s before next attempt...

[Attempt 3/3] Fallback: KVM-based VM (when bare metal unavailable)
    ⚠ KVM fallback (VM-based) - skipping Blazar, will use OpenStack directly

============================================================
Reservation Fallback Report
============================================================
Status: ✓ SUCCESS
Message: Using KVM fallback (no Blazar lease)

Successful option:
  Fallback: KVM-based VM (when bare metal unavailable)
  Node type: KVM (VM-based)
  Duration: 72h

Fallback chain had 3 options

⚠ Using KVM (VM-based) instead of bare metal
   This is a temporary fallback - consider retrying later for bare metal

============================================================
Step 6: Launch KVM-based VM
============================================================
⚠ KVM fallback mode: launching VM instead of bare metal
   (Reservation ID not applicable for KVM)

  Launching KVM VM:
    Name: auto-server-202602050040
    Image ID: 546bfd02-1a3f-4c00-bc74-c80cc5d6ad43
    Key: my-key
    Network ID: 50073c73-5817-49c3-8e3a-69b8c357e158

  Selecting KVM flavor (CPU: 128, RAM: NoneGB)...
  ⚠ RAM requirement missing; defaulting to 2 GB for flavor selection
  ✓ Selected flavor: g1.h100.pci.4
    CPU: 192, RAM: 1000000MB

  ✓ KVM instance creation initiated: 7014f40b-95a7-4ef6-a69e-bffea5a9e468

  Waiting for KVM instance to become ACTIVE...
  (This typically takes 1-5 minutes for VMs)
    Status: BUILD
    Status: ERROR


✗ ERROR: KVM instance launch failed: KVM instance entered ERROR state
