
============================================================
Automated Hardware Provisioning Tool v2.0
============================================================
✓ Configuration loaded
✓ AI client initialized
✓ OpenStack connection established

============================================================
Step 1: Repository Analysis
============================================================
✓ Repository cloned to: /tmp/neural-decoding-RSNN

✓ Repository requirements analysis complete:
  CPU: 4 cores
  RAM: 16 GB
  GPU: Required
  GPU Memory: 8 GB
  Disk: 20 GB
  OS: ubuntu 20.04
  CUDA: Required

============================================================
Step 2: Image Selection
============================================================
✓ Found 407 available CC-* images
✓ AI Stage 1: Selected 5 candidates
  Reasoning: The requirements specify an Ubuntu 20.04 operating system with CUDA support. The images that match these criteria are those that have 'CC-Ubuntu20.04-CUDA' in their naming convention. The selected images are all Ubuntu 20.04 with CUDA support, ensuring compatibility with the specified requirements.
⚠ No candidates found, using fallback selection
✓ Fallback image: CC-Ubuntu22.04-CUDA

============================================================
Step 3: SSH Key Management
============================================================
✓ Keypair exists: my-key

============================================================
Step 4: Network Configuration
============================================================
✓ Found network: sharednet1 (ID: 1a03cf65-8fd6-4fce-94fd-bbaabe68a8e1)

============================================================
Discovering Available Resources
============================================================

Discovering resources at tacc site...
✓ Found 310 hosts
✓ Discovered 18 node types: compute_arm64, compute_cascadelake, compute_cascadelake_r, compute_gigaio, compute_haswell_ib, compute_icelake_r650, compute_icelake_r750, compute_liqid, compute_skylake, compute_zen3, gpu_k80, gpu_m40, gpu_mi100, gpu_p100, gpu_p100_nvlink, gpu_p100_v100, storage, storage_hierarchy
✓ Found 18 node types available

✓ AI resource selection complete
  Node type: gpu_k80
  Reasoning: The user requires a GPU with at least 8 GB of memory. Among the available GPU node types, the 'gpu_k80' node is the most suitable as it provides a GPU option. Although the specific GPU memory is not detailed in the available resources, the K80 typically has 12 GB of memory, which meets the user's requirement. Other available GPU models like M40 and P100 are not listed as node types, so 'gpu_k80' is selected.
✓ AI selected node type: gpu_k80
  Reasoning: The user requires a GPU with at least 8 GB of memory. Among the available GPU node types, the 'gpu_k80' node is the most suitable as it provides a GPU option. Although the specific GPU memory is not detailed in the available resources, the K80 typically has 12 GB of memory, which meets the user's requirement. Other available GPU models like M40 and P100 are not listed as node types, so 'gpu_k80' is selected.

✓ Target node type: gpu_k80

============================================================
Step 5: Create Hardware Reservation (with Fallbacks)
============================================================
✓ AI determined duration: 72 hours
  Reasoning: The requirements include a GPU with specific memory, CUDA support, and specialized software installations, which indicate a complex setup. Additionally, the need for a specific GPU model and software versions suggests a non-trivial configuration and testing process, justifying a longer lease duration of 72 hours.

============================================================
Attempting Hardware Reservation (with fallbacks)
============================================================
Fallback chain (11 options):
  1. Primary: gpu_k80 for 72h
  2. Fallback: gpu_k80 for 36h (reduced duration)
  3. GPU Alt 1: gpu_p100 (72h)
  4. GPU Alt 2: gpu_p100 (36h)
  5. GPU Alt 3: gpu_m40 (72h)
  6. GPU Alt 4: gpu_m40 (36h)
  7. GPU Alt 5: gpu_p100_nvlink (72h)
  8. GPU Alt 6: gpu_p100_nvlink (36h)
  9. GPU Alt 7: gpu_p100_v100 (72h)
  10. GPU Alt 8: gpu_p100_v100 (36h)
  11. Fallback: KVM-based VM (when bare metal unavailable)

[Attempt 1/11] Primary: gpu_k80 for 72h
    Waiting for lease activation (timeout: 300s)...
    ✗ Failed: Lease entered ERROR state
    Waiting 5s before next attempt...

[Attempt 2/11] Fallback: gpu_k80 for 36h (reduced duration)
    Waiting for lease activation (timeout: 300s)...
    ✗ Failed: Lease entered ERROR state
    Waiting 5s before next attempt...

[Attempt 3/11] GPU Alt 1: gpu_p100 (72h)
    ✗ Failed: ERROR: Not enough resources available with query {'resource_type': 'physical:host', 'min': 1, 'max': 1, 'hypervisor_properties': '', 'resource_properties': '["=", "$node_type", "gpu_p100"]', 'start_date': datetime.datetime(2026, 2, 4, 23, 12), 'end_date': datetime.datetime(2026, 2, 7, 23, 12), 'project_id': '5b86b66c9be14a228da46d3ab15ef166', 'count_range': '1-1', 'before_end': 'default', 'on_start': 'default'}
    Waiting 5s before next attempt...

[Attempt 4/11] GPU Alt 2: gpu_p100 (36h)
    ✗ Failed: ERROR: Not enough resources available with query {'resource_type': 'physical:host', 'min': 1, 'max': 1, 'hypervisor_properties': '', 'resource_properties': '["=", "$node_type", "gpu_p100"]', 'start_date': datetime.datetime(2026, 2, 4, 23, 12), 'end_date': datetime.datetime(2026, 2, 6, 11, 12), 'project_id': '5b86b66c9be14a228da46d3ab15ef166', 'count_range': '1-1', 'before_end': 'default', 'on_start': 'default'}
    Waiting 5s before next attempt...

[Attempt 5/11] GPU Alt 3: gpu_m40 (72h)
    Waiting for lease activation (timeout: 300s)...
    ✓ Lease created and ACTIVE (ID: d0683603-d9fe-43c8-ba5a-7fcc6d7d5090)

============================================================
Reservation Fallback Report
============================================================
Status: ✓ SUCCESS
Message: ✓ Lease created and ACTIVE (ID: d0683603-d9fe-43c8-ba5a-7fcc6d7d5090)

Successful option:
  GPU Alt 3: gpu_m40 (72h)
  Node type: gpu_m40
  Duration: 72h

Fallback chain had 11 options

✓ Reservation successful: gpu_m40

============================================================
Step 6: Launch Bare Metal Server
============================================================

============================================================
Step 6: Launch Bare Metal Server
============================================================

Launching server:
  Name: auto-server-202602042312
  Image ID: c82b931e-4cf8-4366-9878-1ae941f24348
  Key: my-key
  Network ID: 1a03cf65-8fd6-4fce-94fd-bbaabe68a8e1
  Reservation ID: 608f3326-ec8f-4818-93d2-b29298e0c3ba

✓ Server creation initiated: c885f121-ab57-4404-891c-546045d01f1d

Waiting for server to become ACTIVE...
(This may take 10-30 minutes for bare metal)
  Status: BUILD
  Status: ACTIVE

✓ Server is ACTIVE

============================================================
Step 7: Assign Floating IP
============================================================
Creating new floating IP...
✓ Using floating IP: 129.114.108.128
✓ Floating IP attached

============================================================
✓ Provisioning Complete!
============================================================
Server Name: auto-server-202602042312
Server ID: c885f121-ab57-4404-891c-546045d01f1d
Lease ID: d0683603-d9fe-43c8-ba5a-7fcc6d7d5090
Reservation ID: 608f3326-ec8f-4818-93d2-b29298e0c3ba
Image: CC-Ubuntu22.04-CUDA
Node Type (requested): gpu_k80
Node Type (actual): gpu_m40
Floating IP: 129.114.108.128

SSH Connection:
  ssh ubuntu@129.114.108.128

✓ Info saved to: auto-server-202602042312_info.json
