Command: python 2.0/src/provision_v2.py --repo "https://github.com/anuraghazra/github-readme-stats" --site tacc
Start:   2026-02-06T00:04:24Z
Traceback (most recent call last):
  File "2.0/src/provision_v2.py", line 390, in launch_server_with_sdk
    raise Exception("Server entered ERROR state")
Exception: Server entered ERROR state

During handling of the above exception, another exception occurred:

Traceback (most recent call last):
  File "2.0/src/provision_v2.py", line 613, in main
    server_id, server_info = launch_server_with_sdk(
  File "2.0/src/provision_v2.py", line 397, in launch_server_with_sdk
    raise Exception(f"Server launch failed: {str(e)}")
Exception: Server launch failed: Server entered ERROR state

============================================================
Automated Hardware Provisioning Tool v2.0
============================================================
✓ Configuration loaded
✓ AI client initialized
✓ OpenStack connection established

============================================================
Step 1: Repository Analysis
============================================================
✓ Repository cloned to: /tmp/github-readme-stats

✓ Repository requirements analysis complete:
  CPU: 2 cores
  RAM: 2 GB
  GPU: Not required
  Disk: 1 GB
  OS: ubuntu 20.04
  CUDA: Not required

============================================================
Step 2: Image Selection
============================================================
✓ Found 407 available CC-* images
✓ AI Stage 1: Selected 5 candidates
  Reasoning: The requirements specify an Ubuntu 20.04 image without CUDA or GPU support. The selected images are all Ubuntu 20.04 base images without any mention of CUDA, ensuring they meet the criteria of not requiring CUDA or GPU support. These images are the most recent and relevant Ubuntu 20.04 base images available.
⚠ No candidates found, using fallback selection
✓ Fallback image: CC-Ubuntu22.04-CUDA

============================================================
Step 3: SSH Key Management
============================================================
✓ Keypair exists: my-key

============================================================
Step 4: Network Configuration
============================================================
✓ Found network: sharednet1 (ID: 1a03cf65-8fd6-4fce-94fd-bbaabe68a8e1)

============================================================
Discovering Available Resources
============================================================

Discovering resources at tacc site...
✓ Found 310 hosts
✓ Discovered 18 node types: compute_arm64, compute_cascadelake, compute_cascadelake_r, compute_gigaio, compute_haswell_ib, compute_icelake_r650, compute_icelake_r750, compute_liqid, compute_skylake, compute_zen3, gpu_k80, gpu_m40, gpu_mi100, gpu_p100, gpu_p100_nvlink, gpu_p100_v100, storage, storage_hierarchy
✓ Found 18 node types available

✓ AI resource selection complete
  Node type: compute_cascadelake
  Reasoning: The user requires a node with 2 CPU cores, 2 GB RAM, and no GPU. Among the available compute nodes, 'compute_cascadelake' is a suitable choice as it is a general compute node that can meet the CPU and RAM requirements without the need for GPU capabilities.
✓ AI selected node type: compute_cascadelake
  Reasoning: The user requires a node with 2 CPU cores, 2 GB RAM, and no GPU. Among the available compute nodes, 'compute_cascadelake' is a suitable choice as it is a general compute node that can meet the CPU and RAM requirements without the need for GPU capabilities.

✓ Target node type: compute_cascadelake

============================================================
Step 5: Create Hardware Reservation (with Fallbacks)
============================================================
✓ AI determined duration: 24 hours
  Reasoning: The workload is small with minimal CPU, RAM, and disk requirements, and does not require a GPU or CUDA. The only special requirement is Node.js >= 22, which is straightforward to set up on Ubuntu 20.04. Therefore, a lease duration of 24 hours should be sufficient.

============================================================
Attempting Hardware Reservation (with fallbacks)
============================================================
Fallback chain (13 options):
  1. Primary: compute_cascadelake for 24h
  2. Fallback: compute_cascadelake for 12h (reduced duration)
  3. Alt 1: compute_icelake_r750 (24h)
  4. Alt 2: compute_icelake_r750 (12h, reduced)
  5. Alt 3: compute_icelake_r650 (24h)
  6. Alt 4: compute_icelake_r650 (12h, reduced)
  7. Alt 5: compute_cascadelake_r (24h)
  8. Alt 6: compute_cascadelake_r (12h, reduced)
  9. Alt 7: compute_skylake (24h)
  10. Alt 8: compute_skylake (12h, reduced)
  11. Alt 9: compute_haswell_ib (24h)
  12. Alt 10: compute_haswell_ib (12h, reduced)
  13. Fallback: KVM-based VM (when bare metal unavailable)

[Attempt 1/13] Primary: compute_cascadelake for 24h
    ✗ Failed: ERROR: Not enough resources available with query {'resource_type': 'physical:host', 'min': 1, 'max': 1, 'hypervisor_properties': '', 'resource_properties': '["=", "$node_type", "compute_cascadelake"]', 'start_date': datetime.datetime(2026, 2, 6, 0, 6), 'end_date': datetime.datetime(2026, 2, 7, 0, 6), 'project_id': '5b86b66c9be14a228da46d3ab15ef166', 'count_range': '1-1', 'before_end': 'default', 'on_start': 'default'}
    Waiting 5s before next attempt...

[Attempt 2/13] Fallback: compute_cascadelake for 12h (reduced duration)
    ✗ Failed: ERROR: Not enough resources available with query {'resource_type': 'physical:host', 'min': 1, 'max': 1, 'hypervisor_properties': '', 'resource_properties': '["=", "$node_type", "compute_cascadelake"]', 'start_date': datetime.datetime(2026, 2, 6, 0, 6), 'end_date': datetime.datetime(2026, 2, 6, 12, 6), 'project_id': '5b86b66c9be14a228da46d3ab15ef166', 'count_range': '1-1', 'before_end': 'default', 'on_start': 'default'}
    Waiting 5s before next attempt...

[Attempt 3/13] Alt 1: compute_icelake_r750 (24h)
    Waiting for lease activation (timeout: 300s)...
    ✓ Lease created and ACTIVE (ID: f2b57465-9045-4071-9e32-0d39034691da)

============================================================
Reservation Fallback Report
============================================================
Status: ✓ SUCCESS
Message: ✓ Lease created and ACTIVE (ID: f2b57465-9045-4071-9e32-0d39034691da)

Successful option:
  Alt 1: compute_icelake_r750 (24h)
  Node type: compute_icelake_r750
  Duration: 24h

Fallback chain had 13 options

✓ Reservation successful: compute_icelake_r750

============================================================
Step 6: Launch Bare Metal Server
============================================================

============================================================
Step 6: Launch Bare Metal Server
============================================================

Launching server:
  Name: auto-server-202602060007
  Image ID: c82b931e-4cf8-4366-9878-1ae941f24348
  Key: my-key
  Network ID: 1a03cf65-8fd6-4fce-94fd-bbaabe68a8e1
  Reservation ID: ec21603e-2016-461b-a445-a2ee597552d7

✓ Server creation initiated: f96ef095-7bbf-485e-a66f-0a8f79f7c84a

Waiting for server to become ACTIVE...
(This may take 10-30 minutes for bare metal)
  Status: BUILD
  Status: ERROR


✗ ERROR: Server launch failed: Server entered ERROR state
End:     2026-02-06T00:15:49Z (exit=1, duration=685s)
