Command: python 2.0/src/provision_v2.py --repo "https://github.com/yhirose/cpp-httplib" --site tacc
Start:   2026-02-05T22:45:24Z

============================================================
Automated Hardware Provisioning Tool v2.0
============================================================
✓ Configuration loaded
✓ AI client initialized
✓ OpenStack connection established

============================================================
Step 1: Repository Analysis
============================================================
✓ Repository cloned to: /tmp/cpp-httplib

✓ Repository requirements analysis complete:
  CPU: 1 cores
  RAM: 1 GB
  GPU: Not required
  Disk: 1 GB
  OS: ubuntu None
  CUDA: Not required

============================================================
Step 2: Image Selection
============================================================
✓ Found 407 available CC-* images
✓ AI Stage 1: Selected 5 candidates
  Reasoning: The requirements specify an Ubuntu OS without a specific version, and CUDA is not required. Therefore, any Ubuntu image without CUDA support is suitable. The selected images are the most recent versions of Ubuntu 24.04 and 22.04 without CUDA support, ensuring up-to-date security and features. Additionally, an Ubuntu 20.04 image is included for compatibility with older systems.
⚠ No candidates found, using fallback selection
✓ Fallback image: CC-Ubuntu22.04-CUDA

============================================================
Step 3: SSH Key Management
============================================================
✓ Keypair exists: my-key

============================================================
Step 4: Network Configuration
============================================================
✓ Found network: sharednet1 (ID: 1a03cf65-8fd6-4fce-94fd-bbaabe68a8e1)

============================================================
Discovering Available Resources
============================================================

Discovering resources at tacc site...
✓ Found 310 hosts
✓ Discovered 18 node types: compute_arm64, compute_cascadelake, compute_cascadelake_r, compute_gigaio, compute_haswell_ib, compute_icelake_r650, compute_icelake_r750, compute_liqid, compute_skylake, compute_zen3, gpu_k80, gpu_m40, gpu_mi100, gpu_p100, gpu_p100_nvlink, gpu_p100_v100, storage, storage_hierarchy
✓ Found 18 node types available

✓ AI resource selection complete
  Node type: compute_cascadelake
  Reasoning: The user requires a node with minimal CPU and RAM resources and does not require a GPU. Therefore, a general compute node is appropriate. Among the available compute nodes, 'compute_cascadelake' is a suitable choice as it is a general-purpose compute node that can efficiently handle the user's low resource requirements.
✓ AI selected node type: compute_cascadelake
  Reasoning: The user requires a node with minimal CPU and RAM resources and does not require a GPU. Therefore, a general compute node is appropriate. Among the available compute nodes, 'compute_cascadelake' is a suitable choice as it is a general-purpose compute node that can efficiently handle the user's low resource requirements.

✓ Target node type: compute_cascadelake

============================================================
Step 5: Create Hardware Reservation (with Fallbacks)
============================================================
✓ AI determined duration: 24 hours
  Reasoning: The workload requires minimal resources with only 1 CPU core, 1 GB of RAM, and 1 GB of disk space. There is no GPU requirement, and the special requirements are software libraries that can be installed relatively quickly. This setup is considered a small workload, so a lease duration of 24 hours is appropriate.

============================================================
Attempting Hardware Reservation (with fallbacks)
============================================================
Fallback chain (13 options):
  1. Primary: compute_cascadelake for 24h
  2. Fallback: compute_cascadelake for 12h (reduced duration)
  3. Alt 1: compute_icelake_r750 (24h)
  4. Alt 2: compute_icelake_r750 (12h, reduced)
  5. Alt 3: compute_icelake_r650 (24h)
  6. Alt 4: compute_icelake_r650 (12h, reduced)
  7. Alt 5: compute_cascadelake_r (24h)
  8. Alt 6: compute_cascadelake_r (12h, reduced)
  9. Alt 7: compute_skylake (24h)
  10. Alt 8: compute_skylake (12h, reduced)
  11. Alt 9: compute_haswell_ib (24h)
  12. Alt 10: compute_haswell_ib (12h, reduced)
  13. Fallback: KVM-based VM (when bare metal unavailable)

[Attempt 1/13] Primary: compute_cascadelake for 24h
    Waiting for lease activation (timeout: 300s)...
    ✓ Lease created and ACTIVE (ID: 51f8b5ca-0faa-4e05-b58b-be48bd1a1cd7)

============================================================
Reservation Fallback Report
============================================================
Status: ✓ SUCCESS
Message: ✓ Lease created and ACTIVE (ID: 51f8b5ca-0faa-4e05-b58b-be48bd1a1cd7)

Successful option:
  Primary: compute_cascadelake for 24h
  Node type: compute_cascadelake
  Duration: 24h

Fallback chain had 13 options

✓ Reservation successful: compute_cascadelake

============================================================
Step 6: Launch Bare Metal Server
============================================================

============================================================
Step 6: Launch Bare Metal Server
============================================================

Launching server:
  Name: auto-server-202602052247
  Image ID: c82b931e-4cf8-4366-9878-1ae941f24348
  Key: my-key
  Network ID: 1a03cf65-8fd6-4fce-94fd-bbaabe68a8e1
  Reservation ID: 24f42852-793c-4755-a3fd-ae35f535b645

✓ Server creation initiated: a41787de-cfc0-4457-9f30-2dd0dca9fc8e

Waiting for server to become ACTIVE...
(This may take 10-30 minutes for bare metal)
  Status: BUILD
  Status: ACTIVE

✓ Server is ACTIVE

============================================================
Step 7: Assign Floating IP
============================================================
✓ Using floating IP: 129.114.108.197
✓ Floating IP attached

============================================================
✓ Provisioning Complete!
============================================================
Server Name: auto-server-202602052247
Server ID: a41787de-cfc0-4457-9f30-2dd0dca9fc8e
Lease ID: 51f8b5ca-0faa-4e05-b58b-be48bd1a1cd7
Reservation ID: 24f42852-793c-4755-a3fd-ae35f535b645
Image: CC-Ubuntu22.04-CUDA
Node Type (requested): compute_cascadelake
Node Type (actual): compute_cascadelake
Floating IP: 129.114.108.197

SSH Connection:
  ssh ubuntu@129.114.108.197

✓ Info saved to: auto-server-202602052247_info.json
End:     2026-02-05T22:55:50Z (exit=0, duration=626s)
