Command: python 2.0/src/provision_v2.py --repo "https://github.com/ponylang/ponyc" --site tacc
Start:   2026-02-05T20:56:58Z

============================================================
Automated Hardware Provisioning Tool v2.0
============================================================
✓ Configuration loaded
✓ AI client initialized
✓ OpenStack connection established

============================================================
Step 1: Repository Analysis
============================================================
✓ Repository cloned to: /tmp/ponyc

✓ Repository requirements analysis complete:
  CPU: 2 cores
  RAM: 4 GB
  GPU: Not required
  Disk: 10 GB
  OS: linux None
  CUDA: Not required

============================================================
Step 2: Image Selection
============================================================
✓ Found 407 available CC-* images
✓ AI Stage 1: Selected 5 candidates
  Reasoning: The requirements specify a Linux OS without a specific version, and CUDA is not required. Therefore, any recent version of Ubuntu or CentOS without CUDA support is suitable. The selected candidates are recent versions of Ubuntu and CentOS that do not include CUDA, which aligns with the requirements.

✓ Final Selection: CC-Ubuntu24.04
  Image ID: 1b993456-987a-421b-afbf-29aa618565da

============================================================
Step 3: SSH Key Management
============================================================
✓ Keypair exists: my-key

============================================================
Step 4: Network Configuration
============================================================
✓ Found network: sharednet1 (ID: 1a03cf65-8fd6-4fce-94fd-bbaabe68a8e1)

============================================================
Discovering Available Resources
============================================================

Discovering resources at tacc site...
✓ Found 310 hosts
✓ Discovered 18 node types: compute_arm64, compute_cascadelake, compute_cascadelake_r, compute_gigaio, compute_haswell_ib, compute_icelake_r650, compute_icelake_r750, compute_liqid, compute_skylake, compute_zen3, gpu_k80, gpu_m40, gpu_mi100, gpu_p100, gpu_p100_nvlink, gpu_p100_v100, storage, storage_hierarchy
✓ Found 18 node types available

✓ AI resource selection complete
  Node type: compute_cascadelake
  Reasoning: The user requires a general compute node with 2 CPU cores, 4 GB RAM, and 10 GB disk space. No GPU is needed. The 'compute_cascadelake' node type is suitable as it is a general compute node that can meet the CPU and RAM requirements without unnecessary GPU resources.
✓ AI selected node type: compute_cascadelake
  Reasoning: The user requires a general compute node with 2 CPU cores, 4 GB RAM, and 10 GB disk space. No GPU is needed. The 'compute_cascadelake' node type is suitable as it is a general compute node that can meet the CPU and RAM requirements without unnecessary GPU resources.

✓ Target node type: compute_cascadelake

============================================================
Step 5: Create Hardware Reservation (with Fallbacks)
============================================================
✓ AI determined duration: 48 hours
  Reasoning: The workload involves a modest amount of CPU and RAM resources, and does not require a GPU or CUDA, indicating a small workload. However, the need to support multiple CPU architectures (x86, ARM, and RISC-V) suggests some complexity in setup and testing. Therefore, a lease duration of 48 hours is appropriate to ensure sufficient time for configuration and execution.

============================================================
Attempting Hardware Reservation (with fallbacks)
============================================================
Fallback chain (13 options):
  1. Primary: compute_cascadelake for 48h
  2. Fallback: compute_cascadelake for 24h (reduced duration)
  3. Alt 1: compute_icelake_r750 (48h)
  4. Alt 2: compute_icelake_r750 (24h, reduced)
  5. Alt 3: compute_icelake_r650 (48h)
  6. Alt 4: compute_icelake_r650 (24h, reduced)
  7. Alt 5: compute_cascadelake_r (48h)
  8. Alt 6: compute_cascadelake_r (24h, reduced)
  9. Alt 7: compute_skylake (48h)
  10. Alt 8: compute_skylake (24h, reduced)
  11. Alt 9: compute_haswell_ib (48h)
  12. Alt 10: compute_haswell_ib (24h, reduced)
  13. Fallback: KVM-based VM (when bare metal unavailable)

[Attempt 1/13] Primary: compute_cascadelake for 48h
    Waiting for lease activation (timeout: 300s)...
    ✓ Lease created and ACTIVE (ID: 5f8f7312-5b9d-4e75-b8a7-2c06bb6da42d)

============================================================
Reservation Fallback Report
============================================================
Status: ✓ SUCCESS
Message: ✓ Lease created and ACTIVE (ID: 5f8f7312-5b9d-4e75-b8a7-2c06bb6da42d)

Successful option:
  Primary: compute_cascadelake for 48h
  Node type: compute_cascadelake
  Duration: 48h

Fallback chain had 13 options

✓ Reservation successful: compute_cascadelake

============================================================
Step 6: Launch Bare Metal Server
============================================================

============================================================
Step 6: Launch Bare Metal Server
============================================================

Launching server:
  Name: auto-server-202602052059
  Image ID: 1b993456-987a-421b-afbf-29aa618565da
  Key: my-key
  Network ID: 1a03cf65-8fd6-4fce-94fd-bbaabe68a8e1
  Reservation ID: 6d51b196-778d-4a40-8ad0-3a541e021ea2

✓ Server creation initiated: 193c6660-26fd-4003-92b0-1461068d58b1

Waiting for server to become ACTIVE...
(This may take 10-30 minutes for bare metal)
  Status: BUILD
  Status: ACTIVE

✓ Server is ACTIVE

============================================================
Step 7: Assign Floating IP
============================================================
Creating new floating IP...
✓ Using floating IP: 129.114.108.39
✓ Floating IP attached

============================================================
✓ Provisioning Complete!
============================================================
Server Name: auto-server-202602052059
Server ID: 193c6660-26fd-4003-92b0-1461068d58b1
Lease ID: 5f8f7312-5b9d-4e75-b8a7-2c06bb6da42d
Reservation ID: 6d51b196-778d-4a40-8ad0-3a541e021ea2
Image: CC-Ubuntu24.04
Node Type (requested): compute_cascadelake
Node Type (actual): compute_cascadelake
Floating IP: 129.114.108.39

SSH Connection:
  ssh ubuntu@129.114.108.39

✓ Info saved to: auto-server-202602052059_info.json
End:     2026-02-05T21:06:45Z (exit=0, duration=587s)
