Command: python 2.0/src/provision_v2.py --repo "https://github.com/mockito/mockito" --site tacc
Start:   2026-02-05T23:53:21Z

============================================================
Automated Hardware Provisioning Tool v2.0
============================================================
✓ Configuration loaded
✓ AI client initialized
✓ OpenStack connection established

============================================================
Step 1: Repository Analysis
============================================================
✓ Repository cloned to: /tmp/mockito

✓ Repository requirements analysis complete:
  CPU: None cores
  RAM: None GB
  GPU: Not required
  Disk: None GB
  OS: None None
  CUDA: Not required

============================================================
Step 2: Image Selection
============================================================
✓ Found 407 available CC-* images
✓ AI Stage 1: Selected 5 candidates
  Reasoning: The requirements specify no particular OS type or version, and CUDA or GPU support is not needed. Therefore, the selection focuses on the most recent and stable base images without CUDA support. The chosen candidates include the latest Ubuntu and CentOS versions available: Ubuntu 24.04, Ubuntu 22.04, and CentOS 9 Stream, as well as Ubuntu 20.04 and CentOS 8 Stream for broader compatibility and stability.

✓ Final Selection: CC-Ubuntu24.04
  Image ID: 1b993456-987a-421b-afbf-29aa618565da

============================================================
Step 3: SSH Key Management
============================================================
✓ Keypair exists: my-key

============================================================
Step 4: Network Configuration
============================================================
✓ Found network: sharednet1 (ID: 1a03cf65-8fd6-4fce-94fd-bbaabe68a8e1)

============================================================
Discovering Available Resources
============================================================

Discovering resources at tacc site...
✓ Found 310 hosts
✓ Discovered 18 node types: compute_arm64, compute_cascadelake, compute_cascadelake_r, compute_gigaio, compute_haswell_ib, compute_icelake_r650, compute_icelake_r750, compute_liqid, compute_skylake, compute_zen3, gpu_k80, gpu_m40, gpu_mi100, gpu_p100, gpu_p100_nvlink, gpu_p100_v100, storage, storage_hierarchy
✓ Found 18 node types available

✓ AI resource selection complete
  Node type: compute_cascadelake
  Reasoning: The user does not require a GPU, CPU cores, RAM, or specific disk capacity. Therefore, a general compute node is suitable. Among the available compute nodes, 'compute_cascadelake' is a versatile and commonly used node type that fits general computing needs without specific hardware requirements.
✓ AI selected node type: compute_cascadelake
  Reasoning: The user does not require a GPU, CPU cores, RAM, or specific disk capacity. Therefore, a general compute node is suitable. Among the available compute nodes, 'compute_cascadelake' is a versatile and commonly used node type that fits general computing needs without specific hardware requirements.

✓ Target node type: compute_cascadelake

============================================================
Step 5: Create Hardware Reservation (with Fallbacks)
============================================================
✓ AI determined duration: 48 hours
  Reasoning: The requirements indicate a setup primarily focused on Java development with tools such as Gradle, Maven, and IDEs like IntelliJ IDEA or Eclipse. This setup does not involve complex configurations such as GPU or CUDA, and the resource requirements are unspecified, suggesting a moderate workload. Therefore, a default lease duration of 48 hours is appropriate to allow sufficient time for setup, development, and testing.

============================================================
Attempting Hardware Reservation (with fallbacks)
============================================================
Fallback chain (13 options):
  1. Primary: compute_cascadelake for 48h
  2. Fallback: compute_cascadelake for 24h (reduced duration)
  3. Alt 1: compute_icelake_r750 (48h)
  4. Alt 2: compute_icelake_r750 (24h, reduced)
  5. Alt 3: compute_icelake_r650 (48h)
  6. Alt 4: compute_icelake_r650 (24h, reduced)
  7. Alt 5: compute_cascadelake_r (48h)
  8. Alt 6: compute_cascadelake_r (24h, reduced)
  9. Alt 7: compute_skylake (48h)
  10. Alt 8: compute_skylake (24h, reduced)
  11. Alt 9: compute_haswell_ib (48h)
  12. Alt 10: compute_haswell_ib (24h, reduced)
  13. Fallback: KVM-based VM (when bare metal unavailable)

[Attempt 1/13] Primary: compute_cascadelake for 48h
    ✗ Failed: ERROR: Not enough resources available with query {'resource_type': 'physical:host', 'min': 1, 'max': 1, 'hypervisor_properties': '', 'resource_properties': '["=", "$node_type", "compute_cascadelake"]', 'start_date': datetime.datetime(2026, 2, 5, 23, 55), 'end_date': datetime.datetime(2026, 2, 7, 23, 55), 'project_id': '5b86b66c9be14a228da46d3ab15ef166', 'count_range': '1-1', 'before_end': 'default', 'on_start': 'default'}
    Waiting 5s before next attempt...

[Attempt 2/13] Fallback: compute_cascadelake for 24h (reduced duration)
    ✗ Failed: ERROR: Not enough resources available with query {'resource_type': 'physical:host', 'min': 1, 'max': 1, 'hypervisor_properties': '', 'resource_properties': '["=", "$node_type", "compute_cascadelake"]', 'start_date': datetime.datetime(2026, 2, 5, 23, 55), 'end_date': datetime.datetime(2026, 2, 6, 23, 55), 'project_id': '5b86b66c9be14a228da46d3ab15ef166', 'count_range': '1-1', 'before_end': 'default', 'on_start': 'default'}
    Waiting 5s before next attempt...

[Attempt 3/13] Alt 1: compute_icelake_r750 (48h)
    Waiting for lease activation (timeout: 300s)...
    ✓ Lease created and ACTIVE (ID: 8c6b384c-6f04-4de3-ab9b-983c45b1c11b)

============================================================
Reservation Fallback Report
============================================================
Status: ✓ SUCCESS
Message: ✓ Lease created and ACTIVE (ID: 8c6b384c-6f04-4de3-ab9b-983c45b1c11b)

Successful option:
  Alt 1: compute_icelake_r750 (48h)
  Node type: compute_icelake_r750
  Duration: 48h

Fallback chain had 13 options

✓ Reservation successful: compute_icelake_r750

============================================================
Step 6: Launch Bare Metal Server
============================================================

============================================================
Step 6: Launch Bare Metal Server
============================================================

Launching server:
  Name: auto-server-202602052356
  Image ID: 1b993456-987a-421b-afbf-29aa618565da
  Key: my-key
  Network ID: 1a03cf65-8fd6-4fce-94fd-bbaabe68a8e1
  Reservation ID: 46fe46ad-02d8-450b-b5d5-fc5f01e39974

✓ Server creation initiated: dc17f576-402d-4713-b51e-777adc155269

Waiting for server to become ACTIVE...
(This may take 10-30 minutes for bare metal)
  Status: BUILD
  Status: ACTIVE

✓ Server is ACTIVE

============================================================
Step 7: Assign Floating IP
============================================================
Creating new floating IP...
✓ Using floating IP: 129.114.108.202
✓ Floating IP attached

============================================================
✓ Provisioning Complete!
============================================================
Server Name: auto-server-202602052356
Server ID: dc17f576-402d-4713-b51e-777adc155269
Lease ID: 8c6b384c-6f04-4de3-ab9b-983c45b1c11b
Reservation ID: 46fe46ad-02d8-450b-b5d5-fc5f01e39974
Image: CC-Ubuntu24.04
Node Type (requested): compute_cascadelake
Node Type (actual): compute_icelake_r750
Floating IP: 129.114.108.202

SSH Connection:
  ssh ubuntu@129.114.108.202

✓ Info saved to: auto-server-202602052356_info.json
End:     2026-02-06T00:04:19Z (exit=0, duration=658s)
