Command: python 2.0/src/provision_v2.py --repo "https://github.com/darkreader/darkreader" --site tacc
Start:   2026-02-06T06:00:21Z

============================================================
Automated Hardware Provisioning Tool v2.0
============================================================
✓ Configuration loaded
✓ AI client initialized
✓ OpenStack connection established

============================================================
Step 1: Repository Analysis
============================================================
✓ Repository cloned to: /tmp/darkreader

✓ Repository requirements analysis complete:
  CPU: 2 cores
  RAM: 4 GB
  GPU: Not required
  Disk: 1 GB
  OS: ubuntu 20.04
  CUDA: Not required

============================================================
Step 2: Image Selection
============================================================
✓ Found 407 available CC-* images
✓ AI Stage 1: Selected 5 candidates
  Reasoning: The requirements specify an Ubuntu 20.04 image without CUDA or GPU support. The selected images are all based on Ubuntu 20.04 and do not have CUDA in their names, indicating they do not include CUDA support. These images are suitable candidates as they meet the OS type and version requirements without unnecessary CUDA support.
⚠ No candidates found, using fallback selection
✓ Fallback image: CC-Ubuntu22.04-CUDA

============================================================
Step 3: SSH Key Management
============================================================
✓ Keypair exists: my-key

============================================================
Step 4: Network Configuration
============================================================
✓ Found network: sharednet1 (ID: 1a03cf65-8fd6-4fce-94fd-bbaabe68a8e1)

============================================================
Discovering Available Resources
============================================================

Discovering resources at tacc site...
✓ Found 310 hosts
✓ Discovered 18 node types: compute_arm64, compute_cascadelake, compute_cascadelake_r, compute_gigaio, compute_haswell_ib, compute_icelake_r650, compute_icelake_r750, compute_liqid, compute_skylake, compute_zen3, gpu_k80, gpu_m40, gpu_mi100, gpu_p100, gpu_p100_nvlink, gpu_p100_v100, storage, storage_hierarchy
✓ Found 18 node types available

✓ AI resource selection complete
  Node type: compute_cascadelake
  Reasoning: The user does not require a GPU, so a general compute node is suitable. The compute_cascadelake node type is a general-purpose compute node that can meet the CPU and RAM requirements specified by the user.
✓ AI selected node type: compute_cascadelake
  Reasoning: The user does not require a GPU, so a general compute node is suitable. The compute_cascadelake node type is a general-purpose compute node that can meet the CPU and RAM requirements specified by the user.

✓ Target node type: compute_cascadelake

============================================================
Step 5: Create Hardware Reservation (with Fallbacks)
============================================================
✓ AI determined duration: 48 hours
  Reasoning: The workload involves a basic setup with minimal CPU and RAM requirements, and no GPU or CUDA needs. However, the inclusion of Node.js and experimental Deno support suggests some complexity in software setup and testing. Therefore, a 48-hour lease is recommended to ensure adequate time for configuration and testing.

============================================================
Attempting Hardware Reservation (with fallbacks)
============================================================
Fallback chain (13 options):
  1. Primary: compute_cascadelake for 48h
  2. Fallback: compute_cascadelake for 24h (reduced duration)
  3. Alt 1: compute_icelake_r750 (48h)
  4. Alt 2: compute_icelake_r750 (24h, reduced)
  5. Alt 3: compute_icelake_r650 (48h)
  6. Alt 4: compute_icelake_r650 (24h, reduced)
  7. Alt 5: compute_cascadelake_r (48h)
  8. Alt 6: compute_cascadelake_r (24h, reduced)
  9. Alt 7: compute_skylake (48h)
  10. Alt 8: compute_skylake (24h, reduced)
  11. Alt 9: compute_haswell_ib (48h)
  12. Alt 10: compute_haswell_ib (24h, reduced)
  13. Fallback: KVM-based VM (when bare metal unavailable)

[Attempt 1/13] Primary: compute_cascadelake for 48h
    ✗ Failed: ERROR: Not enough resources available with query {'resource_type': 'physical:host', 'min': 1, 'max': 1, 'hypervisor_properties': '', 'resource_properties': '["=", "$node_type", "compute_cascadelake"]', 'start_date': datetime.datetime(2026, 2, 6, 6, 2), 'end_date': datetime.datetime(2026, 2, 8, 6, 2), 'project_id': '5b86b66c9be14a228da46d3ab15ef166', 'count_range': '1-1', 'before_end': 'default', 'on_start': 'default'}
    Waiting 5s before next attempt...

[Attempt 2/13] Fallback: compute_cascadelake for 24h (reduced duration)
    ✗ Failed: ERROR: Not enough resources available with query {'resource_type': 'physical:host', 'min': 1, 'max': 1, 'hypervisor_properties': '', 'resource_properties': '["=", "$node_type", "compute_cascadelake"]', 'start_date': datetime.datetime(2026, 2, 6, 6, 2), 'end_date': datetime.datetime(2026, 2, 7, 6, 2), 'project_id': '5b86b66c9be14a228da46d3ab15ef166', 'count_range': '1-1', 'before_end': 'default', 'on_start': 'default'}
    Waiting 5s before next attempt...

[Attempt 3/13] Alt 1: compute_icelake_r750 (48h)
    ✗ Failed: ERROR: Not enough resources available with query {'resource_type': 'physical:host', 'min': 1, 'max': 1, 'hypervisor_properties': '', 'resource_properties': '["=", "$node_type", "compute_icelake_r750"]', 'start_date': datetime.datetime(2026, 2, 6, 6, 3), 'end_date': datetime.datetime(2026, 2, 8, 6, 3), 'project_id': '5b86b66c9be14a228da46d3ab15ef166', 'count_range': '1-1', 'before_end': 'default', 'on_start': 'default'}
    Waiting 5s before next attempt...

[Attempt 4/13] Alt 2: compute_icelake_r750 (24h, reduced)
    ✗ Failed: ERROR: Not enough resources available with query {'resource_type': 'physical:host', 'min': 1, 'max': 1, 'hypervisor_properties': '', 'resource_properties': '["=", "$node_type", "compute_icelake_r750"]', 'start_date': datetime.datetime(2026, 2, 6, 6, 3), 'end_date': datetime.datetime(2026, 2, 7, 6, 3), 'project_id': '5b86b66c9be14a228da46d3ab15ef166', 'count_range': '1-1', 'before_end': 'default', 'on_start': 'default'}
    Waiting 5s before next attempt...

[Attempt 5/13] Alt 3: compute_icelake_r650 (48h)
    Waiting for lease activation (timeout: 300s)...
    ✓ Lease created and ACTIVE (ID: 95b23fee-7024-4a82-be19-10f620054bc4)

============================================================
Reservation Fallback Report
============================================================
Status: ✓ SUCCESS
Message: ✓ Lease created and ACTIVE (ID: 95b23fee-7024-4a82-be19-10f620054bc4)

Successful option:
  Alt 3: compute_icelake_r650 (48h)
  Node type: compute_icelake_r650
  Duration: 48h

Fallback chain had 13 options

✓ Reservation successful: compute_icelake_r650

============================================================
Step 6: Launch Bare Metal Server
============================================================

============================================================
Step 6: Launch Bare Metal Server
============================================================

Launching server:
  Name: auto-server-202602060603
  Image ID: c82b931e-4cf8-4366-9878-1ae941f24348
  Key: my-key
  Network ID: 1a03cf65-8fd6-4fce-94fd-bbaabe68a8e1
  Reservation ID: 15f5dee1-86ea-4d0b-a5c7-81c28f468f83

✓ Server creation initiated: 41d254b4-4fde-452e-a042-17d6de98a9d6

Waiting for server to become ACTIVE...
(This may take 10-30 minutes for bare metal)
  Status: BUILD
  Status: ACTIVE

✓ Server is ACTIVE

============================================================
Step 7: Assign Floating IP
============================================================
Creating new floating IP...
✓ Using floating IP: 129.114.108.143
✓ Floating IP attached

============================================================
✓ Provisioning Complete!
============================================================
Server Name: auto-server-202602060603
Server ID: 41d254b4-4fde-452e-a042-17d6de98a9d6
Lease ID: 95b23fee-7024-4a82-be19-10f620054bc4
Reservation ID: 15f5dee1-86ea-4d0b-a5c7-81c28f468f83
Image: CC-Ubuntu22.04-CUDA
Node Type (requested): compute_cascadelake
Node Type (actual): compute_icelake_r650
Floating IP: 129.114.108.143

SSH Connection:
  ssh ubuntu@129.114.108.143

✓ Info saved to: auto-server-202602060603_info.json
End:     2026-02-06T06:12:15Z (exit=0, duration=714s)
