Command: python 2.0/src/provision_v2.py --repo "https://github.com/rahulvigneswaran/Lottery-Ticket-Hypothesis-in-Pytorch" --site tacc
Start:   2026-02-26T03:09:41Z
Traceback (most recent call last):
  File "2.0/src/provision_v2.py", line 722, in main
    lease_id, reservation_id, node_type = attempt_lease_with_fallbacks(
  File "2.0/src/provision_v2.py", line 342, in attempt_lease_with_fallbacks
    raise Exception(f"All Blazar fallback attempts failed. Last error: {last_error}")
Exception: All Blazar fallback attempts failed. Last error: Lease creation failed: ERROR: Not enough resources available with query {'resource_type': 'physical:host', 'min': 1, 'max': 1, 'hypervisor_properties': '', 'resource_properties': '["=", "$node_type", "compute"]', 'start_date': datetime.datetime(2026, 2, 26, 3, 12), 'end_date': datetime.datetime(2026, 2, 28, 3, 12), 'project_id': '350e72270e474aba8a9199644e0b1182', 'count_range': '1-1', 'before_end': 'default', 'on_start': 'default'}

During handling of the above exception, another exception occurred:

Traceback (most recent call last):
  File "/home/cc/EnvAgent-plus/2.0/src/kvm_launcher.py", line 161, in launch_kvm_instance
    raise Exception(f"KVM instance entered ERROR state: {fault_msg}")
Exception: KVM instance entered ERROR state: No valid host was found. There are not enough hosts available. To troubleshoot, please see bit.ly/faq-instance-failure

During handling of the above exception, another exception occurred:

Traceback (most recent call last):
  File "2.0/src/provision_v2.py", line 758, in main
    server_id, server_info = launch_kvm_instance(
  File "/home/cc/EnvAgent-plus/2.0/src/kvm_launcher.py", line 168, in launch_kvm_instance
    raise Exception(f"KVM instance launch failed: {str(e)}")
Exception: KVM instance launch failed: KVM instance entered ERROR state: No valid host was found. There are not enough hosts available. To troubleshoot, please see bit.ly/faq-instance-failure

During handling of the above exception, another exception occurred:

Traceback (most recent call last):
  File "2.0/src/provision_v2.py", line 772, in main
    raise Exception(f"Complete provisioning failure across all tiers")
Exception: Complete provisioning failure across all tiers

============================================================
Automated Hardware Provisioning Tool v2.0
============================================================
✓ Configuration loaded
✓ AI client initialized
✓ OpenStack connection established

============================================================
Step 1: Repository Analysis
============================================================
✓ Repository cloned to: /tmp/Lottery-Ticket-Hypothesis-in-Pytorch

✓ Repository requirements analysis complete:
  CPU: 4 cores
  RAM: 8 GB
  GPU: Required
  GPU Memory: 4 GB
  Disk: 10 GB
  OS: ubuntu 18.04
  CUDA: Required

============================================================
Step 2: Image Selection
============================================================
✓ Found 205 available CC-* images
✓ AI Stage 1: Selected 0 candidates
  Reasoning: The requirements specify an Ubuntu 18.04 image with CUDA support, but none of the available images match these criteria. All available Ubuntu 18.04 images lack CUDA support, and the images with CUDA support are for newer Ubuntu versions (22.04 and 24.04). Therefore, there are no suitable candidates from the provided list.
⚠ No candidates found, using fallback selection
✓ Fallback image: CC-Ubuntu22.04-CUDA

============================================================
Step 3: SSH Key Management
============================================================
✓ Keypair exists: my-key

============================================================
Step 4: Network Configuration
============================================================
✓ Found network: sharednet1 (ID: 50073c73-5817-49c3-8e3a-69b8c357e158)

============================================================
Discovering Available Resources
============================================================

Discovering resources at tacc site...
✓ Found 85 hosts
✓ Discovered 2 node types (ranked by availability & fit):
    compute: 79 reservable / 79 total | fit_score: 1.0
    gpu: 1 reservable / 1 total | fit_score: 2.0
✓ Found 2 node types available

✓ AI resource selection complete
  Node type: gpu
  Reasoning: The user requires a GPU, and the only available node type with a GPU is 'gpu', which has 1 reservable node. Although it has a lower reservable count compared to compute nodes, it is the only option that meets the GPU requirement.
✓ AI selected node type: gpu
  Reasoning: The user requires a GPU, and the only available node type with a GPU is 'gpu', which has 1 reservable node. Although it has a lower reservable count compared to compute nodes, it is the only option that meets the GPU requirement.

============================================================
Step 5: Create Hardware Reservation (with fallbacks)
============================================================

→ GPU required: Tiered fallback strategy:
   Tier 1 (GPU): 1 types
   Tier 2 (Compute): 1 types
   Tier 3 (KVM/VM): 0 types
   Total: 2 attempts

[1/2] Attempting: gpu [GPU (Tier 1)] (1 reservable / 1 total)
✓ AI determined duration: 48 hours
  Reasoning: The requirements include a GPU with CUDA support and specific software packages like Pytorch and tensorboardX, which suggests the user is likely conducting machine learning or deep learning tasks. These tasks can be computationally intensive and time-consuming, often requiring more than a day to complete, especially if they involve training models. Therefore, a 48-hour lease duration is recommended to ensure sufficient time for setup, execution, and potential troubleshooting.

Creating lease:
  Name: auto-202602260309-gpu
  Node Type: gpu
  Start: 2026-02-26 03:11
  End: 2026-02-28 03:11
  ✗ No capacity available for gpu
  → Trying next option...

→ Switching to: Compute (Tier 2 - degraded)

[2/2] Attempting: compute [Compute (Tier 2 - degraded)] (79 reservable / 79 total)
✓ AI determined duration: 48 hours
  Reasoning: The requirements indicate a need for a GPU with CUDA support and specific machine learning libraries such as Pytorch and tensorboardX. These setups are typically used for training machine learning models, which can be time-consuming processes. Given the complexity and potential duration of such tasks, a 48-hour lease provides sufficient time to set up the environment, run experiments, and make necessary adjustments without the risk of interruption. Additionally, the use of an older OS version and Python version may require extra configuration time.

Creating lease:
  Name: auto-202602260309-compute
  Node Type: compute
  Start: 2026-02-26 03:12
  End: 2026-02-28 03:12
  ✗ No capacity available for compute

✗ All 2 Blazar fallback options exhausted

→ Attempting Tier 4: KVM VM (Direct Nova)

============================================================
TIER 4 FALLBACK: KVM Virtual Machines
============================================================
Blazar bare-metal exhausted: All Blazar fallback attempts failed. Last error: Lease creation failed: ERROR: Not enough resources available with query {'resource_type': 'physical:host', 'min': 1, 'max': 1, 'hypervisor_properties':

→ Switching to direct Nova VM launch (no reservation needed)

  Launching KVM VM:
    Name: auto-server-202602260309
    Image ID: 546bfd02-1a3f-4c00-bc74-c80cc5d6ad43
    Key: my-key
    Network ID: 50073c73-5817-49c3-8e3a-69b8c357e158

  Selecting KVM flavor (CPU: 4, RAM: 8GB)...
  ✓ Selected flavor: m1.large
    CPU: 4, RAM: 8192MB

  ✓ KVM instance creation initiated: e10b1475-b0ac-4c3c-b37e-961ba29fa3b2

  Waiting for KVM instance to become ACTIVE...
  (This typically takes 1-5 minutes for VMs)
    Status: BUILD
    Status: ERROR

  ✗ Nova Fault Code: 500
  ✗ Nova Fault Message: No valid host was found. There are not enough hosts available. To troubleshoot, please see bit.ly/faq-instance-failure

✗ KVM VM fallback also failed: KVM instance launch failed: KVM instance entered ERROR state: No valid host was found. There are not enough hosts available. To troubleshoot, please see bit.ly/faq-instance-failure

✗ All provisioning tiers exhausted:
   Tier 1-3 (Blazar bare-metal): All Blazar fallback attempts failed. Last error: Lease creation failed: ERROR: Not enough resources available with query {'resource_type': 'physical:h
   Tier 4 (KVM VMs): KVM instance launch failed: KVM instance entered ERROR state: No valid host was found. There are not enough hosts available. To troubleshoot, please s


✗ ERROR: Complete provisioning failure across all tiers
End:     2026-02-26T03:10:24Z (exit=1, duration=43s)
