Command: python 2.0/src/provision_v2.py --repo "https://github.com/yrcong/RelTR" --site tacc
Start:   2026-02-05T00:30:53Z

============================================================
Automated Hardware Provisioning Tool v2.0
============================================================
✓ Configuration loaded
✓ AI client initialized
✓ OpenStack connection established

============================================================
Step 1: Repository Analysis
============================================================
✓ Repository cloned to: /tmp/RelTR

✓ Repository requirements analysis complete:
  CPU: 8 cores
  RAM: 16 GB
  GPU: Required
  GPU Memory: 8 GB
  Disk: 50 GB
  OS: ubuntu 20.04
  CUDA: Required

============================================================
Step 2: Image Selection
============================================================
✓ Found 205 available CC-* images
✓ AI Stage 1: Selected 3 candidates
  Reasoning: The requirements specify that the OS type must be Ubuntu, the version must be 20.04, and CUDA support is required. The images that match these criteria are those with 'CC-Ubuntu20.04' in their name. Although none of the available images explicitly mention CUDA, the most recent versions of Ubuntu 20.04 are selected as they are more likely to have CUDA support or be compatible with CUDA installations. These images are the most recent Ubuntu 20.04 versions available, which increases the likelihood of having the necessary support for CUDA and GPU-related tasks.

✓ Final Selection: CC-Ubuntu20.04-20230531.1
  Image ID: f4c531e8-5d8b-4d3f-8692-ce2024b38af6

============================================================
Step 3: SSH Key Management
============================================================
✓ Keypair exists: my-key

============================================================
Step 4: Network Configuration
============================================================
✓ Found network: sharednet1 (ID: 50073c73-5817-49c3-8e3a-69b8c357e158)

============================================================
Discovering Available Resources
============================================================

Discovering resources at tacc site...
✓ Found 85 hosts
✓ Discovered 2 node types: compute, gpu
✓ Found 2 node types available

✓ AI resource selection complete
  Node type: N/A
  Reasoning: The user requires a GPU node, but no specific GPU node types are listed in the available resources.
✓ AI selected node type: N/A
  Reasoning: The user requires a GPU node, but no specific GPU node types are listed in the available resources.

✓ Target node type: N/A

============================================================
Step 5: Create Hardware Reservation (with Fallbacks)
============================================================
✓ AI determined duration: 48 hours
  Reasoning: The requirements include a GPU with specific CUDA and PyTorch versions, which suggests a moderate complexity setup. The workload is not overly complex but involves setting up a machine learning environment with GPU support. Therefore, a lease duration of 48 hours is appropriate to allow sufficient time for setup, testing, and execution.

============================================================
Attempting Hardware Reservation (with fallbacks)
============================================================
Fallback chain (3 options):
  1. Primary: N/A for 48h
  2. Fallback: N/A for 24h (reduced duration)
  3. Fallback: KVM-based VM (when bare metal unavailable)

[Attempt 1/3] Primary: N/A for 48h
    ✗ Failed: ERROR: Not enough resources available with query {'resource_type': 'physical:host', 'min': 1, 'max': 1, 'hypervisor_properties': '', 'resource_properties': '["=", "$node_type", "N/A"]', 'start_date': datetime.datetime(2026, 2, 5, 0, 33), 'end_date': datetime.datetime(2026, 2, 7, 0, 33), 'project_id': '350e72270e474aba8a9199644e0b1182', 'count_range': '1-1', 'before_end': 'default', 'on_start': 'default'}
    Waiting 5s before next attempt...

[Attempt 2/3] Fallback: N/A for 24h (reduced duration)
    ✗ Failed: ERROR: Not enough resources available with query {'resource_type': 'physical:host', 'min': 1, 'max': 1, 'hypervisor_properties': '', 'resource_properties': '["=", "$node_type", "N/A"]', 'start_date': datetime.datetime(2026, 2, 5, 0, 33), 'end_date': datetime.datetime(2026, 2, 6, 0, 33), 'project_id': '350e72270e474aba8a9199644e0b1182', 'count_range': '1-1', 'before_end': 'default', 'on_start': 'default'}
    Waiting 5s before next attempt...

[Attempt 3/3] Fallback: KVM-based VM (when bare metal unavailable)
    ⚠ KVM fallback (VM-based) - skipping Blazar, will use OpenStack directly

============================================================
Reservation Fallback Report
============================================================
Status: ✓ SUCCESS
Message: Using KVM fallback (no Blazar lease)

Successful option:
  Fallback: KVM-based VM (when bare metal unavailable)
  Node type: KVM (VM-based)
  Duration: 48h

Fallback chain had 3 options

⚠ Using KVM (VM-based) instead of bare metal
   This is a temporary fallback - consider retrying later for bare metal

============================================================
Step 6: Launch KVM-based VM
============================================================
⚠ KVM fallback mode: launching VM instead of bare metal
   (Reservation ID not applicable for KVM)

  Launching KVM VM:
    Name: auto-server-202602050031
    Image ID: f4c531e8-5d8b-4d3f-8692-ce2024b38af6
    Key: my-key
    Network ID: 50073c73-5817-49c3-8e3a-69b8c357e158

  Selecting KVM flavor (CPU: 8, RAM: 16GB)...
  ✓ Selected flavor: m1.xlarge
    CPU: 8, RAM: 16384MB

  ✓ KVM instance creation initiated: 5dd5c36c-de46-4307-b760-ed6e56997543

  Waiting for KVM instance to become ACTIVE...
  (This typically takes 1-5 minutes for VMs)
    Status: BUILD
    Status: ACTIVE

  ✓ KVM instance is ACTIVE

============================================================
Step 7: Assign Floating IP
============================================================
Creating new floating IP...
✓ Using floating IP: 129.114.27.236
✓ Floating IP attached

============================================================
✓ Provisioning Complete!
============================================================
Server Name: auto-server-202602050031
Server ID: 5dd5c36c-de46-4307-b760-ed6e56997543
Lease ID: kvm-lease
Image: CC-Ubuntu20.04-20230531.1
Node Type (requested): N/A
Node Type (actual): kvm
⚠ Running on KVM VM (bare metal unavailable)
Floating IP: 129.114.27.236

SSH Connection:
  ssh ubuntu@129.114.27.236

✓ Info saved to: auto-server-202602050031_info.json
End:     2026-02-05T00:31:45Z (exit=0, duration=52s)
