Command: python 2.0/src/provision_v2.py --repo "https://github.com/henryzhongsc/gnn_editing" --site tacc
Start:   2026-02-05T00:32:41Z

============================================================
Automated Hardware Provisioning Tool v2.0
============================================================
✓ Configuration loaded
✓ AI client initialized
✓ OpenStack connection established

============================================================
Step 1: Repository Analysis
============================================================
✓ Repository cloned to: /tmp/gnn_editing

✓ Repository requirements analysis complete:
  CPU: 4 cores
  RAM: 16 GB
  GPU: Required
  GPU Memory: 8 GB
  Disk: 20 GB
  OS: ubuntu 20.04
  CUDA: Required

============================================================
Step 2: Image Selection
============================================================
✓ Found 205 available CC-* images
✓ AI Stage 1: Selected 3 candidates
  Reasoning: The requirements specify an Ubuntu 20.04 operating system with CUDA support. However, the available images do not explicitly mention CUDA support for Ubuntu 20.04. Therefore, the best candidates are the most recent Ubuntu 20.04 images available, as they are likely to have the necessary updates and compatibility for installing CUDA. These images are CC-Ubuntu20.04-20230531.1, CC-Ubuntu20.04-20230531, and CC-Ubuntu20.04-20230518. These images can be configured post-deployment to include CUDA support.

✓ Final Selection: CC-Ubuntu20.04-20230531.1
  Image ID: f4c531e8-5d8b-4d3f-8692-ce2024b38af6

============================================================
Step 3: SSH Key Management
============================================================
✓ Keypair exists: my-key

============================================================
Step 4: Network Configuration
============================================================
✓ Found network: sharednet1 (ID: 50073c73-5817-49c3-8e3a-69b8c357e158)

============================================================
Discovering Available Resources
============================================================

Discovering resources at tacc site...
✓ Found 85 hosts
✓ Discovered 2 node types: compute, gpu
✓ Found 2 node types available

✓ AI resource selection complete
  Node type: gpu_rtx_6000
  Reasoning: The user requires a GPU with at least 8 GB of memory. Given the available node types, we should prioritize GPU nodes. The 'gpu_rtx_6000' node type is likely to meet the GPU and memory requirements specified by the user, as it is a GPU node and typically has sufficient resources to handle such tasks.
✓ AI selected node type: gpu_rtx_6000
  Reasoning: The user requires a GPU with at least 8 GB of memory. Given the available node types, we should prioritize GPU nodes. The 'gpu_rtx_6000' node type is likely to meet the GPU and memory requirements specified by the user, as it is a GPU node and typically has sufficient resources to handle such tasks.

✓ Target node type: gpu_rtx_6000

============================================================
Step 5: Create Hardware Reservation (with Fallbacks)
============================================================
✓ AI determined duration: 72 hours
  Reasoning: The requirements indicate a complex setup due to the need for a GPU with specific CUDA support, multiple specialized PyTorch libraries, and a range of dependencies. This complexity suggests a longer setup and testing period, making a 72-hour lease duration appropriate to ensure sufficient time for configuration and execution.

============================================================
Attempting Hardware Reservation (with fallbacks)
============================================================
Fallback chain (3 options):
  1. Primary: gpu_rtx_6000 for 72h
  2. Fallback: gpu_rtx_6000 for 36h (reduced duration)
  3. Fallback: KVM-based VM (when bare metal unavailable)

[Attempt 1/3] Primary: gpu_rtx_6000 for 72h
    ✗ Failed: ERROR: Not enough resources available with query {'resource_type': 'physical:host', 'min': 1, 'max': 1, 'hypervisor_properties': '', 'resource_properties': '["=", "$node_type", "gpu_rtx_6000"]', 'start_date': datetime.datetime(2026, 2, 5, 0, 34), 'end_date': datetime.datetime(2026, 2, 8, 0, 34), 'project_id': '350e72270e474aba8a9199644e0b1182', 'count_range': '1-1', 'before_end': 'default', 'on_start': 'default'}
    Waiting 5s before next attempt...

[Attempt 2/3] Fallback: gpu_rtx_6000 for 36h (reduced duration)
    ✗ Failed: ERROR: Not enough resources available with query {'resource_type': 'physical:host', 'min': 1, 'max': 1, 'hypervisor_properties': '', 'resource_properties': '["=", "$node_type", "gpu_rtx_6000"]', 'start_date': datetime.datetime(2026, 2, 5, 0, 35), 'end_date': datetime.datetime(2026, 2, 6, 12, 35), 'project_id': '350e72270e474aba8a9199644e0b1182', 'count_range': '1-1', 'before_end': 'default', 'on_start': 'default'}
    Waiting 5s before next attempt...

[Attempt 3/3] Fallback: KVM-based VM (when bare metal unavailable)
    ⚠ KVM fallback (VM-based) - skipping Blazar, will use OpenStack directly

============================================================
Reservation Fallback Report
============================================================
Status: ✓ SUCCESS
Message: Using KVM fallback (no Blazar lease)

Successful option:
  Fallback: KVM-based VM (when bare metal unavailable)
  Node type: KVM (VM-based)
  Duration: 72h

Fallback chain had 3 options

⚠ Using KVM (VM-based) instead of bare metal
   This is a temporary fallback - consider retrying later for bare metal

============================================================
Step 6: Launch KVM-based VM
============================================================
⚠ KVM fallback mode: launching VM instead of bare metal
   (Reservation ID not applicable for KVM)

  Launching KVM VM:
    Name: auto-server-202602050033
    Image ID: f4c531e8-5d8b-4d3f-8692-ce2024b38af6
    Key: my-key
    Network ID: 50073c73-5817-49c3-8e3a-69b8c357e158

  Selecting KVM flavor (CPU: 4, RAM: 16GB)...
  ✓ Selected flavor: m1.xlarge
    CPU: 8, RAM: 16384MB

  ✓ KVM instance creation initiated: bfa59765-f71e-4b54-af62-665902484678

  Waiting for KVM instance to become ACTIVE...
  (This typically takes 1-5 minutes for VMs)
    Status: BUILD
    Status: ACTIVE

  ✓ KVM instance is ACTIVE

============================================================
Step 7: Assign Floating IP
============================================================
Creating new floating IP...
✓ Using floating IP: 129.114.27.1
✓ Floating IP attached

============================================================
✓ Provisioning Complete!
============================================================
Server Name: auto-server-202602050033
Server ID: bfa59765-f71e-4b54-af62-665902484678
Lease ID: kvm-lease
Image: CC-Ubuntu20.04-20230531.1
Node Type (requested): gpu_rtx_6000
Node Type (actual): kvm
⚠ Running on KVM VM (bare metal unavailable)
Floating IP: 129.114.27.1

SSH Connection:
  ssh ubuntu@129.114.27.1

✓ Info saved to: auto-server-202602050033_info.json
End:     2026-02-05T00:33:28Z (exit=0, duration=47s)
