Command: python 2.0/src/provision_v2.py --repo "https://github.com/EngineeringSoftware/exli" --site tacc
Start:   2026-02-05T00:39:27Z
Traceback (most recent call last):
  File "/home/cc/EnvAgent-plus/2.0/src/kvm_launcher.py", line 128, in launch_kvm_instance
    raise Exception("KVM instance entered ERROR state")
Exception: KVM instance entered ERROR state

During handling of the above exception, another exception occurred:

Traceback (most recent call last):
  File "2.0/src/provision_v2.py", line 600, in main
    server_id, server_info = launch_kvm_instance(
  File "/home/cc/EnvAgent-plus/2.0/src/kvm_launcher.py", line 135, in launch_kvm_instance
    raise Exception(f"KVM instance launch failed: {str(e)}")
Exception: KVM instance launch failed: KVM instance entered ERROR state

============================================================
Automated Hardware Provisioning Tool v2.0
============================================================
✓ Configuration loaded
✓ AI client initialized
✓ OpenStack connection established

============================================================
Step 1: Repository Analysis
============================================================
✓ Repository cloned to: /tmp/exli

✓ Repository requirements analysis complete:
  CPU: 2 cores
  RAM: 4 GB
  GPU: Not required
  Disk: 10 GB
  OS: ubuntu 22.04
  CUDA: Not required

============================================================
Step 2: Image Selection
============================================================
✓ Found 205 available CC-* images
✓ AI Stage 1: Selected 5 candidates
  Reasoning: The requirements specify an Ubuntu operating system with version 22.04, without the need for CUDA or GPU support. The selected images are all Ubuntu 22.04 base images without CUDA, ensuring compatibility with the specified requirements. These images are also up-to-date, providing a reliable and secure environment.
⚠ No candidates found, using fallback selection
✓ Fallback image: CC-Ubuntu22.04-CUDA

============================================================
Step 3: SSH Key Management
============================================================
✓ Keypair exists: my-key

============================================================
Step 4: Network Configuration
============================================================
✓ Found network: sharednet1 (ID: 50073c73-5817-49c3-8e3a-69b8c357e158)

============================================================
Discovering Available Resources
============================================================

Discovering resources at tacc site...
✓ Found 85 hosts
✓ Discovered 2 node types: compute, gpu
✓ Found 2 node types available

✓ AI resource selection complete
  Node type: compute
  Reasoning: The user's requirements specify a need for 2 CPU cores, 4 GB of RAM, and 10 GB of disk space without any GPU requirement. Therefore, a general compute node is sufficient to meet these needs. Since GPU is not required, there is no need to select a GPU node.
✓ AI selected node type: compute
  Reasoning: The user's requirements specify a need for 2 CPU cores, 4 GB of RAM, and 10 GB of disk space without any GPU requirement. Therefore, a general compute node is sufficient to meet these needs. Since GPU is not required, there is no need to select a GPU node.

✓ Target node type: compute

============================================================
Step 5: Create Hardware Reservation (with Fallbacks)
============================================================
✓ AI determined duration: 48 hours
  Reasoning: The workload involves a basic setup with 2 CPU cores, 4 GB RAM, and no GPU requirement. The special requirements include Docker, Java, JUnit, Maven, Conda, and SDKMAN, which are standard tools and do not indicate a highly complex setup. Therefore, a 48-hour lease duration is appropriate to ensure sufficient time for setup, testing, and any necessary adjustments.

============================================================
Attempting Hardware Reservation (with fallbacks)
============================================================
Fallback chain (3 options):
  1. Primary: compute for 48h
  2. Fallback: compute for 24h (reduced duration)
  3. Fallback: KVM-based VM (when bare metal unavailable)

[Attempt 1/3] Primary: compute for 48h
    ✗ Failed: ERROR: The physical:host resource type is not supported
    Waiting 5s before next attempt...

[Attempt 2/3] Fallback: compute for 24h (reduced duration)
    ✗ Failed: ERROR: The physical:host resource type is not supported
    Waiting 5s before next attempt...

[Attempt 3/3] Fallback: KVM-based VM (when bare metal unavailable)
    ⚠ KVM fallback (VM-based) - skipping Blazar, will use OpenStack directly

============================================================
Reservation Fallback Report
============================================================
Status: ✓ SUCCESS
Message: Using KVM fallback (no Blazar lease)

Successful option:
  Fallback: KVM-based VM (when bare metal unavailable)
  Node type: KVM (VM-based)
  Duration: 48h

Fallback chain had 3 options

⚠ Using KVM (VM-based) instead of bare metal
   This is a temporary fallback - consider retrying later for bare metal

============================================================
Step 6: Launch KVM-based VM
============================================================
⚠ KVM fallback mode: launching VM instead of bare metal
   (Reservation ID not applicable for KVM)

  Launching KVM VM:
    Name: auto-server-202602050040
    Image ID: 546bfd02-1a3f-4c00-bc74-c80cc5d6ad43
    Key: my-key
    Network ID: 50073c73-5817-49c3-8e3a-69b8c357e158

  Selecting KVM flavor (CPU: 2, RAM: 4GB)...
  ✓ Selected flavor: m1.medium
    CPU: 2, RAM: 4096MB

  ✓ KVM instance creation initiated: 43551c92-e21c-445d-86a1-1456658f60a0

  Waiting for KVM instance to become ACTIVE...
  (This typically takes 1-5 minutes for VMs)
    Status: BUILD
    Status: ERROR


✗ ERROR: KVM instance launch failed: KVM instance entered ERROR state
End:     2026-02-05T00:40:33Z (exit=1, duration=66s)
