Command: python 2.0/src/provision_v2.py --repo "https://github.com/tinoryj/ELECT" --site tacc
Start:   2026-02-05T20:04:28Z

============================================================
Automated Hardware Provisioning Tool v2.0
============================================================
✓ Configuration loaded
✓ AI client initialized
✓ OpenStack connection established

============================================================
Step 1: Repository Analysis
============================================================
✓ Repository cloned to: /tmp/ELECT

✓ Repository requirements analysis complete:
  CPU: 4 cores
  RAM: 8 GB
  GPU: Not required
  Disk: 100 GB
  OS: ubuntu 20.04
  CUDA: Not required

============================================================
Step 2: Image Selection
============================================================
✓ Found 407 available CC-* images
✓ AI Stage 1: Selected 3 candidates
  Reasoning: The requirements specify an Ubuntu 20.04 image without CUDA or GPU support. The selected images are all based on Ubuntu 20.04 and do not have CUDA in their names, indicating they are suitable candidates without unnecessary CUDA support. These images are: 'CC-Ubuntu20.04' (ID: 819473ad-b46c-48db-a2f6-53dead8204b0), 'CC-Ubuntu20.04-20240129' (ID: 2c6c435a-b259-4abe-822a-996aef1c5643), and 'CC-Ubuntu20.04-20231115' (ID: b9bcbc38-40bd-4083-8aee-58a41a5693c5).
⚠ No candidates found, using fallback selection
✓ Fallback image: CC-Ubuntu22.04-CUDA

============================================================
Step 3: SSH Key Management
============================================================
✓ Keypair exists: my-key

============================================================
Step 4: Network Configuration
============================================================
✓ Found network: sharednet1 (ID: 1a03cf65-8fd6-4fce-94fd-bbaabe68a8e1)

============================================================
Discovering Available Resources
============================================================

Discovering resources at tacc site...
✓ Found 310 hosts
✓ Discovered 18 node types: compute_arm64, compute_cascadelake, compute_cascadelake_r, compute_gigaio, compute_haswell_ib, compute_icelake_r650, compute_icelake_r750, compute_liqid, compute_skylake, compute_zen3, gpu_k80, gpu_m40, gpu_mi100, gpu_p100, gpu_p100_nvlink, gpu_p100_v100, storage, storage_hierarchy
✓ Found 18 node types available

✓ AI resource selection complete
  Node type: compute_cascadelake
  Reasoning: The user does not require a GPU, so a general compute node is suitable. The compute_cascadelake node type meets the CPU and RAM requirements and is a general-purpose compute node.
✓ AI selected node type: compute_cascadelake
  Reasoning: The user does not require a GPU, so a general compute node is suitable. The compute_cascadelake node type meets the CPU and RAM requirements and is a general-purpose compute node.

✓ Target node type: compute_cascadelake

============================================================
Step 5: Create Hardware Reservation (with Fallbacks)
============================================================
✓ AI determined duration: 72 hours
  Reasoning: The requirements specify a cluster setup with at least 8 machines, which involves configuring SSH key-free access between nodes, and installing specific software like Java 11, Maven, and Intel Isa-L library. This setup is complex and likely requires additional time for configuration, testing, and potential troubleshooting, thus a lease duration of 72 hours is recommended.

============================================================
Attempting Hardware Reservation (with fallbacks)
============================================================
Fallback chain (13 options):
  1. Primary: compute_cascadelake for 72h
  2. Fallback: compute_cascadelake for 36h (reduced duration)
  3. Alt 1: compute_icelake_r750 (72h)
  4. Alt 2: compute_icelake_r750 (36h, reduced)
  5. Alt 3: compute_icelake_r650 (72h)
  6. Alt 4: compute_icelake_r650 (36h, reduced)
  7. Alt 5: compute_cascadelake_r (72h)
  8. Alt 6: compute_cascadelake_r (36h, reduced)
  9. Alt 7: compute_skylake (72h)
  10. Alt 8: compute_skylake (36h, reduced)
  11. Alt 9: compute_haswell_ib (72h)
  12. Alt 10: compute_haswell_ib (36h, reduced)
  13. Fallback: KVM-based VM (when bare metal unavailable)

[Attempt 1/13] Primary: compute_cascadelake for 72h
    Waiting for lease activation (timeout: 300s)...
    ✓ Lease created and ACTIVE (ID: 354059a0-aab0-4852-94ed-6290efee93eb)

============================================================
Reservation Fallback Report
============================================================
Status: ✓ SUCCESS
Message: ✓ Lease created and ACTIVE (ID: 354059a0-aab0-4852-94ed-6290efee93eb)

Successful option:
  Primary: compute_cascadelake for 72h
  Node type: compute_cascadelake
  Duration: 72h

Fallback chain had 13 options

✓ Reservation successful: compute_cascadelake

============================================================
Step 6: Launch Bare Metal Server
============================================================

============================================================
Step 6: Launch Bare Metal Server
============================================================

Launching server:
  Name: auto-server-202602052007
  Image ID: c82b931e-4cf8-4366-9878-1ae941f24348
  Key: my-key
  Network ID: 1a03cf65-8fd6-4fce-94fd-bbaabe68a8e1
  Reservation ID: e95dd463-5af9-490f-88dc-c4f97c84a5f2

✓ Server creation initiated: 00006e65-93bf-4420-b602-30851574d12d

Waiting for server to become ACTIVE...
(This may take 10-30 minutes for bare metal)
  Status: BUILD
  Status: ACTIVE

✓ Server is ACTIVE

============================================================
Step 7: Assign Floating IP
============================================================
Creating new floating IP...
✓ Using floating IP: 129.114.108.231
✓ Floating IP attached

============================================================
✓ Provisioning Complete!
============================================================
Server Name: auto-server-202602052007
Server ID: 00006e65-93bf-4420-b602-30851574d12d
Lease ID: 354059a0-aab0-4852-94ed-6290efee93eb
Reservation ID: e95dd463-5af9-490f-88dc-c4f97c84a5f2
Image: CC-Ubuntu22.04-CUDA
Node Type (requested): compute_cascadelake
Node Type (actual): compute_cascadelake
Floating IP: 129.114.108.231

SSH Connection:
  ssh ubuntu@129.114.108.231

✓ Info saved to: auto-server-202602052007_info.json
End:     2026-02-05T20:15:18Z (exit=0, duration=650s)
