Command: python 2.0/src/provision_v2.py --repo "https://github.com/yrcong/RelTR" --site tacc
Start:   2026-02-26T03:08:50Z
Traceback (most recent call last):
  File "2.0/src/provision_v2.py", line 722, in main
    lease_id, reservation_id, node_type = attempt_lease_with_fallbacks(
  File "2.0/src/provision_v2.py", line 342, in attempt_lease_with_fallbacks
    raise Exception(f"All Blazar fallback attempts failed. Last error: {last_error}")
Exception: All Blazar fallback attempts failed. Last error: Lease creation failed: ERROR: Not enough resources available with query {'resource_type': 'physical:host', 'min': 1, 'max': 1, 'hypervisor_properties': '', 'resource_properties': '["=", "$node_type", "compute"]', 'start_date': datetime.datetime(2026, 2, 26, 3, 11), 'end_date': datetime.datetime(2026, 3, 1, 3, 11), 'project_id': '350e72270e474aba8a9199644e0b1182', 'count_range': '1-1', 'before_end': 'default', 'on_start': 'default'}

During handling of the above exception, another exception occurred:

Traceback (most recent call last):
  File "/home/cc/EnvAgent-plus/2.0/src/kvm_launcher.py", line 161, in launch_kvm_instance
    raise Exception(f"KVM instance entered ERROR state: {fault_msg}")
Exception: KVM instance entered ERROR state: No valid host was found. There are not enough hosts available. To troubleshoot, please see bit.ly/faq-instance-failure

During handling of the above exception, another exception occurred:

Traceback (most recent call last):
  File "2.0/src/provision_v2.py", line 758, in main
    server_id, server_info = launch_kvm_instance(
  File "/home/cc/EnvAgent-plus/2.0/src/kvm_launcher.py", line 168, in launch_kvm_instance
    raise Exception(f"KVM instance launch failed: {str(e)}")
Exception: KVM instance launch failed: KVM instance entered ERROR state: No valid host was found. There are not enough hosts available. To troubleshoot, please see bit.ly/faq-instance-failure

During handling of the above exception, another exception occurred:

Traceback (most recent call last):
  File "2.0/src/provision_v2.py", line 772, in main
    raise Exception(f"Complete provisioning failure across all tiers")
Exception: Complete provisioning failure across all tiers

============================================================
Automated Hardware Provisioning Tool v2.0
============================================================
✓ Configuration loaded
✓ AI client initialized
✓ OpenStack connection established

============================================================
Step 1: Repository Analysis
============================================================
✓ Repository cloned to: /tmp/RelTR

✓ Repository requirements analysis complete:
  CPU: 8 cores
  RAM: 16 GB
  GPU: Required
  GPU Memory: 8 GB
  Disk: 50 GB
  OS: ubuntu 20.04
  CUDA: Required

============================================================
Step 2: Image Selection
============================================================
✓ Found 205 available CC-* images
✓ AI Stage 1: Selected 3 candidates
  Reasoning: The requirement specifies Ubuntu 20.04 with CUDA support. However, none of the available images explicitly mention CUDA support for Ubuntu 20.04. Therefore, the best candidates are the most recent Ubuntu 20.04 images available, as they are likely to be compatible with CUDA installations. These images are 'CC-Ubuntu20.04-20230531.1', 'CC-Ubuntu20.04-20230531', and 'CC-Ubuntu20.04-20230518'. These selections ensure the latest updates and compatibility for potential CUDA installations.

✓ Final Selection: CC-Ubuntu20.04-20230531.1
  Image ID: f4c531e8-5d8b-4d3f-8692-ce2024b38af6

============================================================
Step 3: SSH Key Management
============================================================
✓ Keypair exists: my-key

============================================================
Step 4: Network Configuration
============================================================
✓ Found network: sharednet1 (ID: 50073c73-5817-49c3-8e3a-69b8c357e158)

============================================================
Discovering Available Resources
============================================================

Discovering resources at tacc site...
✓ Found 85 hosts
✓ Discovered 2 node types (ranked by availability & fit):
    compute: 79 reservable / 79 total | fit_score: 1.0
    gpu: 1 reservable / 1 total | fit_score: 2.0
✓ Found 2 node types available

✓ AI resource selection complete
  Node type: gpu
  Reasoning: The user requires a GPU node with specific hardware requirements. Among the available resources, the 'gpu' node type is the only one that matches the GPU requirement. Although it has a lower reservable count (1), it is the only option that satisfies the GPU requirement.
✓ AI selected node type: gpu
  Reasoning: The user requires a GPU node with specific hardware requirements. Among the available resources, the 'gpu' node type is the only one that matches the GPU requirement. Although it has a lower reservable count (1), it is the only option that satisfies the GPU requirement.

============================================================
Step 5: Create Hardware Reservation (with fallbacks)
============================================================

→ GPU required: Tiered fallback strategy:
   Tier 1 (GPU): 1 types
   Tier 2 (Compute): 1 types
   Tier 3 (KVM/VM): 0 types
   Total: 2 attempts

[1/2] Attempting: gpu [GPU (Tier 1)] (1 reservable / 1 total)
✓ AI determined duration: 48 hours
  Reasoning: The requirements suggest a setup for machine learning or deep learning tasks, which often involve training models that can take a significant amount of time. The inclusion of a GPU and CUDA toolkit, along with PyTorch and torchvision, indicates potential model training or inference tasks. Given the complexity and potential duration of such tasks, a lease duration of 48 hours is recommended to ensure sufficient time for setup, execution, and any necessary adjustments or troubleshooting.

Creating lease:
  Name: auto-202602260309-gpu
  Node Type: gpu
  Start: 2026-02-26 03:11
  End: 2026-02-28 03:11
  ✗ No capacity available for gpu
  → Trying next option...

→ Switching to: Compute (Tier 2 - degraded)

[2/2] Attempting: compute [Compute (Tier 2 - degraded)] (79 reservable / 79 total)
✓ AI determined duration: 72 hours
  Reasoning: The requirements suggest a setup for deep learning or machine learning tasks, which often involve training models that can take several days. The use of a GPU, specific CUDA version, and PyTorch indicates computationally intensive tasks. A 72-hour lease provides ample time for experimentation, model training, and adjustments without frequent interruptions.

Creating lease:
  Name: auto-202602260309-compute
  Node Type: compute
  Start: 2026-02-26 03:11
  End: 2026-03-01 03:11
  ✗ No capacity available for compute

✗ All 2 Blazar fallback options exhausted

→ Attempting Tier 4: KVM VM (Direct Nova)

============================================================
TIER 4 FALLBACK: KVM Virtual Machines
============================================================
Blazar bare-metal exhausted: All Blazar fallback attempts failed. Last error: Lease creation failed: ERROR: Not enough resources available with query {'resource_type': 'physical:host', 'min': 1, 'max': 1, 'hypervisor_properties':

→ Switching to direct Nova VM launch (no reservation needed)

  Launching KVM VM:
    Name: auto-server-202602260309
    Image ID: f4c531e8-5d8b-4d3f-8692-ce2024b38af6
    Key: my-key
    Network ID: 50073c73-5817-49c3-8e3a-69b8c357e158

  Selecting KVM flavor (CPU: 8, RAM: 16GB)...
  ✓ Selected flavor: m1.xlarge
    CPU: 8, RAM: 16384MB

  ✓ KVM instance creation initiated: 22c80aa1-14a4-4ac7-a561-c3a49fd26305

  Waiting for KVM instance to become ACTIVE...
  (This typically takes 1-5 minutes for VMs)
    Status: BUILD
    Status: ERROR

  ✗ Nova Fault Code: 500
  ✗ Nova Fault Message: No valid host was found. There are not enough hosts available. To troubleshoot, please see bit.ly/faq-instance-failure

✗ KVM VM fallback also failed: KVM instance launch failed: KVM instance entered ERROR state: No valid host was found. There are not enough hosts available. To troubleshoot, please see bit.ly/faq-instance-failure

✗ All provisioning tiers exhausted:
   Tier 1-3 (Blazar bare-metal): All Blazar fallback attempts failed. Last error: Lease creation failed: ERROR: Not enough resources available with query {'resource_type': 'physical:h
   Tier 4 (KVM VMs): KVM instance launch failed: KVM instance entered ERROR state: No valid host was found. There are not enough hosts available. To troubleshoot, please s


✗ ERROR: Complete provisioning failure across all tiers
End:     2026-02-26T03:09:36Z (exit=1, duration=46s)
