Command: python 2.0/src/provision_v2.py --repo "https://github.com/sumonbis/Fairify" --site tacc
Start:   2026-02-05T00:38:21Z

============================================================
Automated Hardware Provisioning Tool v2.0
============================================================
✓ Configuration loaded
✓ AI client initialized
✓ OpenStack connection established

============================================================
Step 1: Repository Analysis
============================================================
✓ Repository cloned to: /tmp/Fairify

✓ Repository requirements analysis complete:
  CPU: 2 cores
  RAM: 4 GB
  GPU: Not required
  Disk: 10 GB
  OS: ubuntu 20.04
  CUDA: Not required

============================================================
Step 2: Image Selection
============================================================
✓ Found 205 available CC-* images
✓ AI Stage 1: Selected 5 candidates
  Reasoning: The requirements specify an Ubuntu 20.04 operating system without the need for CUDA or GPU support. The selected images are all Ubuntu 20.04 versions, which match the OS type and version criteria. Additionally, none of these images have CUDA in their naming, ensuring they do not include unnecessary CUDA support. These images are the most recent Ubuntu 20.04 versions available, ensuring up-to-date security and software updates.
⚠ No candidates found, using fallback selection
✓ Fallback image: CC-Ubuntu22.04-CUDA

============================================================
Step 3: SSH Key Management
============================================================
✓ Keypair exists: my-key

============================================================
Step 4: Network Configuration
============================================================
✓ Found network: sharednet1 (ID: 50073c73-5817-49c3-8e3a-69b8c357e158)

============================================================
Discovering Available Resources
============================================================

Discovering resources at tacc site...
✓ Found 85 hosts
✓ Discovered 2 node types: compute, gpu
✓ Found 2 node types available

✓ AI resource selection complete
  Node type: compute
  Reasoning: The user does not require a GPU, and their requirements for CPU cores, RAM, and disk space are minimal. Therefore, a general compute node is sufficient to meet the user's needs.
✓ AI selected node type: compute
  Reasoning: The user does not require a GPU, and their requirements for CPU cores, RAM, and disk space are minimal. Therefore, a general compute node is sufficient to meet the user's needs.

✓ Target node type: compute

============================================================
Step 5: Create Hardware Reservation (with Fallbacks)
============================================================
✓ AI determined duration: 48 hours
  Reasoning: The workload requires a modest amount of resources with 2 CPU cores, 4GB RAM, and 10GB disk space, without the need for a GPU. The special requirements include specific Python packages like z3-solver, tensorflow, and aif360, which might require some setup time. Given these factors, this is considered a small workload, and a lease duration of 48 hours is appropriate to ensure sufficient time for setup and execution.

============================================================
Attempting Hardware Reservation (with fallbacks)
============================================================
Fallback chain (3 options):
  1. Primary: compute for 48h
  2. Fallback: compute for 24h (reduced duration)
  3. Fallback: KVM-based VM (when bare metal unavailable)

[Attempt 1/3] Primary: compute for 48h
    ✗ Failed: ERROR: The physical:host resource type is not supported
    Waiting 5s before next attempt...

[Attempt 2/3] Fallback: compute for 24h (reduced duration)
    ✗ Failed: ERROR: The physical:host resource type is not supported
    Waiting 5s before next attempt...

[Attempt 3/3] Fallback: KVM-based VM (when bare metal unavailable)
    ⚠ KVM fallback (VM-based) - skipping Blazar, will use OpenStack directly

============================================================
Reservation Fallback Report
============================================================
Status: ✓ SUCCESS
Message: Using KVM fallback (no Blazar lease)

Successful option:
  Fallback: KVM-based VM (when bare metal unavailable)
  Node type: KVM (VM-based)
  Duration: 48h

Fallback chain had 3 options

⚠ Using KVM (VM-based) instead of bare metal
   This is a temporary fallback - consider retrying later for bare metal

============================================================
Step 6: Launch KVM-based VM
============================================================
⚠ KVM fallback mode: launching VM instead of bare metal
   (Reservation ID not applicable for KVM)

  Launching KVM VM:
    Name: auto-server-202602050039
    Image ID: 546bfd02-1a3f-4c00-bc74-c80cc5d6ad43
    Key: my-key
    Network ID: 50073c73-5817-49c3-8e3a-69b8c357e158

  Selecting KVM flavor (CPU: 2, RAM: 4GB)...
  ✓ Selected flavor: m1.medium
    CPU: 2, RAM: 4096MB

  ✓ KVM instance creation initiated: e53d6371-a80a-4c59-aa4f-68bb103db0ad

  Waiting for KVM instance to become ACTIVE...
  (This typically takes 1-5 minutes for VMs)
    Status: BUILD
    Status: ACTIVE

  ✓ KVM instance is ACTIVE

============================================================
Step 7: Assign Floating IP
============================================================
Creating new floating IP...
✓ Using floating IP: 129.114.27.131
✓ Floating IP attached

============================================================
✓ Provisioning Complete!
============================================================
Server Name: auto-server-202602050039
Server ID: e53d6371-a80a-4c59-aa4f-68bb103db0ad
Lease ID: kvm-lease
Image: CC-Ubuntu22.04-CUDA
Node Type (requested): compute
Node Type (actual): kvm
⚠ Running on KVM VM (bare metal unavailable)
Floating IP: 129.114.27.131

SSH Connection:
  ssh ubuntu@129.114.27.131

✓ Info saved to: auto-server-202602050039_info.json
End:     2026-02-05T00:39:22Z (exit=0, duration=61s)
