Traceback (most recent call last):
  File "/home/cc/EnvAgent-plus/2.0/src/kvm_launcher.py", line 113, in launch_kvm_instance
    server = os_conn.compute.create_server(
  File "/home/cc/EnvAgent-plus/venv/lib/python3.8/site-packages/openstack/compute/v2/_proxy.py", line 727, in create_server
    return self._create(_server.Server, **attrs)
  File "/home/cc/EnvAgent-plus/venv/lib/python3.8/site-packages/openstack/proxy.py", line 643, in _create
    return res.create(self, base_path=base_path)
  File "/home/cc/EnvAgent-plus/venv/lib/python3.8/site-packages/openstack/resource.py", line 1533, in create
    self._translate_response(response, **response_kwargs)
  File "/home/cc/EnvAgent-plus/venv/lib/python3.8/site-packages/openstack/resource.py", line 1285, in _translate_response
    exceptions.raise_from_response(response, error_message=error_message)
  File "/home/cc/EnvAgent-plus/venv/lib/python3.8/site-packages/openstack/exceptions.py", line 244, in raise_from_response
    raise cls(
openstack.exceptions.BadRequestException: BadRequestException: 400: Client Error for url: https://kvm.tacc.chameleoncloud.org:8774/v2.1/servers, Flavor's disk is too small for requested image. Flavor disk is 21474836480 bytes, image is 22303211520 bytes.

During handling of the above exception, another exception occurred:

Traceback (most recent call last):
  File "2.0/src/provision_v2.py", line 600, in main
    server_id, server_info = launch_kvm_instance(
  File "/home/cc/EnvAgent-plus/2.0/src/kvm_launcher.py", line 153, in launch_kvm_instance
    raise Exception(f"KVM instance launch failed: {str(e)}")
Exception: KVM instance launch failed: BadRequestException: 400: Client Error for url: https://kvm.tacc.chameleoncloud.org:8774/v2.1/servers, Flavor's disk is too small for requested image. Flavor disk is 21474836480 bytes, image is 22303211520 bytes.

============================================================
Automated Hardware Provisioning Tool v2.0
============================================================
✓ Configuration loaded
✓ AI client initialized
✓ OpenStack connection established

============================================================
Step 1: Repository Analysis
============================================================
✓ Repository cloned to: /tmp/crossprefetch-asplos24-artifacts

✓ Repository requirements analysis complete:
  CPU: 128 cores
  RAM: None GB
  GPU: Not required
  Disk: 350 GB
  OS: ubuntu None
  CUDA: Not required

============================================================
Step 2: Image Selection
============================================================
✓ Found 205 available CC-* images
✓ AI Stage 1: Selected 5 candidates
  Reasoning: The requirements specify an Ubuntu OS without a specific version, and CUDA or GPU support is not needed. Therefore, the best candidates are the Ubuntu images without CUDA support. The selected images are the latest versions of Ubuntu 24.04, 22.04, and 20.04 without CUDA, ensuring compatibility and up-to-date software. These images are: CC-Ubuntu24.04 (ID: f0c599f7-6dff-4f81-acec-851bcb5995cd), CC-Ubuntu22.04 (ID: 2dbea132-b5b2-4daa-85ff-86670c79eecd), CC-Ubuntu20.04 (ID: 7580b9fb-3693-4574-b875-cfe43918b345), CC-Ubuntu24.04_2024-10-22 (ID: 96d9c658-6540-4796-ae64-54d8ac6c45f8), and CC-Ubuntu22.04_2024-10-22 (ID: 8c7e0698-58dd-4366-bd71-f1b4dfea5eb8).
⚠ No candidates found, using fallback selection
✓ Fallback image: CC-Ubuntu22.04-CUDA

============================================================
Step 3: SSH Key Management
============================================================
✓ Keypair exists: my-key

============================================================
Step 4: Network Configuration
============================================================
✓ Found network: sharednet1 (ID: 50073c73-5817-49c3-8e3a-69b8c357e158)

============================================================
Discovering Available Resources
============================================================

Discovering resources at tacc site...
✓ Found 85 hosts
✓ Discovered 2 node types: compute, gpu
✓ Found 2 node types available

✓ AI resource selection complete
  Node type: compute_cascadelake_r640
  Reasoning: The user requires a node with 128 CPU cores and 350 GB of disk space, but does not require a GPU. Therefore, a general compute node is suitable. Among the available compute node types, 'compute_cascadelake_r640' is selected as it is a general compute node that likely meets the CPU and disk requirements.
✓ AI selected node type: compute_cascadelake_r640
  Reasoning: The user requires a node with 128 CPU cores and 350 GB of disk space, but does not require a GPU. Therefore, a general compute node is suitable. Among the available compute node types, 'compute_cascadelake_r640' is selected as it is a general compute node that likely meets the CPU and disk requirements.

✓ Target node type: compute_cascadelake_r640

============================================================
Step 5: Create Hardware Reservation (with Fallbacks)
============================================================
✓ AI determined duration: 72 hours
  Reasoning: The requirements specify a complex setup involving specialized hardware (CloudLab Clemson node r6525), a modified Linux kernel, and specific filesystem and remote storage configurations. These factors indicate a complex setup that will likely require additional time for configuration and testing. Therefore, a lease duration of 72 hours is recommended to ensure sufficient time for setup and any necessary troubleshooting.

============================================================
Attempting Hardware Reservation (with fallbacks)
============================================================
Fallback chain (3 options):
  1. Primary: compute_cascadelake_r640 for 72h
  2. Fallback: compute_cascadelake_r640 for 36h (reduced duration)
  3. Fallback: KVM-based VM (when bare metal unavailable)

[Attempt 1/3] Primary: compute_cascadelake_r640 for 72h
    ✗ Failed: ERROR: Not enough resources available with query {'resource_type': 'physical:host', 'min': 1, 'max': 1, 'hypervisor_properties': '', 'resource_properties': '["=", "$node_type", "compute_cascadelake_r640"]', 'start_date': datetime.datetime(2026, 2, 5, 0, 46), 'end_date': datetime.datetime(2026, 2, 8, 0, 46), 'project_id': '350e72270e474aba8a9199644e0b1182', 'count_range': '1-1', 'before_end': 'default', 'on_start': 'default'}
    Waiting 5s before next attempt...

[Attempt 2/3] Fallback: compute_cascadelake_r640 for 36h (reduced duration)
    ✗ Failed: ERROR: Not enough resources available with query {'resource_type': 'physical:host', 'min': 1, 'max': 1, 'hypervisor_properties': '', 'resource_properties': '["=", "$node_type", "compute_cascadelake_r640"]', 'start_date': datetime.datetime(2026, 2, 5, 0, 46), 'end_date': datetime.datetime(2026, 2, 6, 12, 46), 'project_id': '350e72270e474aba8a9199644e0b1182', 'count_range': '1-1', 'before_end': 'default', 'on_start': 'default'}
    Waiting 5s before next attempt...

[Attempt 3/3] Fallback: KVM-based VM (when bare metal unavailable)
    ⚠ KVM fallback (VM-based) - skipping Blazar, will use OpenStack directly

============================================================
Reservation Fallback Report
============================================================
Status: ✓ SUCCESS
Message: Using KVM fallback (no Blazar lease)

Successful option:
  Fallback: KVM-based VM (when bare metal unavailable)
  Node type: KVM (VM-based)
  Duration: 72h

Fallback chain had 3 options

⚠ Using KVM (VM-based) instead of bare metal
   This is a temporary fallback - consider retrying later for bare metal

============================================================
Step 6: Launch KVM-based VM
============================================================
⚠ KVM fallback mode: launching VM instead of bare metal
   (Reservation ID not applicable for KVM)

  Launching KVM VM:
    Name: auto-server-202602050044
    Image ID: 546bfd02-1a3f-4c00-bc74-c80cc5d6ad43
    Key: my-key
    Network ID: 50073c73-5817-49c3-8e3a-69b8c357e158

  Selecting KVM flavor (CPU: 128, RAM: NoneGB)...
  ⚠ RAM requirement missing; defaulting to 2 GB for flavor selection
  ⚠ No flavor found matching requirements, using smallest KVM flavor with sufficient disk
  ✓ Selected flavor: m1.small
    CPU: 1, RAM: 2048MB


✗ ERROR: KVM instance launch failed: BadRequestException: 400: Client Error for url: https://kvm.tacc.chameleoncloud.org:8774/v2.1/servers, Flavor's disk is too small for requested image. Flavor disk is 21474836480 bytes, image is 22303211520 bytes.
