Command: python 2.0/src/provision_v2.py --repo "https://github.com/yrcong/RelTR" --site tacc
Start:   2026-02-18T23:50:07Z
Traceback (most recent call last):
  File "2.0/src/provision_v2.py", line 338, in create_lease_with_ai
    raise Exception("Lease entered ERROR state")
Exception: Lease entered ERROR state

During handling of the above exception, another exception occurred:

Traceback (most recent call last):
  File "2.0/src/provision_v2.py", line 600, in main
    lease_id, reservation_id = create_lease_with_ai(
  File "2.0/src/provision_v2.py", line 346, in create_lease_with_ai
    raise Exception(f"Lease creation failed: {str(e)}")
Exception: Lease creation failed: Lease entered ERROR state

============================================================
Automated Hardware Provisioning Tool v2.0
============================================================
✓ Configuration loaded
✓ AI client initialized
✓ OpenStack connection established

============================================================
Step 1: Repository Analysis
============================================================
✓ Repository cloned to: /tmp/RelTR

✓ Repository requirements analysis complete:
  CPU: 8 cores
  RAM: 16 GB
  GPU: Required
  GPU Memory: 8 GB
  Disk: 50 GB
  OS: ubuntu 20.04
  CUDA: Required

============================================================
Step 2: Image Selection
============================================================
✓ Found 407 available CC-* images
✓ AI Stage 1: Selected 5 candidates
  Reasoning: The requirements specify Ubuntu 20.04 with CUDA support. The selected images are all based on Ubuntu 20.04 and include CUDA, which is necessary for GPU support. These images meet all the specified criteria.
⚠ No candidates found, using fallback selection
✓ Fallback image: CC-Ubuntu22.04-CUDA

============================================================
Step 3: SSH Key Management
============================================================
✓ Keypair exists: my-key

============================================================
Step 4: Network Configuration
============================================================
✓ Found network: sharednet1 (ID: 1a03cf65-8fd6-4fce-94fd-bbaabe68a8e1)

============================================================
Discovering Available Resources
============================================================

Discovering resources at tacc site...
✓ Found 310 hosts
✓ Discovered 18 node types (ranked by availability & fit):
    compute_cascadelake_r: 56 reservable / 56 total | fit_score: 1.0
    compute_icelake_r650: 50 reservable / 52 total | fit_score: 1.0
    compute_zen3: 32 reservable / 32 total | fit_score: 1.0
    compute_skylake: 29 reservable / 32 total | fit_score: 1.0
    compute_cascadelake: 24 reservable / 24 total | fit_score: 1.0
    compute_icelake_r750: 18 reservable / 20 total | fit_score: 1.0
    compute_haswell_ib: 17 reservable / 17 total | fit_score: 1.0
    gpu_p100: 15 reservable / 15 total | fit_score: 2.0
    storage: 13 reservable / 21 total | fit_score: 0.2
    gpu_mi100: 8 reservable / 8 total | fit_score: 2.0
    compute_arm64: 8 reservable / 8 total | fit_score: 1.0
    compute_liqid: 8 reservable / 8 total | fit_score: 1.0
    compute_gigaio: 6 reservable / 6 total | fit_score: 1.0
    gpu_p100_nvlink: 4 reservable / 4 total | fit_score: 2.0
    gpu_k80: 2 reservable / 2 total | fit_score: 2.0
    gpu_m40: 2 reservable / 2 total | fit_score: 2.0
    storage_hierarchy: 2 reservable / 2 total | fit_score: 0.2
    gpu_p100_v100: 1 reservable / 1 total | fit_score: 2.0
✓ Found 18 node types available

✓ AI resource selection complete
  Node type: gpu_k80
  Reasoning: The user requires a GPU with at least 8 GB of memory. Among the available GPU nodes, the 'gpu_k80' node type is the most suitable option as it is a GPU node and meets the requirement of having a GPU. The other available GPU models (M40, P100) are not listed as node types, so 'gpu_k80' is selected as it is the only GPU node type available.
✓ AI selected node type: gpu_k80
  Reasoning: The user requires a GPU with at least 8 GB of memory. Among the available GPU nodes, the 'gpu_k80' node type is the most suitable option as it is a GPU node and meets the requirement of having a GPU. The other available GPU models (M40, P100) are not listed as node types, so 'gpu_k80' is selected as it is the only GPU node type available.

✓ Target node type: gpu_k80

============================================================
Step 5: Create Hardware Reservation
============================================================
✓ AI determined duration: 72 hours
  Reasoning: The requirements suggest a setup for machine learning or deep learning tasks, which often involve training models that can take several days. The inclusion of a GPU with CUDA support and specific versions of PyTorch and torchvision indicates a need for deep learning capabilities. Given the complexity and potential duration of such tasks, a lease duration of 72 hours is reasonable to allow sufficient time for experimentation, model training, and adjustments without interruption.

Creating lease:
  Name: auto-gpu_k80-202602182350
  Node Type: gpu_k80
  Start: 2026-02-18 23:52
  End: 2026-02-21 23:52

✓ Lease created: 294be477-c50a-48bc-ac63-8d1c26233ec4

Waiting for lease to activate...
  Status: PENDING, waiting...
  Status: PENDING, waiting...
  Status: PENDING, waiting...
  Status: PENDING, waiting...
  Status: PENDING, waiting...
  Status: PENDING, waiting...
  Status: PENDING, waiting...
  Status: PENDING, waiting...


✗ ERROR: Lease creation failed: Lease entered ERROR state
End:     2026-02-18T23:52:13Z (exit=1, duration=126s)
