Command: python 2.0/src/provision_v2.py --repo "https://github.com/catchorg/Catch2" --site tacc
Start:   2026-02-05T21:06:50Z

============================================================
Automated Hardware Provisioning Tool v2.0
============================================================
✓ Configuration loaded
✓ AI client initialized
✓ OpenStack connection established

============================================================
Step 1: Repository Analysis
============================================================
✓ Repository cloned to: /tmp/Catch2

✓ Repository requirements analysis complete:
  CPU: 1 cores
  RAM: 1 GB
  GPU: Not required
  Disk: 1 GB
  OS: ubuntu 20.04
  CUDA: Not required

============================================================
Step 2: Image Selection
============================================================
✓ Found 407 available CC-* images
✓ AI Stage 1: Selected 5 candidates
  Reasoning: The requirements specify Ubuntu 20.04 without CUDA or GPU support. The selected images are all Ubuntu 20.04 base images without any CUDA or GPU extensions. These images are the most suitable candidates as they match the exact OS version and do not include unnecessary CUDA support, which is not required.
⚠ No candidates found, using fallback selection
✓ Fallback image: CC-Ubuntu22.04-CUDA

============================================================
Step 3: SSH Key Management
============================================================
✓ Keypair exists: my-key

============================================================
Step 4: Network Configuration
============================================================
✓ Found network: sharednet1 (ID: 1a03cf65-8fd6-4fce-94fd-bbaabe68a8e1)

============================================================
Discovering Available Resources
============================================================

Discovering resources at tacc site...
✓ Found 310 hosts
✓ Discovered 18 node types: compute_arm64, compute_cascadelake, compute_cascadelake_r, compute_gigaio, compute_haswell_ib, compute_icelake_r650, compute_icelake_r750, compute_liqid, compute_skylake, compute_zen3, gpu_k80, gpu_m40, gpu_mi100, gpu_p100, gpu_p100_nvlink, gpu_p100_v100, storage, storage_hierarchy
✓ Found 18 node types available

✓ AI resource selection complete
  Node type: compute_cascadelake
  Reasoning: The user's requirements specify a need for a general compute node with minimal CPU and RAM requirements, and no GPU is required. Among the available compute nodes, 'compute_cascadelake' is a suitable choice as it is a general-purpose compute node that can efficiently handle the user's low resource needs.
✓ AI selected node type: compute_cascadelake
  Reasoning: The user's requirements specify a need for a general compute node with minimal CPU and RAM requirements, and no GPU is required. Among the available compute nodes, 'compute_cascadelake' is a suitable choice as it is a general-purpose compute node that can efficiently handle the user's low resource needs.

✓ Target node type: compute_cascadelake

============================================================
Step 5: Create Hardware Reservation (with Fallbacks)
============================================================
✓ AI determined duration: 24 hours
  Reasoning: The workload is small, requiring minimal CPU, RAM, and disk resources, and does not need a GPU or CUDA. The only special requirement is a C++ compiler, which is standard and does not add complexity. Therefore, a 24-hour lease should be sufficient.

============================================================
Attempting Hardware Reservation (with fallbacks)
============================================================
Fallback chain (13 options):
  1. Primary: compute_cascadelake for 24h
  2. Fallback: compute_cascadelake for 12h (reduced duration)
  3. Alt 1: compute_icelake_r750 (24h)
  4. Alt 2: compute_icelake_r750 (12h, reduced)
  5. Alt 3: compute_icelake_r650 (24h)
  6. Alt 4: compute_icelake_r650 (12h, reduced)
  7. Alt 5: compute_cascadelake_r (24h)
  8. Alt 6: compute_cascadelake_r (12h, reduced)
  9. Alt 7: compute_skylake (24h)
  10. Alt 8: compute_skylake (12h, reduced)
  11. Alt 9: compute_haswell_ib (24h)
  12. Alt 10: compute_haswell_ib (12h, reduced)
  13. Fallback: KVM-based VM (when bare metal unavailable)

[Attempt 1/13] Primary: compute_cascadelake for 24h
    Waiting for lease activation (timeout: 300s)...
    ✓ Lease created and ACTIVE (ID: 1589b1af-377e-4646-9476-399eb851ccc5)

============================================================
Reservation Fallback Report
============================================================
Status: ✓ SUCCESS
Message: ✓ Lease created and ACTIVE (ID: 1589b1af-377e-4646-9476-399eb851ccc5)

Successful option:
  Primary: compute_cascadelake for 24h
  Node type: compute_cascadelake
  Duration: 24h

Fallback chain had 13 options

✓ Reservation successful: compute_cascadelake

============================================================
Step 6: Launch Bare Metal Server
============================================================

============================================================
Step 6: Launch Bare Metal Server
============================================================

Launching server:
  Name: auto-server-202602052109
  Image ID: c82b931e-4cf8-4366-9878-1ae941f24348
  Key: my-key
  Network ID: 1a03cf65-8fd6-4fce-94fd-bbaabe68a8e1
  Reservation ID: d6e837b0-9887-4a89-af00-2d6304a31aa6

✓ Server creation initiated: 32998235-965e-46bd-abfc-47d91495f15a

Waiting for server to become ACTIVE...
(This may take 10-30 minutes for bare metal)
  Status: BUILD
  Status: ACTIVE

✓ Server is ACTIVE

============================================================
Step 7: Assign Floating IP
============================================================
Creating new floating IP...
✓ Using floating IP: 129.114.108.54
✓ Floating IP attached

============================================================
✓ Provisioning Complete!
============================================================
Server Name: auto-server-202602052109
Server ID: 32998235-965e-46bd-abfc-47d91495f15a
Lease ID: 1589b1af-377e-4646-9476-399eb851ccc5
Reservation ID: d6e837b0-9887-4a89-af00-2d6304a31aa6
Image: CC-Ubuntu22.04-CUDA
Node Type (requested): compute_cascadelake
Node Type (actual): compute_cascadelake
Floating IP: 129.114.108.54

SSH Connection:
  ssh ubuntu@129.114.108.54

✓ Info saved to: auto-server-202602052109_info.json
End:     2026-02-05T21:16:48Z (exit=0, duration=598s)
