Command: python 2.0/src/provision_v2.py --repo "https://github.com/BurntSushi/ripgrep" --site tacc
Start:   2026-02-06T01:37:23Z

============================================================
Automated Hardware Provisioning Tool v2.0
============================================================
✓ Configuration loaded
✓ AI client initialized
✓ OpenStack connection established

============================================================
Step 1: Repository Analysis
============================================================
✓ Repository cloned to: /tmp/ripgrep

✓ Repository requirements analysis complete:
  CPU: 2 cores
  RAM: 4 GB
  GPU: Not required
  Disk: 1 GB
  OS: ubuntu 20.04
  CUDA: Not required

============================================================
Step 2: Image Selection
============================================================
✓ Found 407 available CC-* images
✓ AI Stage 1: Selected 5 candidates
  Reasoning: The requirements specify an Ubuntu 20.04 image without CUDA or GPU support. The selected images are all Ubuntu 20.04 without any mention of CUDA, ensuring they meet the requirement of not needing CUDA support. These images are suitable for general use without GPU dependencies.
⚠ No candidates found, using fallback selection
✓ Fallback image: CC-Ubuntu22.04-CUDA

============================================================
Step 3: SSH Key Management
============================================================
✓ Keypair exists: my-key

============================================================
Step 4: Network Configuration
============================================================
✓ Found network: sharednet1 (ID: 1a03cf65-8fd6-4fce-94fd-bbaabe68a8e1)

============================================================
Discovering Available Resources
============================================================

Discovering resources at tacc site...
✓ Found 310 hosts
✓ Discovered 18 node types: compute_arm64, compute_cascadelake, compute_cascadelake_r, compute_gigaio, compute_haswell_ib, compute_icelake_r650, compute_icelake_r750, compute_liqid, compute_skylake, compute_zen3, gpu_k80, gpu_m40, gpu_mi100, gpu_p100, gpu_p100_nvlink, gpu_p100_v100, storage, storage_hierarchy
✓ Found 18 node types available

✓ AI resource selection complete
  Node type: compute_skylake
  Reasoning: The user does not require a GPU and has minimal CPU and RAM requirements. Among the available compute node types, 'compute_skylake' is a general-purpose compute node that should efficiently handle the user's needs for 2 CPU cores, 4 GB RAM, and 1 GB disk space.
✓ AI selected node type: compute_skylake
  Reasoning: The user does not require a GPU and has minimal CPU and RAM requirements. Among the available compute node types, 'compute_skylake' is a general-purpose compute node that should efficiently handle the user's needs for 2 CPU cores, 4 GB RAM, and 1 GB disk space.

✓ Target node type: compute_skylake

============================================================
Step 5: Create Hardware Reservation (with Fallbacks)
============================================================
✓ AI determined duration: 24 hours
  Reasoning: The workload is small, with minimal CPU and RAM requirements, no GPU, and a small disk size. This suggests a simple setup that can be completed within 24 hours.

============================================================
Attempting Hardware Reservation (with fallbacks)
============================================================
Fallback chain (13 options):
  1. Primary: compute_skylake for 24h
  2. Fallback: compute_skylake for 12h (reduced duration)
  3. Alt 1: compute_cascadelake (24h)
  4. Alt 2: compute_cascadelake (12h, reduced)
  5. Alt 3: compute_haswell_ib (24h)
  6. Alt 4: compute_haswell_ib (12h, reduced)
  7. Alt 5: compute_icelake_r750 (24h)
  8. Alt 6: compute_icelake_r750 (12h, reduced)
  9. Alt 7: compute_icelake_r650 (24h)
  10. Alt 8: compute_icelake_r650 (12h, reduced)
  11. Alt 9: compute_cascadelake_r (24h)
  12. Alt 10: compute_cascadelake_r (12h, reduced)
  13. Fallback: KVM-based VM (when bare metal unavailable)

[Attempt 1/13] Primary: compute_skylake for 24h
    Waiting for lease activation (timeout: 300s)...
    ✓ Lease created and ACTIVE (ID: ed96dd91-4af5-4ce6-88d0-9eef1da4421d)

============================================================
Reservation Fallback Report
============================================================
Status: ✓ SUCCESS
Message: ✓ Lease created and ACTIVE (ID: ed96dd91-4af5-4ce6-88d0-9eef1da4421d)

Successful option:
  Primary: compute_skylake for 24h
  Node type: compute_skylake
  Duration: 24h

Fallback chain had 13 options

✓ Reservation successful: compute_skylake

============================================================
Step 6: Launch Bare Metal Server
============================================================

============================================================
Step 6: Launch Bare Metal Server
============================================================

Launching server:
  Name: auto-server-202602060139
  Image ID: c82b931e-4cf8-4366-9878-1ae941f24348
  Key: my-key
  Network ID: 1a03cf65-8fd6-4fce-94fd-bbaabe68a8e1
  Reservation ID: 4ee1d52e-c55b-45ff-b88a-7d57e5bfbc4d

✓ Server creation initiated: e2208bee-8dfa-4f30-85a0-72d4e7801ac3

Waiting for server to become ACTIVE...
(This may take 10-30 minutes for bare metal)
  Status: BUILD
  Status: ACTIVE

✓ Server is ACTIVE

============================================================
Step 7: Assign Floating IP
============================================================
Creating new floating IP...
✓ Using floating IP: 129.114.109.32
✓ Floating IP attached

============================================================
✓ Provisioning Complete!
============================================================
Server Name: auto-server-202602060139
Server ID: e2208bee-8dfa-4f30-85a0-72d4e7801ac3
Lease ID: ed96dd91-4af5-4ce6-88d0-9eef1da4421d
Reservation ID: 4ee1d52e-c55b-45ff-b88a-7d57e5bfbc4d
Image: CC-Ubuntu22.04-CUDA
Node Type (requested): compute_skylake
Node Type (actual): compute_skylake
Floating IP: 129.114.109.32

SSH Connection:
  ssh ubuntu@129.114.109.32

✓ Info saved to: auto-server-202602060139_info.json
End:     2026-02-06T01:47:21Z (exit=0, duration=598s)
