Command: python 2.0/src/provision_v2.py --repo "https://github.com/zeromicro/go-zero" --site tacc
Start:   2026-02-05T23:16:54Z

============================================================
Automated Hardware Provisioning Tool v2.0
============================================================
✓ Configuration loaded
✓ AI client initialized
✓ OpenStack connection established

============================================================
Step 1: Repository Analysis
============================================================
✓ Repository cloned to: /tmp/go-zero

✓ Repository requirements analysis complete:
  CPU: None cores
  RAM: None GB
  GPU: Not required
  Disk: None GB
  OS: None None
  CUDA: Not required

============================================================
Step 2: Image Selection
============================================================
✓ Found 407 available CC-* images
✓ AI Stage 1: Selected 5 candidates
  Reasoning: The requirements specify no particular OS type or version, and CUDA is not required. Therefore, we selected images that are more recent and do not include CUDA in their naming, as CUDA support is unnecessary. The selected images include the latest Ubuntu and CentOS versions without CUDA: CC-Ubuntu24.04, CC-Ubuntu22.04, CC-Ubuntu20.04, CC-CentOS9-Stream, and CC-CentOS8-Stream. These images provide a variety of options across different OS versions and types, ensuring compatibility and flexibility for various use cases.
⚠ No candidates found, using fallback selection
✓ Fallback image: CC-Ubuntu22.04-CUDA

============================================================
Step 3: SSH Key Management
============================================================
✓ Keypair exists: my-key

============================================================
Step 4: Network Configuration
============================================================
✓ Found network: sharednet1 (ID: 1a03cf65-8fd6-4fce-94fd-bbaabe68a8e1)

============================================================
Discovering Available Resources
============================================================

Discovering resources at tacc site...
✓ Found 310 hosts
✓ Discovered 18 node types: compute_arm64, compute_cascadelake, compute_cascadelake_r, compute_gigaio, compute_haswell_ib, compute_icelake_r650, compute_icelake_r750, compute_liqid, compute_skylake, compute_zen3, gpu_k80, gpu_m40, gpu_mi100, gpu_p100, gpu_p100_nvlink, gpu_p100_v100, storage, storage_hierarchy
✓ Found 18 node types available

✓ AI resource selection complete
  Node type: compute_cascadelake
  Reasoning: The user does not require a GPU, CPU cores, RAM, or specific disk capacity, so a general compute node is appropriate. Among the available compute nodes, 'compute_cascadelake' is a suitable choice as it is a general-purpose compute node that can handle a variety of tasks without specific hardware requirements.
✓ AI selected node type: compute_cascadelake
  Reasoning: The user does not require a GPU, CPU cores, RAM, or specific disk capacity, so a general compute node is appropriate. Among the available compute nodes, 'compute_cascadelake' is a suitable choice as it is a general-purpose compute node that can handle a variety of tasks without specific hardware requirements.

✓ Target node type: compute_cascadelake

============================================================
Step 5: Create Hardware Reservation (with Fallbacks)
============================================================
✓ AI determined duration: 48 hours
  Reasoning: The requirements are not specified, making it difficult to assess the workload's complexity. Defaulting to 48 hours as a balanced duration for uncertain cases.

============================================================
Attempting Hardware Reservation (with fallbacks)
============================================================
Fallback chain (13 options):
  1. Primary: compute_cascadelake for 48h
  2. Fallback: compute_cascadelake for 24h (reduced duration)
  3. Alt 1: compute_icelake_r750 (48h)
  4. Alt 2: compute_icelake_r750 (24h, reduced)
  5. Alt 3: compute_icelake_r650 (48h)
  6. Alt 4: compute_icelake_r650 (24h, reduced)
  7. Alt 5: compute_cascadelake_r (48h)
  8. Alt 6: compute_cascadelake_r (24h, reduced)
  9. Alt 7: compute_skylake (48h)
  10. Alt 8: compute_skylake (24h, reduced)
  11. Alt 9: compute_haswell_ib (48h)
  12. Alt 10: compute_haswell_ib (24h, reduced)
  13. Fallback: KVM-based VM (when bare metal unavailable)

[Attempt 1/13] Primary: compute_cascadelake for 48h
    Waiting for lease activation (timeout: 300s)...
    ✓ Lease created and ACTIVE (ID: 6e7ae965-d5ff-4317-86af-dab19b7811bd)

============================================================
Reservation Fallback Report
============================================================
Status: ✓ SUCCESS
Message: ✓ Lease created and ACTIVE (ID: 6e7ae965-d5ff-4317-86af-dab19b7811bd)

Successful option:
  Primary: compute_cascadelake for 48h
  Node type: compute_cascadelake
  Duration: 48h

Fallback chain had 13 options

✓ Reservation successful: compute_cascadelake

============================================================
Step 6: Launch Bare Metal Server
============================================================

============================================================
Step 6: Launch Bare Metal Server
============================================================

Launching server:
  Name: auto-server-202602052319
  Image ID: c82b931e-4cf8-4366-9878-1ae941f24348
  Key: my-key
  Network ID: 1a03cf65-8fd6-4fce-94fd-bbaabe68a8e1
  Reservation ID: 6921a265-2a02-48d7-a798-33bf73b211cd

✓ Server creation initiated: c1757ea9-3df8-4b06-baac-1fc43aab9ae2

Waiting for server to become ACTIVE...
(This may take 10-30 minutes for bare metal)
  Status: BUILD
  Status: ACTIVE

✓ Server is ACTIVE

============================================================
Step 7: Assign Floating IP
============================================================
Creating new floating IP...
✓ Using floating IP: 129.114.108.20
✓ Floating IP attached

============================================================
✓ Provisioning Complete!
============================================================
Server Name: auto-server-202602052319
Server ID: c1757ea9-3df8-4b06-baac-1fc43aab9ae2
Lease ID: 6e7ae965-d5ff-4317-86af-dab19b7811bd
Reservation ID: 6921a265-2a02-48d7-a798-33bf73b211cd
Image: CC-Ubuntu22.04-CUDA
Node Type (requested): compute_cascadelake
Node Type (actual): compute_cascadelake
Floating IP: 129.114.108.20

SSH Connection:
  ssh ubuntu@129.114.108.20

✓ Info saved to: auto-server-202602052319_info.json
End:     2026-02-05T23:27:51Z (exit=0, duration=657s)
