Command: python 2.0/src/provision_v2.py --repo "https://github.com/RutgersCSSystems/crossprefetch-asplos24-artifacts" --site tacc
Start:   2026-02-26T03:13:49Z
Traceback (most recent call last):
  File "2.0/src/provision_v2.py", line 722, in main
    lease_id, reservation_id, node_type = attempt_lease_with_fallbacks(
  File "2.0/src/provision_v2.py", line 342, in attempt_lease_with_fallbacks
    raise Exception(f"All Blazar fallback attempts failed. Last error: {last_error}")
Exception: All Blazar fallback attempts failed. Last error: Lease creation failed: ERROR: Not enough resources available with query {'resource_type': 'physical:host', 'min': 1, 'max': 1, 'hypervisor_properties': '', 'resource_properties': '["=", "$node_type", "gpu"]', 'start_date': datetime.datetime(2026, 2, 26, 3, 16), 'end_date': datetime.datetime(2026, 2, 28, 3, 16), 'project_id': '350e72270e474aba8a9199644e0b1182', 'count_range': '1-1', 'before_end': 'default', 'on_start': 'default'}

During handling of the above exception, another exception occurred:

Traceback (most recent call last):
  File "/home/cc/EnvAgent-plus/2.0/src/kvm_launcher.py", line 161, in launch_kvm_instance
    raise Exception(f"KVM instance entered ERROR state: {fault_msg}")
Exception: KVM instance entered ERROR state: No valid host was found. There are not enough hosts available. To troubleshoot, please see bit.ly/faq-instance-failure

During handling of the above exception, another exception occurred:

Traceback (most recent call last):
  File "2.0/src/provision_v2.py", line 758, in main
    server_id, server_info = launch_kvm_instance(
  File "/home/cc/EnvAgent-plus/2.0/src/kvm_launcher.py", line 168, in launch_kvm_instance
    raise Exception(f"KVM instance launch failed: {str(e)}")
Exception: KVM instance launch failed: KVM instance entered ERROR state: No valid host was found. There are not enough hosts available. To troubleshoot, please see bit.ly/faq-instance-failure

During handling of the above exception, another exception occurred:

Traceback (most recent call last):
  File "2.0/src/provision_v2.py", line 772, in main
    raise Exception(f"Complete provisioning failure across all tiers")
Exception: Complete provisioning failure across all tiers

============================================================
Automated Hardware Provisioning Tool v2.0
============================================================
✓ Configuration loaded
✓ AI client initialized
✓ OpenStack connection established

============================================================
Step 1: Repository Analysis
============================================================
✓ Repository cloned to: /tmp/crossprefetch-asplos24-artifacts

✓ Repository requirements analysis complete:
  CPU: 128 cores
  RAM: 64 GB
  GPU: Not required
  Disk: 350 GB
  OS: ubuntu None
  CUDA: Not required

============================================================
Step 2: Image Selection
============================================================
✓ Found 205 available CC-* images
✓ AI Stage 1: Selected 5 candidates
  Reasoning: The requirements specify an Ubuntu OS with no specific version requirement and no need for CUDA or GPU support. Therefore, any Ubuntu image without CUDA is suitable. The selected candidates are the latest available versions of Ubuntu 24.04, 22.04, and 20.04 without CUDA, ensuring they meet the requirement of not needing CUDA support.
⚠ No candidates found, using fallback selection
✓ Fallback image: CC-Ubuntu22.04-CUDA

============================================================
Step 3: SSH Key Management
============================================================
✓ Keypair exists: my-key

============================================================
Step 4: Network Configuration
============================================================
✓ Found network: sharednet1 (ID: 50073c73-5817-49c3-8e3a-69b8c357e158)

============================================================
Discovering Available Resources
============================================================

Discovering resources at tacc site...
✓ Found 85 hosts
✓ Discovered 2 node types (ranked by availability & fit):
    compute: 79 reservable / 79 total | fit_score: 1.0
    gpu: 1 reservable / 1 total | fit_score: 0.3
✓ Found 2 node types available

✓ AI resource selection complete
  Node type: compute
  Reasoning: The user does not require a GPU, and the compute node type has the highest reservable count at 79, which maximizes the success rate for lease creation.
✓ AI selected node type: compute
  Reasoning: The user does not require a GPU, and the compute node type has the highest reservable count at 79, which maximizes the success rate for lease creation.

============================================================
Step 5: Create Hardware Reservation (with fallbacks)
============================================================

→ Trying 2 node types (compute → KVM → others)

[1/2] Attempting: compute (79 reservable / 79 total)
✓ AI determined duration: 72 hours
  Reasoning: The request involves specific hardware and software requirements, including NVMe SSDs, a specific CloudLab node, and a modified Linux kernel installation. These requirements suggest a complex setup and testing process, which typically takes more time. A 72-hour lease provides sufficient time for setup, testing, and any necessary adjustments or troubleshooting.

Creating lease:
  Name: auto-202602260314-compute
  Node Type: compute
  Start: 2026-02-26 03:16
  End: 2026-03-01 03:16
  ✗ No capacity available for compute
  → Trying next option...

[2/2] Attempting: gpu (1 reservable / 1 total)
✓ AI determined duration: 48 hours
  Reasoning: The requirements specify a high-performance setup with 128 CPU cores and 64 GB of RAM, along with a significant disk space of 350 GB on NVMe SSDs. The need for a specific CloudLab node (Clemson node r6525) and a modified Linux kernel installation suggests a complex setup that may require additional time for configuration and testing. Given these factors, a lease duration of 48 hours is recommended to ensure sufficient time for setup, execution, and any necessary adjustments.

Creating lease:
  Name: auto-202602260314-gpu
  Node Type: gpu
  Start: 2026-02-26 03:16
  End: 2026-02-28 03:16
  ✗ No capacity available for gpu

✗ All 2 Blazar fallback options exhausted

→ Attempting Tier 4: KVM VM (Direct Nova)

============================================================
TIER 4 FALLBACK: KVM Virtual Machines
============================================================
Blazar bare-metal exhausted: All Blazar fallback attempts failed. Last error: Lease creation failed: ERROR: Not enough resources available with query {'resource_type': 'physical:host', 'min': 1, 'max': 1, 'hypervisor_properties':

→ Switching to direct Nova VM launch (no reservation needed)

  Launching KVM VM:
    Name: auto-server-202602260314
    Image ID: 546bfd02-1a3f-4c00-bc74-c80cc5d6ad43
    Key: my-key
    Network ID: 50073c73-5817-49c3-8e3a-69b8c357e158

  Selecting KVM flavor (CPU: 128, RAM: 64GB)...
  ⚠ No flavor found matching requirements, using smallest KVM flavor with sufficient disk
  ✓ Selected flavor: m1.medium
    CPU: 2, RAM: 4096MB

  ✓ KVM instance creation initiated: d306d3b1-de0b-4a3e-a8b8-93ab5692d734

  Waiting for KVM instance to become ACTIVE...
  (This typically takes 1-5 minutes for VMs)
    Status: BUILD
    Status: ERROR

  ✗ Nova Fault Code: 500
  ✗ Nova Fault Message: No valid host was found. There are not enough hosts available. To troubleshoot, please see bit.ly/faq-instance-failure

✗ KVM VM fallback also failed: KVM instance launch failed: KVM instance entered ERROR state: No valid host was found. There are not enough hosts available. To troubleshoot, please see bit.ly/faq-instance-failure

✗ All provisioning tiers exhausted:
   Tier 1-3 (Blazar bare-metal): All Blazar fallback attempts failed. Last error: Lease creation failed: ERROR: Not enough resources available with query {'resource_type': 'physical:h
   Tier 4 (KVM VMs): KVM instance launch failed: KVM instance entered ERROR state: No valid host was found. There are not enough hosts available. To troubleshoot, please s


✗ ERROR: Complete provisioning failure across all tiers
End:     2026-02-26T03:14:44Z (exit=1, duration=55s)
