Command: python 2.0/src/provision_v2.py --repo "https://github.com/grpc/grpc-go" --site tacc
Start:   2026-02-05T23:06:51Z

============================================================
Automated Hardware Provisioning Tool v2.0
============================================================
✓ Configuration loaded
✓ AI client initialized
✓ OpenStack connection established

============================================================
Step 1: Repository Analysis
============================================================
✓ Repository cloned to: /tmp/grpc-go

✓ Repository requirements analysis complete:
  CPU: None cores
  RAM: None GB
  GPU: Not required
  Disk: None GB
  OS: None None
  CUDA: Not required

============================================================
Step 2: Image Selection
============================================================
✓ Found 407 available CC-* images
✓ AI Stage 1: Selected 5 candidates
  Reasoning: The requirements specify no particular OS type or version, and CUDA is not required. Therefore, the selection is based on providing a variety of recent and stable base images from popular distributions. The selected images include the latest versions of Ubuntu (24.04 and 22.04) and CentOS (9-Stream and 8-Stream) to cover different user preferences and potential compatibility needs. These images do not include CUDA, aligning with the requirement that CUDA is not needed.

✓ Final Selection: CC-Ubuntu24.04
  Image ID: 1b993456-987a-421b-afbf-29aa618565da

============================================================
Step 3: SSH Key Management
============================================================
✓ Keypair exists: my-key

============================================================
Step 4: Network Configuration
============================================================
✓ Found network: sharednet1 (ID: 1a03cf65-8fd6-4fce-94fd-bbaabe68a8e1)

============================================================
Discovering Available Resources
============================================================

Discovering resources at tacc site...
✓ Found 310 hosts
✓ Discovered 18 node types: compute_arm64, compute_cascadelake, compute_cascadelake_r, compute_gigaio, compute_haswell_ib, compute_icelake_r650, compute_icelake_r750, compute_liqid, compute_skylake, compute_zen3, gpu_k80, gpu_m40, gpu_mi100, gpu_p100, gpu_p100_nvlink, gpu_p100_v100, storage, storage_hierarchy
✓ Found 18 node types available

✓ AI resource selection complete
  Node type: compute_cascadelake
  Reasoning: The user does not require any specific hardware features such as a GPU or specific CPU cores, RAM, or disk space. Therefore, a general compute node is suitable. Among the available compute nodes, 'compute_cascadelake' is chosen as it is a versatile and commonly used node type for general computing tasks.
✓ AI selected node type: compute_cascadelake
  Reasoning: The user does not require any specific hardware features such as a GPU or specific CPU cores, RAM, or disk space. Therefore, a general compute node is suitable. Among the available compute nodes, 'compute_cascadelake' is chosen as it is a versatile and commonly used node type for general computing tasks.

✓ Target node type: compute_cascadelake

============================================================
Step 5: Create Hardware Reservation (with Fallbacks)
============================================================
✓ AI determined duration: 24 hours
  Reasoning: The requirements specify the use of the Go programming language with no specific hardware or complex software dependencies. This suggests a small workload, which typically requires 24-48 hours. Given the simplicity of the requirement, 24 hours should be sufficient.

============================================================
Attempting Hardware Reservation (with fallbacks)
============================================================
Fallback chain (13 options):
  1. Primary: compute_cascadelake for 24h
  2. Fallback: compute_cascadelake for 12h (reduced duration)
  3. Alt 1: compute_icelake_r750 (24h)
  4. Alt 2: compute_icelake_r750 (12h, reduced)
  5. Alt 3: compute_icelake_r650 (24h)
  6. Alt 4: compute_icelake_r650 (12h, reduced)
  7. Alt 5: compute_cascadelake_r (24h)
  8. Alt 6: compute_cascadelake_r (12h, reduced)
  9. Alt 7: compute_skylake (24h)
  10. Alt 8: compute_skylake (12h, reduced)
  11. Alt 9: compute_haswell_ib (24h)
  12. Alt 10: compute_haswell_ib (12h, reduced)
  13. Fallback: KVM-based VM (when bare metal unavailable)

[Attempt 1/13] Primary: compute_cascadelake for 24h
    Waiting for lease activation (timeout: 300s)...
    ✓ Lease created and ACTIVE (ID: f944154a-f894-49ce-868f-5dd643a7cc9e)

============================================================
Reservation Fallback Report
============================================================
Status: ✓ SUCCESS
Message: ✓ Lease created and ACTIVE (ID: f944154a-f894-49ce-868f-5dd643a7cc9e)

Successful option:
  Primary: compute_cascadelake for 24h
  Node type: compute_cascadelake
  Duration: 24h

Fallback chain had 13 options

✓ Reservation successful: compute_cascadelake

============================================================
Step 6: Launch Bare Metal Server
============================================================

============================================================
Step 6: Launch Bare Metal Server
============================================================

Launching server:
  Name: auto-server-202602052309
  Image ID: 1b993456-987a-421b-afbf-29aa618565da
  Key: my-key
  Network ID: 1a03cf65-8fd6-4fce-94fd-bbaabe68a8e1
  Reservation ID: 28f9eddd-85ff-478b-8fd6-aaf8b529a4de

✓ Server creation initiated: 13abe11e-40b9-4a32-a5a8-69b2d34b752e

Waiting for server to become ACTIVE...
(This may take 10-30 minutes for bare metal)
  Status: BUILD
  Status: ACTIVE

✓ Server is ACTIVE

============================================================
Step 7: Assign Floating IP
============================================================
Creating new floating IP...
✓ Using floating IP: 129.114.108.60
✓ Floating IP attached

============================================================
✓ Provisioning Complete!
============================================================
Server Name: auto-server-202602052309
Server ID: 13abe11e-40b9-4a32-a5a8-69b2d34b752e
Lease ID: f944154a-f894-49ce-868f-5dd643a7cc9e
Reservation ID: 28f9eddd-85ff-478b-8fd6-aaf8b529a4de
Image: CC-Ubuntu24.04
Node Type (requested): compute_cascadelake
Node Type (actual): compute_cascadelake
Floating IP: 129.114.108.60

SSH Connection:
  ssh ubuntu@129.114.108.60

✓ Info saved to: auto-server-202602052309_info.json
End:     2026-02-05T23:16:49Z (exit=0, duration=598s)
