Command: python 2.0/src/provision_v2.py --repo "https://github.com/uiuc-arc/probfuzz" --site tacc
Start:   2026-02-05T00:41:28Z
Traceback (most recent call last):
  File "/home/cc/EnvAgent-plus/2.0/src/kvm_launcher.py", line 128, in launch_kvm_instance
Exception: KVM instance entered ERROR state

During handling of the above exception, another exception occurred:

Traceback (most recent call last):
  File "2.0/src/provision_v2.py", line 600, in main
    server_id, server_info = launch_kvm_instance(
  File "/home/cc/EnvAgent-plus/2.0/src/kvm_launcher.py", line 135, in launch_kvm_instance
    time.sleep(10)
Exception: KVM instance launch failed: KVM instance entered ERROR state

============================================================
Automated Hardware Provisioning Tool v2.0
============================================================
✓ Configuration loaded
✓ AI client initialized
✓ OpenStack connection established

============================================================
Step 1: Repository Analysis
============================================================
✓ Repository cloned to: /tmp/probfuzz

✓ Repository requirements analysis complete:
  CPU: 2 cores
  RAM: 4 GB
  GPU: Not required
  Disk: 10 GB
  OS: ubuntu None
  CUDA: Not required

============================================================
Step 2: Image Selection
============================================================
✓ Found 205 available CC-* images
✓ AI Stage 1: Selected 3 candidates
  Reasoning: The requirements specify an Ubuntu OS with no specific version required and no need for CUDA or GPU support. Therefore, the best candidates are the most recent Ubuntu base images without CUDA. The selected images are CC-Ubuntu24.04, CC-Ubuntu22.04, and CC-Ubuntu20.04, which are the latest versions of Ubuntu available without CUDA support.

✓ Final Selection: CC-Ubuntu24.04
  Image ID: f0c599f7-6dff-4f81-acec-851bcb5995cd

============================================================
Step 3: SSH Key Management
============================================================
✓ Keypair exists: my-key

============================================================
Step 4: Network Configuration
============================================================
✓ Found network: sharednet1 (ID: 50073c73-5817-49c3-8e3a-69b8c357e158)

============================================================
Discovering Available Resources
============================================================

Discovering resources at tacc site...
✓ Found 85 hosts
✓ Discovered 2 node types: compute, gpu
✓ Found 2 node types available

✓ AI resource selection complete
  Node type: compute
  Reasoning: The user does not require a GPU, and the hardware requirements are minimal (2 CPU cores, 4 GB RAM, 10 GB Disk). Therefore, a general compute node is suitable. The available resources indicate that there are compute nodes available, and since no specific GPU or GPU memory is needed, a compute node is the most appropriate choice.
✓ AI selected node type: compute
  Reasoning: The user does not require a GPU, and the hardware requirements are minimal (2 CPU cores, 4 GB RAM, 10 GB Disk). Therefore, a general compute node is suitable. The available resources indicate that there are compute nodes available, and since no specific GPU or GPU memory is needed, a compute node is the most appropriate choice.

✓ Target node type: compute

============================================================
Step 5: Create Hardware Reservation (with Fallbacks)
============================================================
✓ AI determined duration: 48 hours
  Reasoning: The workload requires a basic setup with 2 CPU cores, 4 GB RAM, and no GPU, which typically suggests a small workload. However, the inclusion of specialized probabilistic programming libraries like Stan, Edward, and Pyro indicates a more complex setup that might require additional time for installation, configuration, and testing. Therefore, a lease duration of 48 hours is recommended to ensure sufficient time for these tasks.

============================================================
Attempting Hardware Reservation (with fallbacks)
============================================================
Fallback chain (3 options):
  1. Primary: compute for 48h
  2. Fallback: compute for 24h (reduced duration)
  3. Fallback: KVM-based VM (when bare metal unavailable)

[Attempt 1/3] Primary: compute for 48h
    ✗ Failed: ERROR: The physical:host resource type is not supported
    Waiting 5s before next attempt...

[Attempt 2/3] Fallback: compute for 24h (reduced duration)
    ✗ Failed: ERROR: The physical:host resource type is not supported
    Waiting 5s before next attempt...

[Attempt 3/3] Fallback: KVM-based VM (when bare metal unavailable)
    ⚠ KVM fallback (VM-based) - skipping Blazar, will use OpenStack directly

============================================================
Reservation Fallback Report
============================================================
Status: ✓ SUCCESS
Message: Using KVM fallback (no Blazar lease)

Successful option:
  Fallback: KVM-based VM (when bare metal unavailable)
  Node type: KVM (VM-based)
  Duration: 48h

Fallback chain had 3 options

⚠ Using KVM (VM-based) instead of bare metal
   This is a temporary fallback - consider retrying later for bare metal

============================================================
Step 6: Launch KVM-based VM
============================================================
⚠ KVM fallback mode: launching VM instead of bare metal
   (Reservation ID not applicable for KVM)

  Launching KVM VM:
    Name: auto-server-202602050042
    Image ID: f0c599f7-6dff-4f81-acec-851bcb5995cd
    Key: my-key
    Network ID: 50073c73-5817-49c3-8e3a-69b8c357e158

  Selecting KVM flavor (CPU: 2, RAM: 4GB)...
  ✓ Selected flavor: m1.medium
    CPU: 2, RAM: 4096MB

  ✓ KVM instance creation initiated: 17b5acb0-a876-4230-9b6e-5dcedcb473b5

  Waiting for KVM instance to become ACTIVE...
  (This typically takes 1-5 minutes for VMs)
    Status: BUILD
    Status: ERROR


✗ ERROR: KVM instance launch failed: KVM instance entered ERROR state
End:     2026-02-05T00:42:19Z (exit=1, duration=51s)
