Command: python 2.0/src/provision_v2.py --repo "https://github.com/rahulvigneswaran/Lottery-Ticket-Hypothesis-in-Pytorch" --site tacc
Start:   2026-02-18T23:52:18Z
Traceback (most recent call last):
  File "2.0/src/provision_v2.py", line 338, in create_lease_with_ai
    raise Exception("Lease entered ERROR state")
Exception: Lease entered ERROR state

During handling of the above exception, another exception occurred:

Traceback (most recent call last):
  File "2.0/src/provision_v2.py", line 600, in main
    lease_id, reservation_id = create_lease_with_ai(
  File "2.0/src/provision_v2.py", line 346, in create_lease_with_ai
    raise Exception(f"Lease creation failed: {str(e)}")
Exception: Lease creation failed: Lease entered ERROR state

============================================================
Automated Hardware Provisioning Tool v2.0
============================================================
✓ Configuration loaded
✓ AI client initialized
✓ OpenStack connection established

============================================================
Step 1: Repository Analysis
============================================================
✓ Repository cloned to: /tmp/Lottery-Ticket-Hypothesis-in-Pytorch

✓ Repository requirements analysis complete:
  CPU: 4 cores
  RAM: 8 GB
  GPU: Required
  GPU Memory: 4 GB
  Disk: 10 GB
  OS: ubuntu 18.04
  CUDA: Required

============================================================
Step 2: Image Selection
============================================================
✓ Found 407 available CC-* images
✓ AI Stage 1: Selected 3 candidates
  Reasoning: The requirements specify an Ubuntu 18.04 image with CUDA support. The available images that match these criteria are: 'CC-Ubuntu18.04-CUDA' (ID: 6c41a5ae-cf7e-4a22-a39a-36e57fcab446), 'CC-Ubuntu18.04-CUDA11-20211129' (ID: cce6cf65-398c-4d29-8e33-10cde1ec5bf8), and 'CC-Ubuntu18.04-CUDA11-20211025' (ID: 76702117-8f89-489b-8c73-f4d14adffd5e). These images meet the OS type, version, and CUDA support requirements.
⚠ No candidates found, using fallback selection
✓ Fallback image: CC-Ubuntu22.04-CUDA

============================================================
Step 3: SSH Key Management
============================================================
✓ Keypair exists: my-key

============================================================
Step 4: Network Configuration
============================================================
✓ Found network: sharednet1 (ID: 1a03cf65-8fd6-4fce-94fd-bbaabe68a8e1)

============================================================
Discovering Available Resources
============================================================

Discovering resources at tacc site...
✓ Found 310 hosts
✓ Discovered 18 node types (ranked by availability & fit):
    compute_cascadelake_r: 56 reservable / 56 total | fit_score: 1.0
    compute_icelake_r650: 50 reservable / 52 total | fit_score: 1.0
    compute_zen3: 32 reservable / 32 total | fit_score: 1.0
    compute_skylake: 29 reservable / 32 total | fit_score: 1.0
    compute_cascadelake: 24 reservable / 24 total | fit_score: 1.0
    compute_icelake_r750: 18 reservable / 20 total | fit_score: 1.0
    compute_haswell_ib: 17 reservable / 17 total | fit_score: 1.0
    gpu_p100: 15 reservable / 15 total | fit_score: 2.0
    storage: 13 reservable / 21 total | fit_score: 0.2
    gpu_mi100: 8 reservable / 8 total | fit_score: 2.0
    compute_arm64: 8 reservable / 8 total | fit_score: 1.0
    compute_liqid: 8 reservable / 8 total | fit_score: 1.0
    compute_gigaio: 6 reservable / 6 total | fit_score: 1.0
    gpu_p100_nvlink: 4 reservable / 4 total | fit_score: 2.0
    gpu_k80: 2 reservable / 2 total | fit_score: 2.0
    gpu_m40: 2 reservable / 2 total | fit_score: 2.0
    storage_hierarchy: 2 reservable / 2 total | fit_score: 0.2
    gpu_p100_v100: 1 reservable / 1 total | fit_score: 2.0
✓ Found 18 node types available

✓ AI resource selection complete
  Node type: gpu_k80
  Reasoning: The user requires a node with a GPU and at least 4 GB of GPU memory. Among the available GPU nodes, gpu_k80 is the most suitable option as it provides a GPU and meets the minimum GPU memory requirement. The other GPU nodes (M40, P100) are not listed in the available node types, so gpu_k80 is the only viable choice.
✓ AI selected node type: gpu_k80
  Reasoning: The user requires a node with a GPU and at least 4 GB of GPU memory. Among the available GPU nodes, gpu_k80 is the most suitable option as it provides a GPU and meets the minimum GPU memory requirement. The other GPU nodes (M40, P100) are not listed in the available node types, so gpu_k80 is the only viable choice.

✓ Target node type: gpu_k80

============================================================
Step 5: Create Hardware Reservation
============================================================
✓ AI determined duration: 48 hours
  Reasoning: The requirements indicate the need for a GPU with CUDA support, which suggests a workload related to machine learning or deep learning. Such tasks often involve training models, which can be time-consuming depending on the dataset and model complexity. Additionally, the use of Pytorch and torchvision further supports this assumption. Given these factors, a lease duration of 48 hours is recommended to ensure sufficient time for setup, execution, and any potential troubleshooting.

Creating lease:
  Name: auto-gpu_k80-202602182352
  Node Type: gpu_k80
  Start: 2026-02-18 23:54
  End: 2026-02-20 23:54

✓ Lease created: daaa5564-64ad-4e94-9b8d-c47181467153

Waiting for lease to activate...
  Status: PENDING, waiting...
  Status: PENDING, waiting...
  Status: PENDING, waiting...
  Status: PENDING, waiting...
  Status: PENDING, waiting...
  Status: PENDING, waiting...
  Status: PENDING, waiting...


✗ ERROR: Lease creation failed: Lease entered ERROR state
End:     2026-02-18T23:54:08Z (exit=1, duration=110s)
