Command: python 2.0/src/provision_v2.py --repo "https://github.com/PriorLabs/TabPFN" --site tacc
Start:   2026-02-05T00:33:33Z

============================================================
Automated Hardware Provisioning Tool v2.0
============================================================
✓ Configuration loaded
✓ AI client initialized
✓ OpenStack connection established

============================================================
Step 1: Repository Analysis
============================================================
✓ Repository cloned to: /tmp/TabPFN

✓ Repository requirements analysis complete:
  CPU: 4 cores
  RAM: 8 GB
  GPU: Required
  GPU Memory: 8 GB
  Disk: None GB
  OS: ubuntu None
  CUDA: Required

============================================================
Step 2: Image Selection
============================================================
✓ Found 205 available CC-* images
✓ AI Stage 1: Selected 2 candidates
  Reasoning: The requirements specify an Ubuntu OS with CUDA support, which implies the need for GPU support. Among the available images, only those with 'CUDA' in their names meet the CUDA requirement. The images 'CC-Ubuntu24.04-CUDA' (ID: 00109732-cbe0-4283-99f0-2456ea437509) and 'CC-Ubuntu22.04-CUDA' (ID: 546bfd02-1a3f-4c00-bc74-c80cc5d6ad43) are the only ones that match these criteria. Other images either do not have CUDA support or are not based on Ubuntu.
⚠ No candidates found, using fallback selection
✓ Fallback image: CC-Ubuntu22.04-CUDA

============================================================
Step 3: SSH Key Management
============================================================
✓ Keypair exists: my-key

============================================================
Step 4: Network Configuration
============================================================
✓ Found network: sharednet1 (ID: 50073c73-5817-49c3-8e3a-69b8c357e158)

============================================================
Discovering Available Resources
============================================================

Discovering resources at tacc site...
✓ Found 85 hosts
✓ Discovered 2 node types: compute, gpu
✓ Found 2 node types available

✓ AI resource selection complete
  Node type: gpu_rtx_6000
  Reasoning: The user requires a GPU with at least 8 GB of memory. Given the requirement for a GPU, a GPU node type is prioritized over compute nodes. The 'gpu_rtx_6000' node type is selected as it is a GPU node and likely meets the GPU memory requirement.
✓ AI selected node type: gpu_rtx_6000
  Reasoning: The user requires a GPU with at least 8 GB of memory. Given the requirement for a GPU, a GPU node type is prioritized over compute nodes. The 'gpu_rtx_6000' node type is selected as it is a GPU node and likely meets the GPU memory requirement.

✓ Target node type: gpu_rtx_6000

============================================================
Step 5: Create Hardware Reservation (with Fallbacks)
============================================================
✓ AI determined duration: 48 hours
  Reasoning: The workload requires a GPU with CUDA support and PyTorch, which indicates a need for specialized resources. However, the overall resource requirements (4 CPU cores, 8 GB RAM) are moderate. Given the GPU and CUDA requirements, a 48-hour duration is suggested to allow sufficient time for setup and execution, while not being overly complex to necessitate a longer duration.

============================================================
Attempting Hardware Reservation (with fallbacks)
============================================================
Fallback chain (3 options):
  1. Primary: gpu_rtx_6000 for 48h
  2. Fallback: gpu_rtx_6000 for 24h (reduced duration)
  3. Fallback: KVM-based VM (when bare metal unavailable)

[Attempt 1/3] Primary: gpu_rtx_6000 for 48h
    ✗ Failed: ERROR: Not enough resources available with query {'resource_type': 'physical:host', 'min': 1, 'max': 1, 'hypervisor_properties': '', 'resource_properties': '["=", "$node_type", "gpu_rtx_6000"]', 'start_date': datetime.datetime(2026, 2, 5, 0, 35), 'end_date': datetime.datetime(2026, 2, 7, 0, 35), 'project_id': '350e72270e474aba8a9199644e0b1182', 'count_range': '1-1', 'before_end': 'default', 'on_start': 'default'}
    Waiting 5s before next attempt...

[Attempt 2/3] Fallback: gpu_rtx_6000 for 24h (reduced duration)
    ✗ Failed: ERROR: Not enough resources available with query {'resource_type': 'physical:host', 'min': 1, 'max': 1, 'hypervisor_properties': '', 'resource_properties': '["=", "$node_type", "gpu_rtx_6000"]', 'start_date': datetime.datetime(2026, 2, 5, 0, 36), 'end_date': datetime.datetime(2026, 2, 6, 0, 36), 'project_id': '350e72270e474aba8a9199644e0b1182', 'count_range': '1-1', 'before_end': 'default', 'on_start': 'default'}
    Waiting 5s before next attempt...

[Attempt 3/3] Fallback: KVM-based VM (when bare metal unavailable)
    ⚠ KVM fallback (VM-based) - skipping Blazar, will use OpenStack directly

============================================================
Reservation Fallback Report
============================================================
Status: ✓ SUCCESS
Message: Using KVM fallback (no Blazar lease)

Successful option:
  Fallback: KVM-based VM (when bare metal unavailable)
  Node type: KVM (VM-based)
  Duration: 48h

Fallback chain had 3 options

⚠ Using KVM (VM-based) instead of bare metal
   This is a temporary fallback - consider retrying later for bare metal

============================================================
Step 6: Launch KVM-based VM
============================================================
⚠ KVM fallback mode: launching VM instead of bare metal
   (Reservation ID not applicable for KVM)

  Launching KVM VM:
    Name: auto-server-202602050034
    Image ID: 546bfd02-1a3f-4c00-bc74-c80cc5d6ad43
    Key: my-key
    Network ID: 50073c73-5817-49c3-8e3a-69b8c357e158

  Selecting KVM flavor (CPU: 4, RAM: 8GB)...
  ✓ Selected flavor: m1.large
    CPU: 4, RAM: 8192MB

  ✓ KVM instance creation initiated: 9f4bf1c5-249b-4a0b-b0cf-af6c2ce2a867

  Waiting for KVM instance to become ACTIVE...
  (This typically takes 1-5 minutes for VMs)
    Status: BUILD
    Status: ACTIVE

  ✓ KVM instance is ACTIVE

============================================================
Step 7: Assign Floating IP
============================================================
Creating new floating IP...
✓ Using floating IP: 129.114.25.49
✓ Floating IP attached

============================================================
✓ Provisioning Complete!
============================================================
Server Name: auto-server-202602050034
Server ID: 9f4bf1c5-249b-4a0b-b0cf-af6c2ce2a867
Lease ID: kvm-lease
Image: CC-Ubuntu22.04-CUDA
Node Type (requested): gpu_rtx_6000
Node Type (actual): kvm
⚠ Running on KVM VM (bare metal unavailable)
Floating IP: 129.114.25.49

SSH Connection:
  ssh ubuntu@129.114.25.49

✓ Info saved to: auto-server-202602050034_info.json
End:     2026-02-05T00:34:25Z (exit=0, duration=52s)
