Command: python 2.0/src/provision_v2.py --repo "https://github.com/snu-csl/rfuse" --site tacc
Start:   2026-02-05T20:15:23Z

============================================================
Automated Hardware Provisioning Tool v2.0
============================================================
✓ Configuration loaded
✓ AI client initialized
✓ OpenStack connection established

============================================================
Step 1: Repository Analysis
============================================================
✓ Repository cloned to: /tmp/rfuse

✓ Repository requirements analysis complete:
  CPU: 80 cores
  RAM: 256 GB
  GPU: Not required
  Disk: None GB
  OS: ubuntu 20.04
  CUDA: Not required

============================================================
Step 2: Image Selection
============================================================
✓ Found 407 available CC-* images
✓ AI Stage 1: Selected 5 candidates
  Reasoning: The requirements specify an Ubuntu 20.04 image without CUDA or GPU support. The selected images are all Ubuntu 20.04 without any CUDA or GPU indications in their names. These images meet the OS type and version requirements while ensuring no unnecessary CUDA support is included.
⚠ No candidates found, using fallback selection
✓ Fallback image: CC-Ubuntu22.04-CUDA

============================================================
Step 3: SSH Key Management
============================================================
✓ Keypair exists: my-key

============================================================
Step 4: Network Configuration
============================================================
✓ Found network: sharednet1 (ID: 1a03cf65-8fd6-4fce-94fd-bbaabe68a8e1)

============================================================
Discovering Available Resources
============================================================

Discovering resources at tacc site...
✓ Found 310 hosts
✓ Discovered 18 node types: compute_arm64, compute_cascadelake, compute_cascadelake_r, compute_gigaio, compute_haswell_ib, compute_icelake_r650, compute_icelake_r750, compute_liqid, compute_skylake, compute_zen3, gpu_k80, gpu_m40, gpu_mi100, gpu_p100, gpu_p100_nvlink, gpu_p100_v100, storage, storage_hierarchy
✓ Found 18 node types available

✓ AI resource selection complete
  Node type: compute_icelake_r750
  Reasoning: The user's requirements specify 80 CPU cores and 256 GB of RAM without the need for a GPU. Among the available compute node types, 'compute_icelake_r750' is likely to have a high core count and sufficient RAM capacity, making it suitable for the user's needs.
✓ AI selected node type: compute_icelake_r750
  Reasoning: The user's requirements specify 80 CPU cores and 256 GB of RAM without the need for a GPU. Among the available compute node types, 'compute_icelake_r750' is likely to have a high core count and sufficient RAM capacity, making it suitable for the user's needs.

✓ Target node type: compute_icelake_r750

============================================================
Step 5: Create Hardware Reservation (with Fallbacks)
============================================================
✓ AI determined duration: 72 hours
  Reasoning: The requirements include a high number of CPU cores (80) and a large amount of RAM (256 GB), along with specific hardware and software configurations such as PCIe Gen 4.0 NVMe SSD, a specific Linux kernel version, and per-core ring channel configuration. These factors indicate a complex setup that may require additional time for configuration and testing, thus a lease duration of 72 hours is appropriate.

============================================================
Attempting Hardware Reservation (with fallbacks)
============================================================
Fallback chain (13 options):
  1. Primary: compute_icelake_r750 for 72h
  2. Fallback: compute_icelake_r750 for 36h (reduced duration)
  3. Alt 1: compute_icelake_r650 (72h)
  4. Alt 2: compute_icelake_r650 (36h, reduced)
  5. Alt 3: compute_cascadelake_r (72h)
  6. Alt 4: compute_cascadelake_r (36h, reduced)
  7. Alt 5: compute_cascadelake (72h)
  8. Alt 6: compute_cascadelake (36h, reduced)
  9. Alt 7: compute_skylake (72h)
  10. Alt 8: compute_skylake (36h, reduced)
  11. Alt 9: compute_haswell_ib (72h)
  12. Alt 10: compute_haswell_ib (36h, reduced)
  13. Fallback: KVM-based VM (when bare metal unavailable)

[Attempt 1/13] Primary: compute_icelake_r750 for 72h
    Waiting for lease activation (timeout: 300s)...
    ✓ Lease created and ACTIVE (ID: 5dd21e56-bc67-4e4b-bfe7-6b497a322949)

============================================================
Reservation Fallback Report
============================================================
Status: ✓ SUCCESS
Message: ✓ Lease created and ACTIVE (ID: 5dd21e56-bc67-4e4b-bfe7-6b497a322949)

Successful option:
  Primary: compute_icelake_r750 for 72h
  Node type: compute_icelake_r750
  Duration: 72h

Fallback chain had 13 options

✓ Reservation successful: compute_icelake_r750

============================================================
Step 6: Launch Bare Metal Server
============================================================

============================================================
Step 6: Launch Bare Metal Server
============================================================

Launching server:
  Name: auto-server-202602052018
  Image ID: c82b931e-4cf8-4366-9878-1ae941f24348
  Key: my-key
  Network ID: 1a03cf65-8fd6-4fce-94fd-bbaabe68a8e1
  Reservation ID: f0f05e41-d4af-4471-9e7c-5c45ffe8a15f

✓ Server creation initiated: 9c316f26-8d56-4f4f-aed7-c9e90f63fffa

Waiting for server to become ACTIVE...
(This may take 10-30 minutes for bare metal)
  Status: BUILD
  Status: ACTIVE

✓ Server is ACTIVE

============================================================
Step 7: Assign Floating IP
============================================================
Creating new floating IP...
✓ Using floating IP: 129.114.108.159
✓ Floating IP attached

============================================================
✓ Provisioning Complete!
============================================================
Server Name: auto-server-202602052018
Server ID: 9c316f26-8d56-4f4f-aed7-c9e90f63fffa
Lease ID: 5dd21e56-bc67-4e4b-bfe7-6b497a322949
Reservation ID: f0f05e41-d4af-4471-9e7c-5c45ffe8a15f
Image: CC-Ubuntu22.04-CUDA
Node Type (requested): compute_icelake_r750
Node Type (actual): compute_icelake_r750
Floating IP: 129.114.108.159

SSH Connection:
  ssh ubuntu@129.114.108.159

✓ Info saved to: auto-server-202602052018_info.json
End:     2026-02-05T20:27:18Z (exit=0, duration=715s)
