Command: python 2.0/src/provision_v2.py --repo "https://github.com/clap-rs/clap" --site tacc
Start:   2026-02-06T01:47:26Z

============================================================
Automated Hardware Provisioning Tool v2.0
============================================================
✓ Configuration loaded
✓ AI client initialized
✓ OpenStack connection established

============================================================
Step 1: Repository Analysis
============================================================
✓ Repository cloned to: /tmp/clap

✓ Repository requirements analysis complete:
  CPU: 1 cores
  RAM: 1 GB
  GPU: Not required
  Disk: 1 GB
  OS: ubuntu 20.04
  CUDA: Not required

============================================================
Step 2: Image Selection
============================================================
✓ Found 407 available CC-* images
✓ AI Stage 1: Selected 5 candidates
  Reasoning: The requirements specify an Ubuntu 20.04 base image without CUDA or GPU support. The selected images are all Ubuntu 20.04 without any CUDA or ARM64 specifications, ensuring compatibility with the requirements. These images are the most straightforward matches for the given criteria.
⚠ No candidates found, using fallback selection
✓ Fallback image: CC-Ubuntu22.04-CUDA

============================================================
Step 3: SSH Key Management
============================================================
✓ Keypair exists: my-key

============================================================
Step 4: Network Configuration
============================================================
✓ Found network: sharednet1 (ID: 1a03cf65-8fd6-4fce-94fd-bbaabe68a8e1)

============================================================
Discovering Available Resources
============================================================

Discovering resources at tacc site...
✓ Found 310 hosts
✓ Discovered 18 node types: compute_arm64, compute_cascadelake, compute_cascadelake_r, compute_gigaio, compute_haswell_ib, compute_icelake_r650, compute_icelake_r750, compute_liqid, compute_skylake, compute_zen3, gpu_k80, gpu_m40, gpu_mi100, gpu_p100, gpu_p100_nvlink, gpu_p100_v100, storage, storage_hierarchy
✓ Found 18 node types available

✓ AI resource selection complete
  Node type: compute_cascadelake
  Reasoning: The user does not require a GPU, and their hardware requirements are minimal (1 CPU core, 1 GB RAM, 1 GB Disk). A general compute node is suitable for this use case. Among the available compute nodes, 'compute_cascadelake' is a versatile option that can efficiently handle the user's needs.
✓ AI selected node type: compute_cascadelake
  Reasoning: The user does not require a GPU, and their hardware requirements are minimal (1 CPU core, 1 GB RAM, 1 GB Disk). A general compute node is suitable for this use case. Among the available compute nodes, 'compute_cascadelake' is a versatile option that can efficiently handle the user's needs.

✓ Target node type: compute_cascadelake

============================================================
Step 5: Create Hardware Reservation (with Fallbacks)
============================================================
✓ AI determined duration: 24 hours
  Reasoning: The workload is small, requiring minimal CPU, RAM, and disk resources. The special requirements of installing the Rust toolchain and cargo are straightforward and do not significantly increase complexity. Therefore, a lease duration of 24 hours should be sufficient.

============================================================
Attempting Hardware Reservation (with fallbacks)
============================================================
Fallback chain (13 options):
  1. Primary: compute_cascadelake for 24h
  2. Fallback: compute_cascadelake for 12h (reduced duration)
  3. Alt 1: compute_icelake_r750 (24h)
  4. Alt 2: compute_icelake_r750 (12h, reduced)
  5. Alt 3: compute_icelake_r650 (24h)
  6. Alt 4: compute_icelake_r650 (12h, reduced)
  7. Alt 5: compute_cascadelake_r (24h)
  8. Alt 6: compute_cascadelake_r (12h, reduced)
  9. Alt 7: compute_skylake (24h)
  10. Alt 8: compute_skylake (12h, reduced)
  11. Alt 9: compute_haswell_ib (24h)
  12. Alt 10: compute_haswell_ib (12h, reduced)
  13. Fallback: KVM-based VM (when bare metal unavailable)

[Attempt 1/13] Primary: compute_cascadelake for 24h
    ✗ Failed: ERROR: Not enough resources available with query {'resource_type': 'physical:host', 'min': 1, 'max': 1, 'hypervisor_properties': '', 'resource_properties': '["=", "$node_type", "compute_cascadelake"]', 'start_date': datetime.datetime(2026, 2, 6, 1, 49), 'end_date': datetime.datetime(2026, 2, 7, 1, 49), 'project_id': '5b86b66c9be14a228da46d3ab15ef166', 'count_range': '1-1', 'before_end': 'default', 'on_start': 'default'}
    Waiting 5s before next attempt...

[Attempt 2/13] Fallback: compute_cascadelake for 12h (reduced duration)
    ✗ Failed: ERROR: Not enough resources available with query {'resource_type': 'physical:host', 'min': 1, 'max': 1, 'hypervisor_properties': '', 'resource_properties': '["=", "$node_type", "compute_cascadelake"]', 'start_date': datetime.datetime(2026, 2, 6, 1, 49), 'end_date': datetime.datetime(2026, 2, 6, 13, 49), 'project_id': '5b86b66c9be14a228da46d3ab15ef166', 'count_range': '1-1', 'before_end': 'default', 'on_start': 'default'}
    Waiting 5s before next attempt...

[Attempt 3/13] Alt 1: compute_icelake_r750 (24h)
    ✗ Failed: ERROR: Not enough resources available with query {'resource_type': 'physical:host', 'min': 1, 'max': 1, 'hypervisor_properties': '', 'resource_properties': '["=", "$node_type", "compute_icelake_r750"]', 'start_date': datetime.datetime(2026, 2, 6, 1, 50), 'end_date': datetime.datetime(2026, 2, 7, 1, 50), 'project_id': '5b86b66c9be14a228da46d3ab15ef166', 'count_range': '1-1', 'before_end': 'default', 'on_start': 'default'}
    Waiting 5s before next attempt...

[Attempt 4/13] Alt 2: compute_icelake_r750 (12h, reduced)
    ✗ Failed: ERROR: Not enough resources available with query {'resource_type': 'physical:host', 'min': 1, 'max': 1, 'hypervisor_properties': '', 'resource_properties': '["=", "$node_type", "compute_icelake_r750"]', 'start_date': datetime.datetime(2026, 2, 6, 1, 50), 'end_date': datetime.datetime(2026, 2, 6, 13, 50), 'project_id': '5b86b66c9be14a228da46d3ab15ef166', 'count_range': '1-1', 'before_end': 'default', 'on_start': 'default'}
    Waiting 5s before next attempt...

[Attempt 5/13] Alt 3: compute_icelake_r650 (24h)
    Waiting for lease activation (timeout: 300s)...
    ✓ Lease created and ACTIVE (ID: c2947e50-531f-472b-9731-8b580fbd8f64)

============================================================
Reservation Fallback Report
============================================================
Status: ✓ SUCCESS
Message: ✓ Lease created and ACTIVE (ID: c2947e50-531f-472b-9731-8b580fbd8f64)

Successful option:
  Alt 3: compute_icelake_r650 (24h)
  Node type: compute_icelake_r650
  Duration: 24h

Fallback chain had 13 options

✓ Reservation successful: compute_icelake_r650

============================================================
Step 6: Launch Bare Metal Server
============================================================

============================================================
Step 6: Launch Bare Metal Server
============================================================

Launching server:
  Name: auto-server-202602060150
  Image ID: c82b931e-4cf8-4366-9878-1ae941f24348
  Key: my-key
  Network ID: 1a03cf65-8fd6-4fce-94fd-bbaabe68a8e1
  Reservation ID: c22a25e2-37d7-4979-aca7-eaa527fcebeb

✓ Server creation initiated: 8beec110-6cf6-4d85-b265-c9cb5faa798e

Waiting for server to become ACTIVE...
(This may take 10-30 minutes for bare metal)
  Status: BUILD
  Status: ACTIVE

✓ Server is ACTIVE

============================================================
Step 7: Assign Floating IP
============================================================
Creating new floating IP...
✓ Using floating IP: 129.114.109.23
✓ Floating IP attached

============================================================
✓ Provisioning Complete!
============================================================
Server Name: auto-server-202602060150
Server ID: 8beec110-6cf6-4d85-b265-c9cb5faa798e
Lease ID: c2947e50-531f-472b-9731-8b580fbd8f64
Reservation ID: c22a25e2-37d7-4979-aca7-eaa527fcebeb
Image: CC-Ubuntu22.04-CUDA
Node Type (requested): compute_cascadelake
Node Type (actual): compute_icelake_r650
Floating IP: 129.114.109.23

SSH Connection:
  ssh ubuntu@129.114.109.23

✓ Info saved to: auto-server-202602060150_info.json
End:     2026-02-06T01:59:19Z (exit=0, duration=713s)
