Traceback (most recent call last):
  File "/home/cc/EnvAgent-plus/2.0/src/kvm_launcher.py", line 100, in launch_kvm_instance
    server = os_conn.compute.create_server(
  File "/home/cc/EnvAgent-plus/venv/lib/python3.8/site-packages/openstack/compute/v2/_proxy.py", line 727, in create_server
    return self._create(_server.Server, **attrs)
  File "/home/cc/EnvAgent-plus/venv/lib/python3.8/site-packages/openstack/proxy.py", line 643, in _create
    return res.create(self, base_path=base_path)
  File "/home/cc/EnvAgent-plus/venv/lib/python3.8/site-packages/openstack/resource.py", line 1533, in create
    self._translate_response(response, **response_kwargs)
  File "/home/cc/EnvAgent-plus/venv/lib/python3.8/site-packages/openstack/resource.py", line 1285, in _translate_response
    exceptions.raise_from_response(response, error_message=error_message)
  File "/home/cc/EnvAgent-plus/venv/lib/python3.8/site-packages/openstack/exceptions.py", line 244, in raise_from_response
    raise cls(
openstack.exceptions.BadRequestException: BadRequestException: 400: Client Error for url: https://kvm.tacc.chameleoncloud.org:8774/v2.1/servers, Flavor's disk is too small for requested image. Flavor disk is 1073741824 bytes, image is 22303211520 bytes.

During handling of the above exception, another exception occurred:

Traceback (most recent call last):
  File "2.0/src/provision_v2.py", line 600, in main
    server_id, server_info = launch_kvm_instance(
  File "/home/cc/EnvAgent-plus/2.0/src/kvm_launcher.py", line 140, in launch_kvm_instance
    raise Exception(f"KVM instance launch failed: {str(e)}")
Exception: KVM instance launch failed: BadRequestException: 400: Client Error for url: https://kvm.tacc.chameleoncloud.org:8774/v2.1/servers, Flavor's disk is too small for requested image. Flavor disk is 1073741824 bytes, image is 22303211520 bytes.

============================================================
Automated Hardware Provisioning Tool v2.0
============================================================
✓ Configuration loaded
✓ AI client initialized
✓ OpenStack connection established

============================================================
Step 1: Repository Analysis
============================================================
✓ Repository cloned to: /tmp/crossprefetch-asplos24-artifacts

✓ Repository requirements analysis complete:
  CPU: 128 cores
  RAM: None GB
  GPU: Not required
  Disk: 350 GB
  OS: ubuntu None
  CUDA: Not required

============================================================
Step 2: Image Selection
============================================================
✓ Found 205 available CC-* images
✓ AI Stage 1: Selected 5 candidates
  Reasoning: The requirements specify an Ubuntu OS without the need for CUDA or GPU support. Therefore, images with CUDA are excluded. The selected images are Ubuntu-based and do not have CUDA in their names, ensuring they meet the criteria. The images chosen are the latest versions of Ubuntu 24.04, 22.04, and 20.04, providing a range of options for different Ubuntu versions.
⚠ No candidates found, using fallback selection
✓ Fallback image: CC-Ubuntu22.04-CUDA

============================================================
Step 3: SSH Key Management
============================================================
✓ Keypair exists: my-key

============================================================
Step 4: Network Configuration
============================================================
✓ Found network: sharednet1 (ID: 50073c73-5817-49c3-8e3a-69b8c357e158)

============================================================
Discovering Available Resources
============================================================

Discovering resources at tacc site...
✓ Found 85 hosts
✓ Discovered 2 node types: compute, gpu
✓ Found 2 node types available

✓ AI resource selection complete
  Node type: compute_cascadelake_r640
  Reasoning: The user requires a high number of CPU cores (128) and a specific disk capacity (350 GB), without any GPU needs. Among the available node types, 'compute_cascadelake_r640' is a general compute node that is likely to meet the CPU and disk requirements. Since no GPU is required, a compute node is more suitable than a GPU node.
✓ AI selected node type: compute_cascadelake_r640
  Reasoning: The user requires a high number of CPU cores (128) and a specific disk capacity (350 GB), without any GPU needs. Among the available node types, 'compute_cascadelake_r640' is a general compute node that is likely to meet the CPU and disk requirements. Since no GPU is required, a compute node is more suitable than a GPU node.

✓ Target node type: compute_cascadelake_r640

============================================================
Step 5: Create Hardware Reservation (with Fallbacks)
============================================================
✓ AI determined duration: 72 hours
  Reasoning: The requirements indicate a complex setup due to the need for a specific node type, NVMe SSD, modified Linux kernel installation, and specialized filesystem and remote NVMe support. These factors suggest a more intricate configuration process, warranting a longer lease duration of 72 hours to ensure sufficient time for setup, testing, and any necessary adjustments.

============================================================
Attempting Hardware Reservation (with fallbacks)
============================================================
Fallback chain (3 options):
  1. Primary: compute_cascadelake_r640 for 72h
  2. Fallback: compute_cascadelake_r640 for 36h (reduced duration)
  3. Fallback: KVM-based VM (when bare metal unavailable)

[Attempt 1/3] Primary: compute_cascadelake_r640 for 72h
    ✗ Failed: ERROR: Not enough resources available with query {'resource_type': 'physical:host', 'min': 1, 'max': 1, 'hypervisor_properties': '', 'resource_properties': '["=", "$node_type", "compute_cascadelake_r640"]', 'start_date': datetime.datetime(2026, 2, 5, 0, 44), 'end_date': datetime.datetime(2026, 2, 8, 0, 44), 'project_id': '350e72270e474aba8a9199644e0b1182', 'count_range': '1-1', 'before_end': 'default', 'on_start': 'default'}
    Waiting 5s before next attempt...

[Attempt 2/3] Fallback: compute_cascadelake_r640 for 36h (reduced duration)
    ✗ Failed: ERROR: Not enough resources available with query {'resource_type': 'physical:host', 'min': 1, 'max': 1, 'hypervisor_properties': '', 'resource_properties': '["=", "$node_type", "compute_cascadelake_r640"]', 'start_date': datetime.datetime(2026, 2, 5, 0, 44), 'end_date': datetime.datetime(2026, 2, 6, 12, 44), 'project_id': '350e72270e474aba8a9199644e0b1182', 'count_range': '1-1', 'before_end': 'default', 'on_start': 'default'}
    Waiting 5s before next attempt...

[Attempt 3/3] Fallback: KVM-based VM (when bare metal unavailable)
    ⚠ KVM fallback (VM-based) - skipping Blazar, will use OpenStack directly

============================================================
Reservation Fallback Report
============================================================
Status: ✓ SUCCESS
Message: Using KVM fallback (no Blazar lease)

Successful option:
  Fallback: KVM-based VM (when bare metal unavailable)
  Node type: KVM (VM-based)
  Duration: 72h

Fallback chain had 3 options

⚠ Using KVM (VM-based) instead of bare metal
   This is a temporary fallback - consider retrying later for bare metal

============================================================
Step 6: Launch KVM-based VM
============================================================
⚠ KVM fallback mode: launching VM instead of bare metal
   (Reservation ID not applicable for KVM)

  Launching KVM VM:
    Name: auto-server-202602050043
    Image ID: 546bfd02-1a3f-4c00-bc74-c80cc5d6ad43
    Key: my-key
    Network ID: 50073c73-5817-49c3-8e3a-69b8c357e158

  Selecting KVM flavor (CPU: 128, RAM: NoneGB)...
  ⚠ RAM requirement missing; defaulting to 2 GB for flavor selection
  ⚠ No flavor found matching requirements, using smallest KVM flavor
  ✓ Selected flavor: m1.tiny
    CPU: 1, RAM: 512MB


✗ ERROR: KVM instance launch failed: BadRequestException: 400: Client Error for url: https://kvm.tacc.chameleoncloud.org:8774/v2.1/servers, Flavor's disk is too small for requested image. Flavor disk is 1073741824 bytes, image is 22303211520 bytes.
