Command: python 2.0/src/provision_v2.py --repo "https://github.com/iaoing/Silhouette" --site tacc
Start:   2026-02-05T19:49:23Z
Traceback (most recent call last):
  File "2.0/src/provision_v2.py", line 390, in launch_server_with_sdk
    raise Exception("Server entered ERROR state")
Exception: Server entered ERROR state

During handling of the above exception, another exception occurred:

Traceback (most recent call last):
  File "2.0/src/provision_v2.py", line 613, in main
    server_id, server_info = launch_server_with_sdk(
  File "2.0/src/provision_v2.py", line 397, in launch_server_with_sdk
    raise Exception(f"Server launch failed: {str(e)}")
Exception: Server launch failed: Server entered ERROR state

============================================================
Automated Hardware Provisioning Tool v2.0
============================================================
✓ Configuration loaded
✓ AI client initialized
✓ OpenStack connection established

============================================================
Step 1: Repository Analysis
============================================================
✓ Repository cloned to: /tmp/Silhouette

✓ Repository requirements analysis complete:
  CPU: 1 cores
  RAM: 4 GB
  GPU: Not required
  Disk: 30 GB
  OS: ubuntu 22.x
  CUDA: Not required

============================================================
Step 2: Image Selection
============================================================
✓ Found 407 available CC-* images
✓ AI Stage 1: Selected 5 candidates
  Reasoning: The requirements specify an Ubuntu 22.x OS without CUDA support. The selected images are all based on Ubuntu 22.04 and do not include CUDA, meeting the specified criteria. These images are also relatively recent, ensuring up-to-date software and security patches.

✓ Final Selection: CC-Ubuntu22.04
  Image ID: 14af624e-2629-4fb5-8ee6-f94ea5bf5195

============================================================
Step 3: SSH Key Management
============================================================
✓ Keypair exists: my-key

============================================================
Step 4: Network Configuration
============================================================
✓ Found network: sharednet1 (ID: 1a03cf65-8fd6-4fce-94fd-bbaabe68a8e1)

============================================================
Discovering Available Resources
============================================================

Discovering resources at tacc site...
✓ Found 310 hosts
✓ Discovered 18 node types: compute_arm64, compute_cascadelake, compute_cascadelake_r, compute_gigaio, compute_haswell_ib, compute_icelake_r650, compute_icelake_r750, compute_liqid, compute_skylake, compute_zen3, gpu_k80, gpu_m40, gpu_mi100, gpu_p100, gpu_p100_nvlink, gpu_p100_v100, storage, storage_hierarchy
✓ Found 18 node types available

✓ AI resource selection complete
  Node type: compute_cascadelake
  Reasoning: The user requires a general compute node with 1 CPU core, 4 GB RAM, and 30 GB disk space, without the need for a GPU. Among the available compute nodes, 'compute_cascadelake' is a suitable choice as it is a general-purpose compute node that can meet the specified requirements.
✓ AI selected node type: compute_cascadelake
  Reasoning: The user requires a general compute node with 1 CPU core, 4 GB RAM, and 30 GB disk space, without the need for a GPU. Among the available compute nodes, 'compute_cascadelake' is a suitable choice as it is a general-purpose compute node that can meet the specified requirements.

✓ Target node type: compute_cascadelake

============================================================
Step 5: Create Hardware Reservation (with Fallbacks)
============================================================
✓ AI determined duration: 48 hours
  Reasoning: The workload involves special requirements such as KVM support, Persistent Memory support, and QEMU, which suggest a more complex setup than a basic task. However, the resource demands in terms of CPU, RAM, and disk space are relatively low. Given these factors, a lease duration of 48 hours is appropriate to ensure sufficient time for setup, testing, and any adjustments needed.

============================================================
Attempting Hardware Reservation (with fallbacks)
============================================================
Fallback chain (13 options):
  1. Primary: compute_cascadelake for 48h
  2. Fallback: compute_cascadelake for 24h (reduced duration)
  3. Alt 1: compute_icelake_r750 (48h)
  4. Alt 2: compute_icelake_r750 (24h, reduced)
  5. Alt 3: compute_icelake_r650 (48h)
  6. Alt 4: compute_icelake_r650 (24h, reduced)
  7. Alt 5: compute_cascadelake_r (48h)
  8. Alt 6: compute_cascadelake_r (24h, reduced)
  9. Alt 7: compute_skylake (48h)
  10. Alt 8: compute_skylake (24h, reduced)
  11. Alt 9: compute_haswell_ib (48h)
  12. Alt 10: compute_haswell_ib (24h, reduced)
  13. Fallback: KVM-based VM (when bare metal unavailable)

[Attempt 1/13] Primary: compute_cascadelake for 48h
    Waiting for lease activation (timeout: 300s)...
    ✓ Lease created and ACTIVE (ID: 4bc71eb9-f2df-413e-9e38-d0fc11e70d57)

============================================================
Reservation Fallback Report
============================================================
Status: ✓ SUCCESS
Message: ✓ Lease created and ACTIVE (ID: 4bc71eb9-f2df-413e-9e38-d0fc11e70d57)

Successful option:
  Primary: compute_cascadelake for 48h
  Node type: compute_cascadelake
  Duration: 48h

Fallback chain had 13 options

✓ Reservation successful: compute_cascadelake

============================================================
Step 6: Launch Bare Metal Server
============================================================

============================================================
Step 6: Launch Bare Metal Server
============================================================

Launching server:
  Name: auto-server-202602051952
  Image ID: 14af624e-2629-4fb5-8ee6-f94ea5bf5195
  Key: my-key
  Network ID: 1a03cf65-8fd6-4fce-94fd-bbaabe68a8e1
  Reservation ID: cfafe3ef-de74-4c7d-9abd-926a90a34452

✓ Server creation initiated: 3e6c48d4-ed8c-4042-b138-155d0b949ed7

Waiting for server to become ACTIVE...
(This may take 10-30 minutes for bare metal)
  Status: BUILD
  Status: ERROR


✗ ERROR: Server launch failed: Server entered ERROR state
End:     2026-02-05T19:52:44Z (exit=1, duration=201s)
