Command: python 2.0/src/provision_v2.py --repo "https://github.com/PriorLabs/TabPFN" --site tacc
Start:   2026-02-26T03:11:17Z
Traceback (most recent call last):
  File "2.0/src/provision_v2.py", line 722, in main
    lease_id, reservation_id, node_type = attempt_lease_with_fallbacks(
  File "2.0/src/provision_v2.py", line 342, in attempt_lease_with_fallbacks
    raise Exception(f"All Blazar fallback attempts failed. Last error: {last_error}")
Exception: All Blazar fallback attempts failed. Last error: Lease creation failed: ERROR: Not enough resources available with query {'resource_type': 'physical:host', 'min': 1, 'max': 1, 'hypervisor_properties': '', 'resource_properties': '["=", "$node_type", "compute"]', 'start_date': datetime.datetime(2026, 2, 26, 3, 13), 'end_date': datetime.datetime(2026, 2, 28, 3, 13), 'project_id': '350e72270e474aba8a9199644e0b1182', 'count_range': '1-1', 'before_end': 'default', 'on_start': 'default'}

During handling of the above exception, another exception occurred:

Traceback (most recent call last):
  File "/home/cc/EnvAgent-plus/2.0/src/kvm_launcher.py", line 161, in launch_kvm_instance
    raise Exception(f"KVM instance entered ERROR state: {fault_msg}")
Exception: KVM instance entered ERROR state: No valid host was found. There are not enough hosts available. To troubleshoot, please see bit.ly/faq-instance-failure

During handling of the above exception, another exception occurred:

Traceback (most recent call last):
  File "2.0/src/provision_v2.py", line 758, in main
    server_id, server_info = launch_kvm_instance(
  File "/home/cc/EnvAgent-plus/2.0/src/kvm_launcher.py", line 168, in launch_kvm_instance
    raise Exception(f"KVM instance launch failed: {str(e)}")
Exception: KVM instance launch failed: KVM instance entered ERROR state: No valid host was found. There are not enough hosts available. To troubleshoot, please see bit.ly/faq-instance-failure

During handling of the above exception, another exception occurred:

Traceback (most recent call last):
  File "2.0/src/provision_v2.py", line 772, in main
    raise Exception(f"Complete provisioning failure across all tiers")
Exception: Complete provisioning failure across all tiers

============================================================
Automated Hardware Provisioning Tool v2.0
============================================================
✓ Configuration loaded
✓ AI client initialized
✓ OpenStack connection established

============================================================
Step 1: Repository Analysis
============================================================
✓ Repository cloned to: /tmp/TabPFN

✓ Repository requirements analysis complete:
  CPU: 4 cores
  RAM: 8 GB
  GPU: Required
  GPU Memory: 8 GB
  Disk: None GB
  OS: ubuntu None
  CUDA: Required

============================================================
Step 2: Image Selection
============================================================
✓ Found 205 available CC-* images
✓ AI Stage 1: Selected 2 candidates
  Reasoning: The requirements specify an Ubuntu OS with CUDA support. The images that match these criteria are 'CC-Ubuntu24.04-CUDA' and 'CC-Ubuntu22.04-CUDA'. These images are explicitly labeled with CUDA support, which is necessary for GPU-related tasks. Other images either do not specify CUDA support or are based on CentOS, which does not meet the OS requirement.
⚠ No candidates found, using fallback selection
✓ Fallback image: CC-Ubuntu22.04-CUDA

============================================================
Step 3: SSH Key Management
============================================================
✓ Keypair exists: my-key

============================================================
Step 4: Network Configuration
============================================================
✓ Found network: sharednet1 (ID: 50073c73-5817-49c3-8e3a-69b8c357e158)

============================================================
Discovering Available Resources
============================================================

Discovering resources at tacc site...
✓ Found 85 hosts
✓ Discovered 2 node types (ranked by availability & fit):
    compute: 79 reservable / 79 total | fit_score: 1.0
    gpu: 1 reservable / 1 total | fit_score: 2.0
✓ Found 2 node types available

✓ AI resource selection complete
  Node type: gpu
  Reasoning: The user requires a GPU node with specific GPU memory, and the only available GPU node type 'gpu' has 1 reservable unit. Although the availability is low, it is the only option that matches the GPU requirement.
✓ AI selected node type: gpu
  Reasoning: The user requires a GPU node with specific GPU memory, and the only available GPU node type 'gpu' has 1 reservable unit. Although the availability is low, it is the only option that matches the GPU requirement.

============================================================
Step 5: Create Hardware Reservation (with fallbacks)
============================================================

→ GPU required: Tiered fallback strategy:
   Tier 1 (GPU): 1 types
   Tier 2 (Compute): 1 types
   Tier 3 (KVM/VM): 0 types
   Total: 2 attempts

[1/2] Attempting: gpu [GPU (Tier 1)] (1 reservable / 1 total)
✓ AI determined duration: 48 hours
  Reasoning: The requirements include a GPU with at least 8GB VRAM and CUDA support, which suggests that the task may involve machine learning or deep learning workloads. These types of tasks can be computationally intensive and time-consuming, often requiring more than a day to complete, especially if training models or running extensive simulations. Therefore, a lease duration of 48 hours is recommended to ensure sufficient time for completion and any necessary adjustments.

Creating lease:
  Name: auto-202602260311-gpu
  Node Type: gpu
  Start: 2026-02-26 03:13
  End: 2026-02-28 03:13
  ✗ No capacity available for gpu
  → Trying next option...

→ Switching to: Compute (Tier 2 - degraded)

[2/2] Attempting: compute [Compute (Tier 2 - degraded)] (79 reservable / 79 total)
✓ AI determined duration: 48 hours
  Reasoning: The requirements indicate a need for a GPU with CUDA support and PyTorch, which are typically used for machine learning or deep learning tasks. These tasks can be computationally intensive and time-consuming, often requiring more than a day to complete, especially if training models or running experiments. Therefore, a lease duration of 48 hours is recommended to ensure sufficient time for setup, execution, and any potential troubleshooting.

Creating lease:
  Name: auto-202602260311-compute
  Node Type: compute
  Start: 2026-02-26 03:13
  End: 2026-02-28 03:13
  ✗ No capacity available for compute

✗ All 2 Blazar fallback options exhausted

→ Attempting Tier 4: KVM VM (Direct Nova)

============================================================
TIER 4 FALLBACK: KVM Virtual Machines
============================================================
Blazar bare-metal exhausted: All Blazar fallback attempts failed. Last error: Lease creation failed: ERROR: Not enough resources available with query {'resource_type': 'physical:host', 'min': 1, 'max': 1, 'hypervisor_properties':

→ Switching to direct Nova VM launch (no reservation needed)

  Launching KVM VM:
    Name: auto-server-202602260311
    Image ID: 546bfd02-1a3f-4c00-bc74-c80cc5d6ad43
    Key: my-key
    Network ID: 50073c73-5817-49c3-8e3a-69b8c357e158

  Selecting KVM flavor (CPU: 4, RAM: 8GB)...
  ✓ Selected flavor: m1.large
    CPU: 4, RAM: 8192MB

  ✓ KVM instance creation initiated: 677eb89d-46fa-4760-a94f-40f9aeb9b1a2

  Waiting for KVM instance to become ACTIVE...
  (This typically takes 1-5 minutes for VMs)
    Status: BUILD
    Status: ERROR

  ✗ Nova Fault Code: 500
  ✗ Nova Fault Message: No valid host was found. There are not enough hosts available. To troubleshoot, please see bit.ly/faq-instance-failure

✗ KVM VM fallback also failed: KVM instance launch failed: KVM instance entered ERROR state: No valid host was found. There are not enough hosts available. To troubleshoot, please see bit.ly/faq-instance-failure

✗ All provisioning tiers exhausted:
   Tier 1-3 (Blazar bare-metal): All Blazar fallback attempts failed. Last error: Lease creation failed: ERROR: Not enough resources available with query {'resource_type': 'physical:h
   Tier 4 (KVM VMs): KVM instance launch failed: KVM instance entered ERROR state: No valid host was found. There are not enough hosts available. To troubleshoot, please s


✗ ERROR: Complete provisioning failure across all tiers
End:     2026-02-26T03:12:06Z (exit=1, duration=49s)
