Command: python 2.0/src/provision_v2.py --repo "https://github.com/wenxiwang/SymMC-Tool" --site tacc
Start:   2026-02-05T00:37:14Z

============================================================
Automated Hardware Provisioning Tool v2.0
============================================================
✓ Configuration loaded
✓ AI client initialized
✓ OpenStack connection established

============================================================
Step 1: Repository Analysis
============================================================
✓ Repository cloned to: /tmp/SymMC-Tool

✓ Repository requirements analysis complete:
  CPU: 2 cores
  RAM: 4 GB
  GPU: Not required
  Disk: 10 GB
  OS: ubuntu 20.04
  CUDA: Not required

============================================================
Step 2: Image Selection
============================================================
✓ Found 205 available CC-* images
✓ AI Stage 1: Selected 5 candidates
  Reasoning: The requirements specify Ubuntu 20.04 without CUDA or GPU support. The selected images are all based on Ubuntu 20.04 and do not mention CUDA, making them suitable candidates. They are also among the most recent versions available, ensuring up-to-date security and software support.
⚠ No candidates found, using fallback selection
✓ Fallback image: CC-Ubuntu22.04-CUDA

============================================================
Step 3: SSH Key Management
============================================================
✓ Keypair exists: my-key

============================================================
Step 4: Network Configuration
============================================================
✓ Found network: sharednet1 (ID: 50073c73-5817-49c3-8e3a-69b8c357e158)

============================================================
Discovering Available Resources
============================================================

Discovering resources at tacc site...
✓ Found 85 hosts
✓ Discovered 2 node types: compute, gpu
✓ Found 2 node types available

✓ AI resource selection complete
  Node type: compute
  Reasoning: The user does not require a GPU, and their hardware requirements (2 CPU cores, 4 GB RAM, 10 GB Disk) are minimal. Therefore, a general compute node is sufficient to meet these needs. The available resources include compute nodes, which are suitable for this requirement.
✓ AI selected node type: compute
  Reasoning: The user does not require a GPU, and their hardware requirements (2 CPU cores, 4 GB RAM, 10 GB Disk) are minimal. Therefore, a general compute node is sufficient to meet these needs. The available resources include compute nodes, which are suitable for this requirement.

✓ Target node type: compute

============================================================
Step 5: Create Hardware Reservation (with Fallbacks)
============================================================
✓ AI determined duration: 24 hours
  Reasoning: The workload involves a small setup with 2 CPU cores, 4 GB RAM, and no GPU requirement. The special requirements include installing openjdk-8-jdk, ant, and MiniSat, which are relatively straightforward. Given these factors, a 24-hour lease should be sufficient to complete the tasks.

============================================================
Attempting Hardware Reservation (with fallbacks)
============================================================
Fallback chain (3 options):
  1. Primary: compute for 24h
  2. Fallback: compute for 12h (reduced duration)
  3. Fallback: KVM-based VM (when bare metal unavailable)

[Attempt 1/3] Primary: compute for 24h
    ✗ Failed: ERROR: The physical:host resource type is not supported
    Waiting 5s before next attempt...

[Attempt 2/3] Fallback: compute for 12h (reduced duration)
    ✗ Failed: ERROR: The physical:host resource type is not supported
    Waiting 5s before next attempt...

[Attempt 3/3] Fallback: KVM-based VM (when bare metal unavailable)
    ⚠ KVM fallback (VM-based) - skipping Blazar, will use OpenStack directly

============================================================
Reservation Fallback Report
============================================================
Status: ✓ SUCCESS
Message: Using KVM fallback (no Blazar lease)

Successful option:
  Fallback: KVM-based VM (when bare metal unavailable)
  Node type: KVM (VM-based)
  Duration: 24h

Fallback chain had 3 options

⚠ Using KVM (VM-based) instead of bare metal
   This is a temporary fallback - consider retrying later for bare metal

============================================================
Step 6: Launch KVM-based VM
============================================================
⚠ KVM fallback mode: launching VM instead of bare metal
   (Reservation ID not applicable for KVM)

  Launching KVM VM:
    Name: auto-server-202602050038
    Image ID: 546bfd02-1a3f-4c00-bc74-c80cc5d6ad43
    Key: my-key
    Network ID: 50073c73-5817-49c3-8e3a-69b8c357e158

  Selecting KVM flavor (CPU: 2, RAM: 4GB)...
  ✓ Selected flavor: m1.medium
    CPU: 2, RAM: 4096MB

  ✓ KVM instance creation initiated: e11a41d6-1594-44d6-ac8b-ca4440ebe6b7

  Waiting for KVM instance to become ACTIVE...
  (This typically takes 1-5 minutes for VMs)
    Status: BUILD
    Status: ACTIVE

  ✓ KVM instance is ACTIVE

============================================================
Step 7: Assign Floating IP
============================================================
Creating new floating IP...
✓ Using floating IP: 129.114.26.249
✓ Floating IP attached

============================================================
✓ Provisioning Complete!
============================================================
Server Name: auto-server-202602050038
Server ID: e11a41d6-1594-44d6-ac8b-ca4440ebe6b7
Lease ID: kvm-lease
Image: CC-Ubuntu22.04-CUDA
Node Type (requested): compute
Node Type (actual): kvm
⚠ Running on KVM VM (bare metal unavailable)
Floating IP: 129.114.26.249

SSH Connection:
  ssh ubuntu@129.114.26.249

✓ Info saved to: auto-server-202602050038_info.json
End:     2026-02-05T00:38:16Z (exit=0, duration=62s)
