Command: python 2.0/src/provision_v2.py --repo "https://github.com/sbu-fsl/Metis" --site tacc
Start:   2026-02-05T20:27:23Z

============================================================
Automated Hardware Provisioning Tool v2.0
============================================================
✓ Configuration loaded
✓ AI client initialized
✓ OpenStack connection established

============================================================
Step 1: Repository Analysis
============================================================
✓ Repository cloned to: /tmp/Metis

✓ Repository requirements analysis complete:
  CPU: 4 cores
  RAM: 8 GB
  GPU: Not required
  Disk: 50 GB
  OS: ubuntu 22.04
  CUDA: Not required

============================================================
Step 2: Image Selection
============================================================
✓ Found 407 available CC-* images
✓ AI Stage 1: Selected 5 candidates
  Reasoning: The requirements specify an Ubuntu 22.04 image without CUDA or GPU support. The selected images are all based on Ubuntu 22.04 and do not have CUDA in their names, indicating they do not include CUDA support. These images meet the criteria of being the correct OS version and not having unnecessary CUDA support, making them suitable candidates.

✓ Final Selection: CC-Ubuntu22.04
  Image ID: 14af624e-2629-4fb5-8ee6-f94ea5bf5195

============================================================
Step 3: SSH Key Management
============================================================
✓ Keypair exists: my-key

============================================================
Step 4: Network Configuration
============================================================
✓ Found network: sharednet1 (ID: 1a03cf65-8fd6-4fce-94fd-bbaabe68a8e1)

============================================================
Discovering Available Resources
============================================================

Discovering resources at tacc site...
✓ Found 310 hosts
✓ Discovered 18 node types: compute_arm64, compute_cascadelake, compute_cascadelake_r, compute_gigaio, compute_haswell_ib, compute_icelake_r650, compute_icelake_r750, compute_liqid, compute_skylake, compute_zen3, gpu_k80, gpu_m40, gpu_mi100, gpu_p100, gpu_p100_nvlink, gpu_p100_v100, storage, storage_hierarchy
✓ Found 18 node types available

✓ AI resource selection complete
  Node type: compute_cascadelake
  Reasoning: The user requires a node with 4 CPU cores, 8 GB RAM, and 50 GB disk space without a GPU. Among the available compute node types, 'compute_cascadelake' is a general-purpose compute node that can satisfy these requirements. It is suitable for workloads that do not require GPU acceleration.
✓ AI selected node type: compute_cascadelake
  Reasoning: The user requires a node with 4 CPU cores, 8 GB RAM, and 50 GB disk space without a GPU. Among the available compute node types, 'compute_cascadelake' is a general-purpose compute node that can satisfy these requirements. It is suitable for workloads that do not require GPU acceleration.

✓ Target node type: compute_cascadelake

============================================================
Step 5: Create Hardware Reservation (with Fallbacks)
============================================================
✓ AI determined duration: 48 hours
  Reasoning: The workload involves setting up a specific Linux environment with multiple kernel versions and installing specialized tools like SPIN model checker and Swarm Verification, along with specific Python packages. These requirements suggest a moderately complex setup, but not overly complex since it doesn't involve GPU or CUDA dependencies. A 48-hour lease should provide sufficient time to configure the environment and perform necessary tasks.

============================================================
Attempting Hardware Reservation (with fallbacks)
============================================================
Fallback chain (13 options):
  1. Primary: compute_cascadelake for 48h
  2. Fallback: compute_cascadelake for 24h (reduced duration)
  3. Alt 1: compute_icelake_r750 (48h)
  4. Alt 2: compute_icelake_r750 (24h, reduced)
  5. Alt 3: compute_icelake_r650 (48h)
  6. Alt 4: compute_icelake_r650 (24h, reduced)
  7. Alt 5: compute_cascadelake_r (48h)
  8. Alt 6: compute_cascadelake_r (24h, reduced)
  9. Alt 7: compute_skylake (48h)
  10. Alt 8: compute_skylake (24h, reduced)
  11. Alt 9: compute_haswell_ib (48h)
  12. Alt 10: compute_haswell_ib (24h, reduced)
  13. Fallback: KVM-based VM (when bare metal unavailable)

[Attempt 1/13] Primary: compute_cascadelake for 48h
    Waiting for lease activation (timeout: 300s)...
    ✓ Lease created and ACTIVE (ID: c93ee35f-539a-46a2-baba-18d01fb26f40)

============================================================
Reservation Fallback Report
============================================================
Status: ✓ SUCCESS
Message: ✓ Lease created and ACTIVE (ID: c93ee35f-539a-46a2-baba-18d01fb26f40)

Successful option:
  Primary: compute_cascadelake for 48h
  Node type: compute_cascadelake
  Duration: 48h

Fallback chain had 13 options

✓ Reservation successful: compute_cascadelake

============================================================
Step 6: Launch Bare Metal Server
============================================================

============================================================
Step 6: Launch Bare Metal Server
============================================================

Launching server:
  Name: auto-server-202602052029
  Image ID: 14af624e-2629-4fb5-8ee6-f94ea5bf5195
  Key: my-key
  Network ID: 1a03cf65-8fd6-4fce-94fd-bbaabe68a8e1
  Reservation ID: 5fc3046a-38f9-442b-bc0a-795aca6aa08a

✓ Server creation initiated: d0a027b7-e9e8-4113-b6ad-6161c24be716

Waiting for server to become ACTIVE...
(This may take 10-30 minutes for bare metal)
  Status: BUILD
  Status: ACTIVE

✓ Server is ACTIVE

============================================================
Step 7: Assign Floating IP
============================================================
Creating new floating IP...
✓ Using floating IP: 129.114.108.64
✓ Floating IP attached

============================================================
✓ Provisioning Complete!
============================================================
Server Name: auto-server-202602052029
Server ID: d0a027b7-e9e8-4113-b6ad-6161c24be716
Lease ID: c93ee35f-539a-46a2-baba-18d01fb26f40
Reservation ID: 5fc3046a-38f9-442b-bc0a-795aca6aa08a
Image: CC-Ubuntu22.04
Node Type (requested): compute_cascadelake
Node Type (actual): compute_cascadelake
Floating IP: 129.114.108.64

SSH Connection:
  ssh ubuntu@129.114.108.64

✓ Info saved to: auto-server-202602052029_info.json
End:     2026-02-05T20:36:47Z (exit=0, duration=564s)
