Command: python 2.0/src/provision_v2.py --repo "https://github.com/facebook/zstd" --site tacc
Start:   2026-02-05T20:36:52Z

============================================================
Automated Hardware Provisioning Tool v2.0
============================================================
✓ Configuration loaded
✓ AI client initialized
✓ OpenStack connection established

============================================================
Step 1: Repository Analysis
============================================================
✓ Repository cloned to: /tmp/zstd

✓ Repository requirements analysis complete:
  CPU: 4 cores
  RAM: 4 GB
  GPU: Not required
  Disk: 1 GB
  OS: ubuntu 24.04
  CUDA: Not required

============================================================
Step 2: Image Selection
============================================================
✓ Found 407 available CC-* images
✓ AI Stage 1: Selected 5 candidates
  Reasoning: The requirements specify an Ubuntu 24.04 operating system without the need for CUDA or GPU support. Therefore, images with Ubuntu 24.04 that do not include CUDA are ideal. The selected images are CC-Ubuntu24.04 (ID: 1b993456-987a-421b-afbf-29aa618565da), CC-Ubuntu24.04_2025-05-05 (ID: 585e8ebf-635f-4f40-9b18-6517d0620e41), CC-Ubuntu24.04_2025-04-03 (ID: 6424e69d-b420-4b12-99fb-345a9a4b8407), CC-Ubuntu24.04_2024-10-22 (ID: 03320bf7-92c9-41bd-9dec-6f45d6bd42f0), and CC-Ubuntu24.04-20240923 (ID: 72a16ebf-2e5f-40f7-817f-e231c6459899). These images meet the OS type and version requirements without unnecessary CUDA support.
⚠ No candidates found, using fallback selection
✓ Fallback image: CC-Ubuntu22.04-CUDA

============================================================
Step 3: SSH Key Management
============================================================
✓ Keypair exists: my-key

============================================================
Step 4: Network Configuration
============================================================
✓ Found network: sharednet1 (ID: 1a03cf65-8fd6-4fce-94fd-bbaabe68a8e1)

============================================================
Discovering Available Resources
============================================================

Discovering resources at tacc site...
✓ Found 310 hosts
✓ Discovered 18 node types: compute_arm64, compute_cascadelake, compute_cascadelake_r, compute_gigaio, compute_haswell_ib, compute_icelake_r650, compute_icelake_r750, compute_liqid, compute_skylake, compute_zen3, gpu_k80, gpu_m40, gpu_mi100, gpu_p100, gpu_p100_nvlink, gpu_p100_v100, storage, storage_hierarchy
✓ Found 18 node types available

✓ AI resource selection complete
  Node type: compute_cascadelake
  Reasoning: The user does not require a GPU, so we focus on general compute nodes. The user's requirements of 4 CPU cores, 4 GB RAM, and 1 GB disk are modest and can be met by any general compute node. Among the available compute nodes, 'compute_cascadelake' is a suitable choice as it is a modern and versatile node type that should efficiently handle the user's requirements.
✓ AI selected node type: compute_cascadelake
  Reasoning: The user does not require a GPU, so we focus on general compute nodes. The user's requirements of 4 CPU cores, 4 GB RAM, and 1 GB disk are modest and can be met by any general compute node. Among the available compute nodes, 'compute_cascadelake' is a suitable choice as it is a modern and versatile node type that should efficiently handle the user's requirements.

✓ Target node type: compute_cascadelake

============================================================
Step 5: Create Hardware Reservation (with Fallbacks)
============================================================
✓ AI determined duration: 48 hours
  Reasoning: The workload involves a moderate setup with several development tools like make, gcc, cmake, meson, vcpkg, and conan, which may require some time to configure and test. Although the hardware requirements are relatively low, the inclusion of multiple build tools suggests a need for more than a minimal setup time. Therefore, a 48-hour lease duration is appropriate to ensure sufficient time for setup, testing, and any necessary adjustments.

============================================================
Attempting Hardware Reservation (with fallbacks)
============================================================
Fallback chain (13 options):
  1. Primary: compute_cascadelake for 48h
  2. Fallback: compute_cascadelake for 24h (reduced duration)
  3. Alt 1: compute_icelake_r750 (48h)
  4. Alt 2: compute_icelake_r750 (24h, reduced)
  5. Alt 3: compute_icelake_r650 (48h)
  6. Alt 4: compute_icelake_r650 (24h, reduced)
  7. Alt 5: compute_cascadelake_r (48h)
  8. Alt 6: compute_cascadelake_r (24h, reduced)
  9. Alt 7: compute_skylake (48h)
  10. Alt 8: compute_skylake (24h, reduced)
  11. Alt 9: compute_haswell_ib (48h)
  12. Alt 10: compute_haswell_ib (24h, reduced)
  13. Fallback: KVM-based VM (when bare metal unavailable)

[Attempt 1/13] Primary: compute_cascadelake for 48h
    Waiting for lease activation (timeout: 300s)...
    ✓ Lease created and ACTIVE (ID: 42a39330-6a51-4de6-a7cc-45aa51e0cdc4)

============================================================
Reservation Fallback Report
============================================================
Status: ✓ SUCCESS
Message: ✓ Lease created and ACTIVE (ID: 42a39330-6a51-4de6-a7cc-45aa51e0cdc4)

Successful option:
  Primary: compute_cascadelake for 48h
  Node type: compute_cascadelake
  Duration: 48h

Fallback chain had 13 options

✓ Reservation successful: compute_cascadelake

============================================================
Step 6: Launch Bare Metal Server
============================================================

============================================================
Step 6: Launch Bare Metal Server
============================================================

Launching server:
  Name: auto-server-202602052039
  Image ID: c82b931e-4cf8-4366-9878-1ae941f24348
  Key: my-key
  Network ID: 1a03cf65-8fd6-4fce-94fd-bbaabe68a8e1
  Reservation ID: b157a0d9-4f7f-40a9-84dd-c71627c3d640

✓ Server creation initiated: b752311f-a3c9-4d24-8489-99bd79d2d4c7

Waiting for server to become ACTIVE...
(This may take 10-30 minutes for bare metal)
  Status: BUILD
  Status: ACTIVE

✓ Server is ACTIVE

============================================================
Step 7: Assign Floating IP
============================================================
Creating new floating IP...
✓ Using floating IP: 129.114.108.40
✓ Floating IP attached

============================================================
✓ Provisioning Complete!
============================================================
Server Name: auto-server-202602052039
Server ID: b752311f-a3c9-4d24-8489-99bd79d2d4c7
Lease ID: 42a39330-6a51-4de6-a7cc-45aa51e0cdc4
Reservation ID: b157a0d9-4f7f-40a9-84dd-c71627c3d640
Image: CC-Ubuntu22.04-CUDA
Node Type (requested): compute_cascadelake
Node Type (actual): compute_cascadelake
Floating IP: 129.114.108.40

SSH Connection:
  ssh ubuntu@129.114.108.40

✓ Info saved to: auto-server-202602052039_info.json
End:     2026-02-05T20:46:48Z (exit=0, duration=596s)
