Command: python 2.0/src/provision_v2.py --repo "https://github.com/tokio-rs/bytes" --site tacc
Start:   2026-02-06T05:26:21Z

============================================================
Automated Hardware Provisioning Tool v2.0
============================================================
✓ Configuration loaded
✓ AI client initialized
✓ OpenStack connection established

============================================================
Step 1: Repository Analysis
============================================================
✓ Repository cloned to: /tmp/bytes

✓ Repository requirements analysis complete:
  CPU: None cores
  RAM: None GB
  GPU: Not required
  Disk: None GB
  OS: None None
  CUDA: Not required

============================================================
Step 2: Image Selection
============================================================
✓ Found 407 available CC-* images
✓ AI Stage 1: Selected 3 candidates
  Reasoning: The requirements specify no particular OS type, version, or CUDA/GPU support. Therefore, the selection focuses on the most recent and stable versions of popular Linux distributions without CUDA support. The chosen images are the latest versions of Ubuntu 24.04 and 22.04, as well as CentOS 9 Stream, which are widely used and provide a good balance of stability and support for general-purpose use.

✓ Final Selection: CC-Ubuntu24.04
  Image ID: 1b993456-987a-421b-afbf-29aa618565da

============================================================
Step 3: SSH Key Management
============================================================
✓ Keypair exists: my-key

============================================================
Step 4: Network Configuration
============================================================
✓ Found network: sharednet1 (ID: 1a03cf65-8fd6-4fce-94fd-bbaabe68a8e1)

============================================================
Discovering Available Resources
============================================================

Discovering resources at tacc site...
✓ Found 310 hosts
✓ Discovered 18 node types: compute_arm64, compute_cascadelake, compute_cascadelake_r, compute_gigaio, compute_haswell_ib, compute_icelake_r650, compute_icelake_r750, compute_liqid, compute_skylake, compute_zen3, gpu_k80, gpu_m40, gpu_mi100, gpu_p100, gpu_p100_nvlink, gpu_p100_v100, storage, storage_hierarchy
✓ Found 18 node types available

✓ AI resource selection complete
  Node type: compute_cascadelake
  Reasoning: The user does not require a GPU, CPU cores, RAM, or specific disk space. Therefore, a general compute node is suitable. Among the available compute nodes, 'compute_cascadelake' is a versatile and commonly used option.
✓ AI selected node type: compute_cascadelake
  Reasoning: The user does not require a GPU, CPU cores, RAM, or specific disk space. Therefore, a general compute node is suitable. Among the available compute nodes, 'compute_cascadelake' is a versatile and commonly used option.

✓ Target node type: compute_cascadelake

============================================================
Step 5: Create Hardware Reservation (with Fallbacks)
============================================================
✓ AI determined duration: 48 hours
  Reasoning: The requirements involve setting up a Rust toolchain with specific configurations such as nightly toolchain for documentation and no_std support. These tasks are moderately complex but do not involve additional complexities like GPU setup or large data processing. A default duration of 48 hours is appropriate to ensure sufficient time for setup and testing.

============================================================
Attempting Hardware Reservation (with fallbacks)
============================================================
Fallback chain (13 options):
  1. Primary: compute_cascadelake for 48h
  2. Fallback: compute_cascadelake for 24h (reduced duration)
  3. Alt 1: compute_icelake_r750 (48h)
  4. Alt 2: compute_icelake_r750 (24h, reduced)
  5. Alt 3: compute_icelake_r650 (48h)
  6. Alt 4: compute_icelake_r650 (24h, reduced)
  7. Alt 5: compute_cascadelake_r (48h)
  8. Alt 6: compute_cascadelake_r (24h, reduced)
  9. Alt 7: compute_skylake (48h)
  10. Alt 8: compute_skylake (24h, reduced)
  11. Alt 9: compute_haswell_ib (48h)
  12. Alt 10: compute_haswell_ib (24h, reduced)
  13. Fallback: KVM-based VM (when bare metal unavailable)

[Attempt 1/13] Primary: compute_cascadelake for 48h
    ✗ Failed: ERROR: Not enough resources available with query {'resource_type': 'physical:host', 'min': 1, 'max': 1, 'hypervisor_properties': '', 'resource_properties': '["=", "$node_type", "compute_cascadelake"]', 'start_date': datetime.datetime(2026, 2, 6, 5, 28), 'end_date': datetime.datetime(2026, 2, 8, 5, 28), 'project_id': '5b86b66c9be14a228da46d3ab15ef166', 'count_range': '1-1', 'before_end': 'default', 'on_start': 'default'}
    Waiting 5s before next attempt...

[Attempt 2/13] Fallback: compute_cascadelake for 24h (reduced duration)
    ✗ Failed: ERROR: Not enough resources available with query {'resource_type': 'physical:host', 'min': 1, 'max': 1, 'hypervisor_properties': '', 'resource_properties': '["=", "$node_type", "compute_cascadelake"]', 'start_date': datetime.datetime(2026, 2, 6, 5, 28), 'end_date': datetime.datetime(2026, 2, 7, 5, 28), 'project_id': '5b86b66c9be14a228da46d3ab15ef166', 'count_range': '1-1', 'before_end': 'default', 'on_start': 'default'}
    Waiting 5s before next attempt...

[Attempt 3/13] Alt 1: compute_icelake_r750 (48h)
    ✗ Failed: ERROR: Not enough resources available with query {'resource_type': 'physical:host', 'min': 1, 'max': 1, 'hypervisor_properties': '', 'resource_properties': '["=", "$node_type", "compute_icelake_r750"]', 'start_date': datetime.datetime(2026, 2, 6, 5, 28), 'end_date': datetime.datetime(2026, 2, 8, 5, 28), 'project_id': '5b86b66c9be14a228da46d3ab15ef166', 'count_range': '1-1', 'before_end': 'default', 'on_start': 'default'}
    Waiting 5s before next attempt...

[Attempt 4/13] Alt 2: compute_icelake_r750 (24h, reduced)
    ✗ Failed: ERROR: Not enough resources available with query {'resource_type': 'physical:host', 'min': 1, 'max': 1, 'hypervisor_properties': '', 'resource_properties': '["=", "$node_type", "compute_icelake_r750"]', 'start_date': datetime.datetime(2026, 2, 6, 5, 29), 'end_date': datetime.datetime(2026, 2, 7, 5, 29), 'project_id': '5b86b66c9be14a228da46d3ab15ef166', 'count_range': '1-1', 'before_end': 'default', 'on_start': 'default'}
    Waiting 5s before next attempt...

[Attempt 5/13] Alt 3: compute_icelake_r650 (48h)
    Waiting for lease activation (timeout: 300s)...
    ✓ Lease created and ACTIVE (ID: b9b4eccc-da9f-423a-9cca-f1fddfba689e)

============================================================
Reservation Fallback Report
============================================================
Status: ✓ SUCCESS
Message: ✓ Lease created and ACTIVE (ID: b9b4eccc-da9f-423a-9cca-f1fddfba689e)

Successful option:
  Alt 3: compute_icelake_r650 (48h)
  Node type: compute_icelake_r650
  Duration: 48h

Fallback chain had 13 options

✓ Reservation successful: compute_icelake_r650

============================================================
Step 6: Launch Bare Metal Server
============================================================

============================================================
Step 6: Launch Bare Metal Server
============================================================

Launching server:
  Name: auto-server-202602060529
  Image ID: 1b993456-987a-421b-afbf-29aa618565da
  Key: my-key
  Network ID: 1a03cf65-8fd6-4fce-94fd-bbaabe68a8e1
  Reservation ID: b63a5bc0-34fb-447c-bcc1-fa6a82626647

✓ Server creation initiated: 398a7ac8-3408-46ed-9019-403e4de5b6e8

Waiting for server to become ACTIVE...
(This may take 10-30 minutes for bare metal)
  Status: BUILD
  Status: ACTIVE

✓ Server is ACTIVE

============================================================
Step 7: Assign Floating IP
============================================================
Creating new floating IP...
✓ Using floating IP: 129.114.108.226
✓ Floating IP attached

============================================================
✓ Provisioning Complete!
============================================================
Server Name: auto-server-202602060529
Server ID: 398a7ac8-3408-46ed-9019-403e4de5b6e8
Lease ID: b9b4eccc-da9f-423a-9cca-f1fddfba689e
Reservation ID: b63a5bc0-34fb-447c-bcc1-fa6a82626647
Image: CC-Ubuntu24.04
Node Type (requested): compute_cascadelake
Node Type (actual): compute_icelake_r650
Floating IP: 129.114.108.226

SSH Connection:
  ssh ubuntu@129.114.108.226

✓ Info saved to: auto-server-202602060529_info.json
End:     2026-02-06T05:37:20Z (exit=0, duration=659s)
