Command: python 2.0/src/provision_v2.py --repo "https://github.com/elastic/logstash" --site tacc
Start:   2026-02-05T23:41:25Z

============================================================
Automated Hardware Provisioning Tool v2.0
============================================================
✓ Configuration loaded
✓ AI client initialized
✓ OpenStack connection established

============================================================
Step 1: Repository Analysis
============================================================
✓ Repository cloned to: /tmp/logstash

✓ Repository requirements analysis complete:
  CPU: 2 cores
  RAM: 4 GB
  GPU: Not required
  Disk: 10 GB
  OS: ubuntu 20.04
  CUDA: Not required

============================================================
Step 2: Image Selection
============================================================
✓ Found 407 available CC-* images
✓ AI Stage 1: Selected 5 candidates
  Reasoning: The requirements specify an Ubuntu 20.04 OS without CUDA or GPU support. The selected images are all Ubuntu 20.04 versions without CUDA, matching the specified OS type and version. They do not include any CUDA or GPU-specific configurations, aligning with the requirement of no CUDA or GPU support.
⚠ No candidates found, using fallback selection
✓ Fallback image: CC-Ubuntu22.04-CUDA

============================================================
Step 3: SSH Key Management
============================================================
✓ Keypair exists: my-key

============================================================
Step 4: Network Configuration
============================================================
✓ Found network: sharednet1 (ID: 1a03cf65-8fd6-4fce-94fd-bbaabe68a8e1)

============================================================
Discovering Available Resources
============================================================

Discovering resources at tacc site...
✓ Found 310 hosts
✓ Discovered 18 node types: compute_arm64, compute_cascadelake, compute_cascadelake_r, compute_gigaio, compute_haswell_ib, compute_icelake_r650, compute_icelake_r750, compute_liqid, compute_skylake, compute_zen3, gpu_k80, gpu_m40, gpu_mi100, gpu_p100, gpu_p100_nvlink, gpu_p100_v100, storage, storage_hierarchy
✓ Found 18 node types available

✓ AI resource selection complete
  Node type: compute_cascadelake
  Reasoning: The user does not require a GPU, so we should select a general compute node. The compute_cascadelake node type is a suitable choice as it is a general compute node that can meet the CPU and RAM requirements specified by the user.
✓ AI selected node type: compute_cascadelake
  Reasoning: The user does not require a GPU, so we should select a general compute node. The compute_cascadelake node type is a suitable choice as it is a general compute node that can meet the CPU and RAM requirements specified by the user.

✓ Target node type: compute_cascadelake

============================================================
Step 5: Create Hardware Reservation (with Fallbacks)
============================================================
✓ AI determined duration: 48 hours
  Reasoning: The workload involves setting up a development environment with specific requirements such as JDK, JRuby, Gradle, Rake, and Bundler. While the resource requirements are relatively modest, the setup involves multiple components that may require some time to configure and test. Therefore, a lease duration of 48 hours is suggested to ensure adequate time for setup and any potential troubleshooting.

============================================================
Attempting Hardware Reservation (with fallbacks)
============================================================
Fallback chain (13 options):
  1. Primary: compute_cascadelake for 48h
  2. Fallback: compute_cascadelake for 24h (reduced duration)
  3. Alt 1: compute_icelake_r750 (48h)
  4. Alt 2: compute_icelake_r750 (24h, reduced)
  5. Alt 3: compute_icelake_r650 (48h)
  6. Alt 4: compute_icelake_r650 (24h, reduced)
  7. Alt 5: compute_cascadelake_r (48h)
  8. Alt 6: compute_cascadelake_r (24h, reduced)
  9. Alt 7: compute_skylake (48h)
  10. Alt 8: compute_skylake (24h, reduced)
  11. Alt 9: compute_haswell_ib (48h)
  12. Alt 10: compute_haswell_ib (24h, reduced)
  13. Fallback: KVM-based VM (when bare metal unavailable)

[Attempt 1/13] Primary: compute_cascadelake for 48h
    ✗ Failed: ERROR: Not enough resources available with query {'resource_type': 'physical:host', 'min': 1, 'max': 1, 'hypervisor_properties': '', 'resource_properties': '["=", "$node_type", "compute_cascadelake"]', 'start_date': datetime.datetime(2026, 2, 5, 23, 43), 'end_date': datetime.datetime(2026, 2, 7, 23, 43), 'project_id': '5b86b66c9be14a228da46d3ab15ef166', 'count_range': '1-1', 'before_end': 'default', 'on_start': 'default'}
    Waiting 5s before next attempt...

[Attempt 2/13] Fallback: compute_cascadelake for 24h (reduced duration)
    ✗ Failed: ERROR: Not enough resources available with query {'resource_type': 'physical:host', 'min': 1, 'max': 1, 'hypervisor_properties': '', 'resource_properties': '["=", "$node_type", "compute_cascadelake"]', 'start_date': datetime.datetime(2026, 2, 5, 23, 43), 'end_date': datetime.datetime(2026, 2, 6, 23, 43), 'project_id': '5b86b66c9be14a228da46d3ab15ef166', 'count_range': '1-1', 'before_end': 'default', 'on_start': 'default'}
    Waiting 5s before next attempt...

[Attempt 3/13] Alt 1: compute_icelake_r750 (48h)
    Waiting for lease activation (timeout: 300s)...
    ✓ Lease created and ACTIVE (ID: d6e6b20b-00bc-4a3b-bf0e-8ee2b67c486e)

============================================================
Reservation Fallback Report
============================================================
Status: ✓ SUCCESS
Message: ✓ Lease created and ACTIVE (ID: d6e6b20b-00bc-4a3b-bf0e-8ee2b67c486e)

Successful option:
  Alt 1: compute_icelake_r750 (48h)
  Node type: compute_icelake_r750
  Duration: 48h

Fallback chain had 13 options

✓ Reservation successful: compute_icelake_r750

============================================================
Step 6: Launch Bare Metal Server
============================================================

============================================================
Step 6: Launch Bare Metal Server
============================================================

Launching server:
  Name: auto-server-202602052344
  Image ID: c82b931e-4cf8-4366-9878-1ae941f24348
  Key: my-key
  Network ID: 1a03cf65-8fd6-4fce-94fd-bbaabe68a8e1
  Reservation ID: 0b0aa181-dd55-4524-9ff7-48c6e73720cd

✓ Server creation initiated: 0bcdb154-8a05-4066-b24d-97b62037104b

Waiting for server to become ACTIVE...
(This may take 10-30 minutes for bare metal)
  Status: BUILD
  Status: ACTIVE

✓ Server is ACTIVE

============================================================
Step 7: Assign Floating IP
============================================================
Creating new floating IP...
✓ Using floating IP: 129.114.109.0
✓ Floating IP attached

============================================================
✓ Provisioning Complete!
============================================================
Server Name: auto-server-202602052344
Server ID: 0bcdb154-8a05-4066-b24d-97b62037104b
Lease ID: d6e6b20b-00bc-4a3b-bf0e-8ee2b67c486e
Reservation ID: 0b0aa181-dd55-4524-9ff7-48c6e73720cd
Image: CC-Ubuntu22.04-CUDA
Node Type (requested): compute_cascadelake
Node Type (actual): compute_icelake_r750
Floating IP: 129.114.109.0

SSH Connection:
  ssh ubuntu@129.114.109.0

✓ Info saved to: auto-server-202602052344_info.json
End:     2026-02-05T23:53:16Z (exit=0, duration=711s)
