Command: python 2.0/src/provision_v2.py --repo "https://github.com/jqlang/jq" --site tacc
Start:   2026-02-05T20:46:53Z

============================================================
Automated Hardware Provisioning Tool v2.0
============================================================
✓ Configuration loaded
✓ AI client initialized
✓ OpenStack connection established

============================================================
Step 1: Repository Analysis
============================================================
✓ Repository cloned to: /tmp/jq

✓ Repository requirements analysis complete:
  CPU: 1 cores
  RAM: 1 GB
  GPU: Not required
  Disk: 1 GB
  OS: debian 12-slim
  CUDA: Not required

============================================================
Step 2: Image Selection
============================================================
✓ Found 407 available CC-* images
✓ AI Stage 1: Selected 0 candidates
  Reasoning: The requirement specifies a Debian 12-slim image without CUDA or GPU support. However, none of the available images match the Debian OS type or version. All available images are based on Ubuntu or CentOS, which do not meet the specified Debian requirement. Therefore, there are no suitable candidates from the provided list.
⚠ No candidates found, using fallback selection
✓ Fallback image: CC-Ubuntu22.04-CUDA

============================================================
Step 3: SSH Key Management
============================================================
✓ Keypair exists: my-key

============================================================
Step 4: Network Configuration
============================================================
✓ Found network: sharednet1 (ID: 1a03cf65-8fd6-4fce-94fd-bbaabe68a8e1)

============================================================
Discovering Available Resources
============================================================

Discovering resources at tacc site...
✓ Found 310 hosts
✓ Discovered 18 node types: compute_arm64, compute_cascadelake, compute_cascadelake_r, compute_gigaio, compute_haswell_ib, compute_icelake_r650, compute_icelake_r750, compute_liqid, compute_skylake, compute_zen3, gpu_k80, gpu_m40, gpu_mi100, gpu_p100, gpu_p100_nvlink, gpu_p100_v100, storage, storage_hierarchy
✓ Found 18 node types available

✓ AI resource selection complete
  Node type: compute_cascadelake
  Reasoning: The user's requirements specify a need for a general compute node with minimal CPU and RAM, and no GPU is required. Among the available compute nodes, 'compute_cascadelake' is a suitable choice as it is a general-purpose compute node that can efficiently handle the user's low resource requirements.
✓ AI selected node type: compute_cascadelake
  Reasoning: The user's requirements specify a need for a general compute node with minimal CPU and RAM, and no GPU is required. Among the available compute nodes, 'compute_cascadelake' is a suitable choice as it is a general-purpose compute node that can efficiently handle the user's low resource requirements.

✓ Target node type: compute_cascadelake

============================================================
Step 5: Create Hardware Reservation (with Fallbacks)
============================================================
✓ AI determined duration: 24 hours
  Reasoning: The workload is small, requiring minimal CPU, RAM, and disk resources without any GPU or CUDA dependencies. The special requirements are standard development tools, which do not significantly increase complexity. Therefore, a 24-hour lease is appropriate.

============================================================
Attempting Hardware Reservation (with fallbacks)
============================================================
Fallback chain (13 options):
  1. Primary: compute_cascadelake for 24h
  2. Fallback: compute_cascadelake for 12h (reduced duration)
  3. Alt 1: compute_icelake_r750 (24h)
  4. Alt 2: compute_icelake_r750 (12h, reduced)
  5. Alt 3: compute_icelake_r650 (24h)
  6. Alt 4: compute_icelake_r650 (12h, reduced)
  7. Alt 5: compute_cascadelake_r (24h)
  8. Alt 6: compute_cascadelake_r (12h, reduced)
  9. Alt 7: compute_skylake (24h)
  10. Alt 8: compute_skylake (12h, reduced)
  11. Alt 9: compute_haswell_ib (24h)
  12. Alt 10: compute_haswell_ib (12h, reduced)
  13. Fallback: KVM-based VM (when bare metal unavailable)

[Attempt 1/13] Primary: compute_cascadelake for 24h
    Waiting for lease activation (timeout: 300s)...
    ✓ Lease created and ACTIVE (ID: 1290ee5d-74d8-4e89-b784-a5dd4fdadacd)

============================================================
Reservation Fallback Report
============================================================
Status: ✓ SUCCESS
Message: ✓ Lease created and ACTIVE (ID: 1290ee5d-74d8-4e89-b784-a5dd4fdadacd)

Successful option:
  Primary: compute_cascadelake for 24h
  Node type: compute_cascadelake
  Duration: 24h

Fallback chain had 13 options

✓ Reservation successful: compute_cascadelake

============================================================
Step 6: Launch Bare Metal Server
============================================================

============================================================
Step 6: Launch Bare Metal Server
============================================================

Launching server:
  Name: auto-server-202602052049
  Image ID: c82b931e-4cf8-4366-9878-1ae941f24348
  Key: my-key
  Network ID: 1a03cf65-8fd6-4fce-94fd-bbaabe68a8e1
  Reservation ID: 6e394265-d34a-4535-b38c-9c41b6cc6a20

✓ Server creation initiated: 71bbb61c-4348-4cf2-ad0b-dba045134c65

Waiting for server to become ACTIVE...
(This may take 10-30 minutes for bare metal)
  Status: BUILD
  Status: ACTIVE

✓ Server is ACTIVE

============================================================
Step 7: Assign Floating IP
============================================================
Creating new floating IP...
✓ Using floating IP: 129.114.109.50
✓ Floating IP attached

============================================================
✓ Provisioning Complete!
============================================================
Server Name: auto-server-202602052049
Server ID: 71bbb61c-4348-4cf2-ad0b-dba045134c65
Lease ID: 1290ee5d-74d8-4e89-b784-a5dd4fdadacd
Reservation ID: 6e394265-d34a-4535-b38c-9c41b6cc6a20
Image: CC-Ubuntu22.04-CUDA
Node Type (requested): compute_cascadelake
Node Type (actual): compute_cascadelake
Floating IP: 129.114.109.50

SSH Connection:
  ssh ubuntu@129.114.109.50

✓ Info saved to: auto-server-202602052049_info.json
End:     2026-02-05T20:56:53Z (exit=0, duration=600s)
