Command: python 2.0/src/provision_v2.py --repo "https://github.com/EngineeringSoftware/exli" --site tacc
Start:   2026-02-26T03:16:25Z
Traceback (most recent call last):
  File "2.0/src/provision_v2.py", line 722, in main
    lease_id, reservation_id, node_type = attempt_lease_with_fallbacks(
  File "2.0/src/provision_v2.py", line 342, in attempt_lease_with_fallbacks
    raise Exception(f"All Blazar fallback attempts failed. Last error: {last_error}")
Exception: All Blazar fallback attempts failed. Last error: Lease creation failed: ERROR: Not enough resources available with query {'resource_type': 'physical:host', 'min': 1, 'max': 1, 'hypervisor_properties': '', 'resource_properties': '["=", "$node_type", "gpu"]', 'start_date': datetime.datetime(2026, 2, 26, 3, 19), 'end_date': datetime.datetime(2026, 2, 28, 3, 19), 'project_id': '350e72270e474aba8a9199644e0b1182', 'count_range': '1-1', 'before_end': 'default', 'on_start': 'default'}

During handling of the above exception, another exception occurred:

Traceback (most recent call last):
  File "/home/cc/EnvAgent-plus/2.0/src/kvm_launcher.py", line 161, in launch_kvm_instance
    raise Exception(f"KVM instance entered ERROR state: {fault_msg}")
Exception: KVM instance entered ERROR state: No valid host was found. There are not enough hosts available. To troubleshoot, please see bit.ly/faq-instance-failure

During handling of the above exception, another exception occurred:

Traceback (most recent call last):
  File "2.0/src/provision_v2.py", line 758, in main
    server_id, server_info = launch_kvm_instance(
  File "/home/cc/EnvAgent-plus/2.0/src/kvm_launcher.py", line 168, in launch_kvm_instance
    raise Exception(f"KVM instance launch failed: {str(e)}")
Exception: KVM instance launch failed: KVM instance entered ERROR state: No valid host was found. There are not enough hosts available. To troubleshoot, please see bit.ly/faq-instance-failure

During handling of the above exception, another exception occurred:

Traceback (most recent call last):
  File "2.0/src/provision_v2.py", line 772, in main
    raise Exception(f"Complete provisioning failure across all tiers")
Exception: Complete provisioning failure across all tiers

============================================================
Automated Hardware Provisioning Tool v2.0
============================================================
✓ Configuration loaded
✓ AI client initialized
✓ OpenStack connection established

============================================================
Step 1: Repository Analysis
============================================================
✓ Repository cloned to: /tmp/exli

✓ Repository requirements analysis complete:
  CPU: 2 cores
  RAM: 4 GB
  GPU: Not required
  Disk: 10 GB
  OS: ubuntu 22.04
  CUDA: Not required

============================================================
Step 2: Image Selection
============================================================
✓ Found 205 available CC-* images
✓ AI Stage 1: Selected 5 candidates
  Reasoning: The requirements specify an Ubuntu 22.04 OS without CUDA or GPU support. The selected images are all Ubuntu 22.04 without CUDA, matching the criteria perfectly. These images are: 'CC-Ubuntu22.04' with ID '2dbea132-b5b2-4daa-85ff-86670c79eecd', 'CC-Ubuntu22.04_2024-10-22' with ID '8c7e0698-58dd-4366-bd71-f1b4dfea5eb8', 'CC-Ubuntu22.04-20240326' with ID 'cdbbbe8f-f5a5-499c-b4b3-9b7dbecbdfd5', 'CC-Ubuntu22.04-20240129' with ID 'c2a51044-f3fd-4eac-8e69-f58fa4f90109', and 'CC-Ubuntu22.04-20230601' with ID '636ca60f-5de3-4e68-a399-cf84fa303a14'.
⚠ No candidates found, using fallback selection
✓ Fallback image: CC-Ubuntu22.04-CUDA

============================================================
Step 3: SSH Key Management
============================================================
✓ Keypair exists: my-key

============================================================
Step 4: Network Configuration
============================================================
✓ Found network: sharednet1 (ID: 50073c73-5817-49c3-8e3a-69b8c357e158)

============================================================
Discovering Available Resources
============================================================

Discovering resources at tacc site...
✓ Found 85 hosts
✓ Discovered 2 node types (ranked by availability & fit):
    compute: 79 reservable / 79 total | fit_score: 1.0
    gpu: 1 reservable / 1 total | fit_score: 0.3
✓ Found 2 node types available

✓ AI resource selection complete
  Node type: compute
  Reasoning: The compute node type has 79 reservable nodes, which is the highest availability among the options. It matches the user's requirement of not needing a GPU, and it provides sufficient CPU, RAM, and disk resources.
✓ AI selected node type: compute
  Reasoning: The compute node type has 79 reservable nodes, which is the highest availability among the options. It matches the user's requirement of not needing a GPU, and it provides sufficient CPU, RAM, and disk resources.

============================================================
Step 5: Create Hardware Reservation (with fallbacks)
============================================================

→ Trying 2 node types (compute → KVM → others)

[1/2] Attempting: compute (79 reservable / 79 total)
✓ AI determined duration: 48 hours
  Reasoning: The requirements indicate a development or testing environment with specific software needs such as Docker, Java, JUnit, Maven, and Conda. These tools are commonly used in software development and testing scenarios, which can take more than a day to set up, run tests, and make necessary adjustments. Therefore, a 48-hour lease duration is recommended to ensure sufficient time for these activities.

Creating lease:
  Name: auto-202602260316-compute
  Node Type: compute
  Start: 2026-02-26 03:18
  End: 2026-02-28 03:18
  ✗ No capacity available for compute
  → Trying next option...

[2/2] Attempting: gpu (1 reservable / 1 total)
✓ AI determined duration: 48 hours
  Reasoning: The requirements include setting up a development environment with multiple tools such as Docker, Java, JUnit, Maven, and Conda. This setup might take some time to configure and test, especially if there are dependencies or integration tests involved. Additionally, the user might need time to develop, test, and iterate on their project. Therefore, a 48-hour lease provides ample time for setup, development, and any necessary troubleshooting or adjustments.

Creating lease:
  Name: auto-202602260316-gpu
  Node Type: gpu
  Start: 2026-02-26 03:19
  End: 2026-02-28 03:19
  ✗ No capacity available for gpu

✗ All 2 Blazar fallback options exhausted

→ Attempting Tier 4: KVM VM (Direct Nova)

============================================================
TIER 4 FALLBACK: KVM Virtual Machines
============================================================
Blazar bare-metal exhausted: All Blazar fallback attempts failed. Last error: Lease creation failed: ERROR: Not enough resources available with query {'resource_type': 'physical:host', 'min': 1, 'max': 1, 'hypervisor_properties':

→ Switching to direct Nova VM launch (no reservation needed)

  Launching KVM VM:
    Name: auto-server-202602260316
    Image ID: 546bfd02-1a3f-4c00-bc74-c80cc5d6ad43
    Key: my-key
    Network ID: 50073c73-5817-49c3-8e3a-69b8c357e158

  Selecting KVM flavor (CPU: 2, RAM: 4GB)...
  ✓ Selected flavor: m1.medium
    CPU: 2, RAM: 4096MB

  ✓ KVM instance creation initiated: e3d0be74-2c21-45c3-b375-650d5280ff8c

  Waiting for KVM instance to become ACTIVE...
  (This typically takes 1-5 minutes for VMs)
    Status: BUILD
    Status: ERROR

  ✗ Nova Fault Code: 500
  ✗ Nova Fault Message: No valid host was found. There are not enough hosts available. To troubleshoot, please see bit.ly/faq-instance-failure

✗ KVM VM fallback also failed: KVM instance launch failed: KVM instance entered ERROR state: No valid host was found. There are not enough hosts available. To troubleshoot, please see bit.ly/faq-instance-failure

✗ All provisioning tiers exhausted:
   Tier 1-3 (Blazar bare-metal): All Blazar fallback attempts failed. Last error: Lease creation failed: ERROR: Not enough resources available with query {'resource_type': 'physical:h
   Tier 4 (KVM VMs): KVM instance launch failed: KVM instance entered ERROR state: No valid host was found. There are not enough hosts available. To troubleshoot, please s


✗ ERROR: Complete provisioning failure across all tiers
End:     2026-02-26T03:17:21Z (exit=1, duration=56s)
