Traceback (most recent call last):
  File "/home/cc/EnvAgent-plus/2.0/src/kvm_launcher.py", line 148, in launch_kvm_instance
    raise Exception("KVM instance entered ERROR state")
Exception: KVM instance entered ERROR state

During handling of the above exception, another exception occurred:

Traceback (most recent call last):
  File "2.0/src/provision_v2.py", line 600, in main
    server_id, server_info = launch_kvm_instance(
  File "/home/cc/EnvAgent-plus/2.0/src/kvm_launcher.py", line 155, in launch_kvm_instance
    raise Exception(f"KVM instance launch failed: {str(e)}")
Exception: KVM instance launch failed: KVM instance entered ERROR state

============================================================
Automated Hardware Provisioning Tool v2.0
============================================================
✓ Configuration loaded
✓ AI client initialized
✓ OpenStack connection established

============================================================
Step 1: Repository Analysis
============================================================
✓ Repository cloned to: /tmp/crossprefetch-asplos24-artifacts

✓ Repository requirements analysis complete:
  CPU: 128 cores
  RAM: None GB
  GPU: Not required
  Disk: 350 GB
  OS: ubuntu None
  CUDA: Not required

============================================================
Step 2: Image Selection
============================================================
✓ Found 205 available CC-* images
✓ AI Stage 1: Selected 5 candidates
  Reasoning: The requirements specify an Ubuntu OS without the need for CUDA or GPU support. Therefore, images with Ubuntu and without CUDA are suitable. The selected images are the most recent versions of Ubuntu 24.04, 22.04, and 20.04 without CUDA support, ensuring they meet the requirement of having no specific OS version constraint while being up-to-date.
⚠ No candidates found, using fallback selection
✓ Fallback image: CC-Ubuntu22.04-CUDA

============================================================
Step 3: SSH Key Management
============================================================
✓ Keypair exists: my-key

============================================================
Step 4: Network Configuration
============================================================
✓ Found network: sharednet1 (ID: 50073c73-5817-49c3-8e3a-69b8c357e158)

============================================================
Discovering Available Resources
============================================================

Discovering resources at tacc site...
✓ Found 85 hosts
✓ Discovered 2 node types: compute, gpu
✓ Found 2 node types available

✓ AI resource selection complete
  Node type: compute_cascadelake_r640
  Reasoning: The user requires a node with 128 CPU cores and 350 GB of disk space. Since GPU is not required, a compute node is the most suitable choice. Among the available compute nodes, 'compute_cascadelake_r640' is selected as it is likely to meet the high CPU core requirement.
✓ AI selected node type: compute_cascadelake_r640
  Reasoning: The user requires a node with 128 CPU cores and 350 GB of disk space. Since GPU is not required, a compute node is the most suitable choice. Among the available compute nodes, 'compute_cascadelake_r640' is selected as it is likely to meet the high CPU core requirement.

✓ Target node type: compute_cascadelake_r640

============================================================
Step 5: Create Hardware Reservation (with Fallbacks)
============================================================
✓ AI determined duration: 72 hours
  Reasoning: The setup involves a high number of CPU cores and several complex requirements such as a modified Linux kernel, F2FS filesystem support, and a remote NVMe-oF setup. These factors indicate a complex setup, which typically requires more time to configure and test. Therefore, a lease duration of 72 hours is recommended to ensure sufficient time for setup and any necessary troubleshooting.

============================================================
Attempting Hardware Reservation (with fallbacks)
============================================================
Fallback chain (3 options):
  1. Primary: compute_cascadelake_r640 for 72h
  2. Fallback: compute_cascadelake_r640 for 36h (reduced duration)
  3. Fallback: KVM-based VM (when bare metal unavailable)

[Attempt 1/3] Primary: compute_cascadelake_r640 for 72h
    ✗ Failed: ERROR: Not enough resources available with query {'resource_type': 'physical:host', 'min': 1, 'max': 1, 'hypervisor_properties': '', 'resource_properties': '["=", "$node_type", "compute_cascadelake_r640"]', 'start_date': datetime.datetime(2026, 2, 5, 0, 48), 'end_date': datetime.datetime(2026, 2, 8, 0, 48), 'project_id': '350e72270e474aba8a9199644e0b1182', 'count_range': '1-1', 'before_end': 'default', 'on_start': 'default'}
    Waiting 5s before next attempt...

[Attempt 2/3] Fallback: compute_cascadelake_r640 for 36h (reduced duration)
    ✗ Failed: ERROR: Not enough resources available with query {'resource_type': 'physical:host', 'min': 1, 'max': 1, 'hypervisor_properties': '', 'resource_properties': '["=", "$node_type", "compute_cascadelake_r640"]', 'start_date': datetime.datetime(2026, 2, 5, 0, 48), 'end_date': datetime.datetime(2026, 2, 6, 12, 48), 'project_id': '350e72270e474aba8a9199644e0b1182', 'count_range': '1-1', 'before_end': 'default', 'on_start': 'default'}
    Waiting 5s before next attempt...

[Attempt 3/3] Fallback: KVM-based VM (when bare metal unavailable)
    ⚠ KVM fallback (VM-based) - skipping Blazar, will use OpenStack directly

============================================================
Reservation Fallback Report
============================================================
Status: ✓ SUCCESS
Message: Using KVM fallback (no Blazar lease)

Successful option:
  Fallback: KVM-based VM (when bare metal unavailable)
  Node type: KVM (VM-based)
  Duration: 72h

Fallback chain had 3 options

⚠ Using KVM (VM-based) instead of bare metal
   This is a temporary fallback - consider retrying later for bare metal

============================================================
Step 6: Launch KVM-based VM
============================================================
⚠ KVM fallback mode: launching VM instead of bare metal
   (Reservation ID not applicable for KVM)

  Launching KVM VM:
    Name: auto-server-202602050047
    Image ID: 546bfd02-1a3f-4c00-bc74-c80cc5d6ad43
    Key: my-key
    Network ID: 50073c73-5817-49c3-8e3a-69b8c357e158

  Selecting KVM flavor (CPU: 128, RAM: NoneGB)...
  ⚠ RAM requirement missing; defaulting to 2 GB for flavor selection
  ⚠ No flavor found matching requirements, using smallest KVM flavor with sufficient disk
  ✓ Selected flavor: m1.medium
    CPU: 2, RAM: 4096MB

  ✓ KVM instance creation initiated: bd3aba78-0704-4a17-a62c-fddc417fdc31

  Waiting for KVM instance to become ACTIVE...
  (This typically takes 1-5 minutes for VMs)
    Status: BUILD
    Status: ERROR


✗ ERROR: KVM instance launch failed: KVM instance entered ERROR state
