Command: python 2.0/src/provision_v2.py --repo "https://github.com/yrcong/RelTR" --site tacc
Start:   2026-02-19T00:15:34Z
Traceback (most recent call last):
  File "2.0/src/provision_v2.py", line 299, in create_lease_with_ai
    lease = blazar.lease.create(
  File "/home/cc/EnvAgent-plus/venv/lib/python3.8/site-packages/blazarclient/v1/leases.py", line 32, in create
    resp, body = self.request_manager.post('/leases', body=values)
  File "/home/cc/EnvAgent-plus/venv/lib/python3.8/site-packages/keystoneauth1/adapter.py", line 399, in post
    return self.request(url, 'POST', **kwargs)
  File "/home/cc/EnvAgent-plus/venv/lib/python3.8/site-packages/blazarclient/base.py", line 135, in request
    raise exception.BlazarClientException(msg, code=resp.status_code)
blazarclient.exception.BlazarClientException: ERROR: Not enough resources available with query {'resource_type': 'physical:host', 'min': 1, 'max': 1, 'hypervisor_properties': '', 'resource_properties': '["=", "$node_type", "gpu_p100"]', 'start_date': datetime.datetime(2026, 2, 19, 0, 18), 'end_date': datetime.datetime(2026, 2, 21, 0, 18), 'project_id': '5b86b66c9be14a228da46d3ab15ef166', 'count_range': '1-1', 'before_end': 'default', 'on_start': 'default'}

During handling of the above exception, another exception occurred:

Traceback (most recent call last):
  File "2.0/src/provision_v2.py", line 600, in main
    lease_id, reservation_id = create_lease_with_ai(
  File "2.0/src/provision_v2.py", line 346, in create_lease_with_ai
    raise Exception(f"Lease creation failed: {str(e)}")
Exception: Lease creation failed: ERROR: Not enough resources available with query {'resource_type': 'physical:host', 'min': 1, 'max': 1, 'hypervisor_properties': '', 'resource_properties': '["=", "$node_type", "gpu_p100"]', 'start_date': datetime.datetime(2026, 2, 19, 0, 18), 'end_date': datetime.datetime(2026, 2, 21, 0, 18), 'project_id': '5b86b66c9be14a228da46d3ab15ef166', 'count_range': '1-1', 'before_end': 'default', 'on_start': 'default'}

============================================================
Automated Hardware Provisioning Tool v2.0
============================================================
✓ Configuration loaded
✓ AI client initialized
✓ OpenStack connection established

============================================================
Step 1: Repository Analysis
============================================================
✓ Repository cloned to: /tmp/RelTR

✓ Repository requirements analysis complete:
  CPU: 8 cores
  RAM: 16 GB
  GPU: Required
  GPU Memory: 8 GB
  Disk: 50 GB
  OS: ubuntu 20.04
  CUDA: Required

============================================================
Step 2: Image Selection
============================================================
✓ Found 407 available CC-* images
✓ AI Stage 1: Selected 5 candidates
  Reasoning: The requirements specify an Ubuntu 20.04 operating system with CUDA support. The available images that meet these criteria are: CC-Ubuntu20.04-CUDA (ID: 91d8e584-bc97-4e81-a1e5-cf858ac3afd7), CC-Ubuntu20.04-CUDA11 (ID: a5ed16a4-16fb-4b63-8e62-ad5989bec58a), and several dated versions of CC-Ubuntu20.04-CUDA from 2024 and 2023 (IDs: a8fddebf-0e01-47f1-ae35-cc7b1dd99ccc, 714e046e-2d0a-4306-b1e3-2a0a99eb4d36, 5b9fcdd3-739b-4f83-9c9f-fc03c4926120). These images ensure compatibility with the specified OS version and CUDA requirement.
⚠ No candidates found, using fallback selection
✓ Fallback image: CC-Ubuntu22.04-CUDA

============================================================
Step 3: SSH Key Management
============================================================
✓ Keypair exists: my-key

============================================================
Step 4: Network Configuration
============================================================
✓ Found network: sharednet1 (ID: 1a03cf65-8fd6-4fce-94fd-bbaabe68a8e1)

============================================================
Discovering Available Resources
============================================================

Discovering resources at tacc site...
✓ Found 310 hosts
✓ Discovered 18 node types (ranked by availability & fit):
    compute_cascadelake_r: 56 reservable / 56 total | fit_score: 1.0
    compute_icelake_r650: 50 reservable / 52 total | fit_score: 1.0
    compute_zen3: 32 reservable / 32 total | fit_score: 1.0
    compute_skylake: 29 reservable / 32 total | fit_score: 1.0
    compute_cascadelake: 24 reservable / 24 total | fit_score: 1.0
    compute_icelake_r750: 18 reservable / 20 total | fit_score: 1.0
    compute_haswell_ib: 17 reservable / 17 total | fit_score: 1.0
    gpu_p100: 15 reservable / 15 total | fit_score: 2.0
    storage: 13 reservable / 21 total | fit_score: 0.2
    gpu_mi100: 8 reservable / 8 total | fit_score: 2.0
    compute_arm64: 8 reservable / 8 total | fit_score: 1.0
    compute_liqid: 8 reservable / 8 total | fit_score: 1.0
    compute_gigaio: 6 reservable / 6 total | fit_score: 1.0
    gpu_p100_nvlink: 4 reservable / 4 total | fit_score: 2.0
    gpu_k80: 2 reservable / 2 total | fit_score: 2.0
    gpu_m40: 2 reservable / 2 total | fit_score: 2.0
    storage_hierarchy: 2 reservable / 2 total | fit_score: 0.2
    gpu_p100_v100: 1 reservable / 1 total | fit_score: 2.0
✓ Found 18 node types available

✓ AI resource selection complete
  Node type: gpu_p100
  Reasoning: The user requires a GPU node with at least 8 GB GPU memory. Among the available GPU nodes, gpu_p100 has the highest reservable count of 15, ensuring a higher success rate for lease creation compared to other GPU options.
✓ AI selected node type: gpu_p100
  Reasoning: The user requires a GPU node with at least 8 GB GPU memory. Among the available GPU nodes, gpu_p100 has the highest reservable count of 15, ensuring a higher success rate for lease creation compared to other GPU options.

✓ Target node type: gpu_p100

============================================================
Step 5: Create Hardware Reservation
============================================================
✓ AI determined duration: 48 hours
  Reasoning: The requirements suggest a setup for machine learning or deep learning tasks, which typically involve training models that can take a significant amount of time. The need for a GPU with CUDA, along with specific versions of PyTorch and torchvision, indicates that the tasks are likely computationally intensive. A 48-hour lease provides sufficient time for setting up the environment, running experiments, and making adjustments if necessary.

Creating lease:
  Name: auto-gpu_p100-202602190016
  Node Type: gpu_p100
  Start: 2026-02-19 00:18
  End: 2026-02-21 00:18


✗ ERROR: Lease creation failed: ERROR: Not enough resources available with query {'resource_type': 'physical:host', 'min': 1, 'max': 1, 'hypervisor_properties': '', 'resource_properties': '["=", "$node_type", "gpu_p100"]', 'start_date': datetime.datetime(2026, 2, 19, 0, 18), 'end_date': datetime.datetime(2026, 2, 21, 0, 18), 'project_id': '5b86b66c9be14a228da46d3ab15ef166', 'count_range': '1-1', 'before_end': 'default', 'on_start': 'default'}
End:     2026-02-19T00:16:11Z (exit=1, duration=37s)
