Command: python 2.0/src/provision_v2.py --repo "https://github.com/cli/cli" --site tacc
Start:   2026-02-05T22:55:55Z

============================================================
Automated Hardware Provisioning Tool v2.0
============================================================
✓ Configuration loaded
✓ AI client initialized
✓ OpenStack connection established

============================================================
Step 1: Repository Analysis
============================================================
✓ Repository cloned to: /tmp/cli

✓ Repository requirements analysis complete:
  CPU: 1 cores
  RAM: 1 GB
  GPU: Not required
  Disk: 1 GB
  OS: None None
  CUDA: Not required

============================================================
Step 2: Image Selection
============================================================
✓ Found 407 available CC-* images
✓ AI Stage 1: Selected 5 candidates
  Reasoning: The requirements specify that there is no specific OS type or version needed, and CUDA or GPU support is not required. Therefore, the selection focuses on the most recent and general-purpose images without CUDA. The selected images include the latest Ubuntu and CentOS versions without CUDA, ensuring broad compatibility and up-to-date security patches. These are: CC-Ubuntu24.04, CC-Ubuntu22.04, CC-Ubuntu20.04, CC-CentOS9-Stream, and another recent CC-Ubuntu24.04 image.
⚠ No candidates found, using fallback selection
✓ Fallback image: CC-Ubuntu22.04-CUDA

============================================================
Step 3: SSH Key Management
============================================================
✓ Keypair exists: my-key

============================================================
Step 4: Network Configuration
============================================================
✓ Found network: sharednet1 (ID: 1a03cf65-8fd6-4fce-94fd-bbaabe68a8e1)

============================================================
Discovering Available Resources
============================================================

Discovering resources at tacc site...
✓ Found 310 hosts
✓ Discovered 18 node types: compute_arm64, compute_cascadelake, compute_cascadelake_r, compute_gigaio, compute_haswell_ib, compute_icelake_r650, compute_icelake_r750, compute_liqid, compute_skylake, compute_zen3, gpu_k80, gpu_m40, gpu_mi100, gpu_p100, gpu_p100_nvlink, gpu_p100_v100, storage, storage_hierarchy
✓ Found 18 node types available

✓ AI resource selection complete
  Node type: compute_cascadelake
  Reasoning: The user does not require a GPU, so a general compute node is suitable. The compute_cascadelake node type is chosen as it is a general compute node that can meet the basic CPU and RAM requirements specified by the user.
✓ AI selected node type: compute_cascadelake
  Reasoning: The user does not require a GPU, so a general compute node is suitable. The compute_cascadelake node type is chosen as it is a general compute node that can meet the basic CPU and RAM requirements specified by the user.

✓ Target node type: compute_cascadelake

============================================================
Step 5: Create Hardware Reservation (with Fallbacks)
============================================================
✓ AI determined duration: 24 hours
  Reasoning: The workload is small, with minimal CPU, RAM, and disk requirements, and no GPU or special software dependencies. A 24-hour lease should be sufficient for such a basic setup.

============================================================
Attempting Hardware Reservation (with fallbacks)
============================================================
Fallback chain (13 options):
  1. Primary: compute_cascadelake for 24h
  2. Fallback: compute_cascadelake for 12h (reduced duration)
  3. Alt 1: compute_icelake_r750 (24h)
  4. Alt 2: compute_icelake_r750 (12h, reduced)
  5. Alt 3: compute_icelake_r650 (24h)
  6. Alt 4: compute_icelake_r650 (12h, reduced)
  7. Alt 5: compute_cascadelake_r (24h)
  8. Alt 6: compute_cascadelake_r (12h, reduced)
  9. Alt 7: compute_skylake (24h)
  10. Alt 8: compute_skylake (12h, reduced)
  11. Alt 9: compute_haswell_ib (24h)
  12. Alt 10: compute_haswell_ib (12h, reduced)
  13. Fallback: KVM-based VM (when bare metal unavailable)

[Attempt 1/13] Primary: compute_cascadelake for 24h
    Waiting for lease activation (timeout: 300s)...
    ✓ Lease created and ACTIVE (ID: 0cf6fdb6-8dc7-434a-8216-e658111b4ee7)

============================================================
Reservation Fallback Report
============================================================
Status: ✓ SUCCESS
Message: ✓ Lease created and ACTIVE (ID: 0cf6fdb6-8dc7-434a-8216-e658111b4ee7)

Successful option:
  Primary: compute_cascadelake for 24h
  Node type: compute_cascadelake
  Duration: 24h

Fallback chain had 13 options

✓ Reservation successful: compute_cascadelake

============================================================
Step 6: Launch Bare Metal Server
============================================================

============================================================
Step 6: Launch Bare Metal Server
============================================================

Launching server:
  Name: auto-server-202602052258
  Image ID: c82b931e-4cf8-4366-9878-1ae941f24348
  Key: my-key
  Network ID: 1a03cf65-8fd6-4fce-94fd-bbaabe68a8e1
  Reservation ID: b7ee2b3b-98e5-465f-900d-e8ed8a8fc387

✓ Server creation initiated: ee89cf08-a163-4201-aae2-2b0628cffe56

Waiting for server to become ACTIVE...
(This may take 10-30 minutes for bare metal)
  Status: BUILD
  Status: ACTIVE

✓ Server is ACTIVE

============================================================
Step 7: Assign Floating IP
============================================================
Creating new floating IP...
✓ Using floating IP: 129.114.108.115
✓ Floating IP attached

============================================================
✓ Provisioning Complete!
============================================================
Server Name: auto-server-202602052258
Server ID: ee89cf08-a163-4201-aae2-2b0628cffe56
Lease ID: 0cf6fdb6-8dc7-434a-8216-e658111b4ee7
Reservation ID: b7ee2b3b-98e5-465f-900d-e8ed8a8fc387
Image: CC-Ubuntu22.04-CUDA
Node Type (requested): compute_cascadelake
Node Type (actual): compute_cascadelake
Floating IP: 129.114.108.115

SSH Connection:
  ssh ubuntu@129.114.108.115

✓ Info saved to: auto-server-202602052258_info.json
End:     2026-02-05T23:06:46Z (exit=0, duration=651s)
