⚠ WARNING: python-chi not available; KVM provisioning will be limited

============================================================
Automated Hardware Provisioning Tool v2.0
============================================================
✓ Configuration loaded
✓ AI client initialized
✓ OpenStack connection established

============================================================
Step 1: Repository Analysis
============================================================
✓ Repository cloned to: /tmp/CellViT-Inference

✓ Repository requirements analysis complete:
  CPU: 16 cores
  RAM: 32 GB
  GPU: Required
  GPU Memory: 24 GB
  Disk: 30 GB
  OS: ubuntu None
  CUDA: Required

============================================================
Step 2: Image Selection
============================================================
✓ Found 205 available CC-* images
✓ AI Stage 1: Selected 2 candidates
  Reasoning: The requirements specify an Ubuntu OS with CUDA support, which implies the need for images that are specifically built with CUDA. The available images that meet this requirement are 'CC-Ubuntu24.04-CUDA' and 'CC-Ubuntu22.04-CUDA'. These images are based on Ubuntu and include CUDA support, making them suitable for environments that require GPU capabilities.
⚠ No candidates found, using fallback selection
✓ Fallback image: CC-Ubuntu22.04-CUDA

============================================================
Step 3: SSH Key Management
============================================================
✓ Keypair exists: my-key

============================================================
Step 4: Network Configuration
============================================================
✓ Found network: sharednet1 (ID: 50073c73-5817-49c3-8e3a-69b8c357e158)

============================================================
Discovering Available Resources
============================================================

Discovering resources at KVM@TACC site...
✓ Found 85 hosts
✓ Discovered 2 node types (ranked by availability & fit):
    compute: 79 reservable / 79 total | fit_score: 1.0
    gpu: 1 reservable / 1 total | fit_score: 2.0
✓ Found 2 node types available

✓ AI resource selection complete
  Node type: gpu_rtx_6000
  Reasoning: The gpu_rtx_6000 node type matches the user's requirement for a GPU with 24 GB memory. It is the only available GPU node type, and although it has only 1 reservable count, it is the only option that fits the GPU requirement.
✓ AI selected node type: gpu_rtx_6000
  Reasoning: The gpu_rtx_6000 node type matches the user's requirement for a GPU with 24 GB memory. It is the only available GPU node type, and although it has only 1 reservable count, it is the only option that fits the GPU requirement.

============================================================
KVM@TACC: Skipping bare-metal Blazar (wrong model for KVM)
TIER 4 FALLBACK: Direct Nova KVM launch
============================================================

  Launching KVM VM:
    Name: auto-server-202605010309-20260501030907-ec6272
    Image ID: 546bfd02-1a3f-4c00-bc74-c80cc5d6ad43
    Key: my-key
    Network ID: 50073c73-5817-49c3-8e3a-69b8c357e158

  Selecting KVM flavor (CPU: 16, RAM: 32GB)...
  ✓ Selected flavor: m1.xxlarge
    CPU: 16, RAM: 32768MB

  ✓ KVM instance creation initiated: 65ec6741-e15f-4cb9-b323-41df9820b9b4

  Waiting for KVM instance to become ACTIVE...
  (This typically takes 1-5 minutes for VMs)
    Status: BUILD
    Status: ACTIVE

  ✓ KVM instance is ACTIVE

✓ KVM VM direct launch successful

============================================================
Step 7: Assign Floating IP
============================================================
✓ Using floating IP: 129.114.26.249
✓ Floating IP attached

============================================================
✓ Provisioning Complete!
============================================================
Provisioning Type: kvm_vm
Server Name: auto-server-202605010309-20260501030907-ec6272
Server ID: 65ec6741-e15f-4cb9-b323-41df9820b9b4
Image: CC-Ubuntu22.04-CUDA
Node Type: kvm_vm_direct
Floating IP: 129.114.26.249

SSH Connection:
  ssh ubuntu@129.114.26.249

✓ Info saved to: auto-server-202605010309-20260501030907-ec6272_info.json
