⚠ WARNING: python-chi not available; KVM provisioning will be limited

============================================================
Automated Hardware Provisioning Tool v2.0
============================================================
✓ Configuration loaded
✓ AI client initialized
✓ OpenStack connection established

============================================================
Step 1: Repository Analysis
============================================================
✓ Repository cloned to: /tmp/svrtk-docker-gpu

✓ Repository requirements analysis complete:
  CPU: 6 cores
  RAM: 16 GB
  GPU: Required
  GPU Memory: 12 GB
  Disk: 30 GB
  OS: ubuntu 20.04
  CUDA: Required

============================================================
Step 2: Image Selection
============================================================
✓ Found 205 available CC-* images
✓ AI Stage 1: Selected 3 candidates
  Reasoning: The requirements specify an Ubuntu 20.04 image with CUDA support for GPU usage. The available images do not explicitly list any Ubuntu 20.04 images with CUDA, but we can select the most recent Ubuntu 20.04 images available. These images are likely to be compatible with CUDA installations post-deployment, allowing for GPU usage. The selected images are the most recent Ubuntu 20.04 images, ensuring the latest updates and potential compatibility with CUDA.

✓ Final Selection: CC-Ubuntu20.04-20230531.1
  Image ID: f4c531e8-5d8b-4d3f-8692-ce2024b38af6

============================================================
Step 3: SSH Key Management
============================================================
✓ Keypair exists: my-key

============================================================
Step 4: Network Configuration
============================================================
✓ Found network: sharednet1 (ID: 50073c73-5817-49c3-8e3a-69b8c357e158)

============================================================
Discovering Available Resources
============================================================

Discovering resources at KVM@TACC site...
✓ Found 85 hosts
✓ Discovered 2 node types (ranked by availability & fit):
    compute: 79 reservable / 79 total | fit_score: 1.0
    gpu: 1 reservable / 1 total | fit_score: 2.0
✓ Found 2 node types available

✓ AI resource selection complete
  Node type: gpu
  Reasoning: The user requires a GPU with at least 12 GB memory. The available node type 'gpu' matches the GPU requirement. Although there is only 1 reservable 'gpu' node, it is the only option that fits the GPU requirement. Therefore, it is selected despite the low availability.
✓ AI selected node type: gpu
  Reasoning: The user requires a GPU with at least 12 GB memory. The available node type 'gpu' matches the GPU requirement. Although there is only 1 reservable 'gpu' node, it is the only option that fits the GPU requirement. Therefore, it is selected despite the low availability.

============================================================
KVM@TACC: Skipping bare-metal Blazar (wrong model for KVM)
TIER 4 FALLBACK: Direct Nova KVM launch
============================================================

  Launching KVM VM:
    Name: auto-server-202605010310-20260501031024-baa1f5
    Image ID: f4c531e8-5d8b-4d3f-8692-ce2024b38af6
    Key: my-key
    Network ID: 50073c73-5817-49c3-8e3a-69b8c357e158

  Selecting KVM flavor (CPU: 6, RAM: 16GB)...
  ✓ Selected flavor: m1.xlarge
    CPU: 8, RAM: 16384MB

  ✓ KVM instance creation initiated: f3f998e0-c0ec-49a5-b3b6-912fcff92a39

  Waiting for KVM instance to become ACTIVE...
  (This typically takes 1-5 minutes for VMs)
    Status: BUILD
    Status: ACTIVE

  ✓ KVM instance is ACTIVE

✓ KVM VM direct launch successful

============================================================
Step 7: Assign Floating IP
============================================================
✓ Using floating IP: 129.114.26.249
✓ Floating IP attached

============================================================
✓ Provisioning Complete!
============================================================
Provisioning Type: kvm_vm
Server Name: auto-server-202605010310-20260501031024-baa1f5
Server ID: f3f998e0-c0ec-49a5-b3b6-912fcff92a39
Image: CC-Ubuntu20.04-20230531.1
Node Type: kvm_vm_direct
Floating IP: 129.114.26.249

SSH Connection:
  ssh ubuntu@129.114.26.249

✓ Info saved to: auto-server-202605010310-20260501031024-baa1f5_info.json
