⚠ WARNING: python-chi not available; KVM provisioning will be limited

============================================================
Automated Hardware Provisioning Tool v2.0
============================================================
✓ Configuration loaded
✓ AI client initialized
✓ OpenStack connection established

============================================================
Step 1: Repository Analysis
============================================================
✓ Repository cloned to: /tmp/Kilosort4

✓ Repository requirements analysis complete:
  CPU: 4 cores
  RAM: 8 GB
  GPU: Required
  GPU Memory: 8 GB
  Disk: None GB
  OS: ubuntu 20.04
  CUDA: Required

============================================================
Step 2: Image Selection
============================================================
✓ Found 205 available CC-* images
✓ AI Stage 1: Selected 3 candidates
  Reasoning: The requirement specifies Ubuntu 20.04 with CUDA support. However, none of the available images explicitly mention CUDA support for Ubuntu 20.04. Therefore, the best approach is to select the most recent Ubuntu 20.04 images, which can potentially be configured with CUDA after deployment. The selected images are the most recent Ubuntu 20.04 images available, ensuring the latest updates and security patches.

✓ Final Selection: CC-Ubuntu20.04-20230531.1
  Image ID: f4c531e8-5d8b-4d3f-8692-ce2024b38af6

============================================================
Step 3: SSH Key Management
============================================================
✓ Keypair exists: my-key

============================================================
Step 4: Network Configuration
============================================================
✓ Found network: sharednet1 (ID: 50073c73-5817-49c3-8e3a-69b8c357e158)

============================================================
Discovering Available Resources
============================================================

Discovering resources at KVM@TACC site...
✓ Found 85 hosts
✓ Discovered 2 node types (ranked by availability & fit):
    compute: 79 reservable / 79 total | fit_score: 1.0
    gpu: 1 reservable / 1 total | fit_score: 2.0
✓ Found 2 node types available

✓ AI resource selection complete
  Node type: gpu
  Reasoning: The user requires a GPU with 8 GB memory. The available 'gpu' node type matches this requirement and has 1 reservable node. Although the 'compute' node type has higher reservable count, it does not meet the GPU requirement.
✓ AI selected node type: gpu
  Reasoning: The user requires a GPU with 8 GB memory. The available 'gpu' node type matches this requirement and has 1 reservable node. Although the 'compute' node type has higher reservable count, it does not meet the GPU requirement.

============================================================
KVM@TACC: Skipping bare-metal Blazar (wrong model for KVM)
TIER 4 FALLBACK: Direct Nova KVM launch
============================================================

  Launching KVM VM:
    Name: auto-server-202605010307-20260501030713-b2d252
    Image ID: f4c531e8-5d8b-4d3f-8692-ce2024b38af6
    Key: my-key
    Network ID: 50073c73-5817-49c3-8e3a-69b8c357e158

  Selecting KVM flavor (CPU: 4, RAM: 8GB)...
  ✓ Selected flavor: m1.large
    CPU: 4, RAM: 8192MB

  ✓ KVM instance creation initiated: 6150616c-8e7f-4c13-b2e1-079f4f6fc210

  Waiting for KVM instance to become ACTIVE...
  (This typically takes 1-5 minutes for VMs)
    Status: BUILD
    Status: ACTIVE

  ✓ KVM instance is ACTIVE

✓ KVM VM direct launch successful

============================================================
Step 7: Assign Floating IP
============================================================
✓ Using floating IP: 129.114.26.249
✓ Floating IP attached

============================================================
✓ Provisioning Complete!
============================================================
Provisioning Type: kvm_vm
Server Name: auto-server-202605010307-20260501030713-b2d252
Server ID: 6150616c-8e7f-4c13-b2e1-079f4f6fc210
Image: CC-Ubuntu20.04-20230531.1
Node Type: kvm_vm_direct
Floating IP: 129.114.26.249

SSH Connection:
  ssh ubuntu@129.114.26.249

✓ Info saved to: auto-server-202605010307-20260501030713-b2d252_info.json
