⚠ WARNING: python-chi not available; KVM provisioning will be limited

============================================================
Automated Hardware Provisioning Tool v2.0
============================================================
✓ Configuration loaded
✓ AI client initialized
✓ OpenStack connection established

============================================================
Step 1: Repository Analysis
============================================================
✓ Repository cloned to: /tmp/CLM-GS

✓ Repository requirements analysis complete:
  CPU: 8 cores
  RAM: 128 GB
  GPU: Required
  GPU Memory: 24 GB
  Disk: 500 GB
  OS: ubuntu 20.04
  CUDA: Required

============================================================
Step 2: Image Selection
============================================================
✓ Found 205 available CC-* images
✓ AI Stage 1: Selected 0 candidates
  Reasoning: The available images do not include any Ubuntu 20.04 images with CUDA support. The naming convention suggests that images with CUDA support would include 'CUDA' in their name, but none of the Ubuntu 20.04 images listed have this designation. Therefore, there are no suitable candidates that meet all the specified requirements: Ubuntu 20.04, CUDA support, and GPU support.
⚠ No candidates found, using fallback selection
✓ Fallback image: CC-Ubuntu22.04-CUDA

============================================================
Step 3: SSH Key Management
============================================================
✓ Keypair exists: my-key

============================================================
Step 4: Network Configuration
============================================================
✓ Found network: sharednet1 (ID: 50073c73-5817-49c3-8e3a-69b8c357e158)

============================================================
Discovering Available Resources
============================================================

Discovering resources at KVM@TACC site...
✓ Found 85 hosts
✓ Discovered 2 node types (ranked by availability & fit):
    compute: 79 reservable / 79 total | fit_score: 1.0
    gpu: 1 reservable / 1 total | fit_score: 2.0
✓ Found 2 node types available

✓ AI resource selection complete
  Node type: gpu_rtx_6000
  Reasoning: The gpu_rtx_6000 node type matches the user's requirement for GPU with 24 GB memory. It has the highest reservable count among GPU nodes, ensuring higher availability and a better success rate for lease creation.
✓ AI selected node type: gpu_rtx_6000
  Reasoning: The gpu_rtx_6000 node type matches the user's requirement for GPU with 24 GB memory. It has the highest reservable count among GPU nodes, ensuring higher availability and a better success rate for lease creation.

============================================================
KVM@TACC: Skipping bare-metal Blazar (wrong model for KVM)
TIER 4 FALLBACK: Direct Nova KVM launch
============================================================

  Launching KVM VM:
    Name: auto-server-202605010307-20260501030749-687ffa
    Image ID: 546bfd02-1a3f-4c00-bc74-c80cc5d6ad43
    Key: my-key
    Network ID: 50073c73-5817-49c3-8e3a-69b8c357e158

  Selecting KVM flavor (CPU: 8, RAM: 128GB)...
  ⚠ No flavor found matching requirements, using smallest KVM flavor with sufficient disk
  ✓ Selected flavor: m1.medium
    CPU: 2, RAM: 4096MB

  ✓ KVM instance creation initiated: 4b743c8a-b0b0-40f2-a020-271f3e6b7619

  Waiting for KVM instance to become ACTIVE...
  (This typically takes 1-5 minutes for VMs)
    Status: BUILD
    Status: ACTIVE

  ✓ KVM instance is ACTIVE

✓ KVM VM direct launch successful

============================================================
Step 7: Assign Floating IP
============================================================
✓ Using floating IP: 129.114.26.249
✓ Floating IP attached

============================================================
✓ Provisioning Complete!
============================================================
Provisioning Type: kvm_vm
Server Name: auto-server-202605010307-20260501030749-687ffa
Server ID: 4b743c8a-b0b0-40f2-a020-271f3e6b7619
Image: CC-Ubuntu22.04-CUDA
Node Type: kvm_vm_direct
Floating IP: 129.114.26.249

SSH Connection:
  ssh ubuntu@129.114.26.249

✓ Info saved to: auto-server-202605010307-20260501030749-687ffa_info.json
