⚠ WARNING: python-chi not available; KVM provisioning will be limited

============================================================
Automated Hardware Provisioning Tool v2.0
============================================================
✓ Configuration loaded
✓ AI client initialized
✓ OpenStack connection established

============================================================
Step 1: Repository Analysis
============================================================
✓ Repository cloned to: /tmp/pdf-to-podcast

✓ Repository requirements analysis complete:
  CPU: 8 cores
  RAM: 64 GB
  GPU: Required
  GPU Memory: None GB
  Disk: 100 GB
  OS: ubuntu 20.04 or 22.04
  CUDA: Required

============================================================
Step 2: Image Selection
============================================================
✓ Found 205 available CC-* images
✓ AI Stage 1: Selected 3 candidates
  Reasoning: The selected images meet the requirements of being based on Ubuntu 20.04 or 22.04 with CUDA support, which is necessary for GPU compatibility. The images CC-Ubuntu22.04-CUDA (ID: 546bfd02-1a3f-4c00-bc74-c80cc5d6ad43) and CC-Ubuntu20.04-20240326 (ID: 8c91a69f-a302-4cfa-87c8-e96cb353fad2) are the most recent versions with CUDA support, ensuring compatibility with the required GPU usage. Additionally, CC-Ubuntu20.04-20240129 (ID: e1a7ec31-21c4-42d2-835d-dd3dece324d8) is included as it also meets the OS and CUDA requirements, providing an alternative option.
⚠ No candidates found, using fallback selection
✓ Fallback image: CC-Ubuntu22.04-CUDA

============================================================
Step 3: SSH Key Management
============================================================
✓ Keypair exists: my-key

============================================================
Step 4: Network Configuration
============================================================
✓ Found network: sharednet1 (ID: 50073c73-5817-49c3-8e3a-69b8c357e158)

============================================================
Discovering Available Resources
============================================================

Discovering resources at KVM@TACC site...
✓ Found 85 hosts
✓ Discovered 2 node types (ranked by availability & fit):
    compute: 79 reservable / 79 total | fit_score: 1.0
    gpu: 1 reservable / 1 total | fit_score: 2.0
✓ Found 2 node types available

✓ AI resource selection complete
  Node type: gpu
  Reasoning: The user requires a GPU, and the only available node type with GPU is 'gpu', which has 1 reservable. Although it has lower availability compared to compute nodes, it is the only option that meets the GPU requirement.
✓ AI selected node type: gpu
  Reasoning: The user requires a GPU, and the only available node type with GPU is 'gpu', which has 1 reservable. Although it has lower availability compared to compute nodes, it is the only option that meets the GPU requirement.

============================================================
KVM@TACC: Skipping bare-metal Blazar (wrong model for KVM)
TIER 4 FALLBACK: Direct Nova KVM launch
============================================================

  Launching KVM VM:
    Name: auto-server-202605010313-20260501031338-5beb58
    Image ID: 546bfd02-1a3f-4c00-bc74-c80cc5d6ad43
    Key: my-key
    Network ID: 50073c73-5817-49c3-8e3a-69b8c357e158

  Selecting KVM flavor (CPU: 8, RAM: 64GB)...
  ⚠ No flavor found matching requirements, using smallest KVM flavor with sufficient disk
  ✓ Selected flavor: m1.medium
    CPU: 2, RAM: 4096MB

  ✓ KVM instance creation initiated: 73dd3a53-36eb-4fd8-bd30-de9abc3819db

  Waiting for KVM instance to become ACTIVE...
  (This typically takes 1-5 minutes for VMs)
    Status: BUILD
    Status: ACTIVE

  ✓ KVM instance is ACTIVE

✓ KVM VM direct launch successful

============================================================
Step 7: Assign Floating IP
============================================================
✓ Using floating IP: 129.114.26.249
✓ Floating IP attached

============================================================
✓ Provisioning Complete!
============================================================
Provisioning Type: kvm_vm
Server Name: auto-server-202605010313-20260501031338-5beb58
Server ID: 73dd3a53-36eb-4fd8-bd30-de9abc3819db
Image: CC-Ubuntu22.04-CUDA
Node Type: kvm_vm_direct
Floating IP: 129.114.26.249

SSH Connection:
  ssh ubuntu@129.114.26.249

✓ Info saved to: auto-server-202605010313-20260501031338-5beb58_info.json
