⚠ WARNING: python-chi not available; KVM provisioning will be limited

============================================================
Automated Hardware Provisioning Tool v2.0
============================================================
✓ Configuration loaded
✓ AI client initialized
✓ OpenStack connection established

============================================================
Step 1: Repository Analysis
============================================================
✓ Repository cloned to: /tmp/bootstrap

✓ Repository requirements analysis complete:
  CPU: None cores
  RAM: None GB
  GPU: Not required
  Disk: None GB
  OS: None None
  CUDA: Not required

============================================================
Step 2: Image Selection
============================================================
✓ Found 205 available CC-* images
✓ AI Stage 1: Selected 5 candidates
  Reasoning: The requirements do not specify any particular OS type, version, or the need for CUDA or GPU support. Therefore, I selected a diverse set of images that cover both Ubuntu and CentOS distributions, which are commonly used and provide a good variety of options. The selected images are recent and do not include CUDA, aligning with the requirement of CUDA not being necessary.
⚠ No candidates found, using fallback selection
✓ Fallback image: CC-Ubuntu22.04-CUDA

============================================================
Step 3: SSH Key Management
============================================================
✓ Keypair exists: my-key

============================================================
Step 4: Network Configuration
============================================================
✓ Found network: sharednet1 (ID: 50073c73-5817-49c3-8e3a-69b8c357e158)

============================================================
Discovering Available Resources
============================================================

Discovering resources at KVM@TACC site...
✓ Found 85 hosts
✓ Discovered 2 node types (ranked by availability & fit):
    compute: 79 reservable / 79 total | fit_score: 1.0
    gpu: 1 reservable / 1 total | fit_score: 0.3
✓ Found 2 node types available

✓ AI resource selection complete
  Node type: compute
  Reasoning: The compute node type has the highest reservable count of 79, which maximizes the success rate for lease creation. The user does not require a GPU, so the compute node type is the most suitable match.
✓ AI selected node type: compute
  Reasoning: The compute node type has the highest reservable count of 79, which maximizes the success rate for lease creation. The user does not require a GPU, so the compute node type is the most suitable match.

============================================================
KVM@TACC: Skipping bare-metal Blazar (wrong model for KVM)
TIER 4 FALLBACK: Direct Nova KVM launch
============================================================

  Launching KVM VM:
    Name: auto-server-202605010312-20260501031258-8128c2
    Image ID: 546bfd02-1a3f-4c00-bc74-c80cc5d6ad43
    Key: my-key
    Network ID: 50073c73-5817-49c3-8e3a-69b8c357e158

  Selecting KVM flavor (CPU: None, RAM: NoneGB)...
  ⚠ RAM requirement missing; defaulting to 2 GB for flavor selection
  ⚠ CPU requirement missing; defaulting to 2 cores for flavor selection
  ✓ Selected flavor: m1.medium
    CPU: 2, RAM: 4096MB

  ✓ KVM instance creation initiated: 239f9983-48b2-455c-a225-1ce671bc0b35

  Waiting for KVM instance to become ACTIVE...
  (This typically takes 1-5 minutes for VMs)
    Status: BUILD
    Status: ACTIVE

  ✓ KVM instance is ACTIVE

✓ KVM VM direct launch successful

============================================================
Step 7: Assign Floating IP
============================================================
✓ Using floating IP: 129.114.26.249
✓ Floating IP attached

============================================================
✓ Provisioning Complete!
============================================================
Provisioning Type: kvm_vm
Server Name: auto-server-202605010312-20260501031258-8128c2
Server ID: 239f9983-48b2-455c-a225-1ce671bc0b35
Image: CC-Ubuntu22.04-CUDA
Node Type: kvm_vm_direct
Floating IP: 129.114.26.249

SSH Connection:
  ssh ubuntu@129.114.26.249

✓ Info saved to: auto-server-202605010312-20260501031258-8128c2_info.json
