⚠ WARNING: python-chi not available; KVM provisioning will be limited

============================================================
Automated Hardware Provisioning Tool v2.0
============================================================
✓ Configuration loaded
✓ AI client initialized
✓ OpenStack connection established

============================================================
Step 1: Repository Analysis
============================================================
✓ Repository cloned to: /tmp/U-Time

✓ Repository requirements analysis complete:
  CPU: 4 cores
  RAM: 8 GB
  GPU: Required
  GPU Memory: None GB
  Disk: 4096 GB
  OS: linux None
  CUDA: Required

============================================================
Step 2: Image Selection
============================================================
✓ Found 205 available CC-* images
✓ AI Stage 1: Selected 2 candidates
  Reasoning: The requirement specifies that the OS type must be Linux and CUDA support is required. The images that match these criteria are those with 'CUDA' in their naming convention. The available images with CUDA support are 'CC-Ubuntu24.04-CUDA' and 'CC-Ubuntu22.04-CUDA'. These images are suitable because they provide CUDA support necessary for GPU tasks, and they are based on recent Ubuntu versions, which are widely used and well-supported Linux distributions for such tasks.
⚠ No candidates found, using fallback selection
✓ Fallback image: CC-Ubuntu22.04-CUDA

============================================================
Step 3: SSH Key Management
============================================================
✓ Keypair exists: my-key

============================================================
Step 4: Network Configuration
============================================================
✓ Found network: sharednet1 (ID: 50073c73-5817-49c3-8e3a-69b8c357e158)

============================================================
Discovering Available Resources
============================================================

Discovering resources at KVM@TACC site...
✓ Found 85 hosts
✓ Discovered 2 node types (ranked by availability & fit):
    compute: 79 reservable / 79 total | fit_score: 1.0
    gpu: 1 reservable / 1 total | fit_score: 2.0
✓ Found 2 node types available

✓ AI resource selection complete
  Node type: gpu
  Reasoning: The user requires a GPU, and the 'gpu' node type is the only available option that includes a GPU. Although it has only 1 reservable count, it is the only node type that matches the GPU requirement.
✓ AI selected node type: gpu
  Reasoning: The user requires a GPU, and the 'gpu' node type is the only available option that includes a GPU. Although it has only 1 reservable count, it is the only node type that matches the GPU requirement.

============================================================
KVM@TACC: Skipping bare-metal Blazar (wrong model for KVM)
TIER 4 FALLBACK: Direct Nova KVM launch
============================================================

  Launching KVM VM:
    Name: auto-server-202605010312-20260501031221-118207
    Image ID: 546bfd02-1a3f-4c00-bc74-c80cc5d6ad43
    Key: my-key
    Network ID: 50073c73-5817-49c3-8e3a-69b8c357e158

  Selecting KVM flavor (CPU: 4, RAM: 8GB)...
  ✓ Selected flavor: m1.large
    CPU: 4, RAM: 8192MB

  ✓ KVM instance creation initiated: 9b8d0683-3fd7-4fba-81cd-f222aadb8a79

  Waiting for KVM instance to become ACTIVE...
  (This typically takes 1-5 minutes for VMs)
    Status: BUILD
    Status: ACTIVE

  ✓ KVM instance is ACTIVE

✓ KVM VM direct launch successful

============================================================
Step 7: Assign Floating IP
============================================================
✓ Using floating IP: 129.114.26.249
✓ Floating IP attached

============================================================
✓ Provisioning Complete!
============================================================
Provisioning Type: kvm_vm
Server Name: auto-server-202605010312-20260501031221-118207
Server ID: 9b8d0683-3fd7-4fba-81cd-f222aadb8a79
Image: CC-Ubuntu22.04-CUDA
Node Type: kvm_vm_direct
Floating IP: 129.114.26.249

SSH Connection:
  ssh ubuntu@129.114.26.249

✓ Info saved to: auto-server-202605010312-20260501031221-118207_info.json
