⚠ WARNING: python-chi not available; KVM provisioning will be limited

============================================================
Automated Hardware Provisioning Tool v2.0
============================================================
✓ Configuration loaded
✓ AI client initialized
✓ OpenStack connection established

============================================================
Step 1: Repository Analysis
============================================================
✓ Repository cloned to: /tmp/CellViT-plus-plus

✓ Repository requirements analysis complete:
  CPU: 16 cores
  RAM: 32 GB
  GPU: Required
  GPU Memory: 24 GB
  Disk: 30 GB
  OS: ubuntu 20.04
  CUDA: Required

============================================================
Step 2: Image Selection
============================================================
✓ Found 205 available CC-* images
✓ AI Stage 1: Selected 0 candidates
  Reasoning: None of the available images match all the specified requirements. The requirements specify Ubuntu 20.04 with CUDA support, but none of the images listed have both Ubuntu 20.04 and CUDA in their naming convention. All images with CUDA support are for Ubuntu 22.04 or 24.04, which do not meet the OS version requirement of 20.04.
⚠ No candidates found, using fallback selection
✓ Fallback image: CC-Ubuntu22.04-CUDA

============================================================
Step 3: SSH Key Management
============================================================
✓ Keypair exists: my-key

============================================================
Step 4: Network Configuration
============================================================
✓ Found network: sharednet1 (ID: 50073c73-5817-49c3-8e3a-69b8c357e158)

============================================================
Discovering Available Resources
============================================================

Discovering resources at KVM@TACC site...
✓ Found 85 hosts
✓ Discovered 2 node types (ranked by availability & fit):
    compute: 79 reservable / 79 total | fit_score: 1.0
    gpu: 1 reservable / 1 total | fit_score: 2.0
✓ Found 2 node types available

✓ AI resource selection complete
  Node type: gpu_rtx_6000
  Reasoning: The gpu_rtx_6000 node type is selected because it matches the user's GPU requirement with 24 GB of GPU memory. Although there is only 1 reservable node available, it is the only GPU node type listed, making it the most suitable choice despite the low availability.
✓ AI selected node type: gpu_rtx_6000
  Reasoning: The gpu_rtx_6000 node type is selected because it matches the user's GPU requirement with 24 GB of GPU memory. Although there is only 1 reservable node available, it is the only GPU node type listed, making it the most suitable choice despite the low availability.

============================================================
KVM@TACC: Skipping bare-metal Blazar (wrong model for KVM)
TIER 4 FALLBACK: Direct Nova KVM launch
============================================================

  Launching KVM VM:
    Name: auto-server-202605010308-20260501030830-5ce945
    Image ID: 546bfd02-1a3f-4c00-bc74-c80cc5d6ad43
    Key: my-key
    Network ID: 50073c73-5817-49c3-8e3a-69b8c357e158

  Selecting KVM flavor (CPU: 16, RAM: 32GB)...
  ✓ Selected flavor: m1.xxlarge
    CPU: 16, RAM: 32768MB

  ✓ KVM instance creation initiated: 8f9160f9-b030-4469-a58a-48969b7c6bca

  Waiting for KVM instance to become ACTIVE...
  (This typically takes 1-5 minutes for VMs)
    Status: BUILD
    Status: ACTIVE

  ✓ KVM instance is ACTIVE

✓ KVM VM direct launch successful

============================================================
Step 7: Assign Floating IP
============================================================
✓ Using floating IP: 129.114.26.249
✓ Floating IP attached

============================================================
✓ Provisioning Complete!
============================================================
Provisioning Type: kvm_vm
Server Name: auto-server-202605010308-20260501030830-5ce945
Server ID: 8f9160f9-b030-4469-a58a-48969b7c6bca
Image: CC-Ubuntu22.04-CUDA
Node Type: kvm_vm_direct
Floating IP: 129.114.26.249

SSH Connection:
  ssh ubuntu@129.114.26.249

✓ Info saved to: auto-server-202605010308-20260501030830-5ce945_info.json
