⚠ WARNING: python-chi not available; KVM provisioning will be limited

============================================================
Automated Hardware Provisioning Tool v2.0
============================================================
✓ Configuration loaded
✓ AI client initialized
✓ OpenStack connection established

============================================================
Step 1: Repository Analysis
============================================================
✓ Repository cloned to: /tmp/node0

✓ Repository requirements analysis complete:
  CPU: None cores
  RAM: 32 GB
  GPU: Required
  GPU Memory: 16 GB
  Disk: 80 GB
  OS: ubuntu 22.04
  CUDA: Required

============================================================
Step 2: Image Selection
============================================================
✓ Found 205 available CC-* images
✓ AI Stage 1: Selected 3 candidates
  Reasoning: The requirements specify an Ubuntu 22.04 operating system with CUDA support and GPU capability. The images that match these criteria are those with 'CC-Ubuntu22.04-CUDA' in their name. The selected images are 'CC-Ubuntu22.04-CUDA (ID: 546bfd02-1a3f-4c00-bc74-c80cc5d6ad43)', 'CC-Ubuntu22.04_2024-10-22 21:58:21.883691 (ID: 8c7e0698-58dd-4366-bd71-f1b4dfea5eb8)', and 'CC-Ubuntu22.04-20240326 (ID: cdbbbe8f-f5a5-499c-b4b3-9b7dbecbdfd5)'. These images are based on Ubuntu 22.04 and include CUDA support, making them suitable for GPU-related tasks.
⚠ No candidates found, using fallback selection
✓ Fallback image: CC-Ubuntu22.04-CUDA

============================================================
Step 3: SSH Key Management
============================================================
✓ Keypair exists: my-key

============================================================
Step 4: Network Configuration
============================================================
✓ Found network: sharednet1 (ID: 50073c73-5817-49c3-8e3a-69b8c357e158)

============================================================
Discovering Available Resources
============================================================

Discovering resources at KVM@TACC site...
✓ Found 85 hosts
✓ Discovered 2 node types (ranked by availability & fit):
    compute: 79 reservable / 79 total | fit_score: 1.0
    gpu: 1 reservable / 1 total | fit_score: 2.0
✓ Found 2 node types available

✓ AI resource selection complete
  Node type: gpu_rtx_6000
  Reasoning: The user requires a GPU with at least 16 GB of memory. The available GPU node type is 'gpu_rtx_6000', which matches the GPU memory requirement. Although there is only 1 reservable 'gpu' node, it is the only option that meets the GPU requirement. Therefore, 'gpu_rtx_6000' is selected.
✓ AI selected node type: gpu_rtx_6000
  Reasoning: The user requires a GPU with at least 16 GB of memory. The available GPU node type is 'gpu_rtx_6000', which matches the GPU memory requirement. Although there is only 1 reservable 'gpu' node, it is the only option that meets the GPU requirement. Therefore, 'gpu_rtx_6000' is selected.

============================================================
KVM@TACC: Skipping bare-metal Blazar (wrong model for KVM)
TIER 4 FALLBACK: Direct Nova KVM launch
============================================================

  Launching KVM VM:
    Name: auto-server-202605010311-20260501031103-c2d998
    Image ID: 546bfd02-1a3f-4c00-bc74-c80cc5d6ad43
    Key: my-key
    Network ID: 50073c73-5817-49c3-8e3a-69b8c357e158

  Selecting KVM flavor (CPU: None, RAM: 32GB)...
  ⚠ CPU requirement missing; defaulting to 2 cores for flavor selection
  ✓ Selected flavor: m1.xxlarge
    CPU: 16, RAM: 32768MB

  ✓ KVM instance creation initiated: 396e05b0-fe28-4005-a218-c7ea7e000bde

  Waiting for KVM instance to become ACTIVE...
  (This typically takes 1-5 minutes for VMs)
    Status: BUILD
    Status: ACTIVE

  ✓ KVM instance is ACTIVE

✓ KVM VM direct launch successful

============================================================
Step 7: Assign Floating IP
============================================================
✓ Using floating IP: 129.114.26.249
✓ Floating IP attached

============================================================
✓ Provisioning Complete!
============================================================
Provisioning Type: kvm_vm
Server Name: auto-server-202605010311-20260501031103-c2d998
Server ID: 396e05b0-fe28-4005-a218-c7ea7e000bde
Image: CC-Ubuntu22.04-CUDA
Node Type: kvm_vm_direct
Floating IP: 129.114.26.249

SSH Connection:
  ssh ubuntu@129.114.26.249

✓ Info saved to: auto-server-202605010311-20260501031103-c2d998_info.json
